SQL> 
SQL> SELECT * FROM EMPLOYEES;

EMPLOYEE_ID FIRST_NAME      LAST_NAME       EMAIL      PHONE_NUMBER         HIRE_DATE JOB_ID         SALARY COMMISSION_PCT MANAGER_ID DEPARTMENT_ID                                                     
----------- --------------- --------------- ---------- -------------------- --------- ---------- ---------- -------------- ---------- -------------                                                     
        100 Steven          King            SKING      515.123.4567         17-JUL-87 AD_PRES         24000                                      90                                                     
        101 Neena           Kochhar         NKOCHHAR   515.123.4568         21-SEP-89 AD_VP           17000                       100            90                                                     
        102 Lex             De Haan         LDEHAAN    515.123.4569         13-JAN-93 AD_VP           17000                       100            90                                                     
        103 Alexander       Hunold          AHUNOLD    590.423.4567         03-JAN-90 IT_PROG          9000                       102            60                                                     
        104 Bruce           Ernst           BERNST     590.423.4568         21-MAY-91 IT_PROG          6000                       103            60                                                     
        107 Diana           Lorentz         DLORENTZ   590.423.5567         07-FEB-99 IT_PROG          4200                       103            60                                                     
        124 Kevin           Mourgos         KMOURGOS   650.123.5234         16-NOV-99 ST_MAN           5800                       100            50                                                     
        141 Trenna          Rajs            TRAJS      650.121.8009         17-OCT-95 ST_CLERK         3500                       124            50                                                     
        142 Curtis          Davies          CDAVIES    650.121.2994         29-JAN-97 ST_CLERK         3100                       124            50                                                     
        143 Randall         Matos           RMATOS     650.121.2874         15-MAR-98 ST_CLERK         2600                       124            50                                                     
        144 Peter           Vargas                     650.121.2004         09-JUL-98 ST_CLERK         2500                       124            50                                                     
        149 Eleni           Zlotkey         EZLOTKEY   011.44.1344.429018   29-JAN-00 SA_MAN          10500             .2        100            80                                                     
        174 Ellen           Abel            EABEL      011.44.1644.429267   11-MAY-96 SA_REP          11000             .3        149            80                                                     
        176 Jonathon        Taylor          JTAYLOR    011.44.1644.429265   24-MAR-98 SA_REP           8600             .3        149            80                                                     
        178 Kimerely        Grant           KGRANT     011.44.1644.429263   24-MAY-99 SA_REP           7000            .15        149                                                                   
        200 Jennifer        Whalen          JWHALEN    515.123.4444         17-SEP-87 AD_ASST          4400                       101            10                                                     
        201 Michael         Hartstein       MHARTSTE   515.123.5555         17-FEB-96 MK_MAN          13000                       100            20                                                     
        202 Pat             Fay             PFAY       603.123.6666         17-AUG-97 MK_REP           6000                       201            20                                                     
        205 Shelley         Higgins         SHIGGINS   515.123.8080         07-JUN-94 AC_MGR          12000                       101           110                                                     
        206 William         Gietz           WGIETZ     515.123.8181         07-JUN-94 AC_ACCOUNT       8300                       205           110                                                     

20 rows selected.

SQL> SELECT * FROM DEPARTMENTS;

DEPARTMENT_ID DEPARTMENT_NAME                MANAGER_ID LOCATION_ID                                                                                                                                     
------------- ------------------------------ ---------- -----------                                                                                                                                     
           10 Administration                        200        1700                                                                                                                                     
           20 Marketing                             201        1800                                                                                                                                     
           50 Shiping                               124        1500                                                                                                                                     
           60 IT                                    103        1400                                                                                                                                     
           80 Sales                                 149        2500                                                                                                                                     
           90 Executive                             100        1700                                                                                                                                     
          110 Accounting                            205        1700                                                                                                                                     
          190 Contracting                                      1700                                                                                                                                     

8 rows selected.

SQL> REM NATURAL JOIN : ALL COMMON COLUMN VALUES ARE COMPARED FOR JOINING AND THEIR DUPLICATION FROM RESULT IS REMOVED.
SQL> 
SQL> SET LINES 500
SQL> 
SQL> SELECT *
  2  FROM EMPLOYEES
  3  NATURAL JOIN DEPARTMENTS;

MANAGER_ID DEPARTMENT_ID EMPLOYEE_ID FIRST_NAME      LAST_NAME       EMAIL      PHONE_NUMBER         HIRE_DATE JOB_ID         SALARY COMMISSION_PCT DEPARTMENT_NAME                LOCATION_ID                                                                                                                                                                                                                                                                                                                      
---------- ------------- ----------- --------------- --------------- ---------- -------------------- --------- ---------- ---------- -------------- ------------------------------ -----------                                                                                                                                                                                                                                                                                                                      
       100            90         101 Neena           Kochhar         NKOCHHAR   515.123.4568         21-SEP-89 AD_VP           17000                Executive                             1700                                                                                                                                                                                                                                                                                                                      
       100            90         102 Lex             De Haan         LDEHAAN    515.123.4569         13-JAN-93 AD_VP           17000                Executive                             1700                                                                                                                                                                                                                                                                                                                      
       103            60         104 Bruce           Ernst           BERNST     590.423.4568         21-MAY-91 IT_PROG          6000                IT                                    1400                                                                                                                                                                                                                                                                                                                      
       103            60         107 Diana           Lorentz         DLORENTZ   590.423.5567         07-FEB-99 IT_PROG          4200                IT                                    1400                                                                                                                                                                                                                                                                                                                      
       124            50         141 Trenna          Rajs            TRAJS      650.121.8009         17-OCT-95 ST_CLERK         3500                Shiping                               1500                                                                                                                                                                                                                                                                                                                      
       124            50         142 Curtis          Davies          CDAVIES    650.121.2994         29-JAN-97 ST_CLERK         3100                Shiping                               1500                                                                                                                                                                                                                                                                                                                      
       124            50         143 Randall         Matos           RMATOS     650.121.2874         15-MAR-98 ST_CLERK         2600                Shiping                               1500                                                                                                                                                                                                                                                                                                                      
       124            50         144 Peter           Vargas                     650.121.2004         09-JUL-98 ST_CLERK         2500                Shiping                               1500                                                                                                                                                                                                                                                                                                                      
       149            80         174 Ellen           Abel            EABEL      011.44.1644.429267   11-MAY-96 SA_REP          11000             .3 Sales                                 2500                                                                                                                                                                                                                                                                                                                      
       149            80         176 Jonathon        Taylor          JTAYLOR    011.44.1644.429265   24-MAR-98 SA_REP           8600             .3 Sales                                 2500                                                                                                                                                                                                                                                                                                                      
       201            20         202 Pat             Fay             PFAY       603.123.6666         17-AUG-97 MK_REP           6000                Marketing                             1800                                                                                                                                                                                                                                                                                                                      
       205           110         206 William         Gietz           WGIETZ     515.123.8181         07-JUN-94 AC_ACCOUNT       8300                Accounting                            1700                                                                                                                                                                                                                                                                                                                      

12 rows selected.

SQL> SELECT FIRST_NAME , DEPARTMENT_NAME
  2  FROM EMPLOYEES
  3  NATURAL JOIN DEPARTMENTS;

FIRST_NAME      DEPARTMENT_NAME                                                                                                                                                                                                                                                                                                                                                                                                                                                                                     
--------------- ------------------------------                                                                                                                                                                                                                                                                                                                                                                                                                                                                      
Neena           Executive                                                                                                                                                                                                                                                                                                                                                                                                                                                                                           
Lex             Executive                                                                                                                                                                                                                                                                                                                                                                                                                                                                                           
Bruce           IT                                                                                                                                                                                                                                                                                                                                                                                                                                                                                                  
Diana           IT                                                                                                                                                                                                                                                                                                                                                                                                                                                                                                  
Trenna          Shiping                                                                                                                                                                                                                                                                                                                                                                                                                                                                                             
Curtis          Shiping                                                                                                                                                                                                                                                                                                                                                                                                                                                                                             
Randall         Shiping                                                                                                                                                                                                                                                                                                                                                                                                                                                                                             
Peter           Shiping                                                                                                                                                                                                                                                                                                                                                                                                                                                                                             
Ellen           Sales                                                                                                                                                                                                                                                                                                                                                                                                                                                                                               
Jonathon        Sales                                                                                                                                                                                                                                                                                                                                                                                                                                                                                               
Pat             Marketing                                                                                                                                                                                                                                                                                                                                                                                                                                                                                           
William         Accounting                                                                                                                                                                                                                                                                                                                                                                                                                                                                                          

12 rows selected.

SQL> SELECT EMPLOYEES.FIRST_NAME , D.DEPARTMENT_NAME
  2  FROM EMPLOYEES
  3  NATURAL JOIN DEPARTMENTS D;

FIRST_NAME      DEPARTMENT_NAME                                                                                                                                                                                                                                                                                                                                                                                                                                                                                     
--------------- ------------------------------                                                                                                                                                                                                                                                                                                                                                                                                                                                                      
Neena           Executive                                                                                                                                                                                                                                                                                                                                                                                                                                                                                           
Lex             Executive                                                                                                                                                                                                                                                                                                                                                                                                                                                                                           
Bruce           IT                                                                                                                                                                                                                                                                                                                                                                                                                                                                                                  
Diana           IT                                                                                                                                                                                                                                                                                                                                                                                                                                                                                                  
Trenna          Shiping                                                                                                                                                                                                                                                                                                                                                                                                                                                                                             
Curtis          Shiping                                                                                                                                                                                                                                                                                                                                                                                                                                                                                             
Randall         Shiping                                                                                                                                                                                                                                                                                                                                                                                                                                                                                             
Peter           Shiping                                                                                                                                                                                                                                                                                                                                                                                                                                                                                             
Ellen           Sales                                                                                                                                                                                                                                                                                                                                                                                                                                                                                               
Jonathon        Sales                                                                                                                                                                                                                                                                                                                                                                                                                                                                                               
Pat             Marketing                                                                                                                                                                                                                                                                                                                                                                                                                                                                                           
William         Accounting                                                                                                                                                                                                                                                                                                                                                                                                                                                                                          

12 rows selected.

SQL> SELECT EMPLOYEES.FIRST_NAME , D.DEPARTMENT_NAME , DEPARTMENT_ID , MANAGER_ID
  2  FROM EMPLOYEES
  3  NATURAL JOIN DEPARTMENTS D;

FIRST_NAME      DEPARTMENT_NAME                DEPARTMENT_ID MANAGER_ID                                                                                                                                                                                                                                                                                                                                                                                                                                             
--------------- ------------------------------ ------------- ----------                                                                                                                                                                                                                                                                                                                                                                                                                                             
Neena           Executive                                 90        100                                                                                                                                                                                                                                                                                                                                                                                                                                             
Lex             Executive                                 90        100                                                                                                                                                                                                                                                                                                                                                                                                                                             
Bruce           IT                                        60        103                                                                                                                                                                                                                                                                                                                                                                                                                                             
Diana           IT                                        60        103                                                                                                                                                                                                                                                                                                                                                                                                                                             
Trenna          Shiping                                   50        124                                                                                                                                                                                                                                                                                                                                                                                                                                             
Curtis          Shiping                                   50        124                                                                                                                                                                                                                                                                                                                                                                                                                                             
Randall         Shiping                                   50        124                                                                                                                                                                                                                                                                                                                                                                                                                                             
Peter           Shiping                                   50        124                                                                                                                                                                                                                                                                                                                                                                                                                                             
Ellen           Sales                                     80        149                                                                                                                                                                                                                                                                                                                                                                                                                                             
Jonathon        Sales                                     80        149                                                                                                                                                                                                                                                                                                                                                                                                                                             
Pat             Marketing                                 20        201                                                                                                                                                                                                                                                                                                                                                                                                                                             
William         Accounting                               110        205                                                                                                                                                                                                                                                                                                                                                                                                                                             

12 rows selected.

SQL> SELECT EMPLOYEES.FIRST_NAME , D.DEPARTMENT_NAME , E.DEPARTMENT_ID , D.MANAGER_ID
  2  FROM EMPLOYEES
  3  NATURAL JOIN DEPARTMENTS D;
SELECT EMPLOYEES.FIRST_NAME , D.DEPARTMENT_NAME , E.DEPARTMENT_ID , D.MANAGER_ID
                                                                    *
ERROR at line 1:
ORA-25155: column used in NATURAL join cannot have qualifier 


SQL> SELECT EMPLOYEES.FIRST_NAME , D.DEPARTMENT_NAME , E.DEPARTMENT_ID , MANAGER_ID
  2  FROM EMPLOYEES
  3  NATURAL JOIN DEPARTMENTS D;
SELECT EMPLOYEES.FIRST_NAME , D.DEPARTMENT_NAME , E.DEPARTMENT_ID , MANAGER_ID
                                                  *
ERROR at line 1:
ORA-00904: "E"."DEPARTMENT_ID": invalid identifier 


SQL> SELECT EMPLOYEES.FIRST_NAME , D.DEPARTMENT_NAME , DEPARTMENT_ID , MANAGER_ID
  2  FROM EMPLOYEES E
  3  NATURAL JOIN DEPARTMENTS D;
SELECT EMPLOYEES.FIRST_NAME , D.DEPARTMENT_NAME , DEPARTMENT_ID , MANAGER_ID
       *
ERROR at line 1:
ORA-00904: "EMPLOYEES"."FIRST_NAME": invalid identifier 


SQL> SELECT E.FIRST_NAME , D.DEPARTMENT_NAME , E.DEPARTMENT_ID , MANAGER_ID
  2  FROM EMPLOYEES E
  3  NATURAL JOIN DEPARTMENTS D;
SELECT E.FIRST_NAME , D.DEPARTMENT_NAME , E.DEPARTMENT_ID , MANAGER_ID
                                          *
ERROR at line 1:
ORA-25155: column used in NATURAL join cannot have qualifier 


SQL> REM INNER JOIN USING :
SQL> 
SQL> SELECT *
  2  FROM EMPLOYEES
  3  INNER JOIN DEPARTMENTS USING (DEPARTMENT_ID , MANAGER_ID);

DEPARTMENT_ID MANAGER_ID EMPLOYEE_ID FIRST_NAME      LAST_NAME       EMAIL      PHONE_NUMBER         HIRE_DATE JOB_ID         SALARY COMMISSION_PCT DEPARTMENT_NAME                LOCATION_ID                                                                                                                                                                                                                                                                                                                      
------------- ---------- ----------- --------------- --------------- ---------- -------------------- --------- ---------- ---------- -------------- ------------------------------ -----------                                                                                                                                                                                                                                                                                                                      
           90        100         101 Neena           Kochhar         NKOCHHAR   515.123.4568         21-SEP-89 AD_VP           17000                Executive                             1700                                                                                                                                                                                                                                                                                                                      
           90        100         102 Lex             De Haan         LDEHAAN    515.123.4569         13-JAN-93 AD_VP           17000                Executive                             1700                                                                                                                                                                                                                                                                                                                      
           60        103         104 Bruce           Ernst           BERNST     590.423.4568         21-MAY-91 IT_PROG          6000                IT                                    1400                                                                                                                                                                                                                                                                                                                      
           60        103         107 Diana           Lorentz         DLORENTZ   590.423.5567         07-FEB-99 IT_PROG          4200                IT                                    1400                                                                                                                                                                                                                                                                                                                      
           50        124         141 Trenna          Rajs            TRAJS      650.121.8009         17-OCT-95 ST_CLERK         3500                Shiping                               1500                                                                                                                                                                                                                                                                                                                      
           50        124         142 Curtis          Davies          CDAVIES    650.121.2994         29-JAN-97 ST_CLERK         3100                Shiping                               1500                                                                                                                                                                                                                                                                                                                      
           50        124         143 Randall         Matos           RMATOS     650.121.2874         15-MAR-98 ST_CLERK         2600                Shiping                               1500                                                                                                                                                                                                                                                                                                                      
           50        124         144 Peter           Vargas                     650.121.2004         09-JUL-98 ST_CLERK         2500                Shiping                               1500                                                                                                                                                                                                                                                                                                                      
           80        149         174 Ellen           Abel            EABEL      011.44.1644.429267   11-MAY-96 SA_REP          11000             .3 Sales                                 2500                                                                                                                                                                                                                                                                                                                      
           80        149         176 Jonathon        Taylor          JTAYLOR    011.44.1644.429265   24-MAR-98 SA_REP           8600             .3 Sales                                 2500                                                                                                                                                                                                                                                                                                                      
           20        201         202 Pat             Fay             PFAY       603.123.6666         17-AUG-97 MK_REP           6000                Marketing                             1800                                                                                                                                                                                                                                                                                                                      
          110        205         206 William         Gietz           WGIETZ     515.123.8181         07-JUN-94 AC_ACCOUNT       8300                Accounting                            1700                                                                                                                                                                                                                                                                                                                      

12 rows selected.

SQL> SELECT FIRST_NAME , DEPARTMENT_NAME
  2  FROM EMPLOYEES
  3  INNER JOIN DEPARTMENTS USING (DEPARTMENT_ID , MANAGER_ID);

FIRST_NAME      DEPARTMENT_NAME                                                                                                                                                                                                                                                                                                                                                                                                                                                                                     
--------------- ------------------------------                                                                                                                                                                                                                                                                                                                                                                                                                                                                      
Neena           Executive                                                                                                                                                                                                                                                                                                                                                                                                                                                                                           
Lex             Executive                                                                                                                                                                                                                                                                                                                                                                                                                                                                                           
Bruce           IT                                                                                                                                                                                                                                                                                                                                                                                                                                                                                                  
Diana           IT                                                                                                                                                                                                                                                                                                                                                                                                                                                                                                  
Trenna          Shiping                                                                                                                                                                                                                                                                                                                                                                                                                                                                                             
Curtis          Shiping                                                                                                                                                                                                                                                                                                                                                                                                                                                                                             
Randall         Shiping                                                                                                                                                                                                                                                                                                                                                                                                                                                                                             
Peter           Shiping                                                                                                                                                                                                                                                                                                                                                                                                                                                                                             
Ellen           Sales                                                                                                                                                                                                                                                                                                                                                                                                                                                                                               
Jonathon        Sales                                                                                                                                                                                                                                                                                                                                                                                                                                                                                               
Pat             Marketing                                                                                                                                                                                                                                                                                                                                                                                                                                                                                           
William         Accounting                                                                                                                                                                                                                                                                                                                                                                                                                                                                                          

12 rows selected.

SQL> SELECT E.FIRST_NAME , D.DEPARTMENT_NAME
  2  FROM EMPLOYEES E
  3  INNER JOIN DEPARTMENTS D USING (DEPARTMENT_ID , MANAGER_ID);

FIRST_NAME      DEPARTMENT_NAME                                                                                                                                                                                                                                                                                                                                                                                                                                                                                     
--------------- ------------------------------                                                                                                                                                                                                                                                                                                                                                                                                                                                                      
Neena           Executive                                                                                                                                                                                                                                                                                                                                                                                                                                                                                           
Lex             Executive                                                                                                                                                                                                                                                                                                                                                                                                                                                                                           
Bruce           IT                                                                                                                                                                                                                                                                                                                                                                                                                                                                                                  
Diana           IT                                                                                                                                                                                                                                                                                                                                                                                                                                                                                                  
Trenna          Shiping                                                                                                                                                                                                                                                                                                                                                                                                                                                                                             
Curtis          Shiping                                                                                                                                                                                                                                                                                                                                                                                                                                                                                             
Randall         Shiping                                                                                                                                                                                                                                                                                                                                                                                                                                                                                             
Peter           Shiping                                                                                                                                                                                                                                                                                                                                                                                                                                                                                             
Ellen           Sales                                                                                                                                                                                                                                                                                                                                                                                                                                                                                               
Jonathon        Sales                                                                                                                                                                                                                                                                                                                                                                                                                                                                                               
Pat             Marketing                                                                                                                                                                                                                                                                                                                                                                                                                                                                                           
William         Accounting                                                                                                                                                                                                                                                                                                                                                                                                                                                                                          

12 rows selected.

SQL> SELECT E.FIRST_NAME , D.DEPARTMENT_NAME , DEPARTMENT_ID , MANAGER_ID
  2  FROM EMPLOYEES E
  3  INNER JOIN DEPARTMENTS D USING (DEPARTMENT_ID , MANAGER_ID);

FIRST_NAME      DEPARTMENT_NAME                DEPARTMENT_ID MANAGER_ID                                                                                                                                                                                                                                                                                                                                                                                                                                             
--------------- ------------------------------ ------------- ----------                                                                                                                                                                                                                                                                                                                                                                                                                                             
Neena           Executive                                 90        100                                                                                                                                                                                                                                                                                                                                                                                                                                             
Lex             Executive                                 90        100                                                                                                                                                                                                                                                                                                                                                                                                                                             
Bruce           IT                                        60        103                                                                                                                                                                                                                                                                                                                                                                                                                                             
Diana           IT                                        60        103                                                                                                                                                                                                                                                                                                                                                                                                                                             
Trenna          Shiping                                   50        124                                                                                                                                                                                                                                                                                                                                                                                                                                             
Curtis          Shiping                                   50        124                                                                                                                                                                                                                                                                                                                                                                                                                                             
Randall         Shiping                                   50        124                                                                                                                                                                                                                                                                                                                                                                                                                                             
Peter           Shiping                                   50        124                                                                                                                                                                                                                                                                                                                                                                                                                                             
Ellen           Sales                                     80        149                                                                                                                                                                                                                                                                                                                                                                                                                                             
Jonathon        Sales                                     80        149                                                                                                                                                                                                                                                                                                                                                                                                                                             
Pat             Marketing                                 20        201                                                                                                                                                                                                                                                                                                                                                                                                                                             
William         Accounting                               110        205                                                                                                                                                                                                                                                                                                                                                                                                                                             

12 rows selected.

SQL> SELECT E.FIRST_NAME , D.DEPARTMENT_NAME , E.DEPARTMENT_ID , D.MANAGER_ID
  2  FROM EMPLOYEES E
  3  INNER JOIN DEPARTMENTS D USING (DEPARTMENT_ID , MANAGER_ID);
SELECT E.FIRST_NAME , D.DEPARTMENT_NAME , E.DEPARTMENT_ID , D.MANAGER_ID
                                                            *
ERROR at line 1:
ORA-25154: column part of USING clause cannot have qualifier 


SQL> SELECT FIRST_NAME , DEPARTMENT_NAME
  2  FROM EMPLOYEES
  3  INNER JOIN DEPARTMENTS USING (DEPARTMENT_ID);

FIRST_NAME      DEPARTMENT_NAME                                                                                                                                                                                                                                                                                                                                                                                                                                                                                     
--------------- ------------------------------                                                                                                                                                                                                                                                                                                                                                                                                                                                                      
Jennifer        Administration                                                                                                                                                                                                                                                                                                                                                                                                                                                                                      
Michael         Marketing                                                                                                                                                                                                                                                                                                                                                                                                                                                                                           
Pat             Marketing                                                                                                                                                                                                                                                                                                                                                                                                                                                                                           
Kevin           Shiping                                                                                                                                                                                                                                                                                                                                                                                                                                                                                             
Peter           Shiping                                                                                                                                                                                                                                                                                                                                                                                                                                                                                             
Randall         Shiping                                                                                                                                                                                                                                                                                                                                                                                                                                                                                             
Curtis          Shiping                                                                                                                                                                                                                                                                                                                                                                                                                                                                                             
Trenna          Shiping                                                                                                                                                                                                                                                                                                                                                                                                                                                                                             
Diana           IT                                                                                                                                                                                                                                                                                                                                                                                                                                                                                                  
Bruce           IT                                                                                                                                                                                                                                                                                                                                                                                                                                                                                                  
Alexander       IT                                                                                                                                                                                                                                                                                                                                                                                                                                                                                                  
Ellen           Sales                                                                                                                                                                                                                                                                                                                                                                                                                                                                                               
Eleni           Sales                                                                                                                                                                                                                                                                                                                                                                                                                                                                                               
Jonathon        Sales                                                                                                                                                                                                                                                                                                                                                                                                                                                                                               
Lex             Executive                                                                                                                                                                                                                                                                                                                                                                                                                                                                                           
Steven          Executive                                                                                                                                                                                                                                                                                                                                                                                                                                                                                           
Neena           Executive                                                                                                                                                                                                                                                                                                                                                                                                                                                                                           
William         Accounting                                                                                                                                                                                                                                                                                                                                                                                                                                                                                          
Shelley         Accounting                                                                                                                                                                                                                                                                                                                                                                                                                                                                                          

19 rows selected.

SQL> SELECT *
  2  FROM EMPLOYEES
  3  INNER JOIN DEPARTMENTS USING (DEPARTMENT_ID);

DEPARTMENT_ID EMPLOYEE_ID FIRST_NAME      LAST_NAME       EMAIL      PHONE_NUMBER         HIRE_DATE JOB_ID         SALARY COMMISSION_PCT MANAGER_ID DEPARTMENT_NAME                MANAGER_ID LOCATION_ID                                                                                                                                                                                                                                                                                                           
------------- ----------- --------------- --------------- ---------- -------------------- --------- ---------- ---------- -------------- ---------- ------------------------------ ---------- -----------                                                                                                                                                                                                                                                                                                           
           10         200 Jennifer        Whalen          JWHALEN    515.123.4444         17-SEP-87 AD_ASST          4400                       101 Administration                        200        1700                                                                                                                                                                                                                                                                                                           
           20         201 Michael         Hartstein       MHARTSTE   515.123.5555         17-FEB-96 MK_MAN          13000                       100 Marketing                             201        1800                                                                                                                                                                                                                                                                                                           
           20         202 Pat             Fay             PFAY       603.123.6666         17-AUG-97 MK_REP           6000                       201 Marketing                             201        1800                                                                                                                                                                                                                                                                                                           
           50         124 Kevin           Mourgos         KMOURGOS   650.123.5234         16-NOV-99 ST_MAN           5800                       100 Shiping                               124        1500                                                                                                                                                                                                                                                                                                           
           50         144 Peter           Vargas                     650.121.2004         09-JUL-98 ST_CLERK         2500                       124 Shiping                               124        1500                                                                                                                                                                                                                                                                                                           
           50         143 Randall         Matos           RMATOS     650.121.2874         15-MAR-98 ST_CLERK         2600                       124 Shiping                               124        1500                                                                                                                                                                                                                                                                                                           
           50         142 Curtis          Davies          CDAVIES    650.121.2994         29-JAN-97 ST_CLERK         3100                       124 Shiping                               124        1500                                                                                                                                                                                                                                                                                                           
           50         141 Trenna          Rajs            TRAJS      650.121.8009         17-OCT-95 ST_CLERK         3500                       124 Shiping                               124        1500                                                                                                                                                                                                                                                                                                           
           60         107 Diana           Lorentz         DLORENTZ   590.423.5567         07-FEB-99 IT_PROG          4200                       103 IT                                    103        1400                                                                                                                                                                                                                                                                                                           
           60         104 Bruce           Ernst           BERNST     590.423.4568         21-MAY-91 IT_PROG          6000                       103 IT                                    103        1400                                                                                                                                                                                                                                                                                                           
           60         103 Alexander       Hunold          AHUNOLD    590.423.4567         03-JAN-90 IT_PROG          9000                       102 IT                                    103        1400                                                                                                                                                                                                                                                                                                           
           80         174 Ellen           Abel            EABEL      011.44.1644.429267   11-MAY-96 SA_REP          11000             .3        149 Sales                                 149        2500                                                                                                                                                                                                                                                                                                           
           80         149 Eleni           Zlotkey         EZLOTKEY   011.44.1344.429018   29-JAN-00 SA_MAN          10500             .2        100 Sales                                 149        2500                                                                                                                                                                                                                                                                                                           
           80         176 Jonathon        Taylor          JTAYLOR    011.44.1644.429265   24-MAR-98 SA_REP           8600             .3        149 Sales                                 149        2500                                                                                                                                                                                                                                                                                                           
           90         102 Lex             De Haan         LDEHAAN    515.123.4569         13-JAN-93 AD_VP           17000                       100 Executive                             100        1700                                                                                                                                                                                                                                                                                                           
           90         100 Steven          King            SKING      515.123.4567         17-JUL-87 AD_PRES         24000                           Executive                             100        1700                                                                                                                                                                                                                                                                                                           
           90         101 Neena           Kochhar         NKOCHHAR   515.123.4568         21-SEP-89 AD_VP           17000                       100 Executive                             100        1700                                                                                                                                                                                                                                                                                                           
          110         206 William         Gietz           WGIETZ     515.123.8181         07-JUN-94 AC_ACCOUNT       8300                       205 Accounting                            205        1700                                                                                                                                                                                                                                                                                                           
          110         205 Shelley         Higgins         SHIGGINS   515.123.8080         07-JUN-94 AC_MGR          12000                       101 Accounting                            205        1700                                                                                                                                                                                                                                                                                                           

19 rows selected.

SQL> SELECT FIRST_NAME , DEPARTMENT_NAME
  2  FROM EMPLOYEES
  3  INNER JOIN DEPARTMENTS USING (DEPARTMENT_ID);

FIRST_NAME      DEPARTMENT_NAME                                                                                                                                                                                                                                                                                                                                                                                                                                                                                     
--------------- ------------------------------                                                                                                                                                                                                                                                                                                                                                                                                                                                                      
Jennifer        Administration                                                                                                                                                                                                                                                                                                                                                                                                                                                                                      
Michael         Marketing                                                                                                                                                                                                                                                                                                                                                                                                                                                                                           
Pat             Marketing                                                                                                                                                                                                                                                                                                                                                                                                                                                                                           
Kevin           Shiping                                                                                                                                                                                                                                                                                                                                                                                                                                                                                             
Peter           Shiping                                                                                                                                                                                                                                                                                                                                                                                                                                                                                             
Randall         Shiping                                                                                                                                                                                                                                                                                                                                                                                                                                                                                             
Curtis          Shiping                                                                                                                                                                                                                                                                                                                                                                                                                                                                                             
Trenna          Shiping                                                                                                                                                                                                                                                                                                                                                                                                                                                                                             
Diana           IT                                                                                                                                                                                                                                                                                                                                                                                                                                                                                                  
Bruce           IT                                                                                                                                                                                                                                                                                                                                                                                                                                                                                                  
Alexander       IT                                                                                                                                                                                                                                                                                                                                                                                                                                                                                                  
Ellen           Sales                                                                                                                                                                                                                                                                                                                                                                                                                                                                                               
Eleni           Sales                                                                                                                                                                                                                                                                                                                                                                                                                                                                                               
Jonathon        Sales                                                                                                                                                                                                                                                                                                                                                                                                                                                                                               
Lex             Executive                                                                                                                                                                                                                                                                                                                                                                                                                                                                                           
Steven          Executive                                                                                                                                                                                                                                                                                                                                                                                                                                                                                           
Neena           Executive                                                                                                                                                                                                                                                                                                                                                                                                                                                                                           
William         Accounting                                                                                                                                                                                                                                                                                                                                                                                                                                                                                          
Shelley         Accounting                                                                                                                                                                                                                                                                                                                                                                                                                                                                                          

19 rows selected.

SQL> SELECT E.FIRST_NAME , D.DEPARTMENT_NAME
  2  FROM EMPLOYEES E
  3  INNER JOIN DEPARTMENTS D USING (DEPARTMENT_ID);

FIRST_NAME      DEPARTMENT_NAME                                                                                                                                                                                                                                                                                                                                                                                                                                                                                     
--------------- ------------------------------                                                                                                                                                                                                                                                                                                                                                                                                                                                                      
Jennifer        Administration                                                                                                                                                                                                                                                                                                                                                                                                                                                                                      
Michael         Marketing                                                                                                                                                                                                                                                                                                                                                                                                                                                                                           
Pat             Marketing                                                                                                                                                                                                                                                                                                                                                                                                                                                                                           
Kevin           Shiping                                                                                                                                                                                                                                                                                                                                                                                                                                                                                             
Peter           Shiping                                                                                                                                                                                                                                                                                                                                                                                                                                                                                             
Randall         Shiping                                                                                                                                                                                                                                                                                                                                                                                                                                                                                             
Curtis          Shiping                                                                                                                                                                                                                                                                                                                                                                                                                                                                                             
Trenna          Shiping                                                                                                                                                                                                                                                                                                                                                                                                                                                                                             
Diana           IT                                                                                                                                                                                                                                                                                                                                                                                                                                                                                                  
Bruce           IT                                                                                                                                                                                                                                                                                                                                                                                                                                                                                                  
Alexander       IT                                                                                                                                                                                                                                                                                                                                                                                                                                                                                                  
Ellen           Sales                                                                                                                                                                                                                                                                                                                                                                                                                                                                                               
Eleni           Sales                                                                                                                                                                                                                                                                                                                                                                                                                                                                                               
Jonathon        Sales                                                                                                                                                                                                                                                                                                                                                                                                                                                                                               
Lex             Executive                                                                                                                                                                                                                                                                                                                                                                                                                                                                                           
Steven          Executive                                                                                                                                                                                                                                                                                                                                                                                                                                                                                           
Neena           Executive                                                                                                                                                                                                                                                                                                                                                                                                                                                                                           
William         Accounting                                                                                                                                                                                                                                                                                                                                                                                                                                                                                          
Shelley         Accounting                                                                                                                                                                                                                                                                                                                                                                                                                                                                                          

19 rows selected.

SQL> SELECT E.FIRST_NAME , D.DEPARTMENT_NAME , DEPARTMENT_ID
  2  FROM EMPLOYEES E
  3  INNER JOIN DEPARTMENTS D USING (DEPARTMENT_ID);

FIRST_NAME      DEPARTMENT_NAME                DEPARTMENT_ID                                                                                                                                                                                                                                                                                                                                                                                                                                                        
--------------- ------------------------------ -------------                                                                                                                                                                                                                                                                                                                                                                                                                                                        
Jennifer        Administration                            10                                                                                                                                                                                                                                                                                                                                                                                                                                                        
Michael         Marketing                                 20                                                                                                                                                                                                                                                                                                                                                                                                                                                        
Pat             Marketing                                 20                                                                                                                                                                                                                                                                                                                                                                                                                                                        
Kevin           Shiping                                   50                                                                                                                                                                                                                                                                                                                                                                                                                                                        
Peter           Shiping                                   50                                                                                                                                                                                                                                                                                                                                                                                                                                                        
Randall         Shiping                                   50                                                                                                                                                                                                                                                                                                                                                                                                                                                        
Curtis          Shiping                                   50                                                                                                                                                                                                                                                                                                                                                                                                                                                        
Trenna          Shiping                                   50                                                                                                                                                                                                                                                                                                                                                                                                                                                        
Diana           IT                                        60                                                                                                                                                                                                                                                                                                                                                                                                                                                        
Bruce           IT                                        60                                                                                                                                                                                                                                                                                                                                                                                                                                                        
Alexander       IT                                        60                                                                                                                                                                                                                                                                                                                                                                                                                                                        
Ellen           Sales                                     80                                                                                                                                                                                                                                                                                                                                                                                                                                                        
Eleni           Sales                                     80                                                                                                                                                                                                                                                                                                                                                                                                                                                        
Jonathon        Sales                                     80                                                                                                                                                                                                                                                                                                                                                                                                                                                        
Lex             Executive                                 90                                                                                                                                                                                                                                                                                                                                                                                                                                                        
Steven          Executive                                 90                                                                                                                                                                                                                                                                                                                                                                                                                                                        
Neena           Executive                                 90                                                                                                                                                                                                                                                                                                                                                                                                                                                        
William         Accounting                               110                                                                                                                                                                                                                                                                                                                                                                                                                                                        
Shelley         Accounting                               110                                                                                                                                                                                                                                                                                                                                                                                                                                                        

19 rows selected.

SQL> SELECT E.FIRST_NAME , D.DEPARTMENT_NAME , E.DEPARTMENT_ID
  2  FROM EMPLOYEES E
  3  INNER JOIN DEPARTMENTS D USING (DEPARTMENT_ID);
SELECT E.FIRST_NAME , D.DEPARTMENT_NAME , E.DEPARTMENT_ID
                                          *
ERROR at line 1:
ORA-25154: column part of USING clause cannot have qualifier 


SQL> SELECT E.FIRST_NAME , D.DEPARTMENT_NAME , D.DEPARTMENT_ID
  2  FROM EMPLOYEES E
  3  INNER JOIN DEPARTMENTS D USING (DEPARTMENT_ID);
SELECT E.FIRST_NAME , D.DEPARTMENT_NAME , D.DEPARTMENT_ID
                                          *
ERROR at line 1:
ORA-25154: column part of USING clause cannot have qualifier 


SQL> SELECT E.FIRST_NAME , D.DEPARTMENT_NAME , DEPARTMENT_ID , MANAGER_ID
  2  FROM EMPLOYEES E
  3  INNER JOIN DEPARTMENTS D USING (DEPARTMENT_ID);
SELECT E.FIRST_NAME , D.DEPARTMENT_NAME , DEPARTMENT_ID , MANAGER_ID
                                                          *
ERROR at line 1:
ORA-00918: column ambiguously defined 


SQL> SELECT E.FIRST_NAME , D.DEPARTMENT_NAME , D.DEPARTMENT_ID , E.MANAGER_ID EMP_MGR , D.MANAGER_ID DEPT_MGR
  2  FROM EMPLOYEES E
  3  INNER JOIN DEPARTMENTS D USING (DEPARTMENT_ID);
SELECT E.FIRST_NAME , D.DEPARTMENT_NAME , D.DEPARTMENT_ID , E.MANAGER_ID EMP_MGR , D.MANAGER_ID DEPT_MGR
                                          *
ERROR at line 1:
ORA-25154: column part of USING clause cannot have qualifier 


SQL> SELECT E.FIRST_NAME , D.DEPARTMENT_NAME , DEPARTMENT_ID , E.MANAGER_ID EMP_MGR , D.MANAGER_ID DEPT_MGR
  2   FROM EMPLOYEES E
  3  INNER JOIN DEPARTMENTS D USING (DEPARTMENT_ID);

FIRST_NAME      DEPARTMENT_NAME                DEPARTMENT_ID    EMP_MGR   DEPT_MGR                                                                                                                                                                                                                                                                                                                                                                                                                                  
--------------- ------------------------------ ------------- ---------- ----------                                                                                                                                                                                                                                                                                                                                                                                                                                  
Jennifer        Administration                            10        101        200                                                                                                                                                                                                                                                                                                                                                                                                                                  
Michael         Marketing                                 20        100        201                                                                                                                                                                                                                                                                                                                                                                                                                                  
Pat             Marketing                                 20        201        201                                                                                                                                                                                                                                                                                                                                                                                                                                  
Kevin           Shiping                                   50        100        124                                                                                                                                                                                                                                                                                                                                                                                                                                  
Peter           Shiping                                   50        124        124                                                                                                                                                                                                                                                                                                                                                                                                                                  
Randall         Shiping                                   50        124        124                                                                                                                                                                                                                                                                                                                                                                                                                                  
Curtis          Shiping                                   50        124        124                                                                                                                                                                                                                                                                                                                                                                                                                                  
Trenna          Shiping                                   50        124        124                                                                                                                                                                                                                                                                                                                                                                                                                                  
Diana           IT                                        60        103        103                                                                                                                                                                                                                                                                                                                                                                                                                                  
Bruce           IT                                        60        103        103                                                                                                                                                                                                                                                                                                                                                                                                                                  
Alexander       IT                                        60        102        103                                                                                                                                                                                                                                                                                                                                                                                                                                  
Ellen           Sales                                     80        149        149                                                                                                                                                                                                                                                                                                                                                                                                                                  
Eleni           Sales                                     80        100        149                                                                                                                                                                                                                                                                                                                                                                                                                                  
Jonathon        Sales                                     80        149        149                                                                                                                                                                                                                                                                                                                                                                                                                                  
Lex             Executive                                 90        100        100                                                                                                                                                                                                                                                                                                                                                                                                                                  
Steven          Executive                                 90                   100                                                                                                                                                                                                                                                                                                                                                                                                                                  
Neena           Executive                                 90        100        100                                                                                                                                                                                                                                                                                                                                                                                                                                  
William         Accounting                               110        205        205                                                                                                                                                                                                                                                                                                                                                                                                                                  
Shelley         Accounting                               110        101        205                                                                                                                                                                                                                                                                                                                                                                                                                                  

19 rows selected.

SQL> REM ON SYNTAX : FROM TABLE1 INNER JOIN TABLE2 ON joincondiion(s)
SQL> 
SQL> SELECT *
  2  FROM EMPLOYEES
  3  INNER JOIN DEPARTMENTS ON DEPARTMENT_ID = DEPARTMENT_ID;
INNER JOIN DEPARTMENTS ON DEPARTMENT_ID = DEPARTMENT_ID
                                          *
ERROR at line 3:
ORA-00918: column ambiguously defined 


SQL> SELECT *
  2  FROM EMPLOYEES
  3  INNER JOIN DEPARTMENTS ON EMPLOYEES.DEPARTMENT_ID = DEPARTMENT_ID;
INNER JOIN DEPARTMENTS ON EMPLOYEES.DEPARTMENT_ID = DEPARTMENT_ID
                                                    *
ERROR at line 3:
ORA-00918: column ambiguously defined 


SQL> SELECT *
  2  FROM EMPLOYEES
  3  INNER JOIN DEPARTMENTS ON EMPLOYEES.DEPARTMENT_ID = DEPARTMENTS.DEPARTMENT_ID;

EMPLOYEE_ID FIRST_NAME      LAST_NAME       EMAIL      PHONE_NUMBER         HIRE_DATE JOB_ID         SALARY COMMISSION_PCT MANAGER_ID DEPARTMENT_ID DEPARTMENT_ID DEPARTMENT_NAME                MANAGER_ID LOCATION_ID                                                                                                                                                                                                                                                                                             
----------- --------------- --------------- ---------- -------------------- --------- ---------- ---------- -------------- ---------- ------------- ------------- ------------------------------ ---------- -----------                                                                                                                                                                                                                                                                                             
        200 Jennifer        Whalen          JWHALEN    515.123.4444         17-SEP-87 AD_ASST          4400                       101            10            10 Administration                        200        1700                                                                                                                                                                                                                                                                                             
        201 Michael         Hartstein       MHARTSTE   515.123.5555         17-FEB-96 MK_MAN          13000                       100            20            20 Marketing                             201        1800                                                                                                                                                                                                                                                                                             
        202 Pat             Fay             PFAY       603.123.6666         17-AUG-97 MK_REP           6000                       201            20            20 Marketing                             201        1800                                                                                                                                                                                                                                                                                             
        124 Kevin           Mourgos         KMOURGOS   650.123.5234         16-NOV-99 ST_MAN           5800                       100            50            50 Shiping                               124        1500                                                                                                                                                                                                                                                                                             
        144 Peter           Vargas                     650.121.2004         09-JUL-98 ST_CLERK         2500                       124            50            50 Shiping                               124        1500                                                                                                                                                                                                                                                                                             
        143 Randall         Matos           RMATOS     650.121.2874         15-MAR-98 ST_CLERK         2600                       124            50            50 Shiping                               124        1500                                                                                                                                                                                                                                                                                             
        142 Curtis          Davies          CDAVIES    650.121.2994         29-JAN-97 ST_CLERK         3100                       124            50            50 Shiping                               124        1500                                                                                                                                                                                                                                                                                             
        141 Trenna          Rajs            TRAJS      650.121.8009         17-OCT-95 ST_CLERK         3500                       124            50            50 Shiping                               124        1500                                                                                                                                                                                                                                                                                             
        107 Diana           Lorentz         DLORENTZ   590.423.5567         07-FEB-99 IT_PROG          4200                       103            60            60 IT                                    103        1400                                                                                                                                                                                                                                                                                             
        104 Bruce           Ernst           BERNST     590.423.4568         21-MAY-91 IT_PROG          6000                       103            60            60 IT                                    103        1400                                                                                                                                                                                                                                                                                             
        103 Alexander       Hunold          AHUNOLD    590.423.4567         03-JAN-90 IT_PROG          9000                       102            60            60 IT                                    103        1400                                                                                                                                                                                                                                                                                             
        174 Ellen           Abel            EABEL      011.44.1644.429267   11-MAY-96 SA_REP          11000             .3        149            80            80 Sales                                 149        2500                                                                                                                                                                                                                                                                                             
        149 Eleni           Zlotkey         EZLOTKEY   011.44.1344.429018   29-JAN-00 SA_MAN          10500             .2        100            80            80 Sales                                 149        2500                                                                                                                                                                                                                                                                                             
        176 Jonathon        Taylor          JTAYLOR    011.44.1644.429265   24-MAR-98 SA_REP           8600             .3        149            80            80 Sales                                 149        2500                                                                                                                                                                                                                                                                                             
        102 Lex             De Haan         LDEHAAN    515.123.4569         13-JAN-93 AD_VP           17000                       100            90            90 Executive                             100        1700                                                                                                                                                                                                                                                                                             
        100 Steven          King            SKING      515.123.4567         17-JUL-87 AD_PRES         24000                                      90            90 Executive                             100        1700                                                                                                                                                                                                                                                                                             
        101 Neena           Kochhar         NKOCHHAR   515.123.4568         21-SEP-89 AD_VP           17000                       100            90            90 Executive                             100        1700                                                                                                                                                                                                                                                                                             
        206 William         Gietz           WGIETZ     515.123.8181         07-JUN-94 AC_ACCOUNT       8300                       205           110           110 Accounting                            205        1700                                                                                                                                                                                                                                                                                             
        205 Shelley         Higgins         SHIGGINS   515.123.8080         07-JUN-94 AC_MGR          12000                       101           110           110 Accounting                            205        1700                                                                                                                                                                                                                                                                                             

19 rows selected.

SQL> SELECT *
  2  FROM EMPLOYEES E
  3  INNER JOIN DEPARTMENTS D ON E.DEPARTMENT_ID = D.DEPARTMENT_ID;

EMPLOYEE_ID FIRST_NAME      LAST_NAME       EMAIL      PHONE_NUMBER         HIRE_DATE JOB_ID         SALARY COMMISSION_PCT MANAGER_ID DEPARTMENT_ID DEPARTMENT_ID DEPARTMENT_NAME                MANAGER_ID LOCATION_ID                                                                                                                                                                                                                                                                                             
----------- --------------- --------------- ---------- -------------------- --------- ---------- ---------- -------------- ---------- ------------- ------------- ------------------------------ ---------- -----------                                                                                                                                                                                                                                                                                             
        200 Jennifer        Whalen          JWHALEN    515.123.4444         17-SEP-87 AD_ASST          4400                       101            10            10 Administration                        200        1700                                                                                                                                                                                                                                                                                             
        201 Michael         Hartstein       MHARTSTE   515.123.5555         17-FEB-96 MK_MAN          13000                       100            20            20 Marketing                             201        1800                                                                                                                                                                                                                                                                                             
        202 Pat             Fay             PFAY       603.123.6666         17-AUG-97 MK_REP           6000                       201            20            20 Marketing                             201        1800                                                                                                                                                                                                                                                                                             
        124 Kevin           Mourgos         KMOURGOS   650.123.5234         16-NOV-99 ST_MAN           5800                       100            50            50 Shiping                               124        1500                                                                                                                                                                                                                                                                                             
        144 Peter           Vargas                     650.121.2004         09-JUL-98 ST_CLERK         2500                       124            50            50 Shiping                               124        1500                                                                                                                                                                                                                                                                                             
        143 Randall         Matos           RMATOS     650.121.2874         15-MAR-98 ST_CLERK         2600                       124            50            50 Shiping                               124        1500                                                                                                                                                                                                                                                                                             
        142 Curtis          Davies          CDAVIES    650.121.2994         29-JAN-97 ST_CLERK         3100                       124            50            50 Shiping                               124        1500                                                                                                                                                                                                                                                                                             
        141 Trenna          Rajs            TRAJS      650.121.8009         17-OCT-95 ST_CLERK         3500                       124            50            50 Shiping                               124        1500                                                                                                                                                                                                                                                                                             
        107 Diana           Lorentz         DLORENTZ   590.423.5567         07-FEB-99 IT_PROG          4200                       103            60            60 IT                                    103        1400                                                                                                                                                                                                                                                                                             
        104 Bruce           Ernst           BERNST     590.423.4568         21-MAY-91 IT_PROG          6000                       103            60            60 IT                                    103        1400                                                                                                                                                                                                                                                                                             
        103 Alexander       Hunold          AHUNOLD    590.423.4567         03-JAN-90 IT_PROG          9000                       102            60            60 IT                                    103        1400                                                                                                                                                                                                                                                                                             
        174 Ellen           Abel            EABEL      011.44.1644.429267   11-MAY-96 SA_REP          11000             .3        149            80            80 Sales                                 149        2500                                                                                                                                                                                                                                                                                             
        149 Eleni           Zlotkey         EZLOTKEY   011.44.1344.429018   29-JAN-00 SA_MAN          10500             .2        100            80            80 Sales                                 149        2500                                                                                                                                                                                                                                                                                             
        176 Jonathon        Taylor          JTAYLOR    011.44.1644.429265   24-MAR-98 SA_REP           8600             .3        149            80            80 Sales                                 149        2500                                                                                                                                                                                                                                                                                             
        102 Lex             De Haan         LDEHAAN    515.123.4569         13-JAN-93 AD_VP           17000                       100            90            90 Executive                             100        1700                                                                                                                                                                                                                                                                                             
        100 Steven          King            SKING      515.123.4567         17-JUL-87 AD_PRES         24000                                      90            90 Executive                             100        1700                                                                                                                                                                                                                                                                                             
        101 Neena           Kochhar         NKOCHHAR   515.123.4568         21-SEP-89 AD_VP           17000                       100            90            90 Executive                             100        1700                                                                                                                                                                                                                                                                                             
        206 William         Gietz           WGIETZ     515.123.8181         07-JUN-94 AC_ACCOUNT       8300                       205           110           110 Accounting                            205        1700                                                                                                                                                                                                                                                                                             
        205 Shelley         Higgins         SHIGGINS   515.123.8080         07-JUN-94 AC_MGR          12000                       101           110           110 Accounting                            205        1700                                                                                                                                                                                                                                                                                             

19 rows selected.

SQL> SELECT *
  2  FROM EMPLOYEES E
  3  INNER JOIN DEPARTMENTS D ON E.DEPARTMENT_ID = DEPARTMENTS.DEPARTMENT_ID;
INNER JOIN DEPARTMENTS D ON E.DEPARTMENT_ID = DEPARTMENTS.DEPARTMENT_ID
                                              *
ERROR at line 3:
ORA-00904: "DEPARTMENTS"."DEPARTMENT_ID": invalid identifier 


SQL> REM 1 NATURAL JOIN : WE CAN'T QUALIFY ANY COMMON COLUMN.
SQL> 
SQL> REM 2 INNER JOIN 'USING' : WE CAN'T QUALIFY COMMON COLUMN WHICH IS PART OF 'USING' CLAUSE, BUT WE MUST QUALIFY OTHER COMMON COLUMNS.
SQL> 
SQL> REM 3 INNER JOIN 'ON' : WE MUST QUALIFY ALL COMMON COLUMNS.
SQL> 
SQL> SELECT * FROM EMPLOYEES;

EMPLOYEE_ID FIRST_NAME      LAST_NAME       EMAIL      PHONE_NUMBER         HIRE_DATE JOB_ID         SALARY COMMISSION_PCT MANAGER_ID DEPARTMENT_ID                                                                                                                                                                                                                                                                                                                                                                 
----------- --------------- --------------- ---------- -------------------- --------- ---------- ---------- -------------- ---------- -------------                                                                                                                                                                                                                                                                                                                                                                 
        100 Steven          King            SKING      515.123.4567         17-JUL-87 AD_PRES         24000                                      90                                                                                                                                                                                                                                                                                                                                                                 
        101 Neena           Kochhar         NKOCHHAR   515.123.4568         21-SEP-89 AD_VP           17000                       100            90                                                                                                                                                                                                                                                                                                                                                                 
        102 Lex             De Haan         LDEHAAN    515.123.4569         13-JAN-93 AD_VP           17000                       100            90                                                                                                                                                                                                                                                                                                                                                                 
        103 Alexander       Hunold          AHUNOLD    590.423.4567         03-JAN-90 IT_PROG          9000                       102            60                                                                                                                                                                                                                                                                                                                                                                 
        104 Bruce           Ernst           BERNST     590.423.4568         21-MAY-91 IT_PROG          6000                       103            60                                                                                                                                                                                                                                                                                                                                                                 
        107 Diana           Lorentz         DLORENTZ   590.423.5567         07-FEB-99 IT_PROG          4200                       103            60                                                                                                                                                                                                                                                                                                                                                                 
        124 Kevin           Mourgos         KMOURGOS   650.123.5234         16-NOV-99 ST_MAN           5800                       100            50                                                                                                                                                                                                                                                                                                                                                                 
        141 Trenna          Rajs            TRAJS      650.121.8009         17-OCT-95 ST_CLERK         3500                       124            50                                                                                                                                                                                                                                                                                                                                                                 
        142 Curtis          Davies          CDAVIES    650.121.2994         29-JAN-97 ST_CLERK         3100                       124            50                                                                                                                                                                                                                                                                                                                                                                 
        143 Randall         Matos           RMATOS     650.121.2874         15-MAR-98 ST_CLERK         2600                       124            50                                                                                                                                                                                                                                                                                                                                                                 
        144 Peter           Vargas                     650.121.2004         09-JUL-98 ST_CLERK         2500                       124            50                                                                                                                                                                                                                                                                                                                                                                 
        149 Eleni           Zlotkey         EZLOTKEY   011.44.1344.429018   29-JAN-00 SA_MAN          10500             .2        100            80                                                                                                                                                                                                                                                                                                                                                                 
        174 Ellen           Abel            EABEL      011.44.1644.429267   11-MAY-96 SA_REP          11000             .3        149            80                                                                                                                                                                                                                                                                                                                                                                 
        176 Jonathon        Taylor          JTAYLOR    011.44.1644.429265   24-MAR-98 SA_REP           8600             .3        149            80                                                                                                                                                                                                                                                                                                                                                                 
        178 Kimerely        Grant           KGRANT     011.44.1644.429263   24-MAY-99 SA_REP           7000            .15        149                                                                                                                                                                                                                                                                                                                                                                               
        200 Jennifer        Whalen          JWHALEN    515.123.4444         17-SEP-87 AD_ASST          4400                       101            10                                                                                                                                                                                                                                                                                                                                                                 
        201 Michael         Hartstein       MHARTSTE   515.123.5555         17-FEB-96 MK_MAN          13000                       100            20                                                                                                                                                                                                                                                                                                                                                                 
        202 Pat             Fay             PFAY       603.123.6666         17-AUG-97 MK_REP           6000                       201            20                                                                                                                                                                                                                                                                                                                                                                 
        205 Shelley         Higgins         SHIGGINS   515.123.8080         07-JUN-94 AC_MGR          12000                       101           110                                                                                                                                                                                                                                                                                                                                                                 
        206 William         Gietz           WGIETZ     515.123.8181         07-JUN-94 AC_ACCOUNT       8300                       205           110                                                                                                                                                                                                                                                                                                                                                                 

20 rows selected.

SQL> SELECT * FROM JOBS;

JOB_ID     JOB_TITLE                           MIN_SALARY MAX_SALARY                                                                                                                                                                                                                                                                                                                                                                                                                                                
---------- ----------------------------------- ---------- ----------                                                                                                                                                                                                                                                                                                                                                                                                                                                
AD_PRES    President                                20000      40000                                                                                                                                                                                                                                                                                                                                                                                                                                                
AD_VP      Administration Vice President            15000      30000                                                                                                                                                                                                                                                                                                                                                                                                                                                
AD_ASST    Administration Assistant                  3000       6000                                                                                                                                                                                                                                                                                                                                                                                                                                                
AC_MGR     Accounting Manager                        8200      16000                                                                                                                                                                                                                                                                                                                                                                                                                                                
AC_ACCOUNT Public Accountant                         4200       9000                                                                                                                                                                                                                                                                                                                                                                                                                                                
SA_MAN     Sales Manager                            10000      20000                                                                                                                                                                                                                                                                                                                                                                                                                                                
SA_REP     Sales Representative                      6000      12000                                                                                                                                                                                                                                                                                                                                                                                                                                                
ST_MAN     Stock Manager                             5500       8500                                                                                                                                                                                                                                                                                                                                                                                                                                                
ST_CLERK   Stock Clerk                               2000       5000                                                                                                                                                                                                                                                                                                                                                                                                                                                
IT_PROG    Programmer                                4000      10000                                                                                                                                                                                                                                                                                                                                                                                                                                                
MK_MAN     Marketing Manager                         9000      15000                                                                                                                                                                                                                                                                                                                                                                                                                                                
MK_REP     Marketing Representative                  4000       9000                                                                                                                                                                                                                                                                                                                                                                                                                                                

12 rows selected.

SQL> REM FIRST_NAME , DEPARTMENT_NAME
SQL> 
SQL> REM EMPLOYEES    DEPARTMENTS
SQL> 
SQL> REM E            D
SQL> 
SQL> REM E D L C R
SQL> 
SQL> SELECT FIRST_NAME , DEPARTMENT_NAME
  2  FROM EMPLOYEES E
  3  JOIN DEPARTMENTS D ON E.DEPARTMENT_ID = D.DEPARTMENT_ID;

FIRST_NAME      DEPARTMENT_NAME                                                                                                                                                                                                                                                                                                                                                                                                                                                                                     
--------------- ------------------------------                                                                                                                                                                                                                                                                                                                                                                                                                                                                      
Jennifer        Administration                                                                                                                                                                                                                                                                                                                                                                                                                                                                                      
Michael         Marketing                                                                                                                                                                                                                                                                                                                                                                                                                                                                                           
Pat             Marketing                                                                                                                                                                                                                                                                                                                                                                                                                                                                                           
Kevin           Shiping                                                                                                                                                                                                                                                                                                                                                                                                                                                                                             
Peter           Shiping                                                                                                                                                                                                                                                                                                                                                                                                                                                                                             
Randall         Shiping                                                                                                                                                                                                                                                                                                                                                                                                                                                                                             
Curtis          Shiping                                                                                                                                                                                                                                                                                                                                                                                                                                                                                             
Trenna          Shiping                                                                                                                                                                                                                                                                                                                                                                                                                                                                                             
Diana           IT                                                                                                                                                                                                                                                                                                                                                                                                                                                                                                  
Bruce           IT                                                                                                                                                                                                                                                                                                                                                                                                                                                                                                  
Alexander       IT                                                                                                                                                                                                                                                                                                                                                                                                                                                                                                  
Ellen           Sales                                                                                                                                                                                                                                                                                                                                                                                                                                                                                               
Eleni           Sales                                                                                                                                                                                                                                                                                                                                                                                                                                                                                               
Jonathon        Sales                                                                                                                                                                                                                                                                                                                                                                                                                                                                                               
Lex             Executive                                                                                                                                                                                                                                                                                                                                                                                                                                                                                           
Steven          Executive                                                                                                                                                                                                                                                                                                                                                                                                                                                                                           
Neena           Executive                                                                                                                                                                                                                                                                                                                                                                                                                                                                                           
William         Accounting                                                                                                                                                                                                                                                                                                                                                                                                                                                                                          
Shelley         Accounting                                                                                                                                                                                                                                                                                                                                                                                                                                                                                          

19 rows selected.

SQL> SELECT * FROM DEPARTMENTS;

DEPARTMENT_ID DEPARTMENT_NAME                MANAGER_ID LOCATION_ID                                                                                                                                                                                                                                                                                                                                                                                                                                                 
------------- ------------------------------ ---------- -----------                                                                                                                                                                                                                                                                                                                                                                                                                                                 
           10 Administration                        200        1700                                                                                                                                                                                                                                                                                                                                                                                                                                                 
           20 Marketing                             201        1800                                                                                                                                                                                                                                                                                                                                                                                                                                                 
           50 Shiping                               124        1500                                                                                                                                                                                                                                                                                                                                                                                                                                                 
           60 IT                                    103        1400                                                                                                                                                                                                                                                                                                                                                                                                                                                 
           80 Sales                                 149        2500                                                                                                                                                                                                                                                                                                                                                                                                                                                 
           90 Executive                             100        1700                                                                                                                                                                                                                                                                                                                                                                                                                                                 
          110 Accounting                            205        1700                                                                                                                                                                                                                                                                                                                                                                                                                                                 
          190 Contracting                                      1700                                                                                                                                                                                                                                                                                                                                                                                                                                                 

8 rows selected.

SQL> SELECT * FROM LOCATIONS;

LOCATION_ID STREET_ADRESS                            POSTAL_CODE  CITY                           STATE_PROVINCE            CO                                                                                                                                                                                                                                                                                                                                                                                       
----------- ---------------------------------------- ------------ ------------------------------ ------------------------- --                                                                                                                                                                                                                                                                                                                                                                                       
       1400 2014 Jabberwocky Rd                      26192        Southlake                      Texas                     US                                                                                                                                                                                                                                                                                                                                                                                       
       1500 2011 Interiors Blvd                      99236        South San Francisco            California                US                                                                                                                                                                                                                                                                                                                                                                                       
       1700 2004 Charade Rd                          98199        Seattle                        Washington                US                                                                                                                                                                                                                                                                                                                                                                                       
       1800 460 Bloor St. W.                         ON M5S 1X8   Toronto                        Ontario                   CA                                                                                                                                                                                                                                                                                                                                                                                       
       2500 Magdalen Centre, The Oxford Science Park OX9 9ZB      Oxford                         Oxford                    UK                                                                                                                                                                                                                                                                                                                                                                                       

SQL> SELECT * FROM COUNTRIES;

CO COUNTRY_NAME                              REGION_ID                                                                                                                                                                                                                                                                                                                                                                                                                                                              
-- ---------------------------------------- ----------                                                                                                                                                                                                                                                                                                                                                                                                                                                              
CA Canada                                            2                                                                                                                                                                                                                                                                                                                                                                                                                                                              
DE Germany                                           1                                                                                                                                                                                                                                                                                                                                                                                                                                                              
UK United Kingdom                                    1                                                                                                                                                                                                                                                                                                                                                                                                                                                              
US United States of America                          2                                                                                                                                                                                                                                                                                                                                                                                                                                                              

SQL> SELECT * FROM REGIONS;

 REGION_ID REGION_NAME                                                                                                                                                                                                                                                                                                                                                                                                                                                                                              
---------- -------------------------                                                                                                                                                                                                                                                                                                                                                                                                                                                                                
         1 Europe                                                                                                                                                                                                                                                                                                                                                                                                                                                                                                   
         2 Americas                                                                                                                                                                                                                                                                                                                                                                                                                                                                                                 
         3 Asia                                                                                                                                                                                                                                                                                                                                                                                                                                                                                                     
         4 Middle East and Africa                                                                                                                                                                                                                                                                                                                                                                                                                                                                                   

SQL> REM 1 DEPARTMENT_NAME , CITY 2 CITY , STATE_PROVINCE , COUNTRY_NAME  3 REGION_NAME , COUNTRY_NAME  4 CITY , REGION_NAME
SQL> 
SQL> REM 5 DEPARTMENT_NAME , COUNTRY_NAME     6 REGION_NAME , DEPARTMENT_NAME
SQL> 
SQL> 
SQL> 
SQL> REM 1 DEPARTMENT_NAME , CITY
SQL> 
SQL> SELECT DEPARTMENT_NAME , CITY
  2  FROM DEPARTMENTS D
  3  JOIN LOCATIONS   L ON D.LOCATION_ID = L.LOCATION_ID;

DEPARTMENT_NAME                CITY                                                                                                                                                                                                                                                                                                                                                                                                                                                                                 
------------------------------ ------------------------------                                                                                                                                                                                                                                                                                                                                                                                                                                                       
Administration                 Seattle                                                                                                                                                                                                                                                                                                                                                                                                                                                                              
Marketing                      Toronto                                                                                                                                                                                                                                                                                                                                                                                                                                                                              
Shiping                        South San Francisco                                                                                                                                                                                                                                                                                                                                                                                                                                                                  
IT                             Southlake                                                                                                                                                                                                                                                                                                                                                                                                                                                                            
Sales                          Oxford                                                                                                                                                                                                                                                                                                                                                                                                                                                                               
Executive                      Seattle                                                                                                                                                                                                                                                                                                                                                                                                                                                                              
Accounting                     Seattle                                                                                                                                                                                                                                                                                                                                                                                                                                                                              
Contracting                    Seattle                                                                                                                                                                                                                                                                                                                                                                                                                                                                              

8 rows selected.

SQL> REM 2 CITY , STATE_PROVINCE , COUNTRY_NAME
SQL> 
SQL> SELECT CITY , STATE_PROVINCE , COUNTRY_NAME
  2  LOCATIONS
  3  
SQL> SELECT CITY , STATE_PROVINCE , COUNTRY_NAME
  2  FROM LOCATIONS L
  3  JOIN COUNTRIES C ON L.COUNTRY_ID = C.COUNTRY_ID;

CITY                           STATE_PROVINCE            COUNTRY_NAME                                                                                                                                                                                                                                                                                                                                                                                                                                               
------------------------------ ------------------------- ----------------------------------------                                                                                                                                                                                                                                                                                                                                                                                                                   
Southlake                      Texas                     United States of America                                                                                                                                                                                                                                                                                                                                                                                                                                   
South San Francisco            California                United States of America                                                                                                                                                                                                                                                                                                                                                                                                                                   
Seattle                        Washington                United States of America                                                                                                                                                                                                                                                                                                                                                                                                                                   
Toronto                        Ontario                   Canada                                                                                                                                                                                                                                                                                                                                                                                                                                                     
Oxford                         Oxford                    United Kingdom                                                                                                                                                                                                                                                                                                                                                                                                                                             

SQL> REM 3 REGION_NAME , COUNTRY_NAME
SQL> 
SQL> SELECT REGION_NAME , COUNTRY_NAME
  2  FROM COUNTRIES C
  3  JOIN REGIONS   R ON C.REGION_ID = R.REGION_ID;

REGION_NAME               COUNTRY_NAME                                                                                                                                                                                                                                                                                                                                                                                                                                                                              
------------------------- ----------------------------------------                                                                                                                                                                                                                                                                                                                                                                                                                                                  
Europe                    Germany                                                                                                                                                                                                                                                                                                                                                                                                                                                                                   
Europe                    United Kingdom                                                                                                                                                                                                                                                                                                                                                                                                                                                                            
Americas                  Canada                                                                                                                                                                                                                                                                                                                                                                                                                                                                                    
Americas                  United States of America                                                                                                                                                                                                                                                                                                                                                                                                                                                                  

SQL> REM 4 CITY , REGION_NAME
SQL> 
SQL> SELECT CITY , REGION_NAME
  2  FROM LOCATIONS L
  3  JOIN COUNTRIES C ON L.COUNTRY_ID = C.COUNTRY_ID
  4  JOIN REGIONS   R ON C.REGION_ID  = R.REGION_ID;

CITY                           REGION_NAME                                                                                                                                                                                                                                                                                                                                                                                                                                                                          
------------------------------ -------------------------                                                                                                                                                                                                                                                                                                                                                                                                                                                            
Southlake                      Americas                                                                                                                                                                                                                                                                                                                                                                                                                                                                             
South San Francisco            Americas                                                                                                                                                                                                                                                                                                                                                                                                                                                                             
Seattle                        Americas                                                                                                                                                                                                                                                                                                                                                                                                                                                                             
Toronto                        Americas                                                                                                                                                                                                                                                                                                                                                                                                                                                                             
Oxford                         Europe                                                                                                                                                                                                                                                                                                                                                                                                                                                                               

SQL> REM 5 DEPARTMENT_NAME , COUNTRY_NAME
SQL> 
SQL> SELECT DEPARTMENT_NAME , COUNTRY_NAME
  2  FROM DEPARTMENTS D
  3  JOIN LOCATIONS   L ON D.LOCATION_ID = L.LOCATION_ID
  4  JOIN COUNTRIES   C ON L.COUNTRY_ID  = C.COUNTRY_ID;

DEPARTMENT_NAME                COUNTRY_NAME                                                                                                                                                                                                                                                                                                                                                                                                                                                                         
------------------------------ ----------------------------------------                                                                                                                                                                                                                                                                                                                                                                                                                                             
Administration                 United States of America                                                                                                                                                                                                                                                                                                                                                                                                                                                             
Marketing                      Canada                                                                                                                                                                                                                                                                                                                                                                                                                                                                               
Shiping                        United States of America                                                                                                                                                                                                                                                                                                                                                                                                                                                             
IT                             United States of America                                                                                                                                                                                                                                                                                                                                                                                                                                                             
Sales                          United Kingdom                                                                                                                                                                                                                                                                                                                                                                                                                                                                       
Executive                      United States of America                                                                                                                                                                                                                                                                                                                                                                                                                                                             
Accounting                     United States of America                                                                                                                                                                                                                                                                                                                                                                                                                                                             
Contracting                    United States of America                                                                                                                                                                                                                                                                                                                                                                                                                                                             

8 rows selected.

SQL> REM 6 REGION_NAME , DEPARTMENT_NAME
SQL> 
SQL> SELECT REGION_NAME , DEPARTMENT_NAME
  2  FROM DEPARTMENTS D
  3  JOIN LOCATIONS   L ON D.LOCATION_ID = L.LOCATION_ID
  4  JOIN COUNTRIES   C ON L.COUNTRY_ID  = C.COUNTRY_ID
  5  JOIN REGIONS     R ON C.REGION_ID   = R.REGION_ID;

REGION_NAME               DEPARTMENT_NAME                                                                                                                                                                                                                                                                                                                                                                                                                                                                           
------------------------- ------------------------------                                                                                                                                                                                                                                                                                                                                                                                                                                                            
Americas                  Administration                                                                                                                                                                                                                                                                                                                                                                                                                                                                            
Americas                  Marketing                                                                                                                                                                                                                                                                                                                                                                                                                                                                                 
Americas                  Shiping                                                                                                                                                                                                                                                                                                                                                                                                                                                                                   
Americas                  IT                                                                                                                                                                                                                                                                                                                                                                                                                                                                                        
Europe                    Sales                                                                                                                                                                                                                                                                                                                                                                                                                                                                                     
Americas                  Executive                                                                                                                                                                                                                                                                                                                                                                                                                                                                                 
Americas                  Accounting                                                                                                                                                                                                                                                                                                                                                                                                                                                                                
Americas                  Contracting                                                                                                                                                                                                                                                                                                                                                                                                                                                                               

8 rows selected.

SQL> SELECT * FROM EMPLOYEES;

EMPLOYEE_ID FIRST_NAME      LAST_NAME       EMAIL      PHONE_NUMBER         HIRE_DATE JOB_ID         SALARY COMMISSION_PCT MANAGER_ID DEPARTMENT_ID                                                                                                                                                                                                                                                                                                                                                                 
----------- --------------- --------------- ---------- -------------------- --------- ---------- ---------- -------------- ---------- -------------                                                                                                                                                                                                                                                                                                                                                                 
        100 Steven          King            SKING      515.123.4567         17-JUL-87 AD_PRES         24000                                      90                                                                                                                                                                                                                                                                                                                                                                 
        101 Neena           Kochhar         NKOCHHAR   515.123.4568         21-SEP-89 AD_VP           17000                       100            90                                                                                                                                                                                                                                                                                                                                                                 
        102 Lex             De Haan         LDEHAAN    515.123.4569         13-JAN-93 AD_VP           17000                       100            90                                                                                                                                                                                                                                                                                                                                                                 
        103 Alexander       Hunold          AHUNOLD    590.423.4567         03-JAN-90 IT_PROG          9000                       102            60                                                                                                                                                                                                                                                                                                                                                                 
        104 Bruce           Ernst           BERNST     590.423.4568         21-MAY-91 IT_PROG          6000                       103            60                                                                                                                                                                                                                                                                                                                                                                 
        107 Diana           Lorentz         DLORENTZ   590.423.5567         07-FEB-99 IT_PROG          4200                       103            60                                                                                                                                                                                                                                                                                                                                                                 
        124 Kevin           Mourgos         KMOURGOS   650.123.5234         16-NOV-99 ST_MAN           5800                       100            50                                                                                                                                                                                                                                                                                                                                                                 
        141 Trenna          Rajs            TRAJS      650.121.8009         17-OCT-95 ST_CLERK         3500                       124            50                                                                                                                                                                                                                                                                                                                                                                 
        142 Curtis          Davies          CDAVIES    650.121.2994         29-JAN-97 ST_CLERK         3100                       124            50                                                                                                                                                                                                                                                                                                                                                                 
        143 Randall         Matos           RMATOS     650.121.2874         15-MAR-98 ST_CLERK         2600                       124            50                                                                                                                                                                                                                                                                                                                                                                 
        144 Peter           Vargas                     650.121.2004         09-JUL-98 ST_CLERK         2500                       124            50                                                                                                                                                                                                                                                                                                                                                                 
        149 Eleni           Zlotkey         EZLOTKEY   011.44.1344.429018   29-JAN-00 SA_MAN          10500             .2        100            80                                                                                                                                                                                                                                                                                                                                                                 
        174 Ellen           Abel            EABEL      011.44.1644.429267   11-MAY-96 SA_REP          11000             .3        149            80                                                                                                                                                                                                                                                                                                                                                                 
        176 Jonathon        Taylor          JTAYLOR    011.44.1644.429265   24-MAR-98 SA_REP           8600             .3        149            80                                                                                                                                                                                                                                                                                                                                                                 
        178 Kimerely        Grant           KGRANT     011.44.1644.429263   24-MAY-99 SA_REP           7000            .15        149                                                                                                                                                                                                                                                                                                                                                                               
        200 Jennifer        Whalen          JWHALEN    515.123.4444         17-SEP-87 AD_ASST          4400                       101            10                                                                                                                                                                                                                                                                                                                                                                 
        201 Michael         Hartstein       MHARTSTE   515.123.5555         17-FEB-96 MK_MAN          13000                       100            20                                                                                                                                                                                                                                                                                                                                                                 
        202 Pat             Fay             PFAY       603.123.6666         17-AUG-97 MK_REP           6000                       201            20                                                                                                                                                                                                                                                                                                                                                                 
        205 Shelley         Higgins         SHIGGINS   515.123.8080         07-JUN-94 AC_MGR          12000                       101           110                                                                                                                                                                                                                                                                                                                                                                 
        206 William         Gietz           WGIETZ     515.123.8181         07-JUN-94 AC_ACCOUNT       8300                       205           110                                                                                                                                                                                                                                                                                                                                                                 

20 rows selected.

SQL> SELECT * FROM JOBS;

JOB_ID     JOB_TITLE                           MIN_SALARY MAX_SALARY                                                                                                                                                                                                                                                                                                                                                                                                                                                
---------- ----------------------------------- ---------- ----------                                                                                                                                                                                                                                                                                                                                                                                                                                                
AD_PRES    President                                20000      40000                                                                                                                                                                                                                                                                                                                                                                                                                                                
AD_VP      Administration Vice President            15000      30000                                                                                                                                                                                                                                                                                                                                                                                                                                                
AD_ASST    Administration Assistant                  3000       6000                                                                                                                                                                                                                                                                                                                                                                                                                                                
AC_MGR     Accounting Manager                        8200      16000                                                                                                                                                                                                                                                                                                                                                                                                                                                
AC_ACCOUNT Public Accountant                         4200       9000                                                                                                                                                                                                                                                                                                                                                                                                                                                
SA_MAN     Sales Manager                            10000      20000                                                                                                                                                                                                                                                                                                                                                                                                                                                
SA_REP     Sales Representative                      6000      12000                                                                                                                                                                                                                                                                                                                                                                                                                                                
ST_MAN     Stock Manager                             5500       8500                                                                                                                                                                                                                                                                                                                                                                                                                                                
ST_CLERK   Stock Clerk                               2000       5000                                                                                                                                                                                                                                                                                                                                                                                                                                                
IT_PROG    Programmer                                4000      10000                                                                                                                                                                                                                                                                                                                                                                                                                                                
MK_MAN     Marketing Manager                         9000      15000                                                                                                                                                                                                                                                                                                                                                                                                                                                
MK_REP     Marketing Representative                  4000       9000                                                                                                                                                                                                                                                                                                                                                                                                                                                

12 rows selected.

SQL> REM FIRST_NAME , JOB_TITLE
SQL> 
SQL> REM NJ
SQL> 
SQL> SELECT FIRST_NAME , JOB_TITLE
  2  FROM EMPLOYEES
  3  NATURAL JOIN JOBS;

FIRST_NAME      JOB_TITLE                                                                                                                                                                                                                                                                                                                                                                                                                                                                                           
--------------- -----------------------------------                                                                                                                                                                                                                                                                                                                                                                                                                                                                 
William         Public Accountant                                                                                                                                                                                                                                                                                                                                                                                                                                                                                   
Shelley         Accounting Manager                                                                                                                                                                                                                                                                                                                                                                                                                                                                                  
Jennifer        Administration Assistant                                                                                                                                                                                                                                                                                                                                                                                                                                                                            
Steven          President                                                                                                                                                                                                                                                                                                                                                                                                                                                                                           
Lex             Administration Vice President                                                                                                                                                                                                                                                                                                                                                                                                                                                                       
Neena           Administration Vice President                                                                                                                                                                                                                                                                                                                                                                                                                                                                       
Alexander       Programmer                                                                                                                                                                                                                                                                                                                                                                                                                                                                                          
Bruce           Programmer                                                                                                                                                                                                                                                                                                                                                                                                                                                                                          
Diana           Programmer                                                                                                                                                                                                                                                                                                                                                                                                                                                                                          
Michael         Marketing Manager                                                                                                                                                                                                                                                                                                                                                                                                                                                                                   
Pat             Marketing Representative                                                                                                                                                                                                                                                                                                                                                                                                                                                                            
Eleni           Sales Manager                                                                                                                                                                                                                                                                                                                                                                                                                                                                                       
Ellen           Sales Representative                                                                                                                                                                                                                                                                                                                                                                                                                                                                                
Kimerely        Sales Representative                                                                                                                                                                                                                                                                                                                                                                                                                                                                                
Jonathon        Sales Representative                                                                                                                                                                                                                                                                                                                                                                                                                                                                                
Randall         Stock Clerk                                                                                                                                                                                                                                                                                                                                                                                                                                                                                         
Curtis          Stock Clerk                                                                                                                                                                                                                                                                                                                                                                                                                                                                                         
Trenna          Stock Clerk                                                                                                                                                                                                                                                                                                                                                                                                                                                                                         
Peter           Stock Clerk                                                                                                                                                                                                                                                                                                                                                                                                                                                                                         
Kevin           Stock Manager                                                                                                                                                                                                                                                                                                                                                                                                                                                                                       

20 rows selected.

SQL> REM IJ USING
SQL> 
SQL> SELECT FIRST_NAME , JOB_TITLE
  2  FROM EMPLOYEES
  3  JOIN JOBS USING (JOB_ID);

FIRST_NAME      JOB_TITLE                                                                                                                                                                                                                                                                                                                                                                                                                                                                                           
--------------- -----------------------------------                                                                                                                                                                                                                                                                                                                                                                                                                                                                 
William         Public Accountant                                                                                                                                                                                                                                                                                                                                                                                                                                                                                   
Shelley         Accounting Manager                                                                                                                                                                                                                                                                                                                                                                                                                                                                                  
Jennifer        Administration Assistant                                                                                                                                                                                                                                                                                                                                                                                                                                                                            
Steven          President                                                                                                                                                                                                                                                                                                                                                                                                                                                                                           
Lex             Administration Vice President                                                                                                                                                                                                                                                                                                                                                                                                                                                                       
Neena           Administration Vice President                                                                                                                                                                                                                                                                                                                                                                                                                                                                       
Alexander       Programmer                                                                                                                                                                                                                                                                                                                                                                                                                                                                                          
Bruce           Programmer                                                                                                                                                                                                                                                                                                                                                                                                                                                                                          
Diana           Programmer                                                                                                                                                                                                                                                                                                                                                                                                                                                                                          
Michael         Marketing Manager                                                                                                                                                                                                                                                                                                                                                                                                                                                                                   
Pat             Marketing Representative                                                                                                                                                                                                                                                                                                                                                                                                                                                                            
Eleni           Sales Manager                                                                                                                                                                                                                                                                                                                                                                                                                                                                                       
Ellen           Sales Representative                                                                                                                                                                                                                                                                                                                                                                                                                                                                                
Kimerely        Sales Representative                                                                                                                                                                                                                                                                                                                                                                                                                                                                                
Jonathon        Sales Representative                                                                                                                                                                                                                                                                                                                                                                                                                                                                                
Randall         Stock Clerk                                                                                                                                                                                                                                                                                                                                                                                                                                                                                         
Curtis          Stock Clerk                                                                                                                                                                                                                                                                                                                                                                                                                                                                                         
Trenna          Stock Clerk                                                                                                                                                                                                                                                                                                                                                                                                                                                                                         
Peter           Stock Clerk                                                                                                                                                                                                                                                                                                                                                                                                                                                                                         
Kevin           Stock Manager                                                                                                                                                                                                                                                                                                                                                                                                                                                                                       

20 rows selected.

SQL> REM IJ ON
SQL> 
SQL> SELECT FIRST_NAME , JOB_TITLE
  2  FROM EMPLOYEES E
  3  JOIN JOBS J ON E.JOB_ID = J.JOB_ID;

FIRST_NAME      JOB_TITLE                                                                                                                                                                                                                                                                                                                                                                                                                                                                                           
--------------- -----------------------------------                                                                                                                                                                                                                                                                                                                                                                                                                                                                 
William         Public Accountant                                                                                                                                                                                                                                                                                                                                                                                                                                                                                   
Shelley         Accounting Manager                                                                                                                                                                                                                                                                                                                                                                                                                                                                                  
Jennifer        Administration Assistant                                                                                                                                                                                                                                                                                                                                                                                                                                                                            
Steven          President                                                                                                                                                                                                                                                                                                                                                                                                                                                                                           
Lex             Administration Vice President                                                                                                                                                                                                                                                                                                                                                                                                                                                                       
Neena           Administration Vice President                                                                                                                                                                                                                                                                                                                                                                                                                                                                       
Alexander       Programmer                                                                                                                                                                                                                                                                                                                                                                                                                                                                                          
Bruce           Programmer                                                                                                                                                                                                                                                                                                                                                                                                                                                                                          
Diana           Programmer                                                                                                                                                                                                                                                                                                                                                                                                                                                                                          
Michael         Marketing Manager                                                                                                                                                                                                                                                                                                                                                                                                                                                                                   
Pat             Marketing Representative                                                                                                                                                                                                                                                                                                                                                                                                                                                                            
Eleni           Sales Manager                                                                                                                                                                                                                                                                                                                                                                                                                                                                                       
Ellen           Sales Representative                                                                                                                                                                                                                                                                                                                                                                                                                                                                                
Kimerely        Sales Representative                                                                                                                                                                                                                                                                                                                                                                                                                                                                                
Jonathon        Sales Representative                                                                                                                                                                                                                                                                                                                                                                                                                                                                                
Randall         Stock Clerk                                                                                                                                                                                                                                                                                                                                                                                                                                                                                         
Curtis          Stock Clerk                                                                                                                                                                                                                                                                                                                                                                                                                                                                                         
Trenna          Stock Clerk                                                                                                                                                                                                                                                                                                                                                                                                                                                                                         
Peter           Stock Clerk                                                                                                                                                                                                                                                                                                                                                                                                                                                                                         
Kevin           Stock Manager                                                                                                                                                                                                                                                                                                                                                                                                                                                                                       

20 rows selected.

SQL> REM D L C R
SQL> 
SQL> 
SQL> 
SQL> REM 1 LEFT TO RIGHT : D L C R
SQL> 
SQL> REM 2 RIGHT TO LEFT : R C L D
SQL> 
SQL> 
SQL> 
SQL> REM REGION_NAME , DEPARTMENT_NAME
SQL> 
SQL> REM 1 NJ : LTOR , RTOL
SQL> 
SQL> REM 2 IJ 'USING' : LTOR , RTOL
SQL> 
SQL> REM 3 IJ 'ON' : LTOR , RTOL
SQL> 
SQL> 
SQL> REM NJ : LTOR
SQL> 
SQL> SELECT REGION_NAME , DEPARTMENT_NAME
  2  FROM DEPARTMENTS
  3  NATURAL JOIN LOCATIONS
  4  NATURAL JOIN COUNTRIES
  5  NATURAL JOIN REGIONS;

REGION_NAME               DEPARTMENT_NAME                                                                                                                                                                                                                                                                                                                                                                                                                                                                           
------------------------- ------------------------------                                                                                                                                                                                                                                                                                                                                                                                                                                                            
Americas                  Administration                                                                                                                                                                                                                                                                                                                                                                                                                                                                            
Americas                  Marketing                                                                                                                                                                                                                                                                                                                                                                                                                                                                                 
Americas                  Shiping                                                                                                                                                                                                                                                                                                                                                                                                                                                                                   
Americas                  IT                                                                                                                                                                                                                                                                                                                                                                                                                                                                                        
Europe                    Sales                                                                                                                                                                                                                                                                                                                                                                                                                                                                                     
Americas                  Executive                                                                                                                                                                                                                                                                                                                                                                                                                                                                                 
Americas                  Accounting                                                                                                                                                                                                                                                                                                                                                                                                                                                                                
Americas                  Contracting                                                                                                                                                                                                                                                                                                                                                                                                                                                                               

8 rows selected.

SQL> REM NJ : R TO L
SQL> 
SQL> SELECT REGION_NAME , DEPARTMENT_NAME
  2  FROM REGIONS
  3  NATURAL JOIN COUNTRIES
  4  NATURAL JOIN LOCATIONS
  5  NATURAL JOIN DEPARTMENTS;

REGION_NAME               DEPARTMENT_NAME                                                                                                                                                                                                                                                                                                                                                                                                                                                                           
------------------------- ------------------------------                                                                                                                                                                                                                                                                                                                                                                                                                                                            
Americas                  Administration                                                                                                                                                                                                                                                                                                                                                                                                                                                                            
Americas                  Marketing                                                                                                                                                                                                                                                                                                                                                                                                                                                                                 
Americas                  Shiping                                                                                                                                                                                                                                                                                                                                                                                                                                                                                   
Americas                  IT                                                                                                                                                                                                                                                                                                                                                                                                                                                                                        
Europe                    Sales                                                                                                                                                                                                                                                                                                                                                                                                                                                                                     
Americas                  Executive                                                                                                                                                                                                                                                                                                                                                                                                                                                                                 
Americas                  Accounting                                                                                                                                                                                                                                                                                                                                                                                                                                                                                
Americas                  Contracting                                                                                                                                                                                                                                                                                                                                                                                                                                                                               

8 rows selected.

SQL> REM IJ USING : L TO R
SQL> 
SQL> SELECT REGION_NAME , DEPARTMENT_NAME
  2  FROM LOCATIONS
  3  JOIN COUNTRIES USING (COUNTRY_ID)
  4  JOIN REGION
  5  
SQL> 
SQL> SELECT REGION_NAME , DEPARTMENT_NAME
  2  FROM DEPARTMENTS
  3  JOIN LOCATIONS   USING (LOCATION_ID)
  4  JOIN COUNTRIES   USING (COUNTRY_ID)
  5  JOIN REGIONS     USING (REGION_ID);

REGION_NAME               DEPARTMENT_NAME                                                                                                                                                                                                                                                                                                                                                                                                                                                                           
------------------------- ------------------------------                                                                                                                                                                                                                                                                                                                                                                                                                                                            
Americas                  Administration                                                                                                                                                                                                                                                                                                                                                                                                                                                                            
Americas                  Marketing                                                                                                                                                                                                                                                                                                                                                                                                                                                                                 
Americas                  Shiping                                                                                                                                                                                                                                                                                                                                                                                                                                                                                   
Americas                  IT                                                                                                                                                                                                                                                                                                                                                                                                                                                                                        
Europe                    Sales                                                                                                                                                                                                                                                                                                                                                                                                                                                                                     
Americas                  Executive                                                                                                                                                                                                                                                                                                                                                                                                                                                                                 
Americas                  Accounting                                                                                                                                                                                                                                                                                                                                                                                                                                                                                
Americas                  Contracting                                                                                                                                                                                                                                                                                                                                                                                                                                                                               

8 rows selected.

SQL> REM IJ USING : R TO L
SQL> 
SQL> SELECT REGION_NAME , DEPARTMENT_NAME
  2  FROM REGIONS
  3  JOIN COUNTRIES USING (REGION_ID)
  4  JOIN LOCATIONS USING (COUNTRY_ID)
  5  JOIN DEPARTMENTS USING (LOCATION_ID);

REGION_NAME               DEPARTMENT_NAME                                                                                                                                                                                                                                                                                                                                                                                                                                                                           
------------------------- ------------------------------                                                                                                                                                                                                                                                                                                                                                                                                                                                            
Americas                  Administration                                                                                                                                                                                                                                                                                                                                                                                                                                                                            
Americas                  Marketing                                                                                                                                                                                                                                                                                                                                                                                                                                                                                 
Americas                  Shiping                                                                                                                                                                                                                                                                                                                                                                                                                                                                                   
Americas                  IT                                                                                                                                                                                                                                                                                                                                                                                                                                                                                        
Europe                    Sales                                                                                                                                                                                                                                                                                                                                                                                                                                                                                     
Americas                  Executive                                                                                                                                                                                                                                                                                                                                                                                                                                                                                 
Americas                  Accounting                                                                                                                                                                                                                                                                                                                                                                                                                                                                                
Americas                  Contracting                                                                                                                                                                                                                                                                                                                                                                                                                                                                               

8 rows selected.

SQL> REM IJ ON : L TO R
SQL> 
SQL> SELECT REGION_NAME , DEPARTMENT_NAME
  2  FROM DEPARTMENTS D
  3  JOIN LOCATIONS   L ON D.LOCATION_ID = L.LOCATION_ID
  4  JOIN COUNTRIES   C ON L.COUNTRY_ID  = C.COUNTRY_ID
  5  JOIN REGIONS     R ON C.REGION_ID   = R.REGION_ID;

REGION_NAME               DEPARTMENT_NAME                                                                                                                                                                                                                                                                                                                                                                                                                                                                           
------------------------- ------------------------------                                                                                                                                                                                                                                                                                                                                                                                                                                                            
Americas                  Administration                                                                                                                                                                                                                                                                                                                                                                                                                                                                            
Americas                  Marketing                                                                                                                                                                                                                                                                                                                                                                                                                                                                                 
Americas                  Shiping                                                                                                                                                                                                                                                                                                                                                                                                                                                                                   
Americas                  IT                                                                                                                                                                                                                                                                                                                                                                                                                                                                                        
Europe                    Sales                                                                                                                                                                                                                                                                                                                                                                                                                                                                                     
Americas                  Executive                                                                                                                                                                                                                                                                                                                                                                                                                                                                                 
Americas                  Accounting                                                                                                                                                                                                                                                                                                                                                                                                                                                                                
Americas                  Contracting                                                                                                                                                                                                                                                                                                                                                                                                                                                                               

8 rows selected.

SQL> REM IJ ON : R TO L
SQL> 
SQL> SELECT REGION_NAME , DEPARTMENT_NAME
  2  FROM REGIONS R
  3  JOIN COUNTRIES C ON C.REGION_ID = R.REGION_ID
  4  JOIN LOCATIONS L ON L.COUNTRY_ID = C.COUNTRY_ID
  5  JOIN DEPARTMENTS D ON D.LOCATION_ID = L.LOCATION_ID;

REGION_NAME               DEPARTMENT_NAME                                                                                                                                                                                                                                                                                                                                                                                                                                                                           
------------------------- ------------------------------                                                                                                                                                                                                                                                                                                                                                                                                                                                            
Americas                  Administration                                                                                                                                                                                                                                                                                                                                                                                                                                                                            
Americas                  Marketing                                                                                                                                                                                                                                                                                                                                                                                                                                                                                 
Americas                  Shiping                                                                                                                                                                                                                                                                                                                                                                                                                                                                                   
Americas                  IT                                                                                                                                                                                                                                                                                                                                                                                                                                                                                        
Europe                    Sales                                                                                                                                                                                                                                                                                                                                                                                                                                                                                     
Americas                  Executive                                                                                                                                                                                                                                                                                                                                                                                                                                                                                 
Americas                  Accounting                                                                                                                                                                                                                                                                                                                                                                                                                                                                                
Americas                  Contracting                                                                                                                                                                                                                                                                                                                                                                                                                                                                               

8 rows selected.

SQL> SPOOL OFF
