SQL> 
SQL> REM JOINS :
SQL> 
SQL> REM JOINS : TO JOIN A ROW OF A TABLE WITH A ROW OF SAME OR OTHER TABLE.
SQL> 
SQL> SET LINES 200 PAGES 24
SQL> 
SQL> SELECT * FROM DEPARTMENTS;

DEPARTMENT_ID DEPARTMENT_NAME                MANAGER_ID LOCATION_ID                                                                                                                                     
------------- ------------------------------ ---------- -----------                                                                                                                                     
           10 Administration                        200        1700                                                                                                                                     
           20 Marketing                             201        1800                                                                                                                                     
           50 Shiping                               124        1500                                                                                                                                     
           60 IT                                    103        1400                                                                                                                                     
           80 Sales                                 149        2500                                                                                                                                     
           90 Executive                             100        1700                                                                                                                                     
          110 Accounting                            205        1700                                                                                                                                     
          190 Contracting                                      1700                                                                                                                                     

8 rows selected.

SQL> SELECT * FROM LOCATIONS;

LOCATION_ID STREET_ADRESS                            POSTAL_CODE  CITY                           STATE_PROVINCE            CO                                                                           
----------- ---------------------------------------- ------------ ------------------------------ ------------------------- --                                                                           
       1400 2014 Jabberwocky Rd                      26192        Southlake                      Texas                     US                                                                           
       1500 2011 Interiors Blvd                      99236        South San Francisco            California                US                                                                           
       1700 2004 Charade Rd                          98199        Seattle                        Washington                US                                                                           
       1800 460 Bloor St. W.                         ON M5S 1X8   Toronto                        Ontario                   CA                                                                           
       2500 Magdalen Centre, The Oxford Science Park OX9 9ZB      Oxford                         Oxford                    UK                                                                           

SQL> REM  DEPARTMENT_NAME         CITY
SQL> 
SQL> REM  Sales                   Oxford
SQL> 
SQL> 
SQL> REM 80 Sales                                 149        2500 2500 Magdalen Centre, The Oxford Science Park OX9 9ZB      Oxford                         Oxford                    UK
SQL> 
SQL> REM ORACLE SUPPORTS 4 TYPE OF JOINS :
SQL> 
SQL> REM ORACLE SUPPORTS 4 TYPE OF JOINS : 1 NATURAL (SMARTEST) 2 CROSS 3 INNER (DEFAULT) 4 OUTER
SQL> 
SQL> REM NATURAL JOIN (SMARTEST)
SQL> 
SQL> REM PRE-REQUISITES FOR USING NATURAL JOIN :
SQL> 
SQL> REM 1 BOTH TABLES MUST HAVE ATLEAST SINGLE COMMON COLUMN (COLUMN WITH IDENTICAL SPELLING)
SQL> 
SQL> REM 2 COMMON COLUMNS SHOULD HAVE SIMILAR VALUES STORED
SQL> 
SQL> REM 3 THEIR MEANINGS MUST BE SAME
SQL> 
SQL> 
SQL> REM E D L C R
SQL> 
SQL> REM EMPLOYEES    DEPARTMENTS    LOCATIONS    COUNTRIES    REGIONS
SQL> 
SQL> REM      DEPARTMENT_ID  LOCATION_ID   COUNTRY_ID   REGION_ID    : PRE-REQUISITES ARE FULLFILLED
SQL> 
SQL> REM       MANAGER_ID  : MEANINGS ARE DIFFERENT
SQL> 
SQL> 
SQL> 
SQL> REM SELECT SYNTAX : SELECT ... FROM ... WHERE ... GROUP BY ... HAVING ... ORDER BY ... OFFSET ... FETCH ...
SQL> 
SQL> 
SQL> REM NATURAL JOIN SYNTAX :FROM TABLE1 NATURAL JOIN TABLE2
SQL> 
SQL> REM CROSS JOIN SYNTAX : FROM TABLE CROSS JOIN TABLE2
SQL> 
SQL> 
SQL> 
SQL> SELECT * FROM DEPARTMENTS;

DEPARTMENT_ID DEPARTMENT_NAME                MANAGER_ID LOCATION_ID                                                                                                                                     
------------- ------------------------------ ---------- -----------                                                                                                                                     
           10 Administration                        200        1700                                                                                                                                     
           20 Marketing                             201        1800                                                                                                                                     
           50 Shiping                               124        1500                                                                                                                                     
           60 IT                                    103        1400                                                                                                                                     
           80 Sales                                 149        2500                                                                                                                                     
           90 Executive                             100        1700                                                                                                                                     
          110 Accounting                            205        1700                                                                                                                                     
          190 Contracting                                      1700                                                                                                                                     

8 rows selected.

SQL> SELECT * FROM LOCATIONS;

LOCATION_ID STREET_ADRESS                            POSTAL_CODE  CITY                           STATE_PROVINCE            CO                                                                           
----------- ---------------------------------------- ------------ ------------------------------ ------------------------- --                                                                           
       1400 2014 Jabberwocky Rd                      26192        Southlake                      Texas                     US                                                                           
       1500 2011 Interiors Blvd                      99236        South San Francisco            California                US                                                                           
       1700 2004 Charade Rd                          98199        Seattle                        Washington                US                                                                           
       1800 460 Bloor St. W.                         ON M5S 1X8   Toronto                        Ontario                   CA                                                                           
       2500 Magdalen Centre, The Oxford Science Park OX9 9ZB      Oxford                         Oxford                    UK                                                                           

SQL> 
SQL> REM DEPARTMENT_NAME , CITY
SQL> 
SQL> REM DEPARTMENTS       LOCATIONS
SQL> 
SQL> 
SQL> SELECT DEPARTMENT_NAME , CITY
  2  
SQL> 
SQL> 
SQL> REM DEPARTMENT_NAME , CITY
SQL> 
SQL> REM DEPARTMENTS       LOCATIONS
SQL> 
SQL> REM E D L C R
SQL> 
SQL> REM   D L
SQL> 
SQL> SELECT DEPARTMENT_NAME , CITY
  2  FROM DEPARTMENTS
  3  NATURAL JOIN LOCATIONS;

DEPARTMENT_NAME                CITY                                                                                                                                                                     
------------------------------ ------------------------------                                                                                                                                           
Administration                 Seattle                                                                                                                                                                  
Marketing                      Toronto                                                                                                                                                                  
Shiping                        South San Francisco                                                                                                                                                      
IT                             Southlake                                                                                                                                                                
Sales                          Oxford                                                                                                                                                                   
Executive                      Seattle                                                                                                                                                                  
Accounting                     Seattle                                                                                                                                                                  
Contracting                    Seattle                                                                                                                                                                  

8 rows selected.

SQL> SELECT * FROM DEPARTMENTS;

DEPARTMENT_ID DEPARTMENT_NAME                MANAGER_ID LOCATION_ID                                                                                                                                     
------------- ------------------------------ ---------- -----------                                                                                                                                     
           10 Administration                        200        1700                                                                                                                                     
           20 Marketing                             201        1800                                                                                                                                     
           50 Shiping                               124        1500                                                                                                                                     
           60 IT                                    103        1400                                                                                                                                     
           80 Sales                                 149        2500                                                                                                                                     
           90 Executive                             100        1700                                                                                                                                     
          110 Accounting                            205        1700                                                                                                                                     
          190 Contracting                                      1700                                                                                                                                     

8 rows selected.

SQL> SELECT * FROM LOCATIONS;

LOCATION_ID STREET_ADRESS                            POSTAL_CODE  CITY                           STATE_PROVINCE            CO                                                                           
----------- ---------------------------------------- ------------ ------------------------------ ------------------------- --                                                                           
       1400 2014 Jabberwocky Rd                      26192        Southlake                      Texas                     US                                                                           
       1500 2011 Interiors Blvd                      99236        South San Francisco            California                US                                                                           
       1700 2004 Charade Rd                          98199        Seattle                        Washington                US                                                                           
       1800 460 Bloor St. W.                         ON M5S 1X8   Toronto                        Ontario                   CA                                                                           
       2500 Magdalen Centre, The Oxford Science Park OX9 9ZB      Oxford                         Oxford                    UK                                                                           

SQL> SELECT * FROM COUNTRIES;

CO COUNTRY_NAME                              REGION_ID                                                                                                                                                  
-- ---------------------------------------- ----------                                                                                                                                                  
CA Canada                                            2                                                                                                                                                  
DE Germany                                           1                                                                                                                                                  
UK United Kingdom                                    1                                                                                                                                                  
US United States of America                          2                                                                                                                                                  

SQL> SELECT * FROM REGIONS;

 REGION_ID REGION_NAME                                                                                                                                                                                  
---------- -------------------------                                                                                                                                                                    
         1 Europe                                                                                                                                                                                       
         2 Americas                                                                                                                                                                                     
         3 Asia                                                                                                                                                                                         
         4 Middle East and Africa                                                                                                                                                                       

SQL> REM 1 DEPARTMENT_NAME STATE_PROVINCE   2 CITY , COUNTRY_NAME   3 REGION_NAME , COUNTRY_NAME
SQL> 
SQL> REM 1 DEPARTMENT_NAME STATE_PROVINCE
SQL> 
SQL> SELECT DEPARTMENT_NAME , STATE_PROVINCE
  2  FROM DEPARTMENTS
  3  NATURAL JOIN LOCATIONS;

DEPARTMENT_NAME                STATE_PROVINCE                                                                                                                                                           
------------------------------ -------------------------                                                                                                                                                
Administration                 Washington                                                                                                                                                               
Marketing                      Ontario                                                                                                                                                                  
Shiping                        California                                                                                                                                                               
IT                             Texas                                                                                                                                                                    
Sales                          Oxford                                                                                                                                                                   
Executive                      Washington                                                                                                                                                               
Accounting                     Washington                                                                                                                                                               
Contracting                    Washington                                                                                                                                                               

8 rows selected.

SQL> REM 2 CITY , COUNTRY_NAME
SQL> 
SQL> SELECT CITY , COUNTRY_NAME
  2  FROM LOCATIONS
  3  NATURAL JOIN COUNTRIES;

CITY                           COUNTRY_NAME                                                                                                                                                             
------------------------------ ----------------------------------------                                                                                                                                 
Southlake                      United States of America                                                                                                                                                 
South San Francisco            United States of America                                                                                                                                                 
Seattle                        United States of America                                                                                                                                                 
Toronto                        Canada                                                                                                                                                                   
Oxford                         United Kingdom                                                                                                                                                           

SQL> REM  3 REGION_NAME , COUNTRY_NAME
SQL> 
SQL> SELECT REGION_NAME , COUNTRY_NAME
  2  FROM REGIONS
  3  NATURAL JOIN COUNTRIES;

REGION_NAME               COUNTRY_NAME                                                                                                                                                                  
------------------------- ----------------------------------------                                                                                                                                      
Americas                  Canada                                                                                                                                                                        
Europe                    Germany                                                                                                                                                                       
Europe                    United Kingdom                                                                                                                                                                
Americas                  United States of America                                                                                                                                                      

SQL> SELECT * FROM DEPARTMENTS;

DEPARTMENT_ID DEPARTMENT_NAME                MANAGER_ID LOCATION_ID                                                                                                                                     
------------- ------------------------------ ---------- -----------                                                                                                                                     
           10 Administration                        200        1700                                                                                                                                     
           20 Marketing                             201        1800                                                                                                                                     
           50 Shiping                               124        1500                                                                                                                                     
           60 IT                                    103        1400                                                                                                                                     
           80 Sales                                 149        2500                                                                                                                                     
           90 Executive                             100        1700                                                                                                                                     
          110 Accounting                            205        1700                                                                                                                                     
          190 Contracting                                      1700                                                                                                                                     

8 rows selected.

SQL> SELECT * FROM LOCATIONS;

LOCATION_ID STREET_ADRESS                            POSTAL_CODE  CITY                           STATE_PROVINCE            CO                                                                           
----------- ---------------------------------------- ------------ ------------------------------ ------------------------- --                                                                           
       1400 2014 Jabberwocky Rd                      26192        Southlake                      Texas                     US                                                                           
       1500 2011 Interiors Blvd                      99236        South San Francisco            California                US                                                                           
       1700 2004 Charade Rd                          98199        Seattle                        Washington                US                                                                           
       1800 460 Bloor St. W.                         ON M5S 1X8   Toronto                        Ontario                   CA                                                                           
       2500 Magdalen Centre, The Oxford Science Park OX9 9ZB      Oxford                         Oxford                    UK                                                                           

SQL> SELECT * FROM COUNTRIES;

CO COUNTRY_NAME                              REGION_ID                                                                                                                                                  
-- ---------------------------------------- ----------                                                                                                                                                  
CA Canada                                            2                                                                                                                                                  
DE Germany                                           1                                                                                                                                                  
UK United Kingdom                                    1                                                                                                                                                  
US United States of America                          2                                                                                                                                                  

SQL> REM DEPARTMENT_NAME , CITY , COUNTRY_NAME
SQL> 
SQL> REM DEPARTMENTS      LOCATIONS       COUNTRIES
SQL> 
SQL> REM E D L C R
SQL> 
SQL> REM   D L C
SQL> 
SQL> 
SQL> SELECT DEPARTMENT_NAME , CITY , COUNTRY_NAME
  2  FROM DEPARTMENTS
  3  NATURAL JOIN LOCATIONS
  4  NATURAL JOIN COUNTRIES;

DEPARTMENT_NAME                CITY                           COUNTRY_NAME                                                                                                                              
------------------------------ ------------------------------ ----------------------------------------                                                                                                  
Administration                 Seattle                        United States of America                                                                                                                  
Marketing                      Toronto                        Canada                                                                                                                                    
Shiping                        South San Francisco            United States of America                                                                                                                  
IT                             Southlake                      United States of America                                                                                                                  
Sales                          Oxford                         United Kingdom                                                                                                                            
Executive                      Seattle                        United States of America                                                                                                                  
Accounting                     Seattle                        United States of America                                                                                                                  
Contracting                    Seattle                        United States of America                                                                                                                  

8 rows selected.

SQL> SELECT DEPARTMENT_NAME , CITY , COUNTRY_NAME
  2  FROM COUNTRIES
  3  NATURAL JOIN LOCATIONS
  4  NATURAL JOIN DEPARTMENTS;

DEPARTMENT_NAME                CITY                           COUNTRY_NAME                                                                                                                              
------------------------------ ------------------------------ ----------------------------------------                                                                                                  
Administration                 Seattle                        United States of America                                                                                                                  
Marketing                      Toronto                        Canada                                                                                                                                    
Shiping                        South San Francisco            United States of America                                                                                                                  
IT                             Southlake                      United States of America                                                                                                                  
Sales                          Oxford                         United Kingdom                                                                                                                            
Executive                      Seattle                        United States of America                                                                                                                  
Accounting                     Seattle                        United States of America                                                                                                                  
Contracting                    Seattle                        United States of America                                                                                                                  

8 rows selected.

SQL> SELECT DEPARTMENT_NAME , CITY , COUNTRY_NAME
  2  FROM LOCATIONS
  3  NATURAL JOIN DEPARTMENTS
  4  NATURAL JOIN COUNTRIES;

DEPARTMENT_NAME                CITY                           COUNTRY_NAME                                                                                                                              
------------------------------ ------------------------------ ----------------------------------------                                                                                                  
Administration                 Seattle                        United States of America                                                                                                                  
Marketing                      Toronto                        Canada                                                                                                                                    
Shiping                        South San Francisco            United States of America                                                                                                                  
IT                             Southlake                      United States of America                                                                                                                  
Sales                          Oxford                         United Kingdom                                                                                                                            
Executive                      Seattle                        United States of America                                                                                                                  
Accounting                     Seattle                        United States of America                                                                                                                  
Contracting                    Seattle                        United States of America                                                                                                                  

8 rows selected.

SQL> SELECT DEPARTMENT_NAME , CITY , COUNTRY_NAME
  2  FROM LOCATIONS
  3  NATURAL JOIN COUNTRIES
  4  NATURAL JOIN DEPARTMENTS;

DEPARTMENT_NAME                CITY                           COUNTRY_NAME                                                                                                                              
------------------------------ ------------------------------ ----------------------------------------                                                                                                  
Administration                 Seattle                        United States of America                                                                                                                  
Marketing                      Toronto                        Canada                                                                                                                                    
Shiping                        South San Francisco            United States of America                                                                                                                  
IT                             Southlake                      United States of America                                                                                                                  
Sales                          Oxford                         United Kingdom                                                                                                                            
Executive                      Seattle                        United States of America                                                                                                                  
Accounting                     Seattle                        United States of America                                                                                                                  
Contracting                    Seattle                        United States of America                                                                                                                  

8 rows selected.

SQL> SELECT * FROM DEPARTMENTS;

DEPARTMENT_ID DEPARTMENT_NAME                MANAGER_ID LOCATION_ID                                                                                                                                     
------------- ------------------------------ ---------- -----------                                                                                                                                     
           10 Administration                        200        1700                                                                                                                                     
           20 Marketing                             201        1800                                                                                                                                     
           50 Shiping                               124        1500                                                                                                                                     
           60 IT                                    103        1400                                                                                                                                     
           80 Sales                                 149        2500                                                                                                                                     
           90 Executive                             100        1700                                                                                                                                     
          110 Accounting                            205        1700                                                                                                                                     
          190 Contracting                                      1700                                                                                                                                     

8 rows selected.

SQL> SELECT * FROM LOCATIONS;

LOCATION_ID STREET_ADRESS                            POSTAL_CODE  CITY                           STATE_PROVINCE            CO                                                                           
----------- ---------------------------------------- ------------ ------------------------------ ------------------------- --                                                                           
       1400 2014 Jabberwocky Rd                      26192        Southlake                      Texas                     US                                                                           
       1500 2011 Interiors Blvd                      99236        South San Francisco            California                US                                                                           
       1700 2004 Charade Rd                          98199        Seattle                        Washington                US                                                                           
       1800 460 Bloor St. W.                         ON M5S 1X8   Toronto                        Ontario                   CA                                                                           
       2500 Magdalen Centre, The Oxford Science Park OX9 9ZB      Oxford                         Oxford                    UK                                                                           

SQL> SELECT * FROM COUNTRIES;

CO COUNTRY_NAME                              REGION_ID                                                                                                                                                  
-- ---------------------------------------- ----------                                                                                                                                                  
CA Canada                                            2                                                                                                                                                  
DE Germany                                           1                                                                                                                                                  
UK United Kingdom                                    1                                                                                                                                                  
US United States of America                          2                                                                                                                                                  

SQL> SELECT * FROM REGIONS;

 REGION_ID REGION_NAME                                                                                                                                                                                  
---------- -------------------------                                                                                                                                                                    
         1 Europe                                                                                                                                                                                       
         2 Americas                                                                                                                                                                                     
         3 Asia                                                                                                                                                                                         
         4 Middle East and Africa                                                                                                                                                                       

SQL> REM 1 REGION_NAME , COUNTRY_NAME , CTIY        2 STATE_PROVINCE , COUNTRY_NAME , DEPARTMENT_NAME
SQL> 
SQL> 
SQL> 
SQL> REM 1 REGION_NAME , COUNTRY_NAME , CTIY
SQL> 
SQL> SELECT  REGION_NAME , COUNTRY_NAME , CTIY
  2  FROM LOCATIONS
  3  NATURAL JOIN REGIONS
  4  NATURAL JOIN COUNTRIES;
SELECT  REGION_NAME , COUNTRY_NAME , CTIY
                                     *
ERROR at line 1:
ORA-00904: "CTIY": invalid identifier 


SQL> SELECT  REGION_NAME , COUNTRY_NAME , CITY
  2  FROM LOCATIONS
  3  NATURAL JOIN REGIONS
  4  NATURAL JOIN COUNTRIES;

REGION_NAME               COUNTRY_NAME                             CITY                                                                                                                                 
------------------------- ---------------------------------------- ------------------------------                                                                                                       
Americas                  United States of America                 Southlake                                                                                                                            
Americas                  United States of America                 South San Francisco                                                                                                                  
Americas                  United States of America                 Seattle                                                                                                                              
Americas                  Canada                                   Toronto                                                                                                                              
Europe                    United Kingdom                           Oxford                                                                                                                               

SQL> SELECT  REGION_NAME , COUNTRY_NAME , CITY
  2  FROM COUNTRIES
  3  NATURAL JOIN LOCATIONS
  4  NATURAL JOIN REGIONS;

REGION_NAME               COUNTRY_NAME                             CITY                                                                                                                                 
------------------------- ---------------------------------------- ------------------------------                                                                                                       
Americas                  United States of America                 Southlake                                                                                                                            
Americas                  United States of America                 South San Francisco                                                                                                                  
Americas                  United States of America                 Seattle                                                                                                                              
Americas                  Canada                                   Toronto                                                                                                                              
Europe                    United Kingdom                           Oxford                                                                                                                               

SQL> SELECT  REGION_NAME , COUNTRY_NAME , CITY
  2  FROM REGIONS
  3  NATURAL JOIN LOCATIONS
  4  NATURAL JOIN COUNTRIES;

REGION_NAME               COUNTRY_NAME                             CITY                                                                                                                                 
------------------------- ---------------------------------------- ------------------------------                                                                                                       
Americas                  United States of America                 Southlake                                                                                                                            
Americas                  United States of America                 South San Francisco                                                                                                                  
Americas                  United States of America                 Seattle                                                                                                                              
Americas                  Canada                                   Toronto                                                                                                                              
Europe                    United Kingdom                           Oxford                                                                                                                               

SQL> SELECT  COUNTRY_NAME , CITY, REGION_NAME
  2  FROM REGIONS
  3  NATURLA JOIN LOCATIONS
  4  NATURAL JOIN COUNTRIES;
NATURAL JOIN COUNTRIES
                     *
ERROR at line 4:
ORA-00905: missing keyword 


SQL> SELECT  COUNTRY_NAME , CITY, REGION_NAME
  2  FROM REGIONS
  3  NATURAL JOIN LOCATIONS
  4  NATURAL JOIN COUNTRIES;

COUNTRY_NAME                             CITY                           REGION_NAME                                                                                                                     
---------------------------------------- ------------------------------ -------------------------                                                                                                       
United States of America                 Southlake                      Americas                                                                                                                        
United States of America                 South San Francisco            Americas                                                                                                                        
United States of America                 Seattle                        Americas                                                                                                                        
Canada                                   Toronto                        Americas                                                                                                                        
United Kingdom                           Oxford                         Europe                                                                                                                          

SQL> SELECT * FROM DEPARTMENTS;

DEPARTMENT_ID DEPARTMENT_NAME                MANAGER_ID LOCATION_ID                                                                                                                                     
------------- ------------------------------ ---------- -----------                                                                                                                                     
           10 Administration                        200        1700                                                                                                                                     
           20 Marketing                             201        1800                                                                                                                                     
           50 Shiping                               124        1500                                                                                                                                     
           60 IT                                    103        1400                                                                                                                                     
           80 Sales                                 149        2500                                                                                                                                     
           90 Executive                             100        1700                                                                                                                                     
          110 Accounting                            205        1700                                                                                                                                     
          190 Contracting                                      1700                                                                                                                                     

8 rows selected.

SQL> SELECT * FROM LOCATIONS;

LOCATION_ID STREET_ADRESS                            POSTAL_CODE  CITY                           STATE_PROVINCE            CO                                                                           
----------- ---------------------------------------- ------------ ------------------------------ ------------------------- --                                                                           
       1400 2014 Jabberwocky Rd                      26192        Southlake                      Texas                     US                                                                           
       1500 2011 Interiors Blvd                      99236        South San Francisco            California                US                                                                           
       1700 2004 Charade Rd                          98199        Seattle                        Washington                US                                                                           
       1800 460 Bloor St. W.                         ON M5S 1X8   Toronto                        Ontario                   CA                                                                           
       2500 Magdalen Centre, The Oxford Science Park OX9 9ZB      Oxford                         Oxford                    UK                                                                           

SQL> SELECT * FROM COUNTRIES;

CO COUNTRY_NAME                              REGION_ID                                                                                                                                                  
-- ---------------------------------------- ----------                                                                                                                                                  
CA Canada                                            2                                                                                                                                                  
DE Germany                                           1                                                                                                                                                  
UK United Kingdom                                    1                                                                                                                                                  
US United States of America                          2                                                                                                                                                  

SQL> SELECT * FROM REGIONS;

 REGION_ID REGION_NAME                                                                                                                                                                                  
---------- -------------------------                                                                                                                                                                    
         1 Europe                                                                                                                                                                                       
         2 Americas                                                                                                                                                                                     
         3 Asia                                                                                                                                                                                         
         4 Middle East and Africa                                                                                                                                                                       

SQL> REM 1 CITY REGION_NAME , COUNTRY_NAME , DEPARTMENTS
SQL> 
SQL> REM COLUMN SHUFFLE , TABLE NAME SHUFFLE
SQL> 
SQL> REM 4 STYLES
SQL> 
SQL> 
SQL>  CITY REGION_NAME , COUNTRY_NAME , DEPARTMENTS
SP2-0734: unknown command beginning "CITY REGIO..." - rest of line ignored.
SQL> 
SQL> SELECT CITY REGION_NAME , COUNTRY_NAME , DEPARTMENTS
  2  FROM LOCATIONS
  3  NATURAL JOIN REGIONS
  4  NATURAL JOIN COUNTRIES
  5  NATURAL JOIN DEPARTMENTS
  6  
SQL> 
SQL> SELECT CITY REGION_NAME , COUNTRY_NAME , DEPARTMENT_NAME
  2  NATURAL JOIN REGIONS
  3  NATURAL JOIN COUNTRIES
  4  NATURAL JOIN DEPARTMENTS
  5  
SQL> 
SQL> SELECT CITY REGION_NAME , COUNTRY_NAME , DEPARTMENT_NAME
  2  FROM LOCATIONS
  3  NATURAL JOIN REGIONS
  4  NATURAL JOIN COUNTRIES
  5  NATURAL JOIN DEPARTMENTS;

REGION_NAME                    COUNTRY_NAME                             DEPARTMENT_NAME                                                                                                                 
------------------------------ ---------------------------------------- ------------------------------                                                                                                  
Seattle                        United States of America                 Administration                                                                                                                  
Toronto                        Canada                                   Marketing                                                                                                                       
South San Francisco            United States of America                 Shiping                                                                                                                         
Southlake                      United States of America                 IT                                                                                                                              
Oxford                         United Kingdom                           Sales                                                                                                                           
Seattle                        United States of America                 Executive                                                                                                                       
Seattle                        United States of America                 Accounting                                                                                                                      
Seattle                        United States of America                 Contracting                                                                                                                     

8 rows selected.

SQL> SELECT CITY REGION_NAME , COUNTRY_NAME , DEPARTMENT_NAME
  2  FROM COUNTRIES
  3  NATURAL JOIN DEPARTMENTS
  4  NATURAL JOIN REGIONS
  5  NATURAL JOIN LOCATIONS;

REGION_NAME                    COUNTRY_NAME                             DEPARTMENT_NAME                                                                                                                 
------------------------------ ---------------------------------------- ------------------------------                                                                                                  
Seattle                        United States of America                 Administration                                                                                                                  
Toronto                        Canada                                   Marketing                                                                                                                       
South San Francisco            United States of America                 Shiping                                                                                                                         
Southlake                      United States of America                 IT                                                                                                                              
Oxford                         United Kingdom                           Sales                                                                                                                           
Seattle                        United States of America                 Executive                                                                                                                       
Seattle                        United States of America                 Accounting                                                                                                                      
Seattle                        United States of America                 Contracting                                                                                                                     

8 rows selected.

SQL> SELECT COUNTRY_NAME , REGION_NAME , DEPARTMENT_NAME , CITY
  2  FROM LOCATIONS
  3  NATURAL JOIN REGIONS
  4  NATURAL JOIN DEPARTMENTS
  5  NATURLA JOIN COUNTRIES;
NATURLA JOIN COUNTRIES
                     *
ERROR at line 5:
ORA-00905: missing keyword 


SQL> SELECT COUNTRY_NAME , REGION_NAME , DEPARTMENT_NAME , CITY
  2  FROM LOCATIONS
  3  NATURAL JOIN REGIONS
  4  NATURAL JOIN DEPARTMENTS
  5  NATURAL JOIN COUNTRIES;

COUNTRY_NAME                             REGION_NAME               DEPARTMENT_NAME                CITY                                                                                                  
---------------------------------------- ------------------------- ------------------------------ ------------------------------                                                                        
United States of America                 Americas                  Administration                 Seattle                                                                                               
Canada                                   Americas                  Marketing                      Toronto                                                                                               
United States of America                 Americas                  Shiping                        South San Francisco                                                                                   
United States of America                 Americas                  IT                             Southlake                                                                                             
United Kingdom                           Europe                    Sales                          Oxford                                                                                                
United States of America                 Americas                  Executive                      Seattle                                                                                               
United States of America                 Americas                  Accounting                     Seattle                                                                                               
United States of America                 Americas                  Contracting                    Seattle                                                                                               

8 rows selected.

SQL> SELECT COUNTRY_NAME , REGION_NAME , DEPARTMENT_NAME , CITY
  2  FROM LOCATIONS
  3  NATURAL JOIN REGIONS
  4  NATURAL COUNTRIES
  5  NATURAL JON DEPARTMENTS
  6  
SQL> 
SQL> SELECT COUNTRY_NAME , REGION_NAME , DEPARTMENT_NAME , CITY
  2  FROM LOCATIONS
  3  NATURAL JOIN REGIONS
  4  NATURAL JOIN COUNTRIES
  5  NATURAL JON DEPARTMENTS;
NATURAL JON DEPARTMENTS
        *
ERROR at line 5:
ORA-00933: SQL command not properly ended 


SQL> SELECT COUNTRY_NAME , REGION_NAME , DEPARTMENT_NAME , CITY
  2  FROM LOCATIONS
  3  NATURAL JOIN REGIONS
  4  NATURAL JOIN COUNTRIES
  5  NATURAL JOIN DEPARTMENTS;

COUNTRY_NAME                             REGION_NAME               DEPARTMENT_NAME                CITY                                                                                                  
---------------------------------------- ------------------------- ------------------------------ ------------------------------                                                                        
United States of America                 Americas                  Administration                 Seattle                                                                                               
Canada                                   Americas                  Marketing                      Toronto                                                                                               
United States of America                 Americas                  Shiping                        South San Francisco                                                                                   
United States of America                 Americas                  IT                             Southlake                                                                                             
United Kingdom                           Europe                    Sales                          Oxford                                                                                                
United States of America                 Americas                  Executive                      Seattle                                                                                               
United States of America                 Americas                  Accounting                     Seattle                                                                                               
United States of America                 Americas                  Contracting                    Seattle                                                                                               

8 rows selected.

SQL> SELECT CITY , REGION_NAME , COUNTRY_NAME , DEPARTMENT_NAME
  2  FROM LOCATIONS
  3  NATURAL JOIN REGIONS
  4  NATURAL JOIN COUNTRIES
  5  NATURAL JOIN DEPARTMENTS;

CITY                           REGION_NAME               COUNTRY_NAME                             DEPARTMENT_NAME                                                                                       
------------------------------ ------------------------- ---------------------------------------- ------------------------------                                                                        
Seattle                        Americas                  United States of America                 Administration                                                                                        
Toronto                        Americas                  Canada                                   Marketing                                                                                             
South San Francisco            Americas                  United States of America                 Shiping                                                                                               
Southlake                      Americas                  United States of America                 IT                                                                                                    
Oxford                         Europe                    United Kingdom                           Sales                                                                                                 
Seattle                        Americas                  United States of America                 Executive                                                                                             
Seattle                        Americas                  United States of America                 Accounting                                                                                            
Seattle                        Americas                  United States of America                 Contracting                                                                                           

8 rows selected.

SQL> SELECT CITY , REGION_NAME , COUNTRY_NAME , DEPARTMENT_NAME
  2  FROM COUNTRIES
  3  NATURAL JOIN DEPARTMENTS
  4  NATURAL JOIN REGIONS
  5  NATURAL JOIN LOCATIONS;

CITY                           REGION_NAME               COUNTRY_NAME                             DEPARTMENT_NAME                                                                                       
------------------------------ ------------------------- ---------------------------------------- ------------------------------                                                                        
Seattle                        Americas                  United States of America                 Administration                                                                                        
Toronto                        Americas                  Canada                                   Marketing                                                                                             
South San Francisco            Americas                  United States of America                 Shiping                                                                                               
Southlake                      Americas                  United States of America                 IT                                                                                                    
Oxford                         Europe                    United Kingdom                           Sales                                                                                                 
Seattle                        Americas                  United States of America                 Executive                                                                                             
Seattle                        Americas                  United States of America                 Accounting                                                                                            
Seattle                        Americas                  United States of America                 Contracting                                                                                           

8 rows selected.

SQL> SELECT * FROM DEPARTMENTS;

DEPARTMENT_ID DEPARTMENT_NAME                MANAGER_ID LOCATION_ID                                                                                                                                     
------------- ------------------------------ ---------- -----------                                                                                                                                     
           10 Administration                        200        1700                                                                                                                                     
           20 Marketing                             201        1800                                                                                                                                     
           50 Shiping                               124        1500                                                                                                                                     
           60 IT                                    103        1400                                                                                                                                     
           80 Sales                                 149        2500                                                                                                                                     
           90 Executive                             100        1700                                                                                                                                     
          110 Accounting                            205        1700                                                                                                                                     
          190 Contracting                                      1700                                                                                                                                     

8 rows selected.

SQL> SELECT * FROM LOCATIONS;

LOCATION_ID STREET_ADRESS                            POSTAL_CODE  CITY                           STATE_PROVINCE            CO                                                                           
----------- ---------------------------------------- ------------ ------------------------------ ------------------------- --                                                                           
       1400 2014 Jabberwocky Rd                      26192        Southlake                      Texas                     US                                                                           
       1500 2011 Interiors Blvd                      99236        South San Francisco            California                US                                                                           
       1700 2004 Charade Rd                          98199        Seattle                        Washington                US                                                                           
       1800 460 Bloor St. W.                         ON M5S 1X8   Toronto                        Ontario                   CA                                                                           
       2500 Magdalen Centre, The Oxford Science Park OX9 9ZB      Oxford                         Oxford                    UK                                                                           

SQL> SELECT * FROM COUNTRIES;

CO COUNTRY_NAME                              REGION_ID                                                                                                                                                  
-- ---------------------------------------- ----------                                                                                                                                                  
CA Canada                                            2                                                                                                                                                  
DE Germany                                           1                                                                                                                                                  
UK United Kingdom                                    1                                                                                                                                                  
US United States of America                          2                                                                                                                                                  

SQL> REM DEPARTMENT_NAME , COUNTRY_NAME
SQL> 
SQL> REM DEPARTMENTS       COUNTRIES
SQL> 
SQL> REM E D L C R
SQL> 
SQL> REM   D   C
SQL> 
SQL> SELECT DEPARTMENT_NAME , COUNTRY_NAME
  2  FROM DEPARTMENTS
  3  NATURAL JOIN COUNTRIES;

DEPARTMENT_NAME                COUNTRY_NAME                                                                                                                                                             
------------------------------ ----------------------------------------                                                                                                                                 
Administration                 Canada                                                                                                                                                                   
Marketing                      Canada                                                                                                                                                                   
Shiping                        Canada                                                                                                                                                                   
IT                             Canada                                                                                                                                                                   
Sales                          Canada                                                                                                                                                                   
Executive                      Canada                                                                                                                                                                   
Accounting                     Canada                                                                                                                                                                   
Contracting                    Canada                                                                                                                                                                   
Administration                 Germany                                                                                                                                                                  
Marketing                      Germany                                                                                                                                                                  
Shiping                        Germany                                                                                                                                                                  
IT                             Germany                                                                                                                                                                  
Sales                          Germany                                                                                                                                                                  
Executive                      Germany                                                                                                                                                                  
Accounting                     Germany                                                                                                                                                                  
Contracting                    Germany                                                                                                                                                                  
Administration                 United Kingdom                                                                                                                                                           
Marketing                      United Kingdom                                                                                                                                                           
Shiping                        United Kingdom                                                                                                                                                           
IT                             United Kingdom                                                                                                                                                           
Sales                          United Kingdom                                                                                                                                                           

DEPARTMENT_NAME                COUNTRY_NAME                                                                                                                                                             
------------------------------ ----------------------------------------                                                                                                                                 
Executive                      United Kingdom                                                                                                                                                           
Accounting                     United Kingdom                                                                                                                                                           
Contracting                    United Kingdom                                                                                                                                                           
Administration                 United States of America                                                                                                                                                 
Marketing                      United States of America                                                                                                                                                 
Shiping                        United States of America                                                                                                                                                 
IT                             United States of America                                                                                                                                                 
Sales                          United States of America                                                                                                                                                 
Executive                      United States of America                                                                                                                                                 
Accounting                     United States of America                                                                                                                                                 
Contracting                    United States of America                                                                                                                                                 

32 rows selected.

SQL> SELECT COUNTRY_NAME , DEPARTMENT_NAME
  2  FROM DEPARTMENTS
  3  NATURAL JOIN COUNTRIES;

COUNTRY_NAME                             DEPARTMENT_NAME                                                                                                                                                
---------------------------------------- ------------------------------                                                                                                                                 
Canada                                   Administration                                                                                                                                                 
Canada                                   Marketing                                                                                                                                                      
Canada                                   Shiping                                                                                                                                                        
Canada                                   IT                                                                                                                                                             
Canada                                   Sales                                                                                                                                                          
Canada                                   Executive                                                                                                                                                      
Canada                                   Accounting                                                                                                                                                     
Canada                                   Contracting                                                                                                                                                    
Germany                                  Administration                                                                                                                                                 
Germany                                  Marketing                                                                                                                                                      
Germany                                  Shiping                                                                                                                                                        
Germany                                  IT                                                                                                                                                             
Germany                                  Sales                                                                                                                                                          
Germany                                  Executive                                                                                                                                                      
Germany                                  Accounting                                                                                                                                                     
Germany                                  Contracting                                                                                                                                                    
United Kingdom                           Administration                                                                                                                                                 
United Kingdom                           Marketing                                                                                                                                                      
United Kingdom                           Shiping                                                                                                                                                        
United Kingdom                           IT                                                                                                                                                             
United Kingdom                           Sales                                                                                                                                                          

COUNTRY_NAME                             DEPARTMENT_NAME                                                                                                                                                
---------------------------------------- ------------------------------                                                                                                                                 
United Kingdom                           Executive                                                                                                                                                      
United Kingdom                           Accounting                                                                                                                                                     
United Kingdom                           Contracting                                                                                                                                                    
United States of America                 Administration                                                                                                                                                 
United States of America                 Marketing                                                                                                                                                      
United States of America                 Shiping                                                                                                                                                        
United States of America                 IT                                                                                                                                                             
United States of America                 Sales                                                                                                                                                          
United States of America                 Executive                                                                                                                                                      
United States of America                 Accounting                                                                                                                                                     
United States of America                 Contracting                                                                                                                                                    

32 rows selected.

SQL> SELECT DEPARTMENT_NAME , COUNTRY_NAME
  2  FROM DEPARTMENTS
  3  NATURAL JOIN COUNTRIES
  4  NATURAL JOIN LOCATIONS;

DEPARTMENT_NAME                COUNTRY_NAME                                                                                                                                                             
------------------------------ ----------------------------------------                                                                                                                                 
Administration                 United States of America                                                                                                                                                 
Marketing                      Canada                                                                                                                                                                   
Shiping                        United States of America                                                                                                                                                 
IT                             United States of America                                                                                                                                                 
Sales                          United Kingdom                                                                                                                                                           
Executive                      United States of America                                                                                                                                                 
Accounting                     United States of America                                                                                                                                                 
Contracting                    United States of America                                                                                                                                                 

8 rows selected.

SQL> SELECT * FROM DEPARTMENTS;

DEPARTMENT_ID DEPARTMENT_NAME                MANAGER_ID LOCATION_ID                                                                                                                                     
------------- ------------------------------ ---------- -----------                                                                                                                                     
           10 Administration                        200        1700                                                                                                                                     
           20 Marketing                             201        1800                                                                                                                                     
           50 Shiping                               124        1500                                                                                                                                     
           60 IT                                    103        1400                                                                                                                                     
           80 Sales                                 149        2500                                                                                                                                     
           90 Executive                             100        1700                                                                                                                                     
          110 Accounting                            205        1700                                                                                                                                     
          190 Contracting                                      1700                                                                                                                                     

8 rows selected.

SQL> SELECT * FROM LOCATIONS;

LOCATION_ID STREET_ADRESS                            POSTAL_CODE  CITY                           STATE_PROVINCE            CO                                                                           
----------- ---------------------------------------- ------------ ------------------------------ ------------------------- --                                                                           
       1400 2014 Jabberwocky Rd                      26192        Southlake                      Texas                     US                                                                           
       1500 2011 Interiors Blvd                      99236        South San Francisco            California                US                                                                           
       1700 2004 Charade Rd                          98199        Seattle                        Washington                US                                                                           
       1800 460 Bloor St. W.                         ON M5S 1X8   Toronto                        Ontario                   CA                                                                           
       2500 Magdalen Centre, The Oxford Science Park OX9 9ZB      Oxford                         Oxford                    UK                                                                           

SQL> SELECT * FROM COUNTRIES;

CO COUNTRY_NAME                              REGION_ID                                                                                                                                                  
-- ---------------------------------------- ----------                                                                                                                                                  
CA Canada                                            2                                                                                                                                                  
DE Germany                                           1                                                                                                                                                  
UK United Kingdom                                    1                                                                                                                                                  
US United States of America                          2                                                                                                                                                  

SQL> REM ALL COMBINATIONS : CARTESINAL PRODUCT
SQL> 
SQL> REM CROSS JOIN : IT ALWAYS DEVELOP CARTESIAN PRODUCT
SQL> 
SQL> 
SQL> SELECT * FROM DEPARTMENTS;

DEPARTMENT_ID DEPARTMENT_NAME                MANAGER_ID LOCATION_ID                                                                                                                                     
------------- ------------------------------ ---------- -----------                                                                                                                                     
           10 Administration                        200        1700                                                                                                                                     
           20 Marketing                             201        1800                                                                                                                                     
           50 Shiping                               124        1500                                                                                                                                     
           60 IT                                    103        1400                                                                                                                                     
           80 Sales                                 149        2500                                                                                                                                     
           90 Executive                             100        1700                                                                                                                                     
          110 Accounting                            205        1700                                                                                                                                     
          190 Contracting                                      1700                                                                                                                                     

8 rows selected.

SQL> SELECT * FROM LOCATIONS;

LOCATION_ID STREET_ADRESS                            POSTAL_CODE  CITY                           STATE_PROVINCE            CO                                                                           
----------- ---------------------------------------- ------------ ------------------------------ ------------------------- --                                                                           
       1400 2014 Jabberwocky Rd                      26192        Southlake                      Texas                     US                                                                           
       1500 2011 Interiors Blvd                      99236        South San Francisco            California                US                                                                           
       1700 2004 Charade Rd                          98199        Seattle                        Washington                US                                                                           
       1800 460 Bloor St. W.                         ON M5S 1X8   Toronto                        Ontario                   CA                                                                           
       2500 Magdalen Centre, The Oxford Science Park OX9 9ZB      Oxford                         Oxford                    UK                                                                           

SQL> SELECT DEPARTMENT_NAME , CITY
  2  FROM DEPARTMENTS
  3  NATURAL JOIN LOCATIONS;

DEPARTMENT_NAME                CITY                                                                                                                                                                     
------------------------------ ------------------------------                                                                                                                                           
Administration                 Seattle                                                                                                                                                                  
Marketing                      Toronto                                                                                                                                                                  
Shiping                        South San Francisco                                                                                                                                                      
IT                             Southlake                                                                                                                                                                
Sales                          Oxford                                                                                                                                                                   
Executive                      Seattle                                                                                                                                                                  
Accounting                     Seattle                                                                                                                                                                  
Contracting                    Seattle                                                                                                                                                                  

8 rows selected.

SQL> SELECT DEPARTMENT_NAME , CITY
  2  FROM DEPARTMENTS
  3  CROSS JOIN LOCATIONS;

DEPARTMENT_NAME                CITY                                                                                                                                                                     
------------------------------ ------------------------------                                                                                                                                           
Administration                 Southlake                                                                                                                                                                
Marketing                      Southlake                                                                                                                                                                
Shiping                        Southlake                                                                                                                                                                
IT                             Southlake                                                                                                                                                                
Sales                          Southlake                                                                                                                                                                
Executive                      Southlake                                                                                                                                                                
Accounting                     Southlake                                                                                                                                                                
Contracting                    Southlake                                                                                                                                                                
Administration                 South San Francisco                                                                                                                                                      
Marketing                      South San Francisco                                                                                                                                                      
Shiping                        South San Francisco                                                                                                                                                      
IT                             South San Francisco                                                                                                                                                      
Sales                          South San Francisco                                                                                                                                                      
Executive                      South San Francisco                                                                                                                                                      
Accounting                     South San Francisco                                                                                                                                                      
Contracting                    South San Francisco                                                                                                                                                      
Administration                 Seattle                                                                                                                                                                  
Marketing                      Seattle                                                                                                                                                                  
Shiping                        Seattle                                                                                                                                                                  
IT                             Seattle                                                                                                                                                                  
Sales                          Seattle                                                                                                                                                                  

DEPARTMENT_NAME                CITY                                                                                                                                                                     
------------------------------ ------------------------------                                                                                                                                           
Executive                      Seattle                                                                                                                                                                  
Accounting                     Seattle                                                                                                                                                                  
Contracting                    Seattle                                                                                                                                                                  
Administration                 Toronto                                                                                                                                                                  
Marketing                      Toronto                                                                                                                                                                  
Shiping                        Toronto                                                                                                                                                                  
IT                             Toronto                                                                                                                                                                  
Sales                          Toronto                                                                                                                                                                  
Executive                      Toronto                                                                                                                                                                  
Accounting                     Toronto                                                                                                                                                                  
Contracting                    Toronto                                                                                                                                                                  
Administration                 Oxford                                                                                                                                                                   
Marketing                      Oxford                                                                                                                                                                   
Shiping                        Oxford                                                                                                                                                                   
IT                             Oxford                                                                                                                                                                   
Sales                          Oxford                                                                                                                                                                   
Executive                      Oxford                                                                                                                                                                   
Accounting                     Oxford                                                                                                                                                                   
Contracting                    Oxford                                                                                                                                                                   

40 rows selected.

SQL> REM WHEN THERE EXIST NO COMMON COLUMN BETWEEN TWO TABLES, NATURAL JOIN DEVELOPES CARTESIAN PRODUCT (RESULT DEVELOPED BY CROSS JOIN)
SQL> 
SQL> 
SQL> SELECT * FROM DEPARTMENTS;

DEPARTMENT_ID DEPARTMENT_NAME                MANAGER_ID LOCATION_ID                                                                                                                                     
------------- ------------------------------ ---------- -----------                                                                                                                                     
           10 Administration                        200        1700                                                                                                                                     
           20 Marketing                             201        1800                                                                                                                                     
           50 Shiping                               124        1500                                                                                                                                     
           60 IT                                    103        1400                                                                                                                                     
           80 Sales                                 149        2500                                                                                                                                     
           90 Executive                             100        1700                                                                                                                                     
          110 Accounting                            205        1700                                                                                                                                     
          190 Contracting                                      1700                                                                                                                                     

8 rows selected.

SQL> SELECT * FROM LOCATIONS;

LOCATION_ID STREET_ADRESS                            POSTAL_CODE  CITY                           STATE_PROVINCE            CO                                                                           
----------- ---------------------------------------- ------------ ------------------------------ ------------------------- --                                                                           
       1400 2014 Jabberwocky Rd                      26192        Southlake                      Texas                     US                                                                           
       1500 2011 Interiors Blvd                      99236        South San Francisco            California                US                                                                           
       1700 2004 Charade Rd                          98199        Seattle                        Washington                US                                                                           
       1800 460 Bloor St. W.                         ON M5S 1X8   Toronto                        Ontario                   CA                                                                           
       2500 Magdalen Centre, The Oxford Science Park OX9 9ZB      Oxford                         Oxford                    UK                                                                           

SQL> SELECT * FROM COUNTRIES;

CO COUNTRY_NAME                              REGION_ID                                                                                                                                                  
-- ---------------------------------------- ----------                                                                                                                                                  
CA Canada                                            2                                                                                                                                                  
DE Germany                                           1                                                                                                                                                  
UK United Kingdom                                    1                                                                                                                                                  
US United States of America                          2                                                                                                                                                  

SQL> SELECT * FROM REGIONS;

 REGION_ID REGION_NAME                                                                                                                                                                                  
---------- -------------------------                                                                                                                                                                    
         1 Europe                                                                                                                                                                                       
         2 Americas                                                                                                                                                                                     
         3 Asia                                                                                                                                                                                         
         4 Middle East and Africa                                                                                                                                                                       

SQL> REM 1 CITY , REGION_NAME     2 COUNNTRY_NAME , DEPARTMENT_NAME    3 REGION_NAME , DEPARTMENT_NAME
SQL> 
SQL> REM 1 CITY , REGION_NAME
SQL> 
SQL> SELECT CITY , REGION_NAME
  2  FROM LOCATIONS
  3  NATURAL JOIN COUNTRIES
  4  NATURAL JOIN REGIONS;

CITY                           REGION_NAME                                                                                                                                                              
------------------------------ -------------------------                                                                                                                                                
Southlake                      Americas                                                                                                                                                                 
South San Francisco            Americas                                                                                                                                                                 
Seattle                        Americas                                                                                                                                                                 
Toronto                        Americas                                                                                                                                                                 
Oxford                         Europe                                                                                                                                                                   

SQL> REM 2 COUNNTRY_NAME , DEPARTMENT_NAME
SQL> 
SQL> SELECT COUNTRY_NAME , DEPARTMENT_NAME
  2  FROM DEPARTMENTS
  3  NATURAL JOIN LOCATIONS
  4  NATURAL JOIN COUNTRIES;

COUNTRY_NAME                             DEPARTMENT_NAME                                                                                                                                                
---------------------------------------- ------------------------------                                                                                                                                 
United States of America                 Administration                                                                                                                                                 
Canada                                   Marketing                                                                                                                                                      
United States of America                 Shiping                                                                                                                                                        
United States of America                 IT                                                                                                                                                             
United Kingdom                           Sales                                                                                                                                                          
United States of America                 Executive                                                                                                                                                      
United States of America                 Accounting                                                                                                                                                     
United States of America                 Contracting                                                                                                                                                    

8 rows selected.

SQL> REM 3 REGION_NAME , DEPARTMENT_NAME
SQL> 
SQL> SELECT REGION_NAME , DEPARTMENT_NAME
  2  FROM REGIONS
  3  NATURAL JOIN LOCATIONS
  4  NATURAL JOIN COUNTRIES
  5  NATURAL JOIN DEPARTMENTS;

REGION_NAME               DEPARTMENT_NAME                                                                                                                                                               
------------------------- ------------------------------                                                                                                                                                
Americas                  Administration                                                                                                                                                                
Americas                  Marketing                                                                                                                                                                     
Americas                  Shiping                                                                                                                                                                       
Americas                  IT                                                                                                                                                                            
Europe                    Sales                                                                                                                                                                         
Americas                  Executive                                                                                                                                                                     
Americas                  Accounting                                                                                                                                                                    
Americas                  Contracting                                                                                                                                                                   

8 rows selected.

SQL> SELECT * FROM COUNTRIES;

CO COUNTRY_NAME                              REGION_ID                                                                                                                                                  
-- ---------------------------------------- ----------                                                                                                                                                  
CA Canada                                            2                                                                                                                                                  
DE Germany                                           1                                                                                                                                                  
UK United Kingdom                                    1                                                                                                                                                  
US United States of America                          2                                                                                                                                                  

SQL> SELECT * FROM REGIONS;

 REGION_ID REGION_NAME                                                                                                                                                                                  
---------- -------------------------                                                                                                                                                                    
         1 Europe                                                                                                                                                                                       
         2 Americas                                                                                                                                                                                     
         3 Asia                                                                                                                                                                                         
         4 Middle East and Africa                                                                                                                                                                       

SQL> REM NATURAL JOIN
SQL> 
SQL> SELECT *
  2  FROM COUNTRIES
  3  NATURAL JOIN REGIONS;

 REGION_ID CO COUNTRY_NAME                             REGION_NAME                                                                                                                                      
---------- -- ---------------------------------------- -------------------------                                                                                                                        
         1 DE Germany                                  Europe                                                                                                                                           
         1 UK United Kingdom                           Europe                                                                                                                                           
         2 CA Canada                                   Americas                                                                                                                                         
         2 US United States of America                 Americas                                                                                                                                         

SQL> SELECT *
  2  FROM REGIONS
  3  NATURAL JOIN COUNTRIES;

 REGION_ID REGION_NAME               CO COUNTRY_NAME                                                                                                                                                    
---------- ------------------------- -- ----------------------------------------                                                                                                                        
         2 Americas                  CA Canada                                                                                                                                                          
         1 Europe                    DE Germany                                                                                                                                                         
         1 Europe                    UK United Kingdom                                                                                                                                                  
         2 Americas                  US United States of America                                                                                                                                        

SQL> 
SQL> RM HY-BRID JOIN : WHEN USE DIFFERENT TYPES OF JOIN IN SINGLE COMMAND, IT IS CALLED HY-BRID JOIN.
SP2-0734: unknown command beginning "RM HY-BRID..." - rest of line ignored.
SQL> 
SQL> REM HY-BRID JOIN : WHEN USE DIFFERENT TYPES OF JOIN IN SINGLE COMMAND, IT IS CALLED HY-BRID JOIN.
SQL> 
SQL> 
SQL> SELECT * FROM DEPARTMENTS;

DEPARTMENT_ID DEPARTMENT_NAME                MANAGER_ID LOCATION_ID                                                                                                                                     
------------- ------------------------------ ---------- -----------                                                                                                                                     
           10 Administration                        200        1700                                                                                                                                     
           20 Marketing                             201        1800                                                                                                                                     
           50 Shiping                               124        1500                                                                                                                                     
           60 IT                                    103        1400                                                                                                                                     
           80 Sales                                 149        2500                                                                                                                                     
           90 Executive                             100        1700                                                                                                                                     
          110 Accounting                            205        1700                                                                                                                                     
          190 Contracting                                      1700                                                                                                                                     

8 rows selected.

SQL> SELECT * FROM LO
  2  
SQL> 
SQL> REM CROSS JOIN BEHAVIOUR WITH */META CHARACTER :
SQL> 
SQL> SELECT * FROM COUNTRIES;

CO COUNTRY_NAME                              REGION_ID                                                                                                                                                  
-- ---------------------------------------- ----------                                                                                                                                                  
CA Canada                                            2                                                                                                                                                  
DE Germany                                           1                                                                                                                                                  
UK United Kingdom                                    1                                                                                                                                                  
US United States of America                          2                                                                                                                                                  

SQL> SELECT * FROM REGIONS;

 REGION_ID REGION_NAME                                                                                                                                                                                  
---------- -------------------------                                                                                                                                                                    
         1 Europe                                                                                                                                                                                       
         2 Americas                                                                                                                                                                                     
         3 Asia                                                                                                                                                                                         
         4 Middle East and Africa                                                                                                                                                                       

SQL> REM ROW : MULTIPLY , COLUMN : ADD
SQL> 
SQL> SELECT *
  2  FROM COUNTRIES
  3  CROSS JOIN REGIONS;

CO COUNTRY_NAME                              REGION_ID  REGION_ID REGION_NAME                                                                                                                           
-- ---------------------------------------- ---------- ---------- -------------------------                                                                                                             
CA Canada                                            2          1 Europe                                                                                                                                
CA Canada                                            2          2 Americas                                                                                                                              
CA Canada                                            2          3 Asia                                                                                                                                  
CA Canada                                            2          4 Middle East and Africa                                                                                                                
DE Germany                                           1          1 Europe                                                                                                                                
DE Germany                                           1          2 Americas                                                                                                                              
DE Germany                                           1          3 Asia                                                                                                                                  
DE Germany                                           1          4 Middle East and Africa                                                                                                                
UK United Kingdom                                    1          1 Europe                                                                                                                                
UK United Kingdom                                    1          2 Americas                                                                                                                              
UK United Kingdom                                    1          3 Asia                                                                                                                                  
UK United Kingdom                                    1          4 Middle East and Africa                                                                                                                
US United States of America                          2          1 Europe                                                                                                                                
US United States of America                          2          2 Americas                                                                                                                              
US United States of America                          2          3 Asia                                                                                                                                  
US United States of America                          2          4 Middle East and Africa                                                                                                                

16 rows selected.

SQL> SELECT *
  2  FROM REGIONS
  3  CROSS JOIN COUNTRIES;

 REGION_ID REGION_NAME               CO COUNTRY_NAME                              REGION_ID                                                                                                             
---------- ------------------------- -- ---------------------------------------- ----------                                                                                                             
         1 Europe                    CA Canada                                            2                                                                                                             
         2 Americas                  CA Canada                                            2                                                                                                             
         3 Asia                      CA Canada                                            2                                                                                                             
         4 Middle East and Africa    CA Canada                                            2                                                                                                             
         1 Europe                    DE Germany                                           1                                                                                                             
         2 Americas                  DE Germany                                           1                                                                                                             
         3 Asia                      DE Germany                                           1                                                                                                             
         4 Middle East and Africa    DE Germany                                           1                                                                                                             
         1 Europe                    UK United Kingdom                                    1                                                                                                             
         2 Americas                  UK United Kingdom                                    1                                                                                                             
         3 Asia                      UK United Kingdom                                    1                                                                                                             
         4 Middle East and Africa    UK United Kingdom                                    1                                                                                                             
         1 Europe                    US United States of America                          2                                                                                                             
         2 Americas                  US United States of America                          2                                                                                                             
         3 Asia                      US United States of America                          2                                                                                                             
         4 Middle East and Africa    US United States of America                          2                                                                                                             

16 rows selected.

SQL> REM HY-BRID JOIN : WHEN USE DIFFERENT TYPES OF JOIN IN SINGLE COMMAND, IT IS CALLED HY-BRID JOIN.
SQL> 
SQL> 
SQL> SELECT * FROM DEPARTMENTS;

DEPARTMENT_ID DEPARTMENT_NAME                MANAGER_ID LOCATION_ID                                                                                                                                     
------------- ------------------------------ ---------- -----------                                                                                                                                     
           10 Administration                        200        1700                                                                                                                                     
           20 Marketing                             201        1800                                                                                                                                     
           50 Shiping                               124        1500                                                                                                                                     
           60 IT                                    103        1400                                                                                                                                     
           80 Sales                                 149        2500                                                                                                                                     
           90 Executive                             100        1700                                                                                                                                     
          110 Accounting                            205        1700                                                                                                                                     
          190 Contracting                                      1700                                                                                                                                     

8 rows selected.

SQL> SELECT * FROM LOCATIONS;

LOCATION_ID STREET_ADRESS                            POSTAL_CODE  CITY                           STATE_PROVINCE            CO                                                                           
----------- ---------------------------------------- ------------ ------------------------------ ------------------------- --                                                                           
       1400 2014 Jabberwocky Rd                      26192        Southlake                      Texas                     US                                                                           
       1500 2011 Interiors Blvd                      99236        South San Francisco            California                US                                                                           
       1700 2004 Charade Rd                          98199        Seattle                        Washington                US                                                                           
       1800 460 Bloor St. W.                         ON M5S 1X8   Toronto                        Ontario                   CA                                                                           
       2500 Magdalen Centre, The Oxford Science Park OX9 9ZB      Oxford                         Oxford                    UK                                                                           

SQL> SELECT * FROM COUNTRIES;

CO COUNTRY_NAME                              REGION_ID                                                                                                                                                  
-- ---------------------------------------- ----------                                                                                                                                                  
CA Canada                                            2                                                                                                                                                  
DE Germany                                           1                                                                                                                                                  
UK United Kingdom                                    1                                                                                                                                                  
US United States of America                          2                                                                                                                                                  

SQL> SELECT DEPARTMENT_NAME , CITY , COUNTRY_NAME
  2  FROM DEPARTMENTS
  3  NATURAL JOIN LOCATIONS
  4  CROSS JOIN COUNTRIES;

DEPARTMENT_NAME                CITY                           COUNTRY_NAME                                                                                                                              
------------------------------ ------------------------------ ----------------------------------------                                                                                                  
Administration                 Seattle                        Canada                                                                                                                                    
Administration                 Seattle                        Germany                                                                                                                                   
Administration                 Seattle                        United Kingdom                                                                                                                            
Administration                 Seattle                        United States of America                                                                                                                  
Marketing                      Toronto                        Canada                                                                                                                                    
Marketing                      Toronto                        Germany                                                                                                                                   
Marketing                      Toronto                        United Kingdom                                                                                                                            
Marketing                      Toronto                        United States of America                                                                                                                  
Shiping                        South San Francisco            Canada                                                                                                                                    
Shiping                        South San Francisco            Germany                                                                                                                                   
Shiping                        South San Francisco            United Kingdom                                                                                                                            
Shiping                        South San Francisco            United States of America                                                                                                                  
IT                             Southlake                      Canada                                                                                                                                    
IT                             Southlake                      Germany                                                                                                                                   
IT                             Southlake                      United Kingdom                                                                                                                            
IT                             Southlake                      United States of America                                                                                                                  
Sales                          Oxford                         Canada                                                                                                                                    
Sales                          Oxford                         Germany                                                                                                                                   
Sales                          Oxford                         United Kingdom                                                                                                                            
Sales                          Oxford                         United States of America                                                                                                                  
Executive                      Seattle                        Canada                                                                                                                                    

DEPARTMENT_NAME                CITY                           COUNTRY_NAME                                                                                                                              
------------------------------ ------------------------------ ----------------------------------------                                                                                                  
Executive                      Seattle                        Germany                                                                                                                                   
Executive                      Seattle                        United Kingdom                                                                                                                            
Executive                      Seattle                        United States of America                                                                                                                  
Accounting                     Seattle                        Canada                                                                                                                                    
Accounting                     Seattle                        Germany                                                                                                                                   
Accounting                     Seattle                        United Kingdom                                                                                                                            
Accounting                     Seattle                        United States of America                                                                                                                  
Contracting                    Seattle                        Canada                                                                                                                                    
Contracting                    Seattle                        Germany                                                                                                                                   
Contracting                    Seattle                        United Kingdom                                                                                                                            
Contracting                    Seattle                        United States of America                                                                                                                  

32 rows selected.

SQL> SELECT * FROM DEPARTMENTS;

DEPARTMENT_ID DEPARTMENT_NAME                MANAGER_ID LOCATION_ID                                                                                                                                     
------------- ------------------------------ ---------- -----------                                                                                                                                     
           10 Administration                        200        1700                                                                                                                                     
           20 Marketing                             201        1800                                                                                                                                     
           50 Shiping                               124        1500                                                                                                                                     
           60 IT                                    103        1400                                                                                                                                     
           80 Sales                                 149        2500                                                                                                                                     
           90 Executive                             100        1700                                                                                                                                     
          110 Accounting                            205        1700                                                                                                                                     
          190 Contracting                                      1700                                                                                                                                     

8 rows selected.

SQL> SELECT * FROM LOCATIONS;

LOCATION_ID STREET_ADRESS                            POSTAL_CODE  CITY                           STATE_PROVINCE            CO                                                                           
----------- ---------------------------------------- ------------ ------------------------------ ------------------------- --                                                                           
       1400 2014 Jabberwocky Rd                      26192        Southlake                      Texas                     US                                                                           
       1500 2011 Interiors Blvd                      99236        South San Francisco            California                US                                                                           
       1700 2004 Charade Rd                          98199        Seattle                        Washington                US                                                                           
       1800 460 Bloor St. W.                         ON M5S 1X8   Toronto                        Ontario                   CA                                                                           
       2500 Magdalen Centre, The Oxford Science Park OX9 9ZB      Oxford                         Oxford                    UK                                                                           

SQL> SELECT * FROM COUNTRIES;

CO COUNTRY_NAME                              REGION_ID                                                                                                                                                  
-- ---------------------------------------- ----------                                                                                                                                                  
CA Canada                                            2                                                                                                                                                  
DE Germany                                           1                                                                                                                                                  
UK United Kingdom                                    1                                                                                                                                                  
US United States of America                          2                                                                                                                                                  

SQL> SELECT DEPARTMENT_NAME , CITY , COUNTRY_NAMES
  2  FROM DEPARTMENTS
  3  CROSS JOIN LOCATIONS
  4  NATURAL JOIN COUNTRIES;
SELECT DEPARTMENT_NAME , CITY , COUNTRY_NAMES
                                *
ERROR at line 1:
ORA-00904: "COUNTRY_NAMES": invalid identifier 


SQL> SELECT DEPARTMENT_NAME , CITY , COUNTRY_NAME
  2  FROM DEPARTMENTS
  3  CROSS JOIN LOCATIONS
  4  NATURAL JOIN COUNTRIES;

DEPARTMENT_NAME                CITY                           COUNTRY_NAME                                                                                                                              
------------------------------ ------------------------------ ----------------------------------------                                                                                                  
Administration                 Southlake                      Canada                                                                                                                                    
Marketing                      Southlake                      Canada                                                                                                                                    
Shiping                        Southlake                      Canada                                                                                                                                    
IT                             Southlake                      Canada                                                                                                                                    
Sales                          Southlake                      Canada                                                                                                                                    
Executive                      Southlake                      Canada                                                                                                                                    
Accounting                     Southlake                      Canada                                                                                                                                    
Contracting                    Southlake                      Canada                                                                                                                                    
Administration                 South San Francisco            Canada                                                                                                                                    
Marketing                      South San Francisco            Canada                                                                                                                                    
Shiping                        South San Francisco            Canada                                                                                                                                    
IT                             South San Francisco            Canada                                                                                                                                    
Sales                          South San Francisco            Canada                                                                                                                                    
Executive                      South San Francisco            Canada                                                                                                                                    
Accounting                     South San Francisco            Canada                                                                                                                                    
Contracting                    South San Francisco            Canada                                                                                                                                    
Administration                 Seattle                        Canada                                                                                                                                    
Marketing                      Seattle                        Canada                                                                                                                                    
Shiping                        Seattle                        Canada                                                                                                                                    
IT                             Seattle                        Canada                                                                                                                                    
Sales                          Seattle                        Canada                                                                                                                                    

DEPARTMENT_NAME                CITY                           COUNTRY_NAME                                                                                                                              
------------------------------ ------------------------------ ----------------------------------------                                                                                                  
Executive                      Seattle                        Canada                                                                                                                                    
Accounting                     Seattle                        Canada                                                                                                                                    
Contracting                    Seattle                        Canada                                                                                                                                    
Administration                 Toronto                        Canada                                                                                                                                    
Marketing                      Toronto                        Canada                                                                                                                                    
Shiping                        Toronto                        Canada                                                                                                                                    
IT                             Toronto                        Canada                                                                                                                                    
Sales                          Toronto                        Canada                                                                                                                                    
Executive                      Toronto                        Canada                                                                                                                                    
Accounting                     Toronto                        Canada                                                                                                                                    
Contracting                    Toronto                        Canada                                                                                                                                    
Administration                 Oxford                         Canada                                                                                                                                    
Marketing                      Oxford                         Canada                                                                                                                                    
Shiping                        Oxford                         Canada                                                                                                                                    
IT                             Oxford                         Canada                                                                                                                                    
Sales                          Oxford                         Canada                                                                                                                                    
Executive                      Oxford                         Canada                                                                                                                                    
Accounting                     Oxford                         Canada                                                                                                                                    
Contracting                    Oxford                         Canada                                                                                                                                    
Administration                 Southlake                      Germany                                                                                                                                   
Marketing                      Southlake                      Germany                                                                                                                                   

DEPARTMENT_NAME                CITY                           COUNTRY_NAME                                                                                                                              
------------------------------ ------------------------------ ----------------------------------------                                                                                                  
Shiping                        Southlake                      Germany                                                                                                                                   
IT                             Southlake                      Germany                                                                                                                                   
Sales                          Southlake                      Germany                                                                                                                                   
Executive                      Southlake                      Germany                                                                                                                                   
Accounting                     Southlake                      Germany                                                                                                                                   
Contracting                    Southlake                      Germany                                                                                                                                   
Administration                 South San Francisco            Germany                                                                                                                                   
Marketing                      South San Francisco            Germany                                                                                                                                   
Shiping                        South San Francisco            Germany                                                                                                                                   
IT                             South San Francisco            Germany                                                                                                                                   
Sales                          South San Francisco            Germany                                                                                                                                   
Executive                      South San Francisco            Germany                                                                                                                                   
Accounting                     South San Francisco            Germany                                                                                                                                   
Contracting                    South San Francisco            Germany                                                                                                                                   
Administration                 Seattle                        Germany                                                                                                                                   
Marketing                      Seattle                        Germany                                                                                                                                   
Shiping                        Seattle                        Germany                                                                                                                                   
IT                             Seattle                        Germany                                                                                                                                   
Sales                          Seattle                        Germany                                                                                                                                   
Executive                      Seattle                        Germany                                                                                                                                   
Accounting                     Seattle                        Germany                                                                                                                                   

DEPARTMENT_NAME                CITY                           COUNTRY_NAME                                                                                                                              
------------------------------ ------------------------------ ----------------------------------------                                                                                                  
Contracting                    Seattle                        Germany                                                                                                                                   
Administration                 Toronto                        Germany                                                                                                                                   
Marketing                      Toronto                        Germany                                                                                                                                   
Shiping                        Toronto                        Germany                                                                                                                                   
IT                             Toronto                        Germany                                                                                                                                   
Sales                          Toronto                        Germany                                                                                                                                   
Executive                      Toronto                        Germany                                                                                                                                   
Accounting                     Toronto                        Germany                                                                                                                                   
Contracting                    Toronto                        Germany                                                                                                                                   
Administration                 Oxford                         Germany                                                                                                                                   
Marketing                      Oxford                         Germany                                                                                                                                   
Shiping                        Oxford                         Germany                                                                                                                                   
IT                             Oxford                         Germany                                                                                                                                   
Sales                          Oxford                         Germany                                                                                                                                   
Executive                      Oxford                         Germany                                                                                                                                   
Accounting                     Oxford                         Germany                                                                                                                                   
Contracting                    Oxford                         Germany                                                                                                                                   
Administration                 Southlake                      United Kingdom                                                                                                                            
Marketing                      Southlake                      United Kingdom                                                                                                                            
Shiping                        Southlake                      United Kingdom                                                                                                                            
IT                             Southlake                      United Kingdom                                                                                                                            

DEPARTMENT_NAME                CITY                           COUNTRY_NAME                                                                                                                              
------------------------------ ------------------------------ ----------------------------------------                                                                                                  
Sales                          Southlake                      United Kingdom                                                                                                                            
Executive                      Southlake                      United Kingdom                                                                                                                            
Accounting                     Southlake                      United Kingdom                                                                                                                            
Contracting                    Southlake                      United Kingdom                                                                                                                            
Administration                 South San Francisco            United Kingdom                                                                                                                            
Marketing                      South San Francisco            United Kingdom                                                                                                                            
Shiping                        South San Francisco            United Kingdom                                                                                                                            
IT                             South San Francisco            United Kingdom                                                                                                                            
Sales                          South San Francisco            United Kingdom                                                                                                                            
Executive                      South San Francisco            United Kingdom                                                                                                                            
Accounting                     South San Francisco            United Kingdom                                                                                                                            
Contracting                    South San Francisco            United Kingdom                                                                                                                            
Administration                 Seattle                        United Kingdom                                                                                                                            
Marketing                      Seattle                        United Kingdom                                                                                                                            
Shiping                        Seattle                        United Kingdom                                                                                                                            
IT                             Seattle                        United Kingdom                                                                                                                            
Sales                          Seattle                        United Kingdom                                                                                                                            
Executive                      Seattle                        United Kingdom                                                                                                                            
Accounting                     Seattle                        United Kingdom                                                                                                                            
Contracting                    Seattle                        United Kingdom                                                                                                                            
Administration                 Toronto                        United Kingdom                                                                                                                            

DEPARTMENT_NAME                CITY                           COUNTRY_NAME                                                                                                                              
------------------------------ ------------------------------ ----------------------------------------                                                                                                  
Marketing                      Toronto                        United Kingdom                                                                                                                            
Shiping                        Toronto                        United Kingdom                                                                                                                            
IT                             Toronto                        United Kingdom                                                                                                                            
Sales                          Toronto                        United Kingdom                                                                                                                            
Executive                      Toronto                        United Kingdom                                                                                                                            
Accounting                     Toronto                        United Kingdom                                                                                                                            
Contracting                    Toronto                        United Kingdom                                                                                                                            
Administration                 Oxford                         United Kingdom                                                                                                                            
Marketing                      Oxford                         United Kingdom                                                                                                                            
Shiping                        Oxford                         United Kingdom                                                                                                                            
IT                             Oxford                         United Kingdom                                                                                                                            
Sales                          Oxford                         United Kingdom                                                                                                                            
Executive                      Oxford                         United Kingdom                                                                                                                            
Accounting                     Oxford                         United Kingdom                                                                                                                            
Contracting                    Oxford                         United Kingdom                                                                                                                            
Administration                 Southlake                      United States of America                                                                                                                  
Marketing                      Southlake                      United States of America                                                                                                                  
Shiping                        Southlake                      United States of America                                                                                                                  
IT                             Southlake                      United States of America                                                                                                                  
Sales                          Southlake                      United States of America                                                                                                                  
Executive                      Southlake                      United States of America                                                                                                                  

DEPARTMENT_NAME                CITY                           COUNTRY_NAME                                                                                                                              
------------------------------ ------------------------------ ----------------------------------------                                                                                                  
Accounting                     Southlake                      United States of America                                                                                                                  
Contracting                    Southlake                      United States of America                                                                                                                  
Administration                 South San Francisco            United States of America                                                                                                                  
Marketing                      South San Francisco            United States of America                                                                                                                  
Shiping                        South San Francisco            United States of America                                                                                                                  
IT                             South San Francisco            United States of America                                                                                                                  
Sales                          South San Francisco            United States of America                                                                                                                  
Executive                      South San Francisco            United States of America                                                                                                                  
Accounting                     South San Francisco            United States of America                                                                                                                  
Contracting                    South San Francisco            United States of America                                                                                                                  
Administration                 Seattle                        United States of America                                                                                                                  
Marketing                      Seattle                        United States of America                                                                                                                  
Shiping                        Seattle                        United States of America                                                                                                                  
IT                             Seattle                        United States of America                                                                                                                  
Sales                          Seattle                        United States of America                                                                                                                  
Executive                      Seattle                        United States of America                                                                                                                  
Accounting                     Seattle                        United States of America                                                                                                                  
Contracting                    Seattle                        United States of America                                                                                                                  
Administration                 Toronto                        United States of America                                                                                                                  
Marketing                      Toronto                        United States of America                                                                                                                  
Shiping                        Toronto                        United States of America                                                                                                                  

DEPARTMENT_NAME                CITY                           COUNTRY_NAME                                                                                                                              
------------------------------ ------------------------------ ----------------------------------------                                                                                                  
IT                             Toronto                        United States of America                                                                                                                  
Sales                          Toronto                        United States of America                                                                                                                  
Executive                      Toronto                        United States of America                                                                                                                  
Accounting                     Toronto                        United States of America                                                                                                                  
Contracting                    Toronto                        United States of America                                                                                                                  
Administration                 Oxford                         United States of America                                                                                                                  
Marketing                      Oxford                         United States of America                                                                                                                  
Shiping                        Oxford                         United States of America                                                                                                                  
IT                             Oxford                         United States of America                                                                                                                  
Sales                          Oxford                         United States of America                                                                                                                  
Executive                      Oxford                         United States of America                                                                                                                  
Accounting                     Oxford                         United States of America                                                                                                                  
Contracting                    Oxford                         United States of America                                                                                                                  

160 rows selected.

SQL> SELECT DEPARTMENT_NAME , CITY , COUNTRY_NAMES , COUNTRY_ID
  2  FROM DEPARTMENTS
  3  CROSS JOIN LOCATIONS
  4  NATURAL JOIN COUNTRIES;
SELECT DEPARTMENT_NAME , CITY , COUNTRY_NAMES , COUNTRY_ID
                                *
ERROR at line 1:
ORA-00904: "COUNTRY_NAMES": invalid identifier 


SQL> SELECT DEPARTMENT_NAME , CITY , COUNTRY_NAME , COUNTRY_ID
  2  FROM DEPARTMENTS
  3  CROSS JOIN LOCATIONS
  4  NATURAL JOIN COUNTRIES;

DEPARTMENT_NAME                CITY                           COUNTRY_NAME                             CO                                                                                               
------------------------------ ------------------------------ ---------------------------------------- --                                                                                               
Administration                 Southlake                      United States of America                 US                                                                                               
Marketing                      Southlake                      United States of America                 US                                                                                               
Shiping                        Southlake                      United States of America                 US                                                                                               
IT                             Southlake                      United States of America                 US                                                                                               
Sales                          Southlake                      United States of America                 US                                                                                               
Executive                      Southlake                      United States of America                 US                                                                                               
Accounting                     Southlake                      United States of America                 US                                                                                               
Contracting                    Southlake                      United States of America                 US                                                                                               
Administration                 South San Francisco            United States of America                 US                                                                                               
Marketing                      South San Francisco            United States of America                 US                                                                                               
Shiping                        South San Francisco            United States of America                 US                                                                                               
IT                             South San Francisco            United States of America                 US                                                                                               
Sales                          South San Francisco            United States of America                 US                                                                                               
Executive                      South San Francisco            United States of America                 US                                                                                               
Accounting                     South San Francisco            United States of America                 US                                                                                               
Contracting                    South San Francisco            United States of America                 US                                                                                               
Administration                 Seattle                        United States of America                 US                                                                                               
Marketing                      Seattle                        United States of America                 US                                                                                               
Shiping                        Seattle                        United States of America                 US                                                                                               
IT                             Seattle                        United States of America                 US                                                                                               
Sales                          Seattle                        United States of America                 US                                                                                               

DEPARTMENT_NAME                CITY                           COUNTRY_NAME                             CO                                                                                               
------------------------------ ------------------------------ ---------------------------------------- --                                                                                               
Executive                      Seattle                        United States of America                 US                                                                                               
Accounting                     Seattle                        United States of America                 US                                                                                               
Contracting                    Seattle                        United States of America                 US                                                                                               
Administration                 Toronto                        Canada                                   CA                                                                                               
Marketing                      Toronto                        Canada                                   CA                                                                                               
Shiping                        Toronto                        Canada                                   CA                                                                                               
IT                             Toronto                        Canada                                   CA                                                                                               
Sales                          Toronto                        Canada                                   CA                                                                                               
Executive                      Toronto                        Canada                                   CA                                                                                               
Accounting                     Toronto                        Canada                                   CA                                                                                               
Contracting                    Toronto                        Canada                                   CA                                                                                               
Administration                 Oxford                         United Kingdom                           UK                                                                                               
Marketing                      Oxford                         United Kingdom                           UK                                                                                               
Shiping                        Oxford                         United Kingdom                           UK                                                                                               
IT                             Oxford                         United Kingdom                           UK                                                                                               
Sales                          Oxford                         United Kingdom                           UK                                                                                               
Executive                      Oxford                         United Kingdom                           UK                                                                                               
Accounting                     Oxford                         United Kingdom                           UK                                                                                               
Contracting                    Oxford                         United Kingdom                           UK                                                                                               

40 rows selected.

SQL> SELECT DEPARTMENT_NAME , CITY , COUNTRY_NAME || CASE WHEN COUNTRY_ID IS NOT NULL THEN NULL END COUNTRY_NAME
  2  FROM DEPARTMENTS
  3  CROSS JOIN LOCATIONS
  4  NATURAL JOIN COUNTRIES;

DEPARTMENT_NAME                CITY                           COUNTRY_NAME                                                                                                                              
------------------------------ ------------------------------ ----------------------------------------                                                                                                  
Administration                 Southlake                      United States of America                                                                                                                  
Marketing                      Southlake                      United States of America                                                                                                                  
Shiping                        Southlake                      United States of America                                                                                                                  
IT                             Southlake                      United States of America                                                                                                                  
Sales                          Southlake                      United States of America                                                                                                                  
Executive                      Southlake                      United States of America                                                                                                                  
Accounting                     Southlake                      United States of America                                                                                                                  
Contracting                    Southlake                      United States of America                                                                                                                  
Administration                 South San Francisco            United States of America                                                                                                                  
Marketing                      South San Francisco            United States of America                                                                                                                  
Shiping                        South San Francisco            United States of America                                                                                                                  
IT                             South San Francisco            United States of America                                                                                                                  
Sales                          South San Francisco            United States of America                                                                                                                  
Executive                      South San Francisco            United States of America                                                                                                                  
Accounting                     South San Francisco            United States of America                                                                                                                  
Contracting                    South San Francisco            United States of America                                                                                                                  
Administration                 Seattle                        United States of America                                                                                                                  
Marketing                      Seattle                        United States of America                                                                                                                  
Shiping                        Seattle                        United States of America                                                                                                                  
IT                             Seattle                        United States of America                                                                                                                  
Sales                          Seattle                        United States of America                                                                                                                  

DEPARTMENT_NAME                CITY                           COUNTRY_NAME                                                                                                                              
------------------------------ ------------------------------ ----------------------------------------                                                                                                  
Executive                      Seattle                        United States of America                                                                                                                  
Accounting                     Seattle                        United States of America                                                                                                                  
Contracting                    Seattle                        United States of America                                                                                                                  
Administration                 Toronto                        Canada                                                                                                                                    
Marketing                      Toronto                        Canada                                                                                                                                    
Shiping                        Toronto                        Canada                                                                                                                                    
IT                             Toronto                        Canada                                                                                                                                    
Sales                          Toronto                        Canada                                                                                                                                    
Executive                      Toronto                        Canada                                                                                                                                    
Accounting                     Toronto                        Canada                                                                                                                                    
Contracting                    Toronto                        Canada                                                                                                                                    
Administration                 Oxford                         United Kingdom                                                                                                                            
Marketing                      Oxford                         United Kingdom                                                                                                                            
Shiping                        Oxford                         United Kingdom                                                                                                                            
IT                             Oxford                         United Kingdom                                                                                                                            
Sales                          Oxford                         United Kingdom                                                                                                                            
Executive                      Oxford                         United Kingdom                                                                                                                            
Accounting                     Oxford                         United Kingdom                                                                                                                            
Contracting                    Oxford                         United Kingdom                                                                                                                            

40 rows selected.

SQL> SPOOL OFF
