SQL> 
SQL> REM INNER JOIN :
SQL> 
SQL> REM INNER JOIN : CAN WORK IN BOTH THE CASES : 1 WHEN TABLES HAS COMMON COLUMNS 2 WHEN TABLE DO NOT HAVE COMMON COLUMN
SQL> 
SQL> REM INNER JOIN HAS TWO SYNTAXES :
SQL> 
SQL> REM INNER JOIN SYNTAX 1 : TABLE1 INNER JOIN TABLE2 USING (COMMON COLUMN LIST)
SQL> 
SQL> REM INNER JOIN SYNTAX 2 : TABLE1 INNER JOIN TABLE2 ON join condition(s)
SQL> 
SQL> 
SQL> 
SQL> REM USING SYNTAX : CAN BE USED ONLY WHEN BOTH TABLES HAS ATLEAST SINGLE COMMON COLUMN/COLUMN WITH IDENTICAL SPELLING, SIMILAR VALUES, SAME MEANING
SQL> 
SQL> REM ON SYNTAX : IT CAN BE USED IN 3 SITUATIONS
SQL> 
SQL> REM 1 WHEN BOTH TABLES HAS COMMON COLUMN
SQL> 
SQL> REM 2 WHEN BOTH TABLES HAS NO COMMON COLUMN, BUT HAS SIMILAR VALUES STORED
SQL> 
SQL> REM 3 WHEN BOTH TABLES HAS NO COMMON COLUMN AND NO SIMILAR VALUES STORED/ BUT RELATED VALUES STORED.
SQL> 
SQL> 
SQL> 
SQL> 
SQL> REM EXAMPLES USING NATURAL JOIN AND INNER JOIN 'USING'
SQL> 
SQL> SELECT * FROM DEPARTMENTS;

DEPARTMENT_ID DEPARTMENT_NAME                MANAGER_ID LOCATION_ID             
------------- ------------------------------ ---------- -----------             
           10 Administration                        200        1700             
           20 Marketing                             201        1800             
           50 Shiping                               124        1500             
           60 IT                                    103        1400             
           80 Sales                                 149        2500             
           90 Executive                             100        1700             
          110 Accounting                            205        1700             
          190 Contracting                                      1700             

8 rows selected.

SQL> SELECT * FROM LOCATIONS;

LOCATION_ID STREET_ADRESS                            POSTAL_CODE                
----------- ---------------------------------------- ------------               
CITY                           STATE_PROVINCE            CO                     
------------------------------ ------------------------- --                     
       1400 2014 Jabberwocky Rd                      26192                      
Southlake                      Texas                     US                     
                                                                                
       1500 2011 Interiors Blvd                      99236                      
South San Francisco            California                US                     
                                                                                
       1700 2004 Charade Rd                          98199                      
Seattle                        Washington                US                     
                                                                                

LOCATION_ID STREET_ADRESS                            POSTAL_CODE                
----------- ---------------------------------------- ------------               
CITY                           STATE_PROVINCE            CO                     
------------------------------ ------------------------- --                     
       1800 460 Bloor St. W.                         ON M5S 1X8                 
Toronto                        Ontario                   CA                     
                                                                                
       2500 Magdalen Centre, The Oxford Science Park OX9 9ZB                    
Oxford                         Oxford                    UK                     
                                                                                

SQL> SET LINES 200 PAGES 24
SQL> 
SQL> SELECT * FROM DEPARTMENTS;

DEPARTMENT_ID DEPARTMENT_NAME                MANAGER_ID LOCATION_ID                                                                                                                                     
------------- ------------------------------ ---------- -----------                                                                                                                                     
           10 Administration                        200        1700                                                                                                                                     
           20 Marketing                             201        1800                                                                                                                                     
           50 Shiping                               124        1500                                                                                                                                     
           60 IT                                    103        1400                                                                                                                                     
           80 Sales                                 149        2500                                                                                                                                     
           90 Executive                             100        1700                                                                                                                                     
          110 Accounting                            205        1700                                                                                                                                     
          190 Contracting                                      1700                                                                                                                                     

8 rows selected.

SQL> SELECT * FROM LOCATIONS;

LOCATION_ID STREET_ADRESS                            POSTAL_CODE  CITY                           STATE_PROVINCE            CO                                                                           
----------- ---------------------------------------- ------------ ------------------------------ ------------------------- --                                                                           
       1400 2014 Jabberwocky Rd                      26192        Southlake                      Texas                     US                                                                           
       1500 2011 Interiors Blvd                      99236        South San Francisco            California                US                                                                           
       1700 2004 Charade Rd                          98199        Seattle                        Washington                US                                                                           
       1800 460 Bloor St. W.                         ON M5S 1X8   Toronto                        Ontario                   CA                                                                           
       2500 Magdalen Centre, The Oxford Science Park OX9 9ZB      Oxford                         Oxford                    UK                                                                           

SQL> REM DEPARTMENT_NAME , CITY
SQL> 
SQL> REM NATURAL JOIN
SQL> 
SQL> SELECT DEPARTMENT_NAME , CITY
  2  FROM DEPARTMENTS
  3  NATURAL JOIN LOCATIONS;

DEPARTMENT_NAME                CITY                                                                                                                                                                     
------------------------------ ------------------------------                                                                                                                                           
Administration                 Seattle                                                                                                                                                                  
Marketing                      Toronto                                                                                                                                                                  
Shiping                        South San Francisco                                                                                                                                                      
IT                             Southlake                                                                                                                                                                
Sales                          Oxford                                                                                                                                                                   
Executive                      Seattle                                                                                                                                                                  
Accounting                     Seattle                                                                                                                                                                  
Contracting                    Seattle                                                                                                                                                                  

8 rows selected.

SQL> SELECT DEPARTMENT_NAME , CITY
  2  FROM DEPARTMENTS
  3  INNER JOIN LOCATIONS USING (LOCATION_ID);

DEPARTMENT_NAME                CITY                                                                                                                                                                     
------------------------------ ------------------------------                                                                                                                                           
Administration                 Seattle                                                                                                                                                                  
Marketing                      Toronto                                                                                                                                                                  
Shiping                        South San Francisco                                                                                                                                                      
IT                             Southlake                                                                                                                                                                
Sales                          Oxford                                                                                                                                                                   
Executive                      Seattle                                                                                                                                                                  
Accounting                     Seattle                                                                                                                                                                  
Contracting                    Seattle                                                                                                                                                                  

8 rows selected.

SQL> SELECT DEPARTMENT_NAME , CITY
  2  FROM DEPARTMENTS
  3  JOIN LOCATIONS USING (LOCATION_ID);

DEPARTMENT_NAME                CITY                                                                                                                                                                     
------------------------------ ------------------------------                                                                                                                                           
Administration                 Seattle                                                                                                                                                                  
Marketing                      Toronto                                                                                                                                                                  
Shiping                        South San Francisco                                                                                                                                                      
IT                             Southlake                                                                                                                                                                
Sales                          Oxford                                                                                                                                                                   
Executive                      Seattle                                                                                                                                                                  
Accounting                     Seattle                                                                                                                                                                  
Contracting                    Seattle                                                                                                                                                                  

8 rows selected.

SQL> SELECT * FROM LOCATIONS;

LOCATION_ID STREET_ADRESS                            POSTAL_CODE  CITY                           STATE_PROVINCE            CO                                                                           
----------- ---------------------------------------- ------------ ------------------------------ ------------------------- --                                                                           
       1400 2014 Jabberwocky Rd                      26192        Southlake                      Texas                     US                                                                           
       1500 2011 Interiors Blvd                      99236        South San Francisco            California                US                                                                           
       1700 2004 Charade Rd                          98199        Seattle                        Washington                US                                                                           
       1800 460 Bloor St. W.                         ON M5S 1X8   Toronto                        Ontario                   CA                                                                           
       2500 Magdalen Centre, The Oxford Science Park OX9 9ZB      Oxford                         Oxford                    UK                                                                           

SQL> SELECT * FROM COUNTRIES;

CO COUNTRY_NAME                              REGION_ID                                                                                                                                                  
-- ---------------------------------------- ----------                                                                                                                                                  
CA Canada                                            2                                                                                                                                                  
DE Germany                                           1                                                                                                                                                  
UK United Kingdom                                    1                                                                                                                                                  
US United States of America                          2                                                                                                                                                  

SQL> SELECT * FROM REGIONS;

 REGION_ID REGION_NAME                                                                                                                                                                                  
---------- -------------------------                                                                                                                                                                    
         1 Europe                                                                                                                                                                                       
         2 Americas                                                                                                                                                                                     
         3 Asia                                                                                                                                                                                         
         4 Middle East and Africa                                                                                                                                                                       

SQL> 
SQL> REM 1 CITY , COUNTRY_NAME
SQL> 
SQL> REM 2 COUNTRY_NAME , REGION_NAME
SQL> 
SQL> REM 3 REGION_NAME , STATE_PROVINCE
SQL> 
SQL> 
SQL> REM E D L C R
SQL> 
SQL> 
SQL> REM 1 CITY , COUNTRY_NAME
SQL> 
SQL> REM NATURAL JOIN
SQL> 
SQL> SELECT CITY , COUNTRY_NAME
  2  FROM LOCATIONS
  3  NATURAL JOIN COUNTRIES;

CITY                           COUNTRY_NAME                                                                                                                                                             
------------------------------ ----------------------------------------                                                                                                                                 
Southlake                      United States of America                                                                                                                                                 
South San Francisco            United States of America                                                                                                                                                 
Seattle                        United States of America                                                                                                                                                 
Toronto                        Canada                                                                                                                                                                   
Oxford                         United Kingdom                                                                                                                                                           

SQL> REM NATURAL JOIN
SQL> 
SQL> REM INNER JOIN
SQL> 
SQL> SELECT CITY , COUNTRY_NAME
  2  FROM LOCATIONS
  3  INNER JOIN COUNTRIES USING (COUNTRY_ID);

CITY                           COUNTRY_NAME                                                                                                                                                             
------------------------------ ----------------------------------------                                                                                                                                 
Southlake                      United States of America                                                                                                                                                 
South San Francisco            United States of America                                                                                                                                                 
Seattle                        United States of America                                                                                                                                                 
Toronto                        Canada                                                                                                                                                                   
Oxford                         United Kingdom                                                                                                                                                           

SQL> REM 2 COUNTRY_NAME , REGION_NAME
SQL> 
SQL> SELECT COUNTRY_NAME , REGION_NAME
  2  FROM COUNTRIES
  3  NATURAL JOIN REGIONS;

COUNTRY_NAME                             REGION_NAME                                                                                                                                                    
---------------------------------------- -------------------------                                                                                                                                      
Germany                                  Europe                                                                                                                                                         
United Kingdom                           Europe                                                                                                                                                         
Canada                                   Americas                                                                                                                                                       
United States of America                 Americas                                                                                                                                                       

SQL> SELECT COUNTRY_NAME , REGION_NAME
  2  FROM COUNTRIES
  3  INNER JOIN REGIONS USING (REGION_ID);

COUNTRY_NAME                             REGION_NAME                                                                                                                                                    
---------------------------------------- -------------------------                                                                                                                                      
Germany                                  Europe                                                                                                                                                         
United Kingdom                           Europe                                                                                                                                                         
Canada                                   Americas                                                                                                                                                       
United States of America                 Americas                                                                                                                                                       

SQL> REM 3 REGION_NAME , STATE_PROVINCE
SQL> 
SQL> SELECT REGION_NAME , STATE_PROVINCE
  2  FROM LOCATIONS
  3  INNER JOIN COUNTRIES USING (COUNTRY_ID)
  4  INNER JOIN REGIONS   USING (REGION_ID);

REGION_NAME               STATE_PROVINCE                                                                                                                                                                
------------------------- -------------------------                                                                                                                                                     
Americas                  Texas                                                                                                                                                                         
Americas                  California                                                                                                                                                                    
Americas                  Washington                                                                                                                                                                    
Americas                  Ontario                                                                                                                                                                       
Europe                    Oxford                                                                                                                                                                        

SQL> 
SQL> 
SQL> SELECT * FROM EMPLOYEES;

EMPLOYEE_ID FIRST_NAME      LAST_NAME       EMAIL      PHONE_NUMBER         HIRE_DATE JOB_ID         SALARY COMMISSION_PCT MANAGER_ID DEPARTMENT_ID                                                     
----------- --------------- --------------- ---------- -------------------- --------- ---------- ---------- -------------- ---------- -------------                                                     
        100 Steven          King            SKING      515.123.4567         17-JUL-87 AD_PRES         24000                                      90                                                     
        101 Neena           Kochhar         NKOCHHAR   515.123.4568         21-SEP-89 AD_VP           17000                       100            90                                                     
        102 Lex             De Haan         LDEHAAN    515.123.4569         13-JAN-93 AD_VP           17000                       100            90                                                     
        103 Alexander       Hunold          AHUNOLD    590.423.4567         03-JAN-90 IT_PROG          9000                       102            60                                                     
        104 Bruce           Ernst           BERNST     590.423.4568         21-MAY-91 IT_PROG          6000                       103            60                                                     
        107 Diana           Lorentz         DLORENTZ   590.423.5567         07-FEB-99 IT_PROG          4200                       103            60                                                     
        124 Kevin           Mourgos         KMOURGOS   650.123.5234         16-NOV-99 ST_MAN           5800                       100            50                                                     
        141 Trenna          Rajs            TRAJS      650.121.8009         17-OCT-95 ST_CLERK         3500                       124            50                                                     
        142 Curtis          Davies          CDAVIES    650.121.2994         29-JAN-97 ST_CLERK         3100                       124            50                                                     
        143 Randall         Matos           RMATOS     650.121.2874         15-MAR-98 ST_CLERK         2600                       124            50                                                     
        144 Peter           Vargas                     650.121.2004         09-JUL-98 ST_CLERK         2500                       124            50                                                     
        149 Eleni           Zlotkey         EZLOTKEY   011.44.1344.429018   29-JAN-00 SA_MAN          10500             .2        100            80                                                     
        174 Ellen           Abel            EABEL      011.44.1644.429267   11-MAY-96 SA_REP          11000             .3        149            80                                                     
        176 Jonathon        Taylor          JTAYLOR    011.44.1644.429265   24-MAR-98 SA_REP           8600             .3        149            80                                                     
        178 Kimerely        Grant           KGRANT     011.44.1644.429263   24-MAY-99 SA_REP           7000            .15        149                                                                   
        200 Jennifer        Whalen          JWHALEN    515.123.4444         17-SEP-87 AD_ASST          4400                       101            10                                                     
        201 Michael         Hartstein       MHARTSTE   515.123.5555         17-FEB-96 MK_MAN          13000                       100            20                                                     
        202 Pat             Fay             PFAY       603.123.6666         17-AUG-97 MK_REP           6000                       201            20                                                     
        205 Shelley         Higgins         SHIGGINS   515.123.8080         07-JUN-94 AC_MGR          12000                       101           110                                                     
        206 William         Gietz           WGIETZ     515.123.8181         07-JUN-94 AC_ACCOUNT       8300                       205           110                                                     

20 rows selected.

SQL> SELECT * FROM DEPARTMENTS;

DEPARTMENT_ID DEPARTMENT_NAME                MANAGER_ID LOCATION_ID                                                                                                                                     
------------- ------------------------------ ---------- -----------                                                                                                                                     
           10 Administration                        200        1700                                                                                                                                     
           20 Marketing                             201        1800                                                                                                                                     
           50 Shiping                               124        1500                                                                                                                                     
           60 IT                                    103        1400                                                                                                                                     
           80 Sales                                 149        2500                                                                                                                                     
           90 Executive                             100        1700                                                                                                                                     
          110 Accounting                            205        1700                                                                                                                                     
          190 Contracting                                      1700                                                                                                                                     

8 rows selected.

SQL> SET LINES 300
SQL> 
SQL> SELECT *
  2  FROM EMPLOYEES
  3  NATURAL JOIN DEPARTMENTS;

MANAGER_ID DEPARTMENT_ID EMPLOYEE_ID FIRST_NAME      LAST_NAME       EMAIL      PHONE_NUMBER         HIRE_DATE JOB_ID         SALARY COMMISSION_PCT DEPARTMENT_NAME                LOCATION_ID                                                                                                              
---------- ------------- ----------- --------------- --------------- ---------- -------------------- --------- ---------- ---------- -------------- ------------------------------ -----------                                                                                                              
       100            90         101 Neena           Kochhar         NKOCHHAR   515.123.4568         21-SEP-89 AD_VP           17000                Executive                             1700                                                                                                              
       100            90         102 Lex             De Haan         LDEHAAN    515.123.4569         13-JAN-93 AD_VP           17000                Executive                             1700                                                                                                              
       103            60         104 Bruce           Ernst           BERNST     590.423.4568         21-MAY-91 IT_PROG          6000                IT                                    1400                                                                                                              
       103            60         107 Diana           Lorentz         DLORENTZ   590.423.5567         07-FEB-99 IT_PROG          4200                IT                                    1400                                                                                                              
       124            50         141 Trenna          Rajs            TRAJS      650.121.8009         17-OCT-95 ST_CLERK         3500                Shiping                               1500                                                                                                              
       124            50         142 Curtis          Davies          CDAVIES    650.121.2994         29-JAN-97 ST_CLERK         3100                Shiping                               1500                                                                                                              
       124            50         143 Randall         Matos           RMATOS     650.121.2874         15-MAR-98 ST_CLERK         2600                Shiping                               1500                                                                                                              
       124            50         144 Peter           Vargas                     650.121.2004         09-JUL-98 ST_CLERK         2500                Shiping                               1500                                                                                                              
       149            80         174 Ellen           Abel            EABEL      011.44.1644.429267   11-MAY-96 SA_REP          11000             .3 Sales                                 2500                                                                                                              
       149            80         176 Jonathon        Taylor          JTAYLOR    011.44.1644.429265   24-MAR-98 SA_REP           8600             .3 Sales                                 2500                                                                                                              
       201            20         202 Pat             Fay             PFAY       603.123.6666         17-AUG-97 MK_REP           6000                Marketing                             1800                                                                                                              
       205           110         206 William         Gietz           WGIETZ     515.123.8181         07-JUN-94 AC_ACCOUNT       8300                Accounting                            1700                                                                                                              

12 rows selected.

SQL> SELECT *
  2  FROM EMPLOYEES
  3  INNER JOIN DEPARTMENTS USING (DEPARTMENT_ID , MANAGER_ID);

DEPARTMENT_ID MANAGER_ID EMPLOYEE_ID FIRST_NAME      LAST_NAME       EMAIL      PHONE_NUMBER         HIRE_DATE JOB_ID         SALARY COMMISSION_PCT DEPARTMENT_NAME                LOCATION_ID                                                                                                              
------------- ---------- ----------- --------------- --------------- ---------- -------------------- --------- ---------- ---------- -------------- ------------------------------ -----------                                                                                                              
           90        100         101 Neena           Kochhar         NKOCHHAR   515.123.4568         21-SEP-89 AD_VP           17000                Executive                             1700                                                                                                              
           90        100         102 Lex             De Haan         LDEHAAN    515.123.4569         13-JAN-93 AD_VP           17000                Executive                             1700                                                                                                              
           60        103         104 Bruce           Ernst           BERNST     590.423.4568         21-MAY-91 IT_PROG          6000                IT                                    1400                                                                                                              
           60        103         107 Diana           Lorentz         DLORENTZ   590.423.5567         07-FEB-99 IT_PROG          4200                IT                                    1400                                                                                                              
           50        124         141 Trenna          Rajs            TRAJS      650.121.8009         17-OCT-95 ST_CLERK         3500                Shiping                               1500                                                                                                              
           50        124         142 Curtis          Davies          CDAVIES    650.121.2994         29-JAN-97 ST_CLERK         3100                Shiping                               1500                                                                                                              
           50        124         143 Randall         Matos           RMATOS     650.121.2874         15-MAR-98 ST_CLERK         2600                Shiping                               1500                                                                                                              
           50        124         144 Peter           Vargas                     650.121.2004         09-JUL-98 ST_CLERK         2500                Shiping                               1500                                                                                                              
           80        149         174 Ellen           Abel            EABEL      011.44.1644.429267   11-MAY-96 SA_REP          11000             .3 Sales                                 2500                                                                                                              
           80        149         176 Jonathon        Taylor          JTAYLOR    011.44.1644.429265   24-MAR-98 SA_REP           8600             .3 Sales                                 2500                                                                                                              
           20        201         202 Pat             Fay             PFAY       603.123.6666         17-AUG-97 MK_REP           6000                Marketing                             1800                                                                                                              
          110        205         206 William         Gietz           WGIETZ     515.123.8181         07-JUN-94 AC_ACCOUNT       8300                Accounting                            1700                                                                                                              

12 rows selected.

SQL> SELECT *
  2  FROM EMPLOYEES
  3  INNER JOIN DEPARTMENTS USING (MANAGER_ID , DEPARTMENT_ID);

MANAGER_ID DEPARTMENT_ID EMPLOYEE_ID FIRST_NAME      LAST_NAME       EMAIL      PHONE_NUMBER         HIRE_DATE JOB_ID         SALARY COMMISSION_PCT DEPARTMENT_NAME                LOCATION_ID                                                                                                              
---------- ------------- ----------- --------------- --------------- ---------- -------------------- --------- ---------- ---------- -------------- ------------------------------ -----------                                                                                                              
       100            90         101 Neena           Kochhar         NKOCHHAR   515.123.4568         21-SEP-89 AD_VP           17000                Executive                             1700                                                                                                              
       100            90         102 Lex             De Haan         LDEHAAN    515.123.4569         13-JAN-93 AD_VP           17000                Executive                             1700                                                                                                              
       103            60         104 Bruce           Ernst           BERNST     590.423.4568         21-MAY-91 IT_PROG          6000                IT                                    1400                                                                                                              
       103            60         107 Diana           Lorentz         DLORENTZ   590.423.5567         07-FEB-99 IT_PROG          4200                IT                                    1400                                                                                                              
       124            50         141 Trenna          Rajs            TRAJS      650.121.8009         17-OCT-95 ST_CLERK         3500                Shiping                               1500                                                                                                              
       124            50         142 Curtis          Davies          CDAVIES    650.121.2994         29-JAN-97 ST_CLERK         3100                Shiping                               1500                                                                                                              
       124            50         143 Randall         Matos           RMATOS     650.121.2874         15-MAR-98 ST_CLERK         2600                Shiping                               1500                                                                                                              
       124            50         144 Peter           Vargas                     650.121.2004         09-JUL-98 ST_CLERK         2500                Shiping                               1500                                                                                                              
       149            80         174 Ellen           Abel            EABEL      011.44.1644.429267   11-MAY-96 SA_REP          11000             .3 Sales                                 2500                                                                                                              
       149            80         176 Jonathon        Taylor          JTAYLOR    011.44.1644.429265   24-MAR-98 SA_REP           8600             .3 Sales                                 2500                                                                                                              
       201            20         202 Pat             Fay             PFAY       603.123.6666         17-AUG-97 MK_REP           6000                Marketing                             1800                                                                                                              
       205           110         206 William         Gietz           WGIETZ     515.123.8181         07-JUN-94 AC_ACCOUNT       8300                Accounting                            1700                                                                                                              

12 rows selected.

SQL> SELECT *
  2  FROM EMPLOYEES
  3  INNER JOIN DEPARTMENTS USING (DEPARTMENT_ID);

DEPARTMENT_ID EMPLOYEE_ID FIRST_NAME      LAST_NAME       EMAIL      PHONE_NUMBER         HIRE_DATE JOB_ID         SALARY COMMISSION_PCT MANAGER_ID DEPARTMENT_NAME                MANAGER_ID LOCATION_ID                                                                                                   
------------- ----------- --------------- --------------- ---------- -------------------- --------- ---------- ---------- -------------- ---------- ------------------------------ ---------- -----------                                                                                                   
           10         200 Jennifer        Whalen          JWHALEN    515.123.4444         17-SEP-87 AD_ASST          4400                       101 Administration                        200        1700                                                                                                   
           20         201 Michael         Hartstein       MHARTSTE   515.123.5555         17-FEB-96 MK_MAN          13000                       100 Marketing                             201        1800                                                                                                   
           20         202 Pat             Fay             PFAY       603.123.6666         17-AUG-97 MK_REP           6000                       201 Marketing                             201        1800                                                                                                   
           50         124 Kevin           Mourgos         KMOURGOS   650.123.5234         16-NOV-99 ST_MAN           5800                       100 Shiping                               124        1500                                                                                                   
           50         144 Peter           Vargas                     650.121.2004         09-JUL-98 ST_CLERK         2500                       124 Shiping                               124        1500                                                                                                   
           50         143 Randall         Matos           RMATOS     650.121.2874         15-MAR-98 ST_CLERK         2600                       124 Shiping                               124        1500                                                                                                   
           50         142 Curtis          Davies          CDAVIES    650.121.2994         29-JAN-97 ST_CLERK         3100                       124 Shiping                               124        1500                                                                                                   
           50         141 Trenna          Rajs            TRAJS      650.121.8009         17-OCT-95 ST_CLERK         3500                       124 Shiping                               124        1500                                                                                                   
           60         107 Diana           Lorentz         DLORENTZ   590.423.5567         07-FEB-99 IT_PROG          4200                       103 IT                                    103        1400                                                                                                   
           60         104 Bruce           Ernst           BERNST     590.423.4568         21-MAY-91 IT_PROG          6000                       103 IT                                    103        1400                                                                                                   
           60         103 Alexander       Hunold          AHUNOLD    590.423.4567         03-JAN-90 IT_PROG          9000                       102 IT                                    103        1400                                                                                                   
           80         174 Ellen           Abel            EABEL      011.44.1644.429267   11-MAY-96 SA_REP          11000             .3        149 Sales                                 149        2500                                                                                                   
           80         149 Eleni           Zlotkey         EZLOTKEY   011.44.1344.429018   29-JAN-00 SA_MAN          10500             .2        100 Sales                                 149        2500                                                                                                   
           80         176 Jonathon        Taylor          JTAYLOR    011.44.1644.429265   24-MAR-98 SA_REP           8600             .3        149 Sales                                 149        2500                                                                                                   
           90         102 Lex             De Haan         LDEHAAN    515.123.4569         13-JAN-93 AD_VP           17000                       100 Executive                             100        1700                                                                                                   
           90         100 Steven          King            SKING      515.123.4567         17-JUL-87 AD_PRES         24000                           Executive                             100        1700                                                                                                   
           90         101 Neena           Kochhar         NKOCHHAR   515.123.4568         21-SEP-89 AD_VP           17000                       100 Executive                             100        1700                                                                                                   
          110         206 William         Gietz           WGIETZ     515.123.8181         07-JUN-94 AC_ACCOUNT       8300                       205 Accounting                            205        1700                                                                                                   
          110         205 Shelley         Higgins         SHIGGINS   515.123.8080         07-JUN-94 AC_MGR          12000                       101 Accounting                            205        1700                                                                                                   

19 rows selected.

SQL> SELECT DEPARTMENT_ID , FIRST_NAME , DEPARTMENT_NAME , MANAGER_ID
  2  FROM EMPLOYEES
  3  INNER JOIN DEPARTMENTS USING (DEPARTMENT_ID);
SELECT DEPARTMENT_ID , FIRST_NAME , DEPARTMENT_NAME , MANAGER_ID
                                                      *
ERROR at line 1:
ORA-00918: column ambiguously defined 


SQL> REM 1 WE CAN'T QUALIFY COMMON COLUMN FOR WHICH DUPLICATION IS REMOVED.
SQL> 
SQL> REM 2 WE MUST QUALIFY COMMON COLUMN FOR WHICH DUPLICATION IS KEPT.
SQL> 
SQL> REM 3 WE SHOULD QUALIFY UNCOMMON COLUMNS FOR 1 IMPROVING READABILITY OF COMMAND 2 IMPROVING PERFORMANCE OF COMMAND
SQL> 
SQL> SELECT DEPARTMENT_ID , FIRST_NAME , DEPARTMENT_NAME , EMPLOYEES.MANAGER_ID
  2  FROM EMPLOYEES
  3  INNER JOIN DEPARTMENTS USING (DEPARTMENT_ID);

DEPARTMENT_ID FIRST_NAME      DEPARTMENT_NAME                MANAGER_ID                                                                                                                                                                                                                                     
------------- --------------- ------------------------------ ----------                                                                                                                                                                                                                                     
           10 Jennifer        Administration                        101                                                                                                                                                                                                                                     
           20 Michael         Marketing                             100                                                                                                                                                                                                                                     
           20 Pat             Marketing                             201                                                                                                                                                                                                                                     
           50 Kevin           Shiping                               100                                                                                                                                                                                                                                     
           50 Peter           Shiping                               124                                                                                                                                                                                                                                     
           50 Randall         Shiping                               124                                                                                                                                                                                                                                     
           50 Curtis          Shiping                               124                                                                                                                                                                                                                                     
           50 Trenna          Shiping                               124                                                                                                                                                                                                                                     
           60 Diana           IT                                    103                                                                                                                                                                                                                                     
           60 Bruce           IT                                    103                                                                                                                                                                                                                                     
           60 Alexander       IT                                    102                                                                                                                                                                                                                                     
           80 Ellen           Sales                                 149                                                                                                                                                                                                                                     
           80 Eleni           Sales                                 100                                                                                                                                                                                                                                     
           80 Jonathon        Sales                                 149                                                                                                                                                                                                                                     
           90 Lex             Executive                             100                                                                                                                                                                                                                                     
           90 Steven          Executive                                                                                                                                                                                                                                                                     
           90 Neena           Executive                             100                                                                                                                                                                                                                                     
          110 William         Accounting                            205                                                                                                                                                                                                                                     
          110 Shelley         Accounting                            101                                                                                                                                                                                                                                     

19 rows selected.

SQL> SELECT DEPARTMENT_ID , FIRST_NAME , DEPARTMENT_NAME , E.MANAGER_ID
  2  FROM EMPLOYEES E
  3  INNER JOIN DEPARTMENTS USING (DEPARTMENT_ID);

DEPARTMENT_ID FIRST_NAME      DEPARTMENT_NAME                MANAGER_ID                                                                                                                                                                                                                                     
------------- --------------- ------------------------------ ----------                                                                                                                                                                                                                                     
           10 Jennifer        Administration                        101                                                                                                                                                                                                                                     
           20 Michael         Marketing                             100                                                                                                                                                                                                                                     
           20 Pat             Marketing                             201                                                                                                                                                                                                                                     
           50 Kevin           Shiping                               100                                                                                                                                                                                                                                     
           50 Peter           Shiping                               124                                                                                                                                                                                                                                     
           50 Randall         Shiping                               124                                                                                                                                                                                                                                     
           50 Curtis          Shiping                               124                                                                                                                                                                                                                                     
           50 Trenna          Shiping                               124                                                                                                                                                                                                                                     
           60 Diana           IT                                    103                                                                                                                                                                                                                                     
           60 Bruce           IT                                    103                                                                                                                                                                                                                                     
           60 Alexander       IT                                    102                                                                                                                                                                                                                                     
           80 Ellen           Sales                                 149                                                                                                                                                                                                                                     
           80 Eleni           Sales                                 100                                                                                                                                                                                                                                     
           80 Jonathon        Sales                                 149                                                                                                                                                                                                                                     
           90 Lex             Executive                             100                                                                                                                                                                                                                                     
           90 Steven          Executive                                                                                                                                                                                                                                                                     
           90 Neena           Executive                             100                                                                                                                                                                                                                                     
          110 William         Accounting                            205                                                                                                                                                                                                                                     
          110 Shelley         Accounting                            101                                                                                                                                                                                                                                     

19 rows selected.

SQL> REM HOW CAN WE QUALIFY : 1 TABLENAME. 2 TABLEALIAS.
SQL> 
SQL> REM IF WE USE TABLE ALIAS, WE MUST QUALIFY COLUMN WITH TABLE ALIAS ONLY.
SQL> 
SQL> SELECT DEPARTMENT_ID , FIRST_NAME , DEPARTMENT_NAME , E.MANAGER_ID
  2  FROM EMPLOYEES E
  3  
SQL> SELECT DEPARTMENT_ID , FIRST_NAME , DEPARTMENT_NAME , EMPLOYEES.MANAGER_ID
  2  FROM EMPLOYEES E
  3  SELECT DEPARTMENT_ID , FIRST_NAME , DEPARTMENT_NAME , EMPLOYEES.MANAGER_ID
  4  
SQL> SELECT DEPARTMENT_ID , FIRST_NAME , DEPARTMENT_NAME , EMPLOYEES.MANAGER_ID
  2  FROM EMPLOYEES E
  3  INNER JOIN DEPARTMENTS USING (DEPARTMENT_ID);
SELECT DEPARTMENT_ID , FIRST_NAME , DEPARTMENT_NAME , EMPLOYEES.MANAGER_ID
                                                      *
ERROR at line 1:
ORA-00904: "EMPLOYEES"."MANAGER_ID": invalid identifier 


SQL> SELECT DEPARTMENT_ID , FIRST_NAME , DEPARTMENT_NAME , E.MANAGER_ID , D.MANAGER_ID
  2  FROM EMPLOYEES E
  3  INNER JOIN DEPARTMENTS D USING (DEPARTMENT_ID);

DEPARTMENT_ID FIRST_NAME      DEPARTMENT_NAME                MANAGER_ID MANAGER_ID                                                                                                                                                                                                                          
------------- --------------- ------------------------------ ---------- ----------                                                                                                                                                                                                                          
           10 Jennifer        Administration                        101        200                                                                                                                                                                                                                          
           20 Michael         Marketing                             100        201                                                                                                                                                                                                                          
           20 Pat             Marketing                             201        201                                                                                                                                                                                                                          
           50 Kevin           Shiping                               100        124                                                                                                                                                                                                                          
           50 Peter           Shiping                               124        124                                                                                                                                                                                                                          
           50 Randall         Shiping                               124        124                                                                                                                                                                                                                          
           50 Curtis          Shiping                               124        124                                                                                                                                                                                                                          
           50 Trenna          Shiping                               124        124                                                                                                                                                                                                                          
           60 Diana           IT                                    103        103                                                                                                                                                                                                                          
           60 Bruce           IT                                    103        103                                                                                                                                                                                                                          
           60 Alexander       IT                                    102        103                                                                                                                                                                                                                          
           80 Ellen           Sales                                 149        149                                                                                                                                                                                                                          
           80 Eleni           Sales                                 100        149                                                                                                                                                                                                                          
           80 Jonathon        Sales                                 149        149                                                                                                                                                                                                                          
           90 Lex             Executive                             100        100                                                                                                                                                                                                                          
           90 Steven          Executive                                        100                                                                                                                                                                                                                          
           90 Neena           Executive                             100        100                                                                                                                                                                                                                          
          110 William         Accounting                            205        205                                                                                                                                                                                                                          
          110 Shelley         Accounting                            101        205                                                                                                                                                                                                                          

19 rows selected.

SQL> SELECT DEPARTMENT_ID , FIRST_NAME , DEPARTMENT_NAME , E.MANAGER_ID EMP_HEAD, D.MANAGER_ID DEPT_HEAD
  2  FROM EMPLOYEES E
  3  INNER JOIN DEPARTMENTS D USING (DEPARTMENT_ID);

DEPARTMENT_ID FIRST_NAME      DEPARTMENT_NAME                  EMP_HEAD  DEPT_HEAD                                                                                                                                                                                                                          
------------- --------------- ------------------------------ ---------- ----------                                                                                                                                                                                                                          
           10 Jennifer        Administration                        101        200                                                                                                                                                                                                                          
           20 Michael         Marketing                             100        201                                                                                                                                                                                                                          
           20 Pat             Marketing                             201        201                                                                                                                                                                                                                          
           50 Kevin           Shiping                               100        124                                                                                                                                                                                                                          
           50 Peter           Shiping                               124        124                                                                                                                                                                                                                          
           50 Randall         Shiping                               124        124                                                                                                                                                                                                                          
           50 Curtis          Shiping                               124        124                                                                                                                                                                                                                          
           50 Trenna          Shiping                               124        124                                                                                                                                                                                                                          
           60 Diana           IT                                    103        103                                                                                                                                                                                                                          
           60 Bruce           IT                                    103        103                                                                                                                                                                                                                          
           60 Alexander       IT                                    102        103                                                                                                                                                                                                                          
           80 Ellen           Sales                                 149        149                                                                                                                                                                                                                          
           80 Eleni           Sales                                 100        149                                                                                                                                                                                                                          
           80 Jonathon        Sales                                 149        149                                                                                                                                                                                                                          
           90 Lex             Executive                             100        100                                                                                                                                                                                                                          
           90 Steven          Executive                                        100                                                                                                                                                                                                                          
           90 Neena           Executive                             100        100                                                                                                                                                                                                                          
          110 William         Accounting                            205        205                                                                                                                                                                                                                          
          110 Shelley         Accounting                            101        205                                                                                                                                                                                                                          

19 rows selected.

SQL> SELECT E.DEPARTMENT_ID , FIRST_NAME , DEPARTMENT_NAME , E.MANAGER_ID EMP_HEAD, D.MANAGER_ID DEPT_HEAD
  2  FROM EMPLOYEES E
  3  INNER JOIN DEPARTMENTS D USING (DEPARTMENT_ID);
SELECT E.DEPARTMENT_ID , FIRST_NAME , DEPARTMENT_NAME , E.MANAGER_ID EMP_HEAD, D.MANAGER_ID DEPT_HEAD
       *
ERROR at line 1:
ORA-25154: column part of USING clause cannot have qualifier 


SQL> SELECT DEPARTMENT_ID , E.FIRST_NAME , D.DEPARTMENT_NAME , E.MANAGER_ID EMP_HEAD, D.MANAGER_ID DEPT_HEAD
  2  FROM EMPLOYEES E
  3  INNER JOIN DEPARTMENTS D USING (DEPARTMENT_ID);

DEPARTMENT_ID FIRST_NAME      DEPARTMENT_NAME                  EMP_HEAD  DEPT_HEAD                                                                                                                                                                                                                          
------------- --------------- ------------------------------ ---------- ----------                                                                                                                                                                                                                          
           10 Jennifer        Administration                        101        200                                                                                                                                                                                                                          
           20 Michael         Marketing                             100        201                                                                                                                                                                                                                          
           20 Pat             Marketing                             201        201                                                                                                                                                                                                                          
           50 Kevin           Shiping                               100        124                                                                                                                                                                                                                          
           50 Peter           Shiping                               124        124                                                                                                                                                                                                                          
           50 Randall         Shiping                               124        124                                                                                                                                                                                                                          
           50 Curtis          Shiping                               124        124                                                                                                                                                                                                                          
           50 Trenna          Shiping                               124        124                                                                                                                                                                                                                          
           60 Diana           IT                                    103        103                                                                                                                                                                                                                          
           60 Bruce           IT                                    103        103                                                                                                                                                                                                                          
           60 Alexander       IT                                    102        103                                                                                                                                                                                                                          
           80 Ellen           Sales                                 149        149                                                                                                                                                                                                                          
           80 Eleni           Sales                                 100        149                                                                                                                                                                                                                          
           80 Jonathon        Sales                                 149        149                                                                                                                                                                                                                          
           90 Lex             Executive                             100        100                                                                                                                                                                                                                          
           90 Steven          Executive                                        100                                                                                                                                                                                                                          
           90 Neena           Executive                             100        100                                                                                                                                                                                                                          
          110 William         Accounting                            205        205                                                                                                                                                                                                                          
          110 Shelley         Accounting                            101        205                                                                                                                                                                                                                          

19 rows selected.

SQL> SELECT * FROM DEPARTMENTS;

DEPARTMENT_ID DEPARTMENT_NAME                MANAGER_ID LOCATION_ID                                                                                                                                                                                                                                         
------------- ------------------------------ ---------- -----------                                                                                                                                                                                                                                         
           10 Administration                        200        1700                                                                                                                                                                                                                                         
           20 Marketing                             201        1800                                                                                                                                                                                                                                         
           50 Shiping                               124        1500                                                                                                                                                                                                                                         
           60 IT                                    103        1400                                                                                                                                                                                                                                         
           80 Sales                                 149        2500                                                                                                                                                                                                                                         
           90 Executive                             100        1700                                                                                                                                                                                                                                         
          110 Accounting                            205        1700                                                                                                                                                                                                                                         
          190 Contracting                                      1700                                                                                                                                                                                                                                         

8 rows selected.

SQL> SELECT * FROM LOCATIONS;

LOCATION_ID STREET_ADRESS                            POSTAL_CODE  CITY                           STATE_PROVINCE            CO                                                                                                                                                                               
----------- ---------------------------------------- ------------ ------------------------------ ------------------------- --                                                                                                                                                                               
       1400 2014 Jabberwocky Rd                      26192        Southlake                      Texas                     US                                                                                                                                                                               
       1500 2011 Interiors Blvd                      99236        South San Francisco            California                US                                                                                                                                                                               
       1700 2004 Charade Rd                          98199        Seattle                        Washington                US                                                                                                                                                                               
       1800 460 Bloor St. W.                         ON M5S 1X8   Toronto                        Ontario                   CA                                                                                                                                                                               
       2500 Magdalen Centre, The Oxford Science Park OX9 9ZB      Oxford                         Oxford                    UK                                                                                                                                                                               

SQL> SELECT * FROM COUNTRIES;

CO COUNTRY_NAME                              REGION_ID                                                                                                                                                                                                                                                      
-- ---------------------------------------- ----------                                                                                                                                                                                                                                                      
CA Canada                                            2                                                                                                                                                                                                                                                      
DE Germany                                           1                                                                                                                                                                                                                                                      
UK United Kingdom                                    1                                                                                                                                                                                                                                                      
US United States of America                          2                                                                                                                                                                                                                                                      

SQL> SELECT * FROM REGIONS;

 REGION_ID REGION_NAME                                                                                                                                                                                                                                                                                      
---------- -------------------------                                                                                                                                                                                                                                                                        
         1 Europe                                                                                                                                                                                                                                                                                           
         2 Americas                                                                                                                                                                                                                                                                                         
         3 Asia                                                                                                                                                                                                                                                                                             
         4 Middle East and Africa                                                                                                                                                                                                                                                                           

SQL> REM 1 DEPARTMENT_NAME , LOCATION_ID , CITY
SQL> REM 2 STATE_PROVINCE , COUNTRY_ID , COUNTRY_NAME , REGION_ID
SQL> REM 3 CITY , COUNTRY_ID , REGION_ID , REGION_NAME
SQL> REM 4 LAST_NAME , DEPARTMENT_ID , DEPARTMENT_NAME
SQL> REM 5 FIRST_NAME , MANAGER_ID , DEPARTMENT_NAME
SQL> 
SQL> 
SQL> 
SQL> REM 1 DEPARTMENT_NAME , LOCATION_ID , CITY
SQL> 
SQL> SELECT DEPARTMENT_NAME , LOCATION_ID , CITY
  2  FROM DEPARTMENTS
  3  INNER JOIN LOCATIONS USING (LOCATION_ID);

DEPARTMENT_NAME                LOCATION_ID CITY                                                                                                                                                                                                                                                             
------------------------------ ----------- ------------------------------                                                                                                                                                                                                                                   
Administration                        1700 Seattle                                                                                                                                                                                                                                                          
Marketing                             1800 Toronto                                                                                                                                                                                                                                                          
Shiping                               1500 South San Francisco                                                                                                                                                                                                                                              
IT                                    1400 Southlake                                                                                                                                                                                                                                                        
Sales                                 2500 Oxford                                                                                                                                                                                                                                                           
Executive                             1700 Seattle                                                                                                                                                                                                                                                          
Accounting                            1700 Seattle                                                                                                                                                                                                                                                          
Contracting                           1700 Seattle                                                                                                                                                                                                                                                          

8 rows selected.

SQL> REM 2 STATE_PROVINCE , COUNTRY_ID , COUNTRY_NAME , REGION_ID
SQL> 
SQL> SELECT STATE_PROVINCE , COUNTRY_ID , COUNTRY_NAME , REGION_ID
  2  FROM LOCATIONS
  3  JOIN COUNTRIES USING (COUNTRY_ID)
  4  JOIN REGIONS   USING (REGION_ID);

STATE_PROVINCE            CO COUNTRY_NAME                              REGION_ID                                                                                                                                                                                                                            
------------------------- -- ---------------------------------------- ----------                                                                                                                                                                                                                            
Texas                     US United States of America                          2                                                                                                                                                                                                                            
California                US United States of America                          2                                                                                                                                                                                                                            
Washington                US United States of America                          2                                                                                                                                                                                                                            
Ontario                   CA Canada                                            2                                                                                                                                                                                                                            
Oxford                    UK United Kingdom                                    1                                                                                                                                                                                                                            

SQL> REM 3 CITY , COUNTRY_ID , REGION_ID , REGION_NAME
SQL> 
SQL> SELECT CITY , COUNTRY_ID , REGION_ID , REGION_NAME
  2  FROM LOCATIONS
  3  JOIN COUNTRIES USING (COUNTRY_ID)
  4  JOIN REGIONS   USING (REGION_ID);

CITY                           CO  REGION_ID REGION_NAME                                                                                                                                                                                                                                                    
------------------------------ -- ---------- -------------------------                                                                                                                                                                                                                                      
Southlake                      US          2 Americas                                                                                                                                                                                                                                                       
South San Francisco            US          2 Americas                                                                                                                                                                                                                                                       
Seattle                        US          2 Americas                                                                                                                                                                                                                                                       
Toronto                        CA          2 Americas                                                                                                                                                                                                                                                       
Oxford                         UK          1 Europe                                                                                                                                                                                                                                                         

SQL> REM 4 LAST_NAME , DEPARTMENT_ID , DEPARTMENT_NAME
SQL> 
SQL> SELECT LAST_NAME , DEPARTMENT_ID , DEPARTMENT_NAME
  2  FROM EMPLOYEES
  3  JOIN DEPARTMENTS USING (DEPARTMENT_ID);

LAST_NAME       DEPARTMENT_ID DEPARTMENT_NAME                                                                                                                                                                                                                                                               
--------------- ------------- ------------------------------                                                                                                                                                                                                                                                
Whalen                     10 Administration                                                                                                                                                                                                                                                                
Hartstein                  20 Marketing                                                                                                                                                                                                                                                                     
Fay                        20 Marketing                                                                                                                                                                                                                                                                     
Mourgos                    50 Shiping                                                                                                                                                                                                                                                                       
Vargas                     50 Shiping                                                                                                                                                                                                                                                                       
Matos                      50 Shiping                                                                                                                                                                                                                                                                       
Davies                     50 Shiping                                                                                                                                                                                                                                                                       
Rajs                       50 Shiping                                                                                                                                                                                                                                                                       
Lorentz                    60 IT                                                                                                                                                                                                                                                                            
Ernst                      60 IT                                                                                                                                                                                                                                                                            
Hunold                     60 IT                                                                                                                                                                                                                                                                            
Abel                       80 Sales                                                                                                                                                                                                                                                                         
Zlotkey                    80 Sales                                                                                                                                                                                                                                                                         
Taylor                     80 Sales                                                                                                                                                                                                                                                                         
De Haan                    90 Executive                                                                                                                                                                                                                                                                     
King                       90 Executive                                                                                                                                                                                                                                                                     
Kochhar                    90 Executive                                                                                                                                                                                                                                                                     
Gietz                     110 Accounting                                                                                                                                                                                                                                                                    
Higgins                   110 Accounting                                                                                                                                                                                                                                                                    

19 rows selected.

SQL> REM 5 FIRST_NAME , MANAGER_ID , DEPARTMENT_NAME
SQL> 
SQL> SELECT FIRST_NAME , MANAGER_ID , DEPARTMENT_NAME
  2  FROM EMPLOYEES
  3  JOIN DEPARTMENTS USING (DEPARTMENT_ID)
  4  
SQL> SELECT FIRST_NAME , E.MANAGER_ID EMP_MGR , D.MANAGER_ID DEPT_MGR, DEPARTMENT_NAME
  2  FROM EMPLOYEES
  3  JOIN DEPARTMENTS USING (DEPARTMENT_ID)
  4  ;
SELECT FIRST_NAME , E.MANAGER_ID EMP_MGR , D.MANAGER_ID DEPT_MGR, DEPARTMENT_NAME
                                           *
ERROR at line 1:
ORA-00904: "D"."MANAGER_ID": invalid identifier 


SQL> SELECT FIRST_NAME , E.MANAGER_ID EMP_MGR , D.MANAGER_ID DEPT_MGR, DEPARTMENT_NAME
  2  FROM EMPLOYEES D
  3  JOIN DEPARTMENTS D USING (DEPARTMENT_ID);
SELECT FIRST_NAME , E.MANAGER_ID EMP_MGR , D.MANAGER_ID DEPT_MGR, DEPARTMENT_NAME
                                           *
ERROR at line 1:
ORA-00918: column ambiguously defined 


SQL> 
SQL> SELECT FIRST_NAME , E.MANAGER_ID EMP_MGR , D.MANAGER_ID DEPT_MGR, DEPARTMENT_NAME
  2  FROM EMPLOYEES E
  3  JOIN DEPARTMENTS D USING (DEPARTMENT_ID);

FIRST_NAME         EMP_MGR   DEPT_MGR DEPARTMENT_NAME                                                                                                                                                                                                                                                       
--------------- ---------- ---------- ------------------------------                                                                                                                                                                                                                                        
Jennifer               101        200 Administration                                                                                                                                                                                                                                                        
Michael                100        201 Marketing                                                                                                                                                                                                                                                             
Pat                    201        201 Marketing                                                                                                                                                                                                                                                             
Kevin                  100        124 Shiping                                                                                                                                                                                                                                                               
Peter                  124        124 Shiping                                                                                                                                                                                                                                                               
Randall                124        124 Shiping                                                                                                                                                                                                                                                               
Curtis                 124        124 Shiping                                                                                                                                                                                                                                                               
Trenna                 124        124 Shiping                                                                                                                                                                                                                                                               
Diana                  103        103 IT                                                                                                                                                                                                                                                                    
Bruce                  103        103 IT                                                                                                                                                                                                                                                                    
Alexander              102        103 IT                                                                                                                                                                                                                                                                    
Ellen                  149        149 Sales                                                                                                                                                                                                                                                                 
Eleni                  100        149 Sales                                                                                                                                                                                                                                                                 
Jonathon               149        149 Sales                                                                                                                                                                                                                                                                 
Lex                    100        100 Executive                                                                                                                                                                                                                                                             
Steven                            100 Executive                                                                                                                                                                                                                                                             
Neena                  100        100 Executive                                                                                                                                                                                                                                                             
William                205        205 Accounting                                                                                                                                                                                                                                                            
Shelley                101        205 Accounting                                                                                                                                                                                                                                                            

19 rows selected.

SQL> SELECT * FROM DEPARTMENTS;

DEPARTMENT_ID DEPARTMENT_NAME                MANAGER_ID LOCATION_ID                                                                                                                                                                                                                                         
------------- ------------------------------ ---------- -----------                                                                                                                                                                                                                                         
           10 Administration                        200        1700                                                                                                                                                                                                                                         
           20 Marketing                             201        1800                                                                                                                                                                                                                                         
           50 Shiping                               124        1500                                                                                                                                                                                                                                         
           60 IT                                    103        1400                                                                                                                                                                                                                                         
           80 Sales                                 149        2500                                                                                                                                                                                                                                         
           90 Executive                             100        1700                                                                                                                                                                                                                                         
          110 Accounting                            205        1700                                                                                                                                                                                                                                         
          190 Contracting                                      1700                                                                                                                                                                                                                                         

8 rows selected.

SQL> SELECT * FROM LOCATIONS;

LOCATION_ID STREET_ADRESS                            POSTAL_CODE  CITY                           STATE_PROVINCE            CO                                                                                                                                                                               
----------- ---------------------------------------- ------------ ------------------------------ ------------------------- --                                                                                                                                                                               
       1400 2014 Jabberwocky Rd                      26192        Southlake                      Texas                     US                                                                                                                                                                               
       1500 2011 Interiors Blvd                      99236        South San Francisco            California                US                                                                                                                                                                               
       1700 2004 Charade Rd                          98199        Seattle                        Washington                US                                                                                                                                                                               
       1800 460 Bloor St. W.                         ON M5S 1X8   Toronto                        Ontario                   CA                                                                                                                                                                               
       2500 Magdalen Centre, The Oxford Science Park OX9 9ZB      Oxford                         Oxford                    UK                                                                                                                                                                               

SQL> SELECT * FROM COUNTRIES;

CO COUNTRY_NAME                              REGION_ID                                                                                                                                                                                                                                                      
-- ---------------------------------------- ----------                                                                                                                                                                                                                                                      
CA Canada                                            2                                                                                                                                                                                                                                                      
DE Germany                                           1                                                                                                                                                                                                                                                      
UK United Kingdom                                    1                                                                                                                                                                                                                                                      
US United States of America                          2                                                                                                                                                                                                                                                      

SQL> SELECT * FROM REGIONS;

 REGION_ID REGION_NAME                                                                                                                                                                                                                                                                                      
---------- -------------------------                                                                                                                                                                                                                                                                        
         1 Europe                                                                                                                                                                                                                                                                                           
         2 Americas                                                                                                                                                                                                                                                                                         
         3 Asia                                                                                                                                                                                                                                                                                             
         4 Middle East and Africa                                                                                                                                                                                                                                                                           

SQL> REM 1 DEPARTMENT_NAME , CITY
SQL> 
SQL> REM 2 STATE_PROVINCE , COUNTRY_ID , REGION_NAME
SQL> 
SQL> reM 1 DEPARTMENT_NAME , CITY
SQL> 
SQL> SELECT DEPARTMENT_NAME , CITY
  2  FROM DEPARTMENTS
  3  JOIN LOCATIONS USING (LOCATION_ID);

DEPARTMENT_NAME                CITY                                                                                                                                                                                                                                                                         
------------------------------ ------------------------------                                                                                                                                                                                                                                               
Administration                 Seattle                                                                                                                                                                                                                                                                      
Marketing                      Toronto                                                                                                                                                                                                                                                                      
Shiping                        South San Francisco                                                                                                                                                                                                                                                          
IT                             Southlake                                                                                                                                                                                                                                                                    
Sales                          Oxford                                                                                                                                                                                                                                                                       
Executive                      Seattle                                                                                                                                                                                                                                                                      
Accounting                     Seattle                                                                                                                                                                                                                                                                      
Contracting                    Seattle                                                                                                                                                                                                                                                                      

8 rows selected.

SQL> REM 2 STATE_PROVINCE , COUNTRY_ID , REGION_NAME
SQL> 
SQL> SELECT STATE_PROVINCE , COUNTRY_ID , REGION_NAME
  2  FROM LOCATIONS
  3  JOIN COUNTRIES USING (COUNTRY_ID)
  4  JOIN REGIONS   USING (REGION_ID);

STATE_PROVINCE            CO REGION_NAME                                                                                                                                                                                                                                                                    
------------------------- -- -------------------------                                                                                                                                                                                                                                                      
Texas                     US Americas                                                                                                                                                                                                                                                                       
California                US Americas                                                                                                                                                                                                                                                                       
Washington                US Americas                                                                                                                                                                                                                                                                       
Ontario                   CA Americas                                                                                                                                                                                                                                                                       
Oxford                    UK Europe                                                                                                                                                                                                                                                                         

SQL> REM FIRST_NAME , DEPARTMENT_NAME , DEPARTMENT_ID , MANAGER_ID
SQL> 
SQL> SELECT FIRST_NAME , DEPARTMENT_NAME , DEPARTMENT_ID , MANAGER_ID
  2  FROM EMPLOYEES E
  3  JOIN DEPARTMENTS D USING (DEPARTMENT_ID);
SELECT FIRST_NAME , DEPARTMENT_NAME , DEPARTMENT_ID , MANAGER_ID
                                                      *
ERROR at line 1:
ORA-00918: column ambiguously defined 


SQL> SELECT FIRST_NAME , DEPARTMENT_NAME , DEPARTMENT_ID , E.MANAGER_ID EMP_HEAD , D.MANAGER_ID DEPT_HEAD
  2  FROM EMPLOYEES E
  3  JOIN DEPARTMENTS D USING (DEPARTMENT_ID);

FIRST_NAME      DEPARTMENT_NAME                DEPARTMENT_ID   EMP_HEAD  DEPT_HEAD                                                                                                                                                                                                                          
--------------- ------------------------------ ------------- ---------- ----------                                                                                                                                                                                                                          
Jennifer        Administration                            10        101        200                                                                                                                                                                                                                          
Michael         Marketing                                 20        100        201                                                                                                                                                                                                                          
Pat             Marketing                                 20        201        201                                                                                                                                                                                                                          
Kevin           Shiping                                   50        100        124                                                                                                                                                                                                                          
Peter           Shiping                                   50        124        124                                                                                                                                                                                                                          
Randall         Shiping                                   50        124        124                                                                                                                                                                                                                          
Curtis          Shiping                                   50        124        124                                                                                                                                                                                                                          
Trenna          Shiping                                   50        124        124                                                                                                                                                                                                                          
Diana           IT                                        60        103        103                                                                                                                                                                                                                          
Bruce           IT                                        60        103        103                                                                                                                                                                                                                          
Alexander       IT                                        60        102        103                                                                                                                                                                                                                          
Ellen           Sales                                     80        149        149                                                                                                                                                                                                                          
Eleni           Sales                                     80        100        149                                                                                                                                                                                                                          
Jonathon        Sales                                     80        149        149                                                                                                                                                                                                                          
Lex             Executive                                 90        100        100                                                                                                                                                                                                                          
Steven          Executive                                 90                   100                                                                                                                                                                                                                          
Neena           Executive                                 90        100        100                                                                                                                                                                                                                          
William         Accounting                               110        205        205                                                                                                                                                                                                                          
Shelley         Accounting                               110        101        205                                                                                                                                                                                                                          

19 rows selected.

SQL> REM 1 FIRST_NAME , DEPARTMENT_NAME, DEPARTMENT_ID , LOCATION_ID , MANAGER_ID , COUNTRY_ID , REGION_ID , REGION_NAME
SQL> 
SQL> 
SQL> 
SQL> REM EMPLOYEES     DEPARTMENTS    LOCATIONS     COUNTRIES     REGIONS
SQL> 
SQL> REM     DEPARTMENT_ID     LOCATION_ID   COUNTRY_ID    REGION_ID : ALL 3 PRE-REQUISITES ARE FUL-FILLED : NOT TO QUALIFY
SQL> 
SQL> REM      MANAGER_ID  : MEANINGS ARE DIFFERENT , SO WE MUST QUALIFY IT.
SQL> 
SQL> 
SQL> SELECT FIRST_NAME , DEPARTMENT_NAME, DEPARTMENT_ID , LOCATION_ID , E.MANAGER_ID EMP_HEAD , D.MANAGER_ID DEPT_HEAD, COUNTRY_ID , REGION_ID , REGION_NAME
  2  FROM EMPLOYEES
  3  JOIN DEPARTMENTS USING (DEPARTMENT_ID)
  4  JOIN LOCATIONS   USING (LOCATION_ID)
  5  JOIN COUNTRIES   USING (COUNTRY_ID)
  6  JOIN REGIONS     USING (REGION_ID);
SELECT FIRST_NAME , DEPARTMENT_NAME, DEPARTMENT_ID , LOCATION_ID , E.MANAGER_ID EMP_HEAD , D.MANAGER_ID DEPT_HEAD, COUNTRY_ID , REGION_ID , REGION_NAME
                                                                                           *
ERROR at line 1:
ORA-00904: "D"."MANAGER_ID": invalid identifier 


SQL> 
SQL> 
SQL> SELECT FIRST_NAME , DEPARTMENT_NAME, DEPARTMENT_ID , LOCATION_ID , E.MANAGER_ID EMP_HEAD , D.MANAGER_ID DEPT_HEAD, COUNTRY_ID , REGION_ID , REGION_NAME
  2  FROM EMPLOYEES D
  3  
SQL> SELECT FIRST_NAME , DEPARTMENT_NAME, DEPARTMENT_ID , LOCATION_ID , E.MANAGER_ID EMP_HEAD , D.MANAGER_ID DEPT_HEAD, COUNTRY_ID , REGION_ID , REGION_NAME
  2  FROM EMPLOYEES E
  3  JOIN DEPARTMENTS E USING (DEPARTMENT_ID)
  4  
SQL> SELECT FIRST_NAME , DEPARTMENT_NAME, DEPARTMENT_ID , LOCATION_ID , E.MANAGER_ID EMP_HEAD , D.MANAGER_ID DEPT_HEAD, COUNTRY_ID , REGION_ID , REGION_NAME
  2  FROM EMPLOYEES E
  3  JOIN DEPARTMENTS D USING (DEPARTMENT_ID)
  4  JOIN LOCATIONS   USING (LOCATION_ID)
  5  JOIN COUNTRIES   USING (COUNTRY_ID)
  6  JOIN REGIONS     USING (REGION_ID);

FIRST_NAME      DEPARTMENT_NAME                DEPARTMENT_ID LOCATION_ID   EMP_HEAD  DEPT_HEAD CO  REGION_ID REGION_NAME                                                                                                                                                                                    
--------------- ------------------------------ ------------- ----------- ---------- ---------- -- ---------- -------------------------                                                                                                                                                                      
Ellen           Sales                                     80        2500        149        149 UK          1 Europe                                                                                                                                                                                         
Eleni           Sales                                     80        2500        100        149 UK          1 Europe                                                                                                                                                                                         
Jonathon        Sales                                     80        2500        149        149 UK          1 Europe                                                                                                                                                                                         
Michael         Marketing                                 20        1800        100        201 CA          2 Americas                                                                                                                                                                                       
Pat             Marketing                                 20        1800        201        201 CA          2 Americas                                                                                                                                                                                       
Diana           IT                                        60        1400        103        103 US          2 Americas                                                                                                                                                                                       
Bruce           IT                                        60        1400        103        103 US          2 Americas                                                                                                                                                                                       
Alexander       IT                                        60        1400        102        103 US          2 Americas                                                                                                                                                                                       
Kevin           Shiping                                   50        1500        100        124 US          2 Americas                                                                                                                                                                                       
Peter           Shiping                                   50        1500        124        124 US          2 Americas                                                                                                                                                                                       
Randall         Shiping                                   50        1500        124        124 US          2 Americas                                                                                                                                                                                       
Curtis          Shiping                                   50        1500        124        124 US          2 Americas                                                                                                                                                                                       
Trenna          Shiping                                   50        1500        124        124 US          2 Americas                                                                                                                                                                                       
Jennifer        Administration                            10        1700        101        200 US          2 Americas                                                                                                                                                                                       
Lex             Executive                                 90        1700        100        100 US          2 Americas                                                                                                                                                                                       
Steven          Executive                                 90        1700                   100 US          2 Americas                                                                                                                                                                                       
Neena           Executive                                 90        1700        100        100 US          2 Americas                                                                                                                                                                                       
William         Accounting                               110        1700        205        205 US          2 Americas                                                                                                                                                                                       
Shelley         Accounting                               110        1700        101        205 US          2 Americas                                                                                                                                                                                       

19 rows selected.

SQL> 
SQL> 
SQL> REM HY-BRID JOIN : WHEN WE USE MULTIPLE TYPES OF JOINS IN SINGLE COMMAND.
SQL> 
SQL> REM DEPARTMENT_NAME , CITY , COUNTRY_NAME
SQL> 
SQL> SELECT DEPARTMENT_NAME , CITY , COUNTRY_NAME
  2  FROM DEPARTMENTS
  3  NATURAL JOIN LOCATIONS
  4  JOIN COUNTRIES USING (COUNTRY_ID);

DEPARTMENT_NAME                CITY                           COUNTRY_NAME                                                                                                                                                                                                                                  
------------------------------ ------------------------------ ----------------------------------------                                                                                                                                                                                                      
Administration                 Seattle                        United States of America                                                                                                                                                                                                                      
Marketing                      Toronto                        Canada                                                                                                                                                                                                                                        
Shiping                        South San Francisco            United States of America                                                                                                                                                                                                                      
IT                             Southlake                      United States of America                                                                                                                                                                                                                      
Sales                          Oxford                         United Kingdom                                                                                                                                                                                                                                
Executive                      Seattle                        United States of America                                                                                                                                                                                                                      
Accounting                     Seattle                        United States of America                                                                                                                                                                                                                      
Contracting                    Seattle                        United States of America                                                                                                                                                                                                                      

8 rows selected.

SQL> SELECT DEPARTMENT_NAME , CITY , COUNTRY_NAME
  2  FROM DEPARTMENTS
  3  JOIN LOCATIONS USING (LOCATION_ID)
  4  NATURAL JOIN COUNTRIES;

DEPARTMENT_NAME                CITY                           COUNTRY_NAME                                                                                                                                                                                                                                  
------------------------------ ------------------------------ ----------------------------------------                                                                                                                                                                                                      
Administration                 Seattle                        Canada                                                                                                                                                                                                                                        
Administration                 Seattle                        Germany                                                                                                                                                                                                                                       
Administration                 Seattle                        United Kingdom                                                                                                                                                                                                                                
Administration                 Seattle                        United States of America                                                                                                                                                                                                                      
Marketing                      Toronto                        Canada                                                                                                                                                                                                                                        
Marketing                      Toronto                        Germany                                                                                                                                                                                                                                       
Marketing                      Toronto                        United Kingdom                                                                                                                                                                                                                                
Marketing                      Toronto                        United States of America                                                                                                                                                                                                                      
Shiping                        South San Francisco            Canada                                                                                                                                                                                                                                        
Shiping                        South San Francisco            Germany                                                                                                                                                                                                                                       
Shiping                        South San Francisco            United Kingdom                                                                                                                                                                                                                                
Shiping                        South San Francisco            United States of America                                                                                                                                                                                                                      
IT                             Southlake                      Canada                                                                                                                                                                                                                                        
IT                             Southlake                      Germany                                                                                                                                                                                                                                       
IT                             Southlake                      United Kingdom                                                                                                                                                                                                                                
IT                             Southlake                      United States of America                                                                                                                                                                                                                      
Sales                          Oxford                         Canada                                                                                                                                                                                                                                        
Sales                          Oxford                         Germany                                                                                                                                                                                                                                       
Sales                          Oxford                         United Kingdom                                                                                                                                                                                                                                
Sales                          Oxford                         United States of America                                                                                                                                                                                                                      
Executive                      Seattle                        Canada                                                                                                                                                                                                                                        

DEPARTMENT_NAME                CITY                           COUNTRY_NAME                                                                                                                                                                                                                                  
------------------------------ ------------------------------ ----------------------------------------                                                                                                                                                                                                      
Executive                      Seattle                        Germany                                                                                                                                                                                                                                       
Executive                      Seattle                        United Kingdom                                                                                                                                                                                                                                
Executive                      Seattle                        United States of America                                                                                                                                                                                                                      
Accounting                     Seattle                        Canada                                                                                                                                                                                                                                        
Accounting                     Seattle                        Germany                                                                                                                                                                                                                                       
Accounting                     Seattle                        United Kingdom                                                                                                                                                                                                                                
Accounting                     Seattle                        United States of America                                                                                                                                                                                                                      
Contracting                    Seattle                        Canada                                                                                                                                                                                                                                        
Contracting                    Seattle                        Germany                                                                                                                                                                                                                                       
Contracting                    Seattle                        United Kingdom                                                                                                                                                                                                                                
Contracting                    Seattle                        United States of America                                                                                                                                                                                                                      

32 rows selected.

SQL> SELECT DEPARTMENT_NAME , CITY , COUNTRY_NAME , COUNTRY_ID
  2  FROM DEPARTMENTS
  3  JOIN LOCATIONS USING (LOCATION_ID)
  4  NATURAL JOIN COUNTRIES;

DEPARTMENT_NAME                CITY                           COUNTRY_NAME                             CO                                                                                                                                                                                                   
------------------------------ ------------------------------ ---------------------------------------- --                                                                                                                                                                                                   
Administration                 Seattle                        United States of America                 US                                                                                                                                                                                                   
Marketing                      Toronto                        Canada                                   CA                                                                                                                                                                                                   
Shiping                        South San Francisco            United States of America                 US                                                                                                                                                                                                   
IT                             Southlake                      United States of America                 US                                                                                                                                                                                                   
Sales                          Oxford                         United Kingdom                           UK                                                                                                                                                                                                   
Executive                      Seattle                        United States of America                 US                                                                                                                                                                                                   
Accounting                     Seattle                        United States of America                 US                                                                                                                                                                                                   
Contracting                    Seattle                        United States of America                 US                                                                                                                                                                                                   

8 rows selected.

SQL> SELECT DEPARTMENT_NAME , CITY , COUNTRY_NAME || CASE WHEN COUNTRY_ID IS NOT NULL THEN NULL END COUNTRY_NAME
  2  FROM DEPARTMENTS
  3  JOIN LOCATIONS USING (LOCATION_ID)
  4  NATURAL JOIN COUNTRIES;

DEPARTMENT_NAME                CITY                           COUNTRY_NAME                                                                                                                                                                                                                                  
------------------------------ ------------------------------ ----------------------------------------                                                                                                                                                                                                      
Administration                 Seattle                        United States of America                                                                                                                                                                                                                      
Marketing                      Toronto                        Canada                                                                                                                                                                                                                                        
Shiping                        South San Francisco            United States of America                                                                                                                                                                                                                      
IT                             Southlake                      United States of America                                                                                                                                                                                                                      
Sales                          Oxford                         United Kingdom                                                                                                                                                                                                                                
Executive                      Seattle                        United States of America                                                                                                                                                                                                                      
Accounting                     Seattle                        United States of America                                                                                                                                                                                                                      
Contracting                    Seattle                        United States of America                                                                                                                                                                                                                      

8 rows selected.

SQL> SELECT * FROM LOCATIONS;

LOCATION_ID STREET_ADRESS                            POSTAL_CODE  CITY                           STATE_PROVINCE            CO                                                                                                                                                                               
----------- ---------------------------------------- ------------ ------------------------------ ------------------------- --                                                                                                                                                                               
       1400 2014 Jabberwocky Rd                      26192        Southlake                      Texas                     US                                                                                                                                                                               
       1500 2011 Interiors Blvd                      99236        South San Francisco            California                US                                                                                                                                                                               
       1700 2004 Charade Rd                          98199        Seattle                        Washington                US                                                                                                                                                                               
       1800 460 Bloor St. W.                         ON M5S 1X8   Toronto                        Ontario                   CA                                                                                                                                                                               
       2500 Magdalen Centre, The Oxford Science Park OX9 9ZB      Oxford                         Oxford                    UK                                                                                                                                                                               

SQL> SELECT * FROM COUNTRIES;

CO COUNTRY_NAME                              REGION_ID                                                                                                                                                                                                                                                      
-- ---------------------------------------- ----------                                                                                                                                                                                                                                                      
CA Canada                                            2                                                                                                                                                                                                                                                      
DE Germany                                           1                                                                                                                                                                                                                                                      
UK United Kingdom                                    1                                                                                                                                                                                                                                                      
US United States of America                          2                                                                                                                                                                                                                                                      

SQL> SELECT * FROM REGIONS;

 REGION_ID REGION_NAME                                                                                                                                                                                                                                                                                      
---------- -------------------------                                                                                                                                                                                                                                                                        
         1 Europe                                                                                                                                                                                                                                                                                           
         2 Americas                                                                                                                                                                                                                                                                                         
         3 Asia                                                                                                                                                                                                                                                                                             
         4 Middle East and Africa                                                                                                                                                                                                                                                                           

SQL> REM CITY , COUNTRY_NAME , REGION_NAME
SQL> 
SQL> REM 1 NJ + IJ    2 IJ + NJ
SQL> 
SQL> SELECT CITY , COUNTRY_NAME , REGION_NAME
  2  FROM LOCATIONS
  3  NATURAL JOIN COUNTRIES
  4  JOIN COUNTRIES USING (COUNTRY_ID);
SELECT CITY , COUNTRY_NAME , REGION_NAME
                             *
ERROR at line 1:
ORA-00904: "REGION_NAME": invalid identifier 


SQL> 
SQL> 
SQL> SELECT CITY , COUNTRY_NAME , REGION_NAME
  2  FROM LOCATIONS
  3  NATURAL JOIN COUNTRIES
  4  JOIN REGIONS USING (REGION_ID);

CITY                           COUNTRY_NAME                             REGION_NAME                                                                                                                                                                                                                         
------------------------------ ---------------------------------------- -------------------------                                                                                                                                                                                                           
Southlake                      United States of America                 Americas                                                                                                                                                                                                                            
South San Francisco            United States of America                 Americas                                                                                                                                                                                                                            
Seattle                        United States of America                 Americas                                                                                                                                                                                                                            
Toronto                        Canada                                   Americas                                                                                                                                                                                                                            
Oxford                         United Kingdom                           Europe                                                                                                                                                                                                                              

SQL> SELECT CITY , COUNTRY_NAME , REGION_NAME , REGION_ID
  2  FROM LOCATIONS
  3  JOIN COUNTRIES USING (COUNTRY_ID)
  4  NATURAL JOIN REGIONS;

CITY                           COUNTRY_NAME                             REGION_NAME                REGION_ID                                                                                                                                                                                                
------------------------------ ---------------------------------------- ------------------------- ----------                                                                                                                                                                                                
Southlake                      United States of America                 Americas                           2                                                                                                                                                                                                
South San Francisco            United States of America                 Americas                           2                                                                                                                                                                                                
Seattle                        United States of America                 Americas                           2                                                                                                                                                                                                
Toronto                        Canada                                   Americas                           2                                                                                                                                                                                                
Oxford                         United Kingdom                           Europe                             1                                                                                                                                                                                                

SQL> SELECT CITY , COUNTRY_NAME , REGION_NAME || CASE WHEN REGION_ID IS NULL THEN NULL END REGION_NAME
  2  FROM LOCATIONS
  3  JOIN COUNTRIES USING (COUNTRY_ID)
  4  NATURAL JOIN REGIONS;

CITY                           COUNTRY_NAME                             REGION_NAME                                                                                                                                                                                                                         
------------------------------ ---------------------------------------- -------------------------                                                                                                                                                                                                           
Southlake                      United States of America                 Americas                                                                                                                                                                                                                            
South San Francisco            United States of America                 Americas                                                                                                                                                                                                                            
Seattle                        United States of America                 Americas                                                                                                                                                                                                                            
Toronto                        Canada                                   Americas                                                                                                                                                                                                                            
Oxford                         United Kingdom                           Europe                                                                                                                                                                                                                              

SQL> SPOOL OFF
