SQL> 
SQL> CL SCR

SQL> REM SUB QUERY : IT IS SELECT STATEMENT WITHIN ANOTHER STATEMENT.
SQL> 
SQL> REM OUTER - INNER
SQL> 
SQL> REM PARENT - CHILD
SQL> 
SQL> REM MAIN - SUB
SQL> 
SQL> REM INNER STATEMENT IS GENERALLY SELECT  ONLY, BUT OUTER STATEMENT MAY BE SELECT , CREATE , INSERT , UPDATE , DELETE ...
SQL> 
SQL> REM WHEN WE USE SUB QUERY, IT GETS EXECUTED FIRST. IT'S RESULT IS NOT DISPLAYED ON SCREEN, BUT IS USED BY MAIN STATEMENT.
SQL> 
SQL> REM OUTER STATEMENT USES THE RESULT OF INNER STATEMENT AND DISPLAYS IT'S RESULT ON SCREEN.
SQL> 
SQL> 
SQL> 
SQL> 
SQL> REM SUB QUERY CAN BE USED IN BELOW 4 CASES :
SQL> 
SQL> REM 1 IF WE WANT TO COMPARE SUMMARY ITEM IN 'WHERE' CLAUSE.
SQL> 
SQL> REM 2 IF OUR QUERY/QUESTION HAS SOME HIDDEN QUESTION.
SQL> 
SQL> REM 3 IF WE WANT TO COMPARE NESTED SUMMARY ITEM IN 'HAVING' CLAUSE.
SQL> 
SQL> REM 4 IF WE WANT TO USE RESULT OF SUB QUERY AS ONE OF THE TABLE OF MAIN QUERY.
SQL> 
SQL> 
SQL> 
SQL> 
SQL> REM 1 IF WE WANT TO COMPARE SUMMARY ITEM IN 'WHERE' CLAUSE.
SQL> 
SQL> REM SELECT SYNTAX : SELECT ... FROM ... WHERE ... GROUP BY ... | HAVING ... ORDER BY ... OFFSET ... FETCH ...;
SQL> 
SQL> REM EXECUTION PRECEDENCE : FROM ... WHERE ... GROUP BY ... HAVING ... COLUMN ALIAS ATTACHMENT ... ORDER BY ... OFFSET ... FETCH ... SELECT ...;
SQL> 
SQL> 
SQL> REM DISPLAY INFO. ABOUT EMPLOYEE WHO GETS HIGHEST SALARY IN COMPANY.
SQL> 
SQL> REM EMPLOYEE'S SALARY = HIGHEST SALARY
SQL> 
SQL> REM SALARY = MAX(SALARY)
SQL> 
SQL> REM SCALAR = SUMMARY
SQL> 
SQL> SELECT FIRST_NAME , SALARY FROM EMPLOYEES WHERE SALARY = MAX(SALARY);
SELECT FIRST_NAME , SALARY FROM EMPLOYEES WHERE SALARY = MAX(SALARY)
                                                         *
ERROR at line 1:
ORA-00934: group function is not allowed here 


SQL> SELECT FIRST_NAME , SALARY FROM EMPLOYEES HAVING SALARY = MAX(SALARY);
SELECT FIRST_NAME , SALARY FROM EMPLOYEES HAVING SALARY = MAX(SALARY)
                                                 *
ERROR at line 1:
ORA-00979: not a GROUP BY expression 


SQL> SELECT FIRST_NAME , SALARY FROM EMPLOYEES WHERE SALARY = (SELECT MAX(SALARY) FROM EMPLOYEES);

FIRST_NAME          SALARY                                                                                                                                                                              
--------------- ----------                                                                                                                                                                              
Steven               24000                                                                                                                                                                              

SQL> REM DISPLAY INFO. ABOUT EMPLOEES WHO WERE HIRED FIRST IN COMPANY.
SQL> 
SQL> SELECT FIRST_NAME,HIRE_DATE FROM EMPLOYEES WHERE HIRE_DATE=(SELECT MIN(HIRE_DATE) FROM EMPLOYEES);

FIRST_NAME      HIRE_DATE                                                                                                                                                                               
--------------- ---------                                                                                                                                                                               
Steven          17-JUL-87                                                                                                                                                                               

SQL> REM DISPLAY INFO. ABOUT EMPLOYEES WHO GETS LOWEST COMMISSION AMOUNT.
SQL> 
SQL> SELECT FIRST_NAME , SALARY * COMMISSION_PCT COMM_AMOUNT FROM EMPLOYEES
  2  WHERE SALARY * COMMISSION_PCT = (SELECT MAX(SALARY * COMMISSION_PCT) FROM EMPLOYEES);

FIRST_NAME      COMM_AMOUNT                                                                                                                                                                             
--------------- -----------                                                                                                                                                                             
Ellen                  3300                                                                                                                                                                             

SQL> SELECT FIRST_NAME , SALARY * COMMISSION_PCT COMM_AMOUNT FROM EMPLOYEES
  2  WHERE SALARY * COMMISSION_PCT = (SELECT MIN(SALARY * COMMISSION_PCT) FROM EMPLOYEES);

FIRST_NAME      COMM_AMOUNT                                                                                                                                                                             
--------------- -----------                                                                                                                                                                             
Kimerely               1050                                                                                                                                                                             

SQL> REM DISPLAY THOSE WHO GETS HIGHER SALARY THAN AVERAGE SALARY PAID BY COMPANY.
SQL> 
SQL> SELECT SALARY, FIRST_NAME||' '||LAST_NAME NAME, FROM EMPLOYEES WHERE SALARY>(SELECT AVG(SALARY) FROM EMPLOYEES);
SELECT SALARY, FIRST_NAME||' '||LAST_NAME NAME, FROM EMPLOYEES WHERE SALARY>(SELECT AVG(SALARY) FROM EMPLOYEES)
                                                *
ERROR at line 1:
ORA-00936: missing expression 


SQL> SELECT SALARY, FIRST_NAME||' '||LAST_NAME NAME FROM EMPLOYEES WHERE SALARY>(SELECT AVG(SALARY) FROM EMPLOYEES);

    SALARY NAME                                                                                                                                                                                         
---------- -------------------------------                                                                                                                                                              
     24000 Steven King                                                                                                                                                                                  
     17000 Neena Kochhar                                                                                                                                                                                
     17000 Lex De Haan                                                                                                                                                                                  
      9000 Alexander Hunold                                                                                                                                                                             
     10500 Eleni Zlotkey                                                                                                                                                                                
     11000 Ellen Abel                                                                                                                                                                                   
     13000 Michael Hartstein                                                                                                                                                                            
     12000 Shelley Higgins                                                                                                                                                                              

8 rows selected.

SQL> REM DISPLAY THOSE WHO GETS EITHER LOWEST OR HIGHEST SALARY IN COMPANY.
SQL> 
SQL> REM DISPLAY ALL EXCEPT THOSE WHO WERE HIRED FIRST OR LAST IN COMPANY.
SQL> 
SQL> SELECT FIRST_NAME , SALARY FROM EMPLOYEES
  2  
SQL> SELECT FIRST_NAME , SALARY FROM EMPLOYEES
  2  WHERE SALARY = (SELECT MIN(SALARY) FROM EMPLOYEES)
  3  OR    SALARY = (SELECT MAX(SALARY) FROM EMPLOYEES);

FIRST_NAME          SALARY                                                                                                                                                                              
--------------- ----------                                                                                                                                                                              
Steven               24000                                                                                                                                                                              
Peter                 2500                                                                                                                                                                              

SQL> SELECT FIRST_NAME , SALARY FROM EMPLOYEES
  2  WHERE SALARY IN ((SELECT MIN(SALARY) FROM EMPLOYEES),
  3                   (SELECT MAX(SALARY) FROM EMPLOYEES));

FIRST_NAME          SALARY                                                                                                                                                                              
--------------- ----------                                                                                                                                                                              
Steven               24000                                                                                                                                                                              
Peter                 2500                                                                                                                                                                              

SQL> SELECT FIRST_NAME , SALARY FROM EMPLOYEES
  2  WHERE SALARY = ANY ((SELECT MIN(SALARY) FROM EMPLOYEES),
  3                      (SELECT MAX(SALARY) FROM EMPLOYEES));

FIRST_NAME          SALARY                                                                                                                                                                              
--------------- ----------                                                                                                                                                                              
Steven               24000                                                                                                                                                                              
Peter                 2500                                                                                                                                                                              

SQL> SELECT FIRST_NAME , SALARY FROM EMPLOYEES
  2  WHERE SALARY = SOME ((SELECT MIN(SALARY) FROM EMPLOYEES),
  3                       (SELECT MAX(SALARY) FROM EMPLOYEES));

FIRST_NAME          SALARY                                                                                                                                                                              
--------------- ----------                                                                                                                                                                              
Steven               24000                                                                                                                                                                              
Peter                 2500                                                                                                                                                                              

SQL> REM DISPLAY ALL EXCEPT THOSE WHO WERE HIRED FIRST OR LAST IN COMPANY.
SQL> 
SQL> SELECT FIRST_NAME , HIRE_DATE FROM EMPLOYEES
  2  WHERE HIRE_DATE BETWEEN SELECT MIN(HIRE_DATE)+1 FROM EMPLOYEES
  3  AND SELECT MAX(HIRE_DATE)01 FROM EMPLOYEES;
WHERE HIRE_DATE BETWEEN SELECT MIN(HIRE_DATE)+1 FROM EMPLOYEES
                        *
ERROR at line 2:
ORA-00936: missing expression 


SQL> SELECT FIRST_NAME , HIRE_DATE FROM EMPLOYEES
  2  WHERE HIRE_DATE BETWEEN SELECT MIN(HIRE_DATE)+1 FROM EMPLOYEES
  3  AND SELECT MAX(HIRE_DATE)-1 FROM EMPLOYEES;
WHERE HIRE_DATE BETWEEN SELECT MIN(HIRE_DATE)+1 FROM EMPLOYEES
                        *
ERROR at line 2:
ORA-00936: missing expression 


SQL> SELECT FIRST_NAME , HIRE_DATE FROM EMPLOYEES
  2  WHERE HIRE_DATE BETWEEN (SELECT MIN(HIRE_DATE)+1 FROM EMPLOYEES)
  3  AND (SELECT MAX(HIRE_DATE)-1 FROM EMPLOYEES);

FIRST_NAME      HIRE_DATE                                                                                                                                                                               
--------------- ---------                                                                                                                                                                               
Neena           21-SEP-89                                                                                                                                                                               
Lex             13-JAN-93                                                                                                                                                                               
Alexander       03-JAN-90                                                                                                                                                                               
Bruce           21-MAY-91                                                                                                                                                                               
Diana           07-FEB-99                                                                                                                                                                               
Kevin           16-NOV-99                                                                                                                                                                               
Trenna          17-OCT-95                                                                                                                                                                               
Curtis          29-JAN-97                                                                                                                                                                               
Randall         15-MAR-98                                                                                                                                                                               
Peter           09-JUL-98                                                                                                                                                                               
Ellen           11-MAY-96                                                                                                                                                                               
Jonathon        24-MAR-98                                                                                                                                                                               
Kimerely        24-MAY-99                                                                                                                                                                               
Jennifer        17-SEP-87                                                                                                                                                                               
Michael         17-FEB-96                                                                                                                                                                               
Pat             17-AUG-97                                                                                                                                                                               
Shelley         07-JUN-94                                                                                                                                                                               
William         07-JUN-94                                                                                                                                                                               

18 rows selected.

SQL> SELECT FIRST_NAME , HIRE_DATE FROM EMPLOYEES
  2  WHERE HIRE_DATE >= (SELECT MIN(HIRE_DATE)+1 FROM EMPLOYEES)
  3  AND HIRE_DATE <= (SELECT MAX(HIRE_DATE)-1 FROM EMPLOYEES);

FIRST_NAME      HIRE_DATE                                                                                                                                                                               
--------------- ---------                                                                                                                                                                               
Neena           21-SEP-89                                                                                                                                                                               
Lex             13-JAN-93                                                                                                                                                                               
Alexander       03-JAN-90                                                                                                                                                                               
Bruce           21-MAY-91                                                                                                                                                                               
Diana           07-FEB-99                                                                                                                                                                               
Kevin           16-NOV-99                                                                                                                                                                               
Trenna          17-OCT-95                                                                                                                                                                               
Curtis          29-JAN-97                                                                                                                                                                               
Randall         15-MAR-98                                                                                                                                                                               
Peter           09-JUL-98                                                                                                                                                                               
Ellen           11-MAY-96                                                                                                                                                                               
Jonathon        24-MAR-98                                                                                                                                                                               
Kimerely        24-MAY-99                                                                                                                                                                               
Jennifer        17-SEP-87                                                                                                                                                                               
Michael         17-FEB-96                                                                                                                                                                               
Pat             17-AUG-97                                                                                                                                                                               
Shelley         07-JUN-94                                                                                                                                                                               
William         07-JUN-94                                                                                                                                                                               

18 rows selected.

SQL> SELECT FIRST_NAME , HIRE_DATE FROM EMPLOYEES
  2  WHERE HIRE_DATE > (SELECT MIN(HIRE_DATE) FROM EMPLOYEES)
  3  AND HIRE_DATE < (SELECT MAX(HIRE_DATE) FROM EMPLOYEES);

FIRST_NAME      HIRE_DATE                                                                                                                                                                               
--------------- ---------                                                                                                                                                                               
Neena           21-SEP-89                                                                                                                                                                               
Lex             13-JAN-93                                                                                                                                                                               
Alexander       03-JAN-90                                                                                                                                                                               
Bruce           21-MAY-91                                                                                                                                                                               
Diana           07-FEB-99                                                                                                                                                                               
Kevin           16-NOV-99                                                                                                                                                                               
Trenna          17-OCT-95                                                                                                                                                                               
Curtis          29-JAN-97                                                                                                                                                                               
Randall         15-MAR-98                                                                                                                                                                               
Peter           09-JUL-98                                                                                                                                                                               
Ellen           11-MAY-96                                                                                                                                                                               
Jonathon        24-MAR-98                                                                                                                                                                               
Kimerely        24-MAY-99                                                                                                                                                                               
Jennifer        17-SEP-87                                                                                                                                                                               
Michael         17-FEB-96                                                                                                                                                                               
Pat             17-AUG-97                                                                                                                                                                               
Shelley         07-JUN-94                                                                                                                                                                               
William         07-JUN-94                                                                                                                                                                               

18 rows selected.

SQL> SELECT FIRST_NAME , HIRE_DATE FROM EMPLOYEES
  2  WHERE HIRE_DATE NOT IN ((SELECT MIN(HIRE_DATE) FROM EMPLOYEES),
  3                          (SELECT MIN(HIRE_DATE) FROM EMPLOYEES));

FIRST_NAME      HIRE_DATE                                                                                                                                                                               
--------------- ---------                                                                                                                                                                               
Neena           21-SEP-89                                                                                                                                                                               
Lex             13-JAN-93                                                                                                                                                                               
Alexander       03-JAN-90                                                                                                                                                                               
Bruce           21-MAY-91                                                                                                                                                                               
Diana           07-FEB-99                                                                                                                                                                               
Kevin           16-NOV-99                                                                                                                                                                               
Trenna          17-OCT-95                                                                                                                                                                               
Curtis          29-JAN-97                                                                                                                                                                               
Randall         15-MAR-98                                                                                                                                                                               
Peter           09-JUL-98                                                                                                                                                                               
Eleni           29-JAN-00                                                                                                                                                                               
Ellen           11-MAY-96                                                                                                                                                                               
Jonathon        24-MAR-98                                                                                                                                                                               
Kimerely        24-MAY-99                                                                                                                                                                               
Jennifer        17-SEP-87                                                                                                                                                                               
Michael         17-FEB-96                                                                                                                                                                               
Pat             17-AUG-97                                                                                                                                                                               
Shelley         07-JUN-94                                                                                                                                                                               
William         07-JUN-94                                                                                                                                                                               

19 rows selected.

SQL> SELECT FIRST_NAME , HIRE_DATE FROM EMPLOYEES
  2  WHERE HIRE_DATE NOT IN ((SELECT MIN(HIRE_DATE) FROM EMPLOYEES),
  3                          (SELECT MAX(HIRE_DATE) FROM EMPLOYEES));

FIRST_NAME      HIRE_DATE                                                                                                                                                                               
--------------- ---------                                                                                                                                                                               
Neena           21-SEP-89                                                                                                                                                                               
Lex             13-JAN-93                                                                                                                                                                               
Alexander       03-JAN-90                                                                                                                                                                               
Bruce           21-MAY-91                                                                                                                                                                               
Diana           07-FEB-99                                                                                                                                                                               
Kevin           16-NOV-99                                                                                                                                                                               
Trenna          17-OCT-95                                                                                                                                                                               
Curtis          29-JAN-97                                                                                                                                                                               
Randall         15-MAR-98                                                                                                                                                                               
Peter           09-JUL-98                                                                                                                                                                               
Ellen           11-MAY-96                                                                                                                                                                               
Jonathon        24-MAR-98                                                                                                                                                                               
Kimerely        24-MAY-99                                                                                                                                                                               
Jennifer        17-SEP-87                                                                                                                                                                               
Michael         17-FEB-96                                                                                                                                                                               
Pat             17-AUG-97                                                                                                                                                                               
Shelley         07-JUN-94                                                                                                                                                                               
William         07-JUN-94                                                                                                                                                                               

18 rows selected.

SQL> SELECT FIRST_NAME , HIRE_DATE FROM EMPLOYEES
  2  WHERE HIRE_DATE <> ALL ((SELECT MIN(HIRE_DATE) FROM EMPLOYEES),
  3                          (SELECT MAX(HIRE_DATE) FROM EMPLOYEES));

FIRST_NAME      HIRE_DATE                                                                                                                                                                               
--------------- ---------                                                                                                                                                                               
Neena           21-SEP-89                                                                                                                                                                               
Lex             13-JAN-93                                                                                                                                                                               
Alexander       03-JAN-90                                                                                                                                                                               
Bruce           21-MAY-91                                                                                                                                                                               
Diana           07-FEB-99                                                                                                                                                                               
Kevin           16-NOV-99                                                                                                                                                                               
Trenna          17-OCT-95                                                                                                                                                                               
Curtis          29-JAN-97                                                                                                                                                                               
Randall         15-MAR-98                                                                                                                                                                               
Peter           09-JUL-98                                                                                                                                                                               
Ellen           11-MAY-96                                                                                                                                                                               
Jonathon        24-MAR-98                                                                                                                                                                               
Kimerely        24-MAY-99                                                                                                                                                                               
Jennifer        17-SEP-87                                                                                                                                                                               
Michael         17-FEB-96                                                                                                                                                                               
Pat             17-AUG-97                                                                                                                                                                               
Shelley         07-JUN-94                                                                                                                                                                               
William         07-JUN-94                                                                                                                                                                               

18 rows selected.

SQL> SELECT * FROM EMPLOYEES;

EMPLOYEE_ID FIRST_NAME      LAST_NAME       EMAIL      PHONE_NUMBER         HIRE_DATE JOB_ID         SALARY COMMISSION_PCT MANAGER_ID DEPARTMENT_ID                                                     
----------- --------------- --------------- ---------- -------------------- --------- ---------- ---------- -------------- ---------- -------------                                                     
        100 Steven          King            SKING      515.123.4567         17-JUL-87 AD_PRES         24000                                      90                                                     
        101 Neena           Kochhar         NKOCHHAR   515.123.4568         21-SEP-89 AD_VP           17000                       100            90                                                     
        102 Lex             De Haan         LDEHAAN    515.123.4569         13-JAN-93 AD_VP           17000                       100            90                                                     
        103 Alexander       Hunold          AHUNOLD    590.423.4567         03-JAN-90 IT_PROG          9000                       102            60                                                     
        104 Bruce           Ernst           BERNST     590.423.4568         21-MAY-91 IT_PROG          6000                       103            60                                                     
        107 Diana           Lorentz         DLORENTZ   590.423.5567         07-FEB-99 IT_PROG          4200                       103            60                                                     
        124 Kevin           Mourgos         KMOURGOS   650.123.5234         16-NOV-99 ST_MAN           5800                       100            50                                                     
        141 Trenna          Rajs            TRAJS      650.121.8009         17-OCT-95 ST_CLERK         3500                       124            50                                                     
        142 Curtis          Davies          CDAVIES    650.121.2994         29-JAN-97 ST_CLERK         3100                       124            50                                                     
        143 Randall         Matos           RMATOS     650.121.2874         15-MAR-98 ST_CLERK         2600                       124            50                                                     
        144 Peter           Vargas                     650.121.2004         09-JUL-98 ST_CLERK         2500                       124            50                                                     
        149 Eleni           Zlotkey         EZLOTKEY   011.44.1344.429018   29-JAN-00 SA_MAN          10500             .2        100            80                                                     
        174 Ellen           Abel            EABEL      011.44.1644.429267   11-MAY-96 SA_REP          11000             .3        149            80                                                     
        176 Jonathon        Taylor          JTAYLOR    011.44.1644.429265   24-MAR-98 SA_REP           8600             .3        149            80                                                     
        178 Kimerely        Grant           KGRANT     011.44.1644.429263   24-MAY-99 SA_REP           7000            .15        149                                                                   
        200 Jennifer        Whalen          JWHALEN    515.123.4444         17-SEP-87 AD_ASST          4400                       101            10                                                     
        201 Michael         Hartstein       MHARTSTE   515.123.5555         17-FEB-96 MK_MAN          13000                       100            20                                                     
        202 Pat             Fay             PFAY       603.123.6666         17-AUG-97 MK_REP           6000                       201            20                                                     
        205 Shelley         Higgins         SHIGGINS   515.123.8080         07-JUN-94 AC_MGR          12000                       101           110                                                     
        206 William         Gietz           WGIETZ     515.123.8181         07-JUN-94 AC_ACCOUNT       8300                       205           110                                                     

20 rows selected.

SQL> REM DISPLAY THOSE WHO GETS HIGHER SALARY THAN AVERAGE SALARY PAID TO DEPARTMENT 60;
SQL> 
SQL> SELECT FIRST_NAME , DEPARTMENT_ID , SALARY FROM EMPLOYEES
  2  WHERE SALARY > (SELECT AVG(SALARY) FROM EMPLOYEES WHERE DEPARTMENT_ID = 60);

FIRST_NAME      DEPARTMENT_ID     SALARY                                                                                                                                                                
--------------- ------------- ----------                                                                                                                                                                
Steven                     90      24000                                                                                                                                                                
Neena                      90      17000                                                                                                                                                                
Lex                        90      17000                                                                                                                                                                
Alexander                  60       9000                                                                                                                                                                
Eleni                      80      10500                                                                                                                                                                
Ellen                      80      11000                                                                                                                                                                
Jonathon                   80       8600                                                                                                                                                                
Kimerely                            7000                                                                                                                                                                
Michael                    20      13000                                                                                                                                                                
Shelley                   110      12000                                                                                                                                                                
William                   110       8300                                                                                                                                                                

11 rows selected.

SQL> REM DISPLAY EMPLOYEES OF DEPARTMENT 80 WHO GETS HIGHER SALARY THAN AVERAGE SALARY PAID TO DEPARTMENT 110.
SQL> 
SQL> SELECT FIRST_NAME , DEPARTMENT_ID , SALARY FROM EMPLOYEES WHERE SALARY > (SELECT AVG(SALARY) FROM EMPLOYEES WHERE  GROUP BY DEPARTMENT_ID HAVING DEPARTMENT_ID =110 AND DEPARTMENT_ID = 80;
SELECT FIRST_NAME , DEPARTMENT_ID , SALARY FROM EMPLOYEES WHERE SALARY > (SELECT AVG(SALARY) FROM EMPLOYEES WHERE  GROUP BY DEPARTMENT_ID HAVING DEPARTMENT_ID =110 AND DEPARTMENT_ID = 80
                                                                          *
ERROR at line 1:
ORA-00921: unexpected end of SQL command 


SQL> SELECT FIRST_NAME , DEPARTMENT_ID , SALARY
  2  FROM EMPLOYEES
  3  WHERE DEPARTMENT_ID = 80 AND
  4  SALARY > (SELECT AVG(SALARY) FROM EMPLOYEES WHERE DEPARTMENT_ID = 110);

FIRST_NAME      DEPARTMENT_ID     SALARY                                                                                                                                                                
--------------- ------------- ----------                                                                                                                                                                
Eleni                      80      10500                                                                                                                                                                
Ellen                      80      11000                                                                                                                                                                

SQL> SELECT * FROM EMPLOYEES;

EMPLOYEE_ID FIRST_NAME      LAST_NAME       EMAIL      PHONE_NUMBER         HIRE_DATE JOB_ID         SALARY COMMISSION_PCT MANAGER_ID DEPARTMENT_ID                                                     
----------- --------------- --------------- ---------- -------------------- --------- ---------- ---------- -------------- ---------- -------------                                                     
        100 Steven          King            SKING      515.123.4567         17-JUL-87 AD_PRES         24000                                      90                                                     
        101 Neena           Kochhar         NKOCHHAR   515.123.4568         21-SEP-89 AD_VP           17000                       100            90                                                     
        102 Lex             De Haan         LDEHAAN    515.123.4569         13-JAN-93 AD_VP           17000                       100            90                                                     
        103 Alexander       Hunold          AHUNOLD    590.423.4567         03-JAN-90 IT_PROG          9000                       102            60                                                     
        104 Bruce           Ernst           BERNST     590.423.4568         21-MAY-91 IT_PROG          6000                       103            60                                                     
        107 Diana           Lorentz         DLORENTZ   590.423.5567         07-FEB-99 IT_PROG          4200                       103            60                                                     
        124 Kevin           Mourgos         KMOURGOS   650.123.5234         16-NOV-99 ST_MAN           5800                       100            50                                                     
        141 Trenna          Rajs            TRAJS      650.121.8009         17-OCT-95 ST_CLERK         3500                       124            50                                                     
        142 Curtis          Davies          CDAVIES    650.121.2994         29-JAN-97 ST_CLERK         3100                       124            50                                                     
        143 Randall         Matos           RMATOS     650.121.2874         15-MAR-98 ST_CLERK         2600                       124            50                                                     
        144 Peter           Vargas                     650.121.2004         09-JUL-98 ST_CLERK         2500                       124            50                                                     
        149 Eleni           Zlotkey         EZLOTKEY   011.44.1344.429018   29-JAN-00 SA_MAN          10500             .2        100            80                                                     
        174 Ellen           Abel            EABEL      011.44.1644.429267   11-MAY-96 SA_REP          11000             .3        149            80                                                     
        176 Jonathon        Taylor          JTAYLOR    011.44.1644.429265   24-MAR-98 SA_REP           8600             .3        149            80                                                     
        178 Kimerely        Grant           KGRANT     011.44.1644.429263   24-MAY-99 SA_REP           7000            .15        149                                                                   
        200 Jennifer        Whalen          JWHALEN    515.123.4444         17-SEP-87 AD_ASST          4400                       101            10                                                     
        201 Michael         Hartstein       MHARTSTE   515.123.5555         17-FEB-96 MK_MAN          13000                       100            20                                                     
        202 Pat             Fay             PFAY       603.123.6666         17-AUG-97 MK_REP           6000                       201            20                                                     
        205 Shelley         Higgins         SHIGGINS   515.123.8080         07-JUN-94 AC_MGR          12000                       101           110                                                     
        206 William         Gietz           WGIETZ     515.123.8181         07-JUN-94 AC_ACCOUNT       8300                       205           110                                                     

20 rows selected.

SQL> REM DISPLAY ALL WHO GETS HIGHER SALARY THAN ALL EMPLOYEES OF DEPARTMENT 110.
SQL> 
SQL> REM 1 SUMMARY FUNCTION 2 MULTI ROW OPERATOR
SQL> 
SQL> SELECT FIRST_NAME , SALARY FROM EMPLOYEES
  2  WHERE SALARY > (SELECT MAX(SALARY) FROM EMPLOYEES WHERE DEPARTMENT_ID = 110);

FIRST_NAME          SALARY                                                                                                                                                                              
--------------- ----------                                                                                                                                                                              
Steven               24000                                                                                                                                                                              
Neena                17000                                                                                                                                                                              
Lex                  17000                                                                                                                                                                              
Michael              13000                                                                                                                                                                              

SQL> SELECT FIRST_NAME , SALARY FROM EMPLOYEES
  2  WHERE SALARY > ALL (SELECT SALARY FROM EMPLOYEES WHERE DEPARTMENT_ID = 110);

FIRST_NAME          SALARY                                                                                                                                                                              
--------------- ----------                                                                                                                                                                              
Michael              13000                                                                                                                                                                              
Neena                17000                                                                                                                                                                              
Lex                  17000                                                                                                                                                                              
Steven               24000                                                                                                                                                                              

SQL> SELECT * FROM EMPLOYEES;

EMPLOYEE_ID FIRST_NAME      LAST_NAME       EMAIL      PHONE_NUMBER         HIRE_DATE JOB_ID         SALARY COMMISSION_PCT MANAGER_ID DEPARTMENT_ID                                                     
----------- --------------- --------------- ---------- -------------------- --------- ---------- ---------- -------------- ---------- -------------                                                     
        100 Steven          King            SKING      515.123.4567         17-JUL-87 AD_PRES         24000                                      90                                                     
        101 Neena           Kochhar         NKOCHHAR   515.123.4568         21-SEP-89 AD_VP           17000                       100            90                                                     
        102 Lex             De Haan         LDEHAAN    515.123.4569         13-JAN-93 AD_VP           17000                       100            90                                                     
        103 Alexander       Hunold          AHUNOLD    590.423.4567         03-JAN-90 IT_PROG          9000                       102            60                                                     
        104 Bruce           Ernst           BERNST     590.423.4568         21-MAY-91 IT_PROG          6000                       103            60                                                     
        107 Diana           Lorentz         DLORENTZ   590.423.5567         07-FEB-99 IT_PROG          4200                       103            60                                                     
        124 Kevin           Mourgos         KMOURGOS   650.123.5234         16-NOV-99 ST_MAN           5800                       100            50                                                     
        141 Trenna          Rajs            TRAJS      650.121.8009         17-OCT-95 ST_CLERK         3500                       124            50                                                     
        142 Curtis          Davies          CDAVIES    650.121.2994         29-JAN-97 ST_CLERK         3100                       124            50                                                     
        143 Randall         Matos           RMATOS     650.121.2874         15-MAR-98 ST_CLERK         2600                       124            50                                                     
        144 Peter           Vargas                     650.121.2004         09-JUL-98 ST_CLERK         2500                       124            50                                                     
        149 Eleni           Zlotkey         EZLOTKEY   011.44.1344.429018   29-JAN-00 SA_MAN          10500             .2        100            80                                                     
        174 Ellen           Abel            EABEL      011.44.1644.429267   11-MAY-96 SA_REP          11000             .3        149            80                                                     
        176 Jonathon        Taylor          JTAYLOR    011.44.1644.429265   24-MAR-98 SA_REP           8600             .3        149            80                                                     
        178 Kimerely        Grant           KGRANT     011.44.1644.429263   24-MAY-99 SA_REP           7000            .15        149                                                                   
        200 Jennifer        Whalen          JWHALEN    515.123.4444         17-SEP-87 AD_ASST          4400                       101            10                                                     
        201 Michael         Hartstein       MHARTSTE   515.123.5555         17-FEB-96 MK_MAN          13000                       100            20                                                     
        202 Pat             Fay             PFAY       603.123.6666         17-AUG-97 MK_REP           6000                       201            20                                                     
        205 Shelley         Higgins         SHIGGINS   515.123.8080         07-JUN-94 AC_MGR          12000                       101           110                                                     
        206 William         Gietz           WGIETZ     515.123.8181         07-JUN-94 AC_ACCOUNT       8300                       205           110                                                     

20 rows selected.

SQL> REM DISPLAY THOSE WHO GETS SALARY BETWEEN THE RANGE OF SALARIES PAID TO Hartstein and Ernst.
SQL> 
SQL> SELECT LAST_NAME , SALARY FROM EMPLOYEES
  2  WHERE SALARY BETWEEN (SELECT MIN(SALARY) FROM EMPLOYEES WHERE LAST_NAME IN ('Earnst','Hartstein'))
  3                   AND (SELECT MAX(SALARY) FROM EMPLOYEES WHERE LAST_NAME IN ('Earnst','Hartstein'));

LAST_NAME           SALARY                                                                                                                                                                              
--------------- ----------                                                                                                                                                                              
Hartstein            13000                                                                                                                                                                              

SQL> SELECT LAST_NAME , SALARY FROM EMPLOYEES
  2  WHERE SALARY BETWEEN (SELECT MIN(SALARY) FROM EMPLOYEES WHERE LAST_NAME IN ('Earnst','Hartstein'))
  3                   AND (SELECT MAX(SALARY) FROM EMPLOYEES WHERE LAST_NAME IN ('Earnst','Hartstein'));

LAST_NAME           SALARY                                                                                                                                                                              
--------------- ----------                                                                                                                                                                              
Hartstein            13000                                                                                                                                                                              

SQL> 
SQL> SELECT LAST_NAME , SALARY FROM EMPLOYEES
  2  WHERE SALARY BETWEEN (SELECT MIN(SALARY) FROM EMPLOYEES WHERE LAST_NAME IN ('Ernst','Hartstein'))
  3                   AND (SELECT MAX(SALARY) FROM EMPLOYEES WHERE LAST_NAME IN ('Ernst','Hartstein'));

LAST_NAME           SALARY                                                                                                                                                                              
--------------- ----------                                                                                                                                                                              
Hunold                9000                                                                                                                                                                              
Ernst                 6000                                                                                                                                                                              
Zlotkey              10500                                                                                                                                                                              
Abel                 11000                                                                                                                                                                              
Taylor                8600                                                                                                                                                                              
Grant                 7000                                                                                                                                                                              
Hartstein            13000                                                                                                                                                                              
Fay                   6000                                                                                                                                                                              
Higgins              12000                                                                                                                                                                              
Gietz                 8300                                                                                                                                                                              

10 rows selected.

SQL> SELECT LAST_NAME , SALARY FROM EMPLOYEES
  2  WHERE SALARY BETWEEN (SELECT MIN(SALARY) FROM EMPLOYEES WHERE LAST_NAME IN ('Ernst','Hartstein'))
  3                   AND (SELECT MAX(SALARY) FROM EMPLOYEES WHERE LAST_NAME IN ('Ernst','Hartstein'))
  4  ORDER BY 2;

LAST_NAME           SALARY                                                                                                                                                                              
--------------- ----------                                                                                                                                                                              
Fay                   6000                                                                                                                                                                              
Ernst                 6000                                                                                                                                                                              
Grant                 7000                                                                                                                                                                              
Gietz                 8300                                                                                                                                                                              
Taylor                8600                                                                                                                                                                              
Hunold                9000                                                                                                                                                                              
Zlotkey              10500                                                                                                                                                                              
Abel                 11000                                                                                                                                                                              
Higgins              12000                                                                                                                                                                              
Hartstein            13000                                                                                                                                                                              

10 rows selected.

SQL> SPOOL OFF
