SQL> 
SQL> CL SCR

SQL> SELECT FIRST_NAME , JOB_ID FROM EMPLOYEES;

FIRST_NAME JOB_ID                                                                                                                                                                                       
---------- ----------                                                                                                                                                                                   
Steven     AD_PRES                                                                                                                                                                                      
Neena      AD_VP                                                                                                                                                                                        
Lex        AD_VP                                                                                                                                                                                        
Alexander  IT_PROG                                                                                                                                                                                      
Bruce      IT_PROG                                                                                                                                                                                      
Diana      IT_PROG                                                                                                                                                                                      
Kevin      ST_MAN                                                                                                                                                                                       
Trenna     ST_CLERK                                                                                                                                                                                     
Curtis     ST_CLERK                                                                                                                                                                                     
Randall    ST_CLERK                                                                                                                                                                                     
Peter      ST_CLERK                                                                                                                                                                                     
Eleni      SA_MAN                                                                                                                                                                                       
Ellen      SA_REP                                                                                                                                                                                       
Jonathon   SA_REP                                                                                                                                                                                       
Kimerely   SA_REP                                                                                                                                                                                       
Jennifer   AD_ASST                                                                                                                                                                                      
Michael    MK_MAN                                                                                                                                                                                       
Pat        MK_REP                                                                                                                                                                                       
Shelley    AC_MGR                                                                                                                                                                                       
William    AC_ACCOUNT                                                                                                                                                                                   

20 rows selected.

SQL> SELECT FIRST_NAME , JOB_ID FROM EMPLOYEES OFFSET 4 ROW FETCH NEXT 5 ROWS ONLY;

FIRST_NAME JOB_ID                                                                                                                                                                                       
---------- ----------                                                                                                                                                                                   
Bruce      IT_PROG                                                                                                                                                                                      
Diana      IT_PROG                                                                                                                                                                                      
Kevin      ST_MAN                                                                                                                                                                                       
Trenna     ST_CLERK                                                                                                                                                                                     
Curtis     ST_CLERK                                                                                                                                                                                     

SQL> SELECT FIRST_NAME , JOB_ID FROM EMPLOYEES ORDER BY 2;

FIRST_NAME JOB_ID                                                                                                                                                                                       
---------- ----------                                                                                                                                                                                   
William    AC_ACCOUNT                                                                                                                                                                                   
Shelley    AC_MGR                                                                                                                                                                                       
Jennifer   AD_ASST                                                                                                                                                                                      
Steven     AD_PRES                                                                                                                                                                                      
Lex        AD_VP                                                                                                                                                                                        
Neena      AD_VP                                                                                                                                                                                        
Alexander  IT_PROG                                                                                                                                                                                      
Bruce      IT_PROG                                                                                                                                                                                      
Diana      IT_PROG                                                                                                                                                                                      
Michael    MK_MAN                                                                                                                                                                                       
Pat        MK_REP                                                                                                                                                                                       
Eleni      SA_MAN                                                                                                                                                                                       
Ellen      SA_REP                                                                                                                                                                                       
Kimerely   SA_REP                                                                                                                                                                                       
Jonathon   SA_REP                                                                                                                                                                                       
Randall    ST_CLERK                                                                                                                                                                                     
Curtis     ST_CLERK                                                                                                                                                                                     
Trenna     ST_CLERK                                                                                                                                                                                     
Peter      ST_CLERK                                                                                                                                                                                     
Kevin      ST_MAN                                                                                                                                                                                       

20 rows selected.

SQL> SELECT FIRST_NAME , JOB_ID FROM EMPLOYEES ORDER BY 2 OFFSET 7 ROWS FETCH NEXT 7 ROWS ONLY;

FIRST_NAME JOB_ID                                                                                                                                                                                       
---------- ----------                                                                                                                                                                                   
Bruce      IT_PROG                                                                                                                                                                                      
Diana      IT_PROG                                                                                                                                                                                      
Michael    MK_MAN                                                                                                                                                                                       
Pat        MK_REP                                                                                                                                                                                       
Eleni      SA_MAN                                                                                                                                                                                       
Ellen      SA_REP                                                                                                                                                                                       
Jonathon   SA_REP                                                                                                                                                                                       

7 rows selected.

SQL> SELECT DEPARTMENT_ID , LAST_NAME FROM EMPLOYES ORDER BY 1;
SELECT DEPARTMENT_ID , LAST_NAME FROM EMPLOYES ORDER BY 1
                                      *
ERROR at line 1:
ORA-00942: table or view does not exist 


SQL> SELECT DEPARTMENT_ID , LAST_NAME FROM EMPLOYEES ORDER BY 1;

DEPARTMENT_ID LAST_NAME                                                                                                                                                                                 
------------- ----------                                                                                                                                                                                
           10 Whalen                                                                                                                                                                                    
           20 Hartstein                                                                                                                                                                                 
           20 Fay                                                                                                                                                                                       
           50 Mourgos                                                                                                                                                                                   
           50 Vargas                                                                                                                                                                                    
           50 Matos                                                                                                                                                                                     
           50 Davies                                                                                                                                                                                    
           50 Rajs                                                                                                                                                                                      
           60 Lorentz                                                                                                                                                                                   
           60 Ernst                                                                                                                                                                                     
           60 Hunold                                                                                                                                                                                    
           80 Abel                                                                                                                                                                                      
           80 Zlotkey                                                                                                                                                                                   
           80 Taylor                                                                                                                                                                                    
           90 De Haan                                                                                                                                                                                   
           90 King                                                                                                                                                                                      
           90 Kochhar                                                                                                                                                                                   
          110 Gietz                                                                                                                                                                                     
          110 Higgins                                                                                                                                                                                   
              Grant                                                                                                                                                                                     

20 rows selected.

SQL> SELECT DEPARTMENT_ID , LAST_NAME FROM EMPLOYEES ORDER BY 1 OFFSET 5 ROWS FETCH NEXT 7 ROWS ONLY;

DEPARTMENT_ID LAST_NAME                                                                                                                                                                                 
------------- ----------                                                                                                                                                                                
           50 Matos                                                                                                                                                                                     
           50 Davies                                                                                                                                                                                    
           50 Rajs                                                                                                                                                                                      
           60 Hunold                                                                                                                                                                                    
           60 Lorentz                                                                                                                                                                                   
           60 Ernst                                                                                                                                                                                     
           80 Zlotkey                                                                                                                                                                                   

7 rows selected.

SQL> REM 50 R 3
SQL> 
SQL> REM 60 F 3
SQL> 
SQL> REM 80 R 1
SQL> 
SQL> SELECT MANAGER_ID , LAST_NAME FROM EMPLOYEES ORDER BY 1 DESC;

MANAGER_ID LAST_NAME                                                                                                                                                                                    
---------- ----------                                                                                                                                                                                   
           King                                                                                                                                                                                         
       205 Gietz                                                                                                                                                                                        
       201 Fay                                                                                                                                                                                          
       149 Grant                                                                                                                                                                                        
       149 Taylor                                                                                                                                                                                       
       149 Abel                                                                                                                                                                                         
       124 Vargas                                                                                                                                                                                       
       124 Rajs                                                                                                                                                                                         
       124 Davies                                                                                                                                                                                       
       124 Matos                                                                                                                                                                                        
       103 Lorentz                                                                                                                                                                                      
       103 Ernst                                                                                                                                                                                        
       102 Hunold                                                                                                                                                                                       
       101 Higgins                                                                                                                                                                                      
       101 Whalen                                                                                                                                                                                       
       100 Kochhar                                                                                                                                                                                      
       100 Hartstein                                                                                                                                                                                    
       100 De Haan                                                                                                                                                                                      
       100 Mourgos                                                                                                                                                                                      
       100 Zlotkey                                                                                                                                                                                      

20 rows selected.

SQL> SELECT MANAGER_ID , LAST_NAME FROM EMPLOYEES ORDER BY 1 DESC OFFSET 4 ROWS FETCH NEXT 7 ROWS ONLY;

MANAGER_ID LAST_NAME                                                                                                                                                                                    
---------- ----------                                                                                                                                                                                   
       149 Grant                                                                                                                                                                                        
       149 Taylor                                                                                                                                                                                       
       124 Rajs                                                                                                                                                                                         
       124 Vargas                                                                                                                                                                                       
       124 Matos                                                                                                                                                                                        
       124 Davies                                                                                                                                                                                       
       103 Ernst                                                                                                                                                                                        

7 rows selected.

SQL> SELECT MANAGER_ID , LAST_NAME FROM EMPLOYEES ORDER BY 1 DESC OFFSET 4 ROWS FETCH NEXT 7 ROWS WITH TIES;

MANAGER_ID LAST_NAME                                                                                                                                                                                    
---------- ----------                                                                                                                                                                                   
       149 Grant                                                                                                                                                                                        
       149 Taylor                                                                                                                                                                                       
       124 Rajs                                                                                                                                                                                         
       124 Vargas                                                                                                                                                                                       
       124 Matos                                                                                                                                                                                        
       124 Davies                                                                                                                                                                                       
       103 Ernst                                                                                                                                                                                        
       103 Lorentz                                                                                                                                                                                      

8 rows selected.

SQL> SELECT MANAGER_ID , LAST_NAME FROM EMPLOYEES ORDER BY 1 DESC;

MANAGER_ID LAST_NAME                                                                                                                                                                                    
---------- ----------                                                                                                                                                                                   
           King                                                                                                                                                                                         
       205 Gietz                                                                                                                                                                                        
       201 Fay                                                                                                                                                                                          
       149 Grant                                                                                                                                                                                        
       149 Taylor                                                                                                                                                                                       
       149 Abel                                                                                                                                                                                         
       124 Vargas                                                                                                                                                                                       
       124 Rajs                                                                                                                                                                                         
       124 Davies                                                                                                                                                                                       
       124 Matos                                                                                                                                                                                        
       103 Lorentz                                                                                                                                                                                      
       103 Ernst                                                                                                                                                                                        
       102 Hunold                                                                                                                                                                                       
       101 Higgins                                                                                                                                                                                      
       101 Whalen                                                                                                                                                                                       
       100 Kochhar                                                                                                                                                                                      
       100 Hartstein                                                                                                                                                                                    
       100 De Haan                                                                                                                                                                                      
       100 Mourgos                                                                                                                                                                                      
       100 Zlotkey                                                                                                                                                                                      

20 rows selected.

SQL> SELECT MANAGER_ID , LAST_NAME FROM EMPLOYEES ORDER BY 1 DESC OFFSET 4 ROWS FETCH NEXT 3 ROWS WITH TIES;

MANAGER_ID LAST_NAME                                                                                                                                                                                    
---------- ----------                                                                                                                                                                                   
       149 Grant                                                                                                                                                                                        
       149 Taylor                                                                                                                                                                                       
       124 Rajs                                                                                                                                                                                         
       124 Vargas                                                                                                                                                                                       
       124 Matos                                                                                                                                                                                        
       124 Davies                                                                                                                                                                                       

6 rows selected.

SQL> SELECT DEPARTMENT_ID , LAST_NAME FROM EMPLOYEES ORDER BY 1;

DEPARTMENT_ID LAST_NAME                                                                                                                                                                                 
------------- ----------                                                                                                                                                                                
           10 Whalen                                                                                                                                                                                    
           20 Hartstein                                                                                                                                                                                 
           20 Fay                                                                                                                                                                                       
           50 Mourgos                                                                                                                                                                                   
           50 Vargas                                                                                                                                                                                    
           50 Matos                                                                                                                                                                                     
           50 Davies                                                                                                                                                                                    
           50 Rajs                                                                                                                                                                                      
           60 Lorentz                                                                                                                                                                                   
           60 Ernst                                                                                                                                                                                     
           60 Hunold                                                                                                                                                                                    
           80 Abel                                                                                                                                                                                      
           80 Zlotkey                                                                                                                                                                                   
           80 Taylor                                                                                                                                                                                    
           90 De Haan                                                                                                                                                                                   
           90 King                                                                                                                                                                                      
           90 Kochhar                                                                                                                                                                                   
          110 Gietz                                                                                                                                                                                     
          110 Higgins                                                                                                                                                                                   
              Grant                                                                                                                                                                                     

20 rows selected.

SQL> SELECT DEPARTMENT_ID , LAST_NAME FROM EMPLOYEES ORDER BY 1 OFFSET 4 ROWS FETCH NEXT 2 ROWS ONLY;

DEPARTMENT_ID LAST_NAME                                                                                                                                                                                 
------------- ----------                                                                                                                                                                                
           50 Davies                                                                                                                                                                                    
           50 Rajs                                                                                                                                                                                      

SQL> SELECT DEPARTMENT_ID , LAST_NAME FROM EMPLOYEES ORDER BY 1 OFFSET 4 ROWS FETCH NEXT 2 ROWS WITH TIES;

DEPARTMENT_ID LAST_NAME                                                                                                                                                                                 
------------- ----------                                                                                                                                                                                
           50 Vargas                                                                                                                                                                                    
           50 Matos                                                                                                                                                                                     
           50 Davies                                                                                                                                                                                    
           50 Rajs                                                                                                                                                                                      

SQL> SELECT FIRST_NAME , JOB_ID FROM EMPLOYEES ORDER BY 2;

FIRST_NAME JOB_ID                                                                                                                                                                                       
---------- ----------                                                                                                                                                                                   
William    AC_ACCOUNT                                                                                                                                                                                   
Shelley    AC_MGR                                                                                                                                                                                       
Jennifer   AD_ASST                                                                                                                                                                                      
Steven     AD_PRES                                                                                                                                                                                      
Lex        AD_VP                                                                                                                                                                                        
Neena      AD_VP                                                                                                                                                                                        
Alexander  IT_PROG                                                                                                                                                                                      
Bruce      IT_PROG                                                                                                                                                                                      
Diana      IT_PROG                                                                                                                                                                                      
Michael    MK_MAN                                                                                                                                                                                       
Pat        MK_REP                                                                                                                                                                                       
Eleni      SA_MAN                                                                                                                                                                                       
Ellen      SA_REP                                                                                                                                                                                       
Kimerely   SA_REP                                                                                                                                                                                       
Jonathon   SA_REP                                                                                                                                                                                       
Randall    ST_CLERK                                                                                                                                                                                     
Curtis     ST_CLERK                                                                                                                                                                                     
Trenna     ST_CLERK                                                                                                                                                                                     
Peter      ST_CLERK                                                                                                                                                                                     
Kevin      ST_MAN                                                                                                                                                                                       

20 rows selected.

SQL> SELECT FIRST_NAME , JOB_ID FROM EMPLOYEES ORDER BY 2 OFFSET 7 ROWS FETCH NEXT 6 ROWS ONLY;

FIRST_NAME JOB_ID                                                                                                                                                                                       
---------- ----------                                                                                                                                                                                   
Bruce      IT_PROG                                                                                                                                                                                      
Diana      IT_PROG                                                                                                                                                                                      
Michael    MK_MAN                                                                                                                                                                                       
Pat        MK_REP                                                                                                                                                                                       
Eleni      SA_MAN                                                                                                                                                                                       
Ellen      SA_REP                                                                                                                                                                                       

6 rows selected.

SQL> SELECT FIRST_NAME , JOB_ID FROM EMPLOYEES ORDER BY 2 OFFSET 7 ROWS FETCH NEXT 6 ROWS WITH TIES;

FIRST_NAME JOB_ID                                                                                                                                                                                       
---------- ----------                                                                                                                                                                                   
Bruce      IT_PROG                                                                                                                                                                                      
Diana      IT_PROG                                                                                                                                                                                      
Michael    MK_MAN                                                                                                                                                                                       
Pat        MK_REP                                                                                                                                                                                       
Eleni      SA_MAN                                                                                                                                                                                       
Ellen      SA_REP                                                                                                                                                                                       
Kimerely   SA_REP                                                                                                                                                                                       
Jonathon   SA_REP                                                                                                                                                                                       

8 rows selected.

SQL> SPOOL OFF
