SQL> 
SQL> CL SCR

SQL> REM SELECT SYNTAX : SELECT ... FROM ... WHERE ... GROUP BY / HAVING ... ORDER BY ... OFFSET ... FETCH ...;
SQL> 
SQL> REM EXECUTION PRECEDENCE : FROM ... WHERE ... GROUP BY ... HAVING ... COLUMN ALIAS ... ORDER BY ... OFFSET ... FETCH ... SELECT ...;
SQL> 
SQL> SELECT DEPARTMENT_ID , SUM(SALARY)
  2  FROM EMPLOYEES
  3  GROUP BY DEPARTMENT_ID;

DEPARTMENT_ID SUM(SALARY)                                                                                                                                                                               
------------- -----------                                                                                                                                                                               
                     7000                                                                                                                                                                               
           90       58000                                                                                                                                                                               
           20       19000                                                                                                                                                                               
          110       20300                                                                                                                                                                               
           50       17500                                                                                                                                                                               
           80       30100                                                                                                                                                                               
           60       19200                                                                                                                                                                               
           10        4400                                                                                                                                                                               

8 rows selected.

SQL> REM DISPLAY DEPARTMENT_ID AND TOTAL SALARY FOR THOSE DEPARTMENT TO WHICH 30000 OR MORE TOTAL SALARY IS PAID.
SQL> 
SQL> REM TYPES : 1 SUMMARY 2 NON-SUMMARY
SQL> 
SQL> REM WHERE CLAUSE SUPPORTS ALL NON-SUMMARY ITEMS, BUT NO SUMMARY ITEM
SQL> 
SQL> REM HAVING CLAUSE SUPPORTS ALL SUMMARY ITEMS + THOSE NON-SUMMARY ITEMS WHICH ARE LISTED IN GROUP BY CLAUSE.
SQL> 
SQL> SELECT DEPARTMENT_ID , SUM(SALARY)
  2  FROM EMPLOYEES
  3  GROUP BY DEPARTMENT_ID
  4  HAVING SUM(SALARY) >= 30000;

DEPARTMENT_ID SUM(SALARY)                                                                                                                                                                               
------------- -----------                                                                                                                                                                               
           90       58000                                                                                                                                                                               
           80       30100                                                                                                                                                                               

SQL> SELECT DEPARTMENT_ID , SUM(SALARY)
  2  FROM EMPLOYEES
  3  WHERE SUM(SALARY) >= 30000
  4  GROUP BY DEPARTMENT_ID;
WHERE SUM(SALARY) >= 30000
      *
ERROR at line 3:
ORA-00934: group function is not allowed here 


SQL> REM NESTED SUMMARY FUNCTION
SQL> 
SQL> REM NESTED SUMMARY FUNCTION : A SUMMARY FUNCTION WITHIN ANOTHER SUMMARY FUNCTIN
SQL> 
SQL> REM WE CAN NEST SUMMARY FUNCTION ONLY UPTO TWO LEVELS
SQL> 
SQL> REM WHEN WE LIST NESTED SUMMARY ITEM IN SELECT, ALL OTHER ITEMS OF SELECT MUST BE NESTED SUMMARY ITEM ONLY. EXCEPTION : COUNT(*) , COUNT(GROUP BY COLUMN)
SQL> 
SQL> REM WHEN WE LIST NESTED SUMARY ITEM, GROUP BY CLAUSE IS MANDATORY
SQL> 
SQL> 
SQL> SELECT AVG(SALARY) FROM EMPLOYEES;

AVG(SALARY)                                                                                                                                                                                             
-----------                                                                                                                                                                                             
       8775                                                                                                                                                                                             

SQL> SELECT AVG(SALARY) FROM EMPLOYEES GROUP BY DEPARTMENT_ID;

AVG(SALARY)                                                                                                                                                                                             
-----------                                                                                                                                                                                             
       7000                                                                                                                                                                                             
 19333.3333                                                                                                                                                                                             
       9500                                                                                                                                                                                             
      10150                                                                                                                                                                                             
       3500                                                                                                                                                                                             
 10033.3333                                                                                                                                                                                             
       6400                                                                                                                                                                                             
       4400                                                                                                                                                                                             

8 rows selected.

SQL> SELECT DEPARTMENT_ID , AVG(SALARY) FROM EMPLOYEES GROUP BY DEPARTMENT_ID;

DEPARTMENT_ID AVG(SALARY)                                                                                                                                                                               
------------- -----------                                                                                                                                                                               
                     7000                                                                                                                                                                               
           90  19333.3333                                                                                                                                                                               
           20        9500                                                                                                                                                                               
          110       10150                                                                                                                                                                               
           50        3500                                                                                                                                                                               
           80  10033.3333                                                                                                                                                                               
           60        6400                                                                                                                                                                               
           10        4400                                                                                                                                                                               

8 rows selected.

SQL> SELECT DEPARTMENT_ID , AVG(SALARY) FROM EMPLOYEES;
SELECT DEPARTMENT_ID , AVG(SALARY) FROM EMPLOYEES
       *
ERROR at line 1:
ORA-00937: not a single-group group function 


SQL> SELECT AVG(SALARY) FROM EMPLOYEES GROUP BY DEPARTMENT_ID;

AVG(SALARY)                                                                                                                                                                                             
-----------                                                                                                                                                                                             
       7000                                                                                                                                                                                             
 19333.3333                                                                                                                                                                                             
       9500                                                                                                                                                                                             
      10150                                                                                                                                                                                             
       3500                                                                                                                                                                                             
 10033.3333                                                                                                                                                                                             
       6400                                                                                                                                                                                             
       4400                                                                                                                                                                                             

8 rows selected.

SQL> REM DISPLAY HIGHEST AVERAGE SALARY PAID TO DEPARTMENT
SQL> 
SQL> SELECT MAX(AVG(SALARY)) FROM EMPLOYEES GROUP BY DEPARTMENT_ID;

MAX(AVG(SALARY))                                                                                                                                                                                        
----------------                                                                                                                                                                                        
      19333.3333                                                                                                                                                                                        

SQL> SELECT AVG(SALARY) , MAX(AVG(SALARY)) FROM EMPLOYEES GROUP BY DEPARTMENT_ID;
SELECT AVG(SALARY) , MAX(AVG(SALARY)) FROM EMPLOYEES GROUP BY DEPARTMENT_ID
           *
ERROR at line 1:
ORA-00979: not a GROUP BY expression 


SQL> SELECT COUNT(*) , MAX(AVG(SALARY)) FROM EMPLOYEES GROUP BY DEPARTMENT_ID;

  COUNT(*) MAX(AVG(SALARY))                                                                                                                                                                             
---------- ----------------                                                                                                                                                                             
         8       19333.3333                                                                                                                                                                             

SQL> SELECT COUNT(DEPARTMENT_ID) , MAX(AVG(SALARY)) FROM EMPLOYEES GROUP BY DEPARTMENT_ID;

COUNT(DEPARTMENT_ID) MAX(AVG(SALARY))                                                                                                                                                                   
-------------------- ----------------                                                                                                                                                                   
                   7       19333.3333                                                                                                                                                                   

SQL> SELECT MAX(DEPARTMENT_ID) , MAX(AVG(SALARY)) FROM EMPLOYEES GROUP BY DEPARTMENT_ID;

MAX(DEPARTMENT_ID) MAX(AVG(SALARY))                                                                                                                                                                     
------------------ ----------------                                                                                                                                                                     
               110       19333.3333                                                                                                                                                                     

SQL> SELECT SUM(DEPARTMENT_ID) , MAX(AVG(SALARY)) FROM EMPLOYEES GROUP BY DEPARTMENT_ID;

SUM(DEPARTMENT_ID) MAX(AVG(SALARY))                                                                                                                                                                     
------------------ ----------------                                                                                                                                                                     
               420       19333.3333                                                                                                                                                                     

SQL> SELECT MIN(DEPARTMENT_ID) , MAX(AVG(SALARY)) FROM EMPLOYEES GROUP BY DEPARTMENT_ID;

MIN(DEPARTMENT_ID) MAX(AVG(SALARY))                                                                                                                                                                     
------------------ ----------------                                                                                                                                                                     
                10       19333.3333                                                                                                                                                                     

SQL> SELECT AVG(DEPARTMENT_ID) , MAX(AVG(SALARY)) FROM EMPLOYEES GROUP BY DEPARTMENT_ID;

AVG(DEPARTMENT_ID) MAX(AVG(SALARY))                                                                                                                                                                     
------------------ ----------------                                                                                                                                                                     
                60       19333.3333                                                                                                                                                                     

SQL> SELECT COUNT(MANAGER_ID) , MAX(AVG(SALARY)) FROM EMPLOYEES GROUP BY DEPARTMENT_ID;
SELECT COUNT(MANAGER_ID) , MAX(AVG(SALARY)) FROM EMPLOYEES GROUP BY DEPARTMENT_ID
             *
ERROR at line 1:
ORA-00979: not a GROUP BY expression 


SQL> SELECT COUNT(SALARY) , MAX(AVG(SALARY)) FROM EMPLOYEES GROUP BY DEPARTMENT_ID;
SELECT COUNT(SALARY) , MAX(AVG(SALARY)) FROM EMPLOYEES GROUP BY DEPARTMENT_ID
             *
ERROR at line 1:
ORA-00979: not a GROUP BY expression 


SQL> SELECT COUNT(JOB_ID) , MAX(AVG(SALARY)) FROM EMPLOYEES GROUP BY DEPARTMENT_ID;

COUNT(JOB_ID) MAX(AVG(SALARY))                                                                                                                                                                          
------------- ----------------                                                                                                                                                                          
            8       19333.3333                                                                                                                                                                          

SQL> SELECT MIN(AVG(SALARY)) , MAX(AVG(SALARY)) FROM EMPLOYEES GROUP BY DEPARTMENT_ID;

MIN(AVG(SALARY)) MAX(AVG(SALARY))                                                                                                                                                                       
---------------- ----------------                                                                                                                                                                       
            3500       19333.3333                                                                                                                                                                       

SQL> SELECT MAX(AVG(SALARY)) FROM EMPLOYEES;
SELECT MAX(AVG(SALARY)) FROM EMPLOYEES
           *
ERROR at line 1:
ORA-00978: nested group function without GROUP BY 


SQL> SELECT COUNT(MAX(AVG(SALARY))) FROM EMPLOYEES;
SELECT COUNT(MAX(AVG(SALARY))) FROM EMPLOYEES
                 *
ERROR at line 1:
ORA-00935: group function is nested too deeply 


SQL> SELECT COUNT(MAX(AVG(SALARY))) FROM EMPLOYEES GROUP BY DEPARTMENT_ID;
SELECT COUNT(MAX(AVG(SALARY))) FROM EMPLOYEES GROUP BY DEPARTMENT_ID
                 *
ERROR at line 1:
ORA-00935: group function is nested too deeply 


SQL> REM WHEN WE LIST NESTED SUMMARY ITEM IN SELECT, ALL OTHER ITEMS OF SELECT MUST BE NESTED SUMMARY ITEM ONLY. EXCEPTION : COUNT(*) , ANY SUMMARY FUNCTION WITH GROUP BY COLUMN AS INPUT
SQL> 
SQL> REM FIND HIGHEST TOTAL SALARY PAID TO JOB_ID
SQL> 
SQL> SELECT (MAX(SUM(SALARY))) FROM EMPLOYEES GROUP BY JOB_ID;

(MAX(SUM(SALARY)))                                                                                                                                                                                      
------------------                                                                                                                                                                                      
             34000                                                                                                                                                                                      

SQL> REM FIND LOWEST COUNT OF EMPLOYEES REPORTING TO MANAGER_ID
SQL> 
SQL> SELECT MIN(COUNT(MANAGER_ID)) FROM EMPLOYEES GROUP BY MANAGER_ID;

MIN(COUNT(MANAGER_ID))                                                                                                                                                                                  
----------------------                                                                                                                                                                                  
                     0                                                                                                                                                                                  

SQL> SELECT MIN(COUNT(*)) FROM EMPLOYEES GROUP BY MANAGER_ID;

MIN(COUNT(*))                                                                                                                                                                                           
-------------                                                                                                                                                                                           
            1                                                                                                                                                                                           

SQL> REM DISPLAY LOWEST AVERAGE SALARY AND HIGHEST AVERAGE SALARY PAID FOR HIRE QUARTER
SQL> 
SQL> SELECT MIN(AVG(SALARY)), MAX(AVG(SALARY)) FROM EMPLOYEES GROUP BY TO_CHAR(HIRE_DATE,'Q');

MIN(AVG(SALARY)) MAX(AVG(SALARY))                                                                                                                                                                       
---------------- ----------------                                                                                                                                                                       
            4650            10780                                                                                                                                                                       

SQL> SPOOL OFF
