SQL> 
SQL> CL SCR

SQL> REM TYPES OF FUNCTIONS : 1 SINGLE ROW 2 MULTI ROW
SQL> 
SQL> REM SINGLE ROW : IT READS SINGLE ROW AT A TIME AND RETURNS SINGLE ROW FOR IT.
SQL> 
SQL> REM SINGLE ROW : COUNT OF INPUT ROWS ARE ALWAYS EQUIVALENT TO COUNT OF OUTPUT ROWS.
SQL> 
SQL> SELECT EMAIL , LOWER(EMAIL) FROM EMPLOYEES;

EMAIL      LOWER(EMAI                                                           
---------- ----------                                                           
SKING      sking                                                                
NKOCHHAR   nkochhar                                                             
LDEHAAN    ldehaan                                                              
AHUNOLD    ahunold                                                              
BERNST     bernst                                                               
DLORENTZ   dlorentz                                                             
KMOURGOS   kmourgos                                                             
TRAJS      trajs                                                                
CDAVIES    cdavies                                                              
RMATOS     rmatos                                                               
PVARGAS    pvargas                                                              

EMAIL      LOWER(EMAI                                                           
---------- ----------                                                           
EZLOTKEY   ezlotkey                                                             
EABEL      eabel                                                                
JTAYLOR    jtaylor                                                              
KGRANT     kgrant                                                               
JWHALEN    jwhalen                                                              
MHARTSTE   mhartste                                                             
PFAY       pfay                                                                 
SHIGGINS   shiggins                                                             
WGIETZ     wgietz                                                               

20 rows selected.

SQL> SET LINES 200 PAGES 24
SQL> 
SQL> R
  1* SELECT EMAIL , LOWER(EMAIL) FROM EMPLOYEES

EMAIL      LOWER(EMAI                                                                                                                                                                                   
---------- ----------                                                                                                                                                                                   
SKING      sking                                                                                                                                                                                        
NKOCHHAR   nkochhar                                                                                                                                                                                     
LDEHAAN    ldehaan                                                                                                                                                                                      
AHUNOLD    ahunold                                                                                                                                                                                      
BERNST     bernst                                                                                                                                                                                       
DLORENTZ   dlorentz                                                                                                                                                                                     
KMOURGOS   kmourgos                                                                                                                                                                                     
TRAJS      trajs                                                                                                                                                                                        
CDAVIES    cdavies                                                                                                                                                                                      
RMATOS     rmatos                                                                                                                                                                                       
PVARGAS    pvargas                                                                                                                                                                                      
EZLOTKEY   ezlotkey                                                                                                                                                                                     
EABEL      eabel                                                                                                                                                                                        
JTAYLOR    jtaylor                                                                                                                                                                                      
KGRANT     kgrant                                                                                                                                                                                       
JWHALEN    jwhalen                                                                                                                                                                                      
MHARTSTE   mhartste                                                                                                                                                                                     
PFAY       pfay                                                                                                                                                                                         
SHIGGINS   shiggins                                                                                                                                                                                     
WGIETZ     wgietz                                                                                                                                                                                       

20 rows selected.

SQL> SELECT EMAIL , LOWER(EMAIL) FROM EMPLOYEES WHERE SALARY > 10000;

EMAIL      LOWER(EMAI                                                                                                                                                                                   
---------- ----------                                                                                                                                                                                   
SKING      sking                                                                                                                                                                                        
NKOCHHAR   nkochhar                                                                                                                                                                                     
LDEHAAN    ldehaan                                                                                                                                                                                      
EZLOTKEY   ezlotkey                                                                                                                                                                                     
EABEL      eabel                                                                                                                                                                                        
MHARTSTE   mhartste                                                                                                                                                                                     
SHIGGINS   shiggins                                                                                                                                                                                     

7 rows selected.

SQL> REM MULTI ROW : IT READS MULTIPLE ROWS AS INPUT AND MAY RETURN SINGLE OR MULTIPLE ROWS.
SQL> 
SQL> REM SELECT SYNTAX : SELECT ... FROM ... WHERE ... GROUP BY / HAVING ... ORDER BY ... OFFSET ... FETCH ...;
SQL> 
SQL> REM IF WE OMIT GROUP BY CLAUSE, IT WILL RETURN SINGLE ROW.
SQL> 
SQL> REM IF WE USE GROUP BY CLAUSE, IT WILL RETURN MULTIPLE ROWS.
SQL> 
SQL> SELECT SALARY FROM EMPLOYES;
SELECT SALARY FROM EMPLOYES
                   *
ERROR at line 1:
ORA-00942: table or view does not exist 


SQL> SELECT SALARY FROM EMPLOYEDS;
SELECT SALARY FROM EMPLOYEDS
                   *
ERROR at line 1:
ORA-00942: table or view does not exist 


SQL> SELECT SALARY FROM EMPLOYEES;

    SALARY                                                                                                                                                                                              
----------                                                                                                                                                                                              
     24000                                                                                                                                                                                              
     17000                                                                                                                                                                                              
     17000                                                                                                                                                                                              
      9000                                                                                                                                                                                              
      6000                                                                                                                                                                                              
      4200                                                                                                                                                                                              
      5800                                                                                                                                                                                              
      3500                                                                                                                                                                                              
      3100                                                                                                                                                                                              
      2600                                                                                                                                                                                              
      2500                                                                                                                                                                                              
     10500                                                                                                                                                                                              
     11000                                                                                                                                                                                              
      8600                                                                                                                                                                                              
      7000                                                                                                                                                                                              
      4400                                                                                                                                                                                              
     13000                                                                                                                                                                                              
      6000                                                                                                                                                                                              
     12000                                                                                                                                                                                              
      8300                                                                                                                                                                                              

20 rows selected.

SQL> REM MULTI ROW/GROUP/AGGREGATE/SUMMARY FUNCTIONS
SQL> 
SQL> REM LIST OF MULTI ROW FUNCTIONS : MIN MAX COUNT    SUM AVG
SQL> 
SQL> REM MIN : IT WILL RETURN MINIMUM VALUE FROM LIST OF VALUES.
SQL> 
SQL> REM MAX : IT WILL RETURN MAXIMUM VALUE FROM LIST OF VALUES.
SQL> 
SQL> REM COUNT : IT WILL RETURN COUNT/NUMBER OF VALUE FROM LIST OF VALUES.
SQL> 
SQL> REM SUM : IT WILL RETURN SUM/TOTAL OF VALUE FROM LIST OF VALUES.
SQL> 
SQL> REM AVG : IT WILL RETURN AVERAGE OF VALUE FROM LIST OF VALUES.
SQL> 
SQL> 
SQL> 
SQL> 
SQL> SELECT SALARY FROM EMPLOYEES;

    SALARY                                                                                                                                                                                              
----------                                                                                                                                                                                              
     24000                                                                                                                                                                                              
     17000                                                                                                                                                                                              
     17000                                                                                                                                                                                              
      9000                                                                                                                                                                                              
      6000                                                                                                                                                                                              
      4200                                                                                                                                                                                              
      5800                                                                                                                                                                                              
      3500                                                                                                                                                                                              
      3100                                                                                                                                                                                              
      2600                                                                                                                                                                                              
      2500                                                                                                                                                                                              
     10500                                                                                                                                                                                              
     11000                                                                                                                                                                                              
      8600                                                                                                                                                                                              
      7000                                                                                                                                                                                              
      4400                                                                                                                                                                                              
     13000                                                                                                                                                                                              
      6000                                                                                                                                                                                              
     12000                                                                                                                                                                                              
      8300                                                                                                                                                                                              

20 rows selected.

SQL> SELECT MIN(SALARY) FROM EMPLOYEES;

MIN(SALARY)                                                                                                                                                                                             
-----------                                                                                                                                                                                             
       2500                                                                                                                                                                                             

SQL> SELECT MAX(SALARY) FROM EMPLOYEES;

MAX(SALARY)                                                                                                                                                                                             
-----------                                                                                                                                                                                             
      24000                                                                                                                                                                                             

SQL> SELECT DEPARTMENT_ID , SALARY FROM EMPLOYEES ORDER BY 1,2;

DEPARTMENT_ID     SALARY                                                                                                                                                                                
------------- ----------                                                                                                                                                                                
           10       4400                                                                                                                                                                                
           20       6000                                                                                                                                                                                
           20      13000                                                                                                                                                                                
           50       2500                                                                                                                                                                                
           50       2600                                                                                                                                                                                
           50       3100                                                                                                                                                                                
           50       3500                                                                                                                                                                                
           50       5800                                                                                                                                                                                
           60       4200                                                                                                                                                                                
           60       6000                                                                                                                                                                                
           60       9000                                                                                                                                                                                
           80       8600                                                                                                                                                                                
           80      10500                                                                                                                                                                                
           80      11000                                                                                                                                                                                
           90      17000                                                                                                                                                                                
           90      17000                                                                                                                                                                                
           90      24000                                                                                                                                                                                
          110       8300                                                                                                                                                                                
          110      12000                                                                                                                                                                                
                    7000                                                                                                                                                                                

20 rows selected.

SQL> SELECT DEPARTMENT_ID , MIN(SALARY) FROM EMPLOYEES GROUP BY DEPARTMENT_ID ORDER BY 1,2;

DEPARTMENT_ID MIN(SALARY)                                                                                                                                                                               
------------- -----------                                                                                                                                                                               
           10        4400                                                                                                                                                                               
           20        6000                                                                                                                                                                               
           50        2500                                                                                                                                                                               
           60        4200                                                                                                                                                                               
           80        8600                                                                                                                                                                               
           90       17000                                                                                                                                                                               
          110        8300                                                                                                                                                                               
                     7000                                                                                                                                                                               

8 rows selected.

SQL> SELECT DEPARTMENT_ID , MIN(SALARY) , MAX(SALARY) FROM EMPLOYEES GROUP BY DEPARTMENT_ID ORDER BY 1,2;

DEPARTMENT_ID MIN(SALARY) MAX(SALARY)                                                                                                                                                                   
------------- ----------- -----------                                                                                                                                                                   
           10        4400        4400                                                                                                                                                                   
           20        6000       13000                                                                                                                                                                   
           50        2500        5800                                                                                                                                                                   
           60        4200        9000                                                                                                                                                                   
           80        8600       11000                                                                                                                                                                   
           90       17000       24000                                                                                                                                                                   
          110        8300       12000                                                                                                                                                                   
                     7000        7000                                                                                                                                                                   

8 rows selected.

SQL> REM DATA TYPES OF INPUT VALUES : 1 NUMBER 2 DATE 3 CHARACTER
SQL> 
SQL> 
SQL> REM SUMMARY FUNCTIONS WITH NUMBER TYPE INPUTS
SQL> 
SQL> SELECT SALARY FROM EMPLOYEES;

    SALARY                                                                                                                                                                                              
----------                                                                                                                                                                                              
     24000                                                                                                                                                                                              
     17000                                                                                                                                                                                              
     17000                                                                                                                                                                                              
      9000                                                                                                                                                                                              
      6000                                                                                                                                                                                              
      4200                                                                                                                                                                                              
      5800                                                                                                                                                                                              
      3500                                                                                                                                                                                              
      3100                                                                                                                                                                                              
      2600                                                                                                                                                                                              
      2500                                                                                                                                                                                              
     10500                                                                                                                                                                                              
     11000                                                                                                                                                                                              
      8600                                                                                                                                                                                              
      7000                                                                                                                                                                                              
      4400                                                                                                                                                                                              
     13000                                                                                                                                                                                              
      6000                                                                                                                                                                                              
     12000                                                                                                                                                                                              
      8300                                                                                                                                                                                              

20 rows selected.

SQL> SELECT MIN(SALARY) , MAX(SALARY) , COUNT(SALARY) , SUM(SALARY) , AVG(SALARY) FROM EMPLOYEES;

MIN(SALARY) MAX(SALARY) COUNT(SALARY) SUM(SALARY) AVG(SALARY)                                                                                                                                           
----------- ----------- ------------- ----------- -----------                                                                                                                                           
       2500       24000            20      175500        8775                                                                                                                                           

SQL> 
SQL> SELECT SUM(SALARY) / COUNT(SALARY) , AVG(SALARY) FROM EMPLOYEES;

SUM(SALARY)/COUNT(SALARY) AVG(SALARY)                                                                                                                                                                   
------------------------- -----------                                                                                                                                                                   
                     8775        8775                                                                                                                                                                   

SQL> SELECT COMMISSION_PCT FROM EMPLOYEES;

COMMISSION_PCT                                                                                                                                                                                          
--------------                                                                                                                                                                                          
                                                                                                                                                                                                        
                                                                                                                                                                                                        
                                                                                                                                                                                                        
                                                                                                                                                                                                        
                                                                                                                                                                                                        
                                                                                                                                                                                                        
                                                                                                                                                                                                        
                                                                                                                                                                                                        
                                                                                                                                                                                                        
                                                                                                                                                                                                        
                                                                                                                                                                                                        
            .2                                                                                                                                                                                          
            .3                                                                                                                                                                                          
            .3                                                                                                                                                                                          
           .15                                                                                                                                                                                          
                                                                                                                                                                                                        
                                                                                                                                                                                                        
                                                                                                                                                                                                        
                                                                                                                                                                                                        
                                                                                                                                                                                                        

20 rows selected.

SQL> SELECT MIN(COMMISSION_PCT) , MAX(COMMISSION_PCT) , COUNT(COMMISSION_PCT) , SUM(COMMISSION_PCT) , AVG(COMMISSION_PCT) FROM EMPLOYEES;

MIN(COMMISSION_PCT) MAX(COMMISSION_PCT) COUNT(COMMISSION_PCT) SUM(COMMISSION_PCT) AVG(COMMISSION_PCT)                                                                                                   
------------------- ------------------- --------------------- ------------------- -------------------                                                                                                   
                .15                  .3                     4                 .95               .2375                                                                                                   

SQL> SELECT COUNT(*) , COUNT(COMMISSION_PCT) FROM EMPLOYEES;

  COUNT(*) COUNT(COMMISSION_PCT)                                                                                                                                                                        
---------- ---------------------                                                                                                                                                                        
        20                     4                                                                                                                                                                        

SQL> SELECT COUNT(1) , COUNT(COMMISSION_PCT) FROM EMPLOYEES;

  COUNT(1) COUNT(COMMISSION_PCT)                                                                                                                                                                        
---------- ---------------------                                                                                                                                                                        
        20                     4                                                                                                                                                                        

SQL> SELECT COUNT('HI') , COUNT(COMMISSION_PCT) FROM EMPLOYEES;

COUNT('HI') COUNT(COMMISSION_PCT)                                                                                                                                                                       
----------- ---------------------                                                                                                                                                                       
         20                     4                                                                                                                                                                       

SQL> SELECT COUNT(SYSDATE) , COUNT(COMMISSION_PCT) FROM EMPLOYEES;

COUNT(SYSDATE) COUNT(COMMISSION_PCT)                                                                                                                                                                    
-------------- ---------------------                                                                                                                                                                    
            20                     4                                                                                                                                                                    

SQL> SELECT COUNT(SYSDATE) , COUNT(COMMISSION_PCT) , COUNT(DISTINCT COMMISSION_PCT) FROM EMPLOYEES;

COUNT(SYSDATE) COUNT(COMMISSION_PCT) COUNT(DISTINCTCOMMISSION_PCT)                                                                                                                                      
-------------- --------------------- -----------------------------                                                                                                                                      
            20                     4                             3                                                                                                                                      

SQL> SELECT COUNT(SYSDATE) , COUNT(COMMISSION_PCT) , COUNT(UNIQUE COMMISSION_PCT) FROM EMPLOYEES;

COUNT(SYSDATE) COUNT(COMMISSION_PCT) COUNT(UNIQUECOMMISSION_PCT)                                                                                                                                        
-------------- --------------------- ---------------------------                                                                                                                                        
            20                     4                           3                                                                                                                                        

SQL> SELECT COUNT(UNIQUE COMMISSION_PCT) , COUNT(UNIQUE DEPARTMENT_ID) FROM EMPLOYEES;

COUNT(UNIQUECOMMISSION_PCT) COUNT(UNIQUEDEPARTMENT_ID)                                                                                                                                                  
--------------------------- --------------------------                                                                                                                                                  
                          3                          7                                                                                                                                                  

SQL> SELECT AVG(COMMISSION_PCT) , SUM(COMMISSION_PCT)/COUNT(COMMISSION_PCT) FROM EMPLOYEES;

AVG(COMMISSION_PCT) SUM(COMMISSION_PCT)/COUNT(COMMISSION_PCT)                                                                                                                                           
------------------- -----------------------------------------                                                                                                                                           
              .2375                                     .2375                                                                                                                                           

SQL> SELECT AVG(COMMISSION_PCT) , SUM(COMMISSION_PCT)/COUNT(*) FROM EMPLOYEES;

AVG(COMMISSION_PCT) SUM(COMMISSION_PCT)/COUNT(*)                                                                                                                                                        
------------------- ----------------------------                                                                                                                                                        
              .2375                        .0475                                                                                                                                                        

SQL> SELECT SALARY FROM EMPLOYEES;

    SALARY                                                                                                                                                                                              
----------                                                                                                                                                                                              
     24000                                                                                                                                                                                              
     17000                                                                                                                                                                                              
     17000                                                                                                                                                                                              
      9000                                                                                                                                                                                              
      6000                                                                                                                                                                                              
      4200                                                                                                                                                                                              
      5800                                                                                                                                                                                              
      3500                                                                                                                                                                                              
      3100                                                                                                                                                                                              
      2600                                                                                                                                                                                              
      2500                                                                                                                                                                                              
     10500                                                                                                                                                                                              
     11000                                                                                                                                                                                              
      8600                                                                                                                                                                                              
      7000                                                                                                                                                                                              
      4400                                                                                                                                                                                              
     13000                                                                                                                                                                                              
      6000                                                                                                                                                                                              
     12000                                                                                                                                                                                              
      8300                                                                                                                                                                                              

20 rows selected.

SQL> SELECT SUM(SALARY) - SUM(DISTINCT SALARY) FROM EMPLOYEES
  2  
SQL> SELECT SALARY FROM EMPLOYEES ORDER BY 1;

    SALARY                                                                                                                                                                                              
----------                                                                                                                                                                                              
      2500                                                                                                                                                                                              
      2600                                                                                                                                                                                              
      3100                                                                                                                                                                                              
      3500                                                                                                                                                                                              
      4200                                                                                                                                                                                              
      4400                                                                                                                                                                                              
      5800                                                                                                                                                                                              
      6000                                                                                                                                                                                              
      6000                                                                                                                                                                                              
      7000                                                                                                                                                                                              
      8300                                                                                                                                                                                              
      8600                                                                                                                                                                                              
      9000                                                                                                                                                                                              
     10500                                                                                                                                                                                              
     11000                                                                                                                                                                                              
     12000                                                                                                                                                                                              
     13000                                                                                                                                                                                              
     17000                                                                                                                                                                                              
     17000                                                                                                                                                                                              
     24000                                                                                                                                                                                              

20 rows selected.

SQL> SELECT SUM(SALARY) - SUM(DISTINCT SALARY) FROM EMPLOYEES;

SUM(SALARY)-SUM(DISTINCTSALARY)                                                                                                                                                                         
-------------------------------                                                                                                                                                                         
                          23000                                                                                                                                                                         

SQL> SELECT DEPARTMENT_ID , MANAGER_ID FROM EMPLOYEES;

DEPARTMENT_ID MANAGER_ID                                                                                                                                                                                
------------- ----------                                                                                                                                                                                
           90                                                                                                                                                                                           
           90        100                                                                                                                                                                                
           90        100                                                                                                                                                                                
           60        102                                                                                                                                                                                
           60        103                                                                                                                                                                                
           60        103                                                                                                                                                                                
           50        100                                                                                                                                                                                
           50        124                                                                                                                                                                                
           50        124                                                                                                                                                                                
           50        124                                                                                                                                                                                
           50        124                                                                                                                                                                                
           80        100                                                                                                                                                                                
           80        149                                                                                                                                                                                
           80        149                                                                                                                                                                                
                     149                                                                                                                                                                                
           10        101                                                                                                                                                                                
           20        100                                                                                                                                                                                
           20        201                                                                                                                                                                                
          110        101                                                                                                                                                                                
          110        205                                                                                                                                                                                

20 rows selected.

SQL> SELECT DEPARTMENT_ID , MANAGER_ID FROM EMPLOYEES ORDER BY 1,2;

DEPARTMENT_ID MANAGER_ID                                                                                                                                                                                
------------- ----------                                                                                                                                                                                
           10        101                                                                                                                                                                                
           20        100                                                                                                                                                                                
           20        201                                                                                                                                                                                
           50        100                                                                                                                                                                                
           50        124                                                                                                                                                                                
           50        124                                                                                                                                                                                
           50        124                                                                                                                                                                                
           50        124                                                                                                                                                                                
           60        102                                                                                                                                                                                
           60        103                                                                                                                                                                                
           60        103                                                                                                                                                                                
           80        100                                                                                                                                                                                
           80        149                                                                                                                                                                                
           80        149                                                                                                                                                                                
           90        100                                                                                                                                                                                
           90        100                                                                                                                                                                                
           90                                                                                                                                                                                           
          110        101                                                                                                                                                                                
          110        205                                                                                                                                                                                
                     149                                                                                                                                                                                

20 rows selected.

SQL> SELECT COUNT(DISTINCT DEPARTMENT_ID) - COUNT(DISTINCT MANAGER_ID) FROM EMPLOYEES;

COUNT(DISTINCTDEPARTMENT_ID)-COUNT(DISTINCTMANAGER_ID)                                                                                                                                                  
------------------------------------------------------                                                                                                                                                  
                                                    -1                                                                                                                                                  

SQL> REM 10 20 50 60 80 90 110 NULL : 8
SQL> 
SQL> REM 100 101 102 103 124 149 201 205 NULL : 9
SQL> 
SQL> SELECT COUNT(DISTINCT DEPARTMENT_ID) ,COUNT(DISTINCT MANAGER_ID) FROM EMPLOYEES;

COUNT(DISTINCTDEPARTMENT_ID) COUNT(DISTINCTMANAGER_ID)                                                                                                                                                  
---------------------------- -------------------------                                                                                                                                                  
                           7                         8                                                                                                                                                  

SQL> REM SUMMARY FUNCTIONS WITH DATE INPUTS
SQL> 
SQL> SELECT HIRE_DATE FROM EMPLOYEES ORDER BY 1;

HIRE_DATE                                                                                                                                                                                               
-----------------------                                                                                                                                                                                 
17-JUL-1987 12:00.00 AM                                                                                                                                                                                 
17-SEP-1987 12:00.00 AM                                                                                                                                                                                 
21-SEP-1989 12:00.00 AM                                                                                                                                                                                 
03-JAN-1990 12:00.00 AM                                                                                                                                                                                 
21-MAY-1991 12:00.00 AM                                                                                                                                                                                 
13-JAN-1993 12:00.00 AM                                                                                                                                                                                 
07-JUN-1994 12:00.00 AM                                                                                                                                                                                 
07-JUN-1994 12:00.00 AM                                                                                                                                                                                 
17-OCT-1995 12:00.00 AM                                                                                                                                                                                 
17-FEB-1996 12:00.00 AM                                                                                                                                                                                 
11-MAY-1996 12:00.00 AM                                                                                                                                                                                 
29-JAN-1997 12:00.00 AM                                                                                                                                                                                 
17-AUG-1997 12:00.00 AM                                                                                                                                                                                 
15-MAR-1998 12:00.00 AM                                                                                                                                                                                 
24-MAR-1998 12:00.00 AM                                                                                                                                                                                 
09-JUL-1998 12:00.00 AM                                                                                                                                                                                 
07-FEB-1999 12:00.00 AM                                                                                                                                                                                 
24-MAY-1999 12:00.00 AM                                                                                                                                                                                 
16-NOV-1999 12:00.00 AM                                                                                                                                                                                 
29-JAN-2000 12:00.00 AM                                                                                                                                                                                 

20 rows selected.

SQL> CONN SCOTT/TIGER
Connected.
SQL> 
SQL> SELECT HIRE_DATE FROM EMPLOYEES ORDER BY 1;

HIRE_DATE                                                                                                                                                                                               
---------                                                                                                                                                                                               
17-JUL-87                                                                                                                                                                                               
17-SEP-87                                                                                                                                                                                               
21-SEP-89                                                                                                                                                                                               
03-JAN-90                                                                                                                                                                                               
21-MAY-91                                                                                                                                                                                               
13-JAN-93                                                                                                                                                                                               
07-JUN-94                                                                                                                                                                                               
07-JUN-94                                                                                                                                                                                               
17-OCT-95                                                                                                                                                                                               
17-FEB-96                                                                                                                                                                                               
11-MAY-96                                                                                                                                                                                               
29-JAN-97                                                                                                                                                                                               
17-AUG-97                                                                                                                                                                                               
15-MAR-98                                                                                                                                                                                               
24-MAR-98                                                                                                                                                                                               
09-JUL-98                                                                                                                                                                                               
07-FEB-99                                                                                                                                                                                               
24-MAY-99                                                                                                                                                                                               
16-NOV-99                                                                                                                                                                                               
29-JAN-00                                                                                                                                                                                               

20 rows selected.

SQL> SELECT MIN(HIRE_DATE) , MAX(HIRE_DATE) , COUNT(HIRE_DATE) FROM EMPLOYEES;

MIN(HIRE_ MAX(HIRE_ COUNT(HIRE_DATE)                                                                                                                                                                    
--------- --------- ----------------                                                                                                                                                                    
17-JUL-87 29-JAN-00               20                                                                                                                                                                    

SQL> SELECT SUM(HIRE_DATE) , AVG(HIRE_DATE) FROM EMPLOYEES;
SELECT SUM(HIRE_DATE) , AVG(HIRE_DATE) FROM EMPLOYEES
                            *
ERROR at line 1:
ORA-00932: inconsistent datatypes: expected NUMBER got DATE 


SQL> SELECT SUM(HIRE_DATE) FROM EMPLOYEES;
SELECT SUM(HIRE_DATE) FROM EMPLOYEES
           *
ERROR at line 1:
ORA-00932: inconsistent datatypes: expected NUMBER got DATE 


SQL> REM SUM AND AVG FUNCTIONS DON'T ALLOW DATE TYPE INPUTS.
SQL> 
SQL> 
SQL> REM SUMMARY FUNCTIONS WITH CHARACTER INPUTS.
SQL> 
SQL> SELECT FIRST_NAME FROM EMPLOYEES;

FIRST_NAME                                                                                                                                                                                              
----------                                                                                                                                                                                              
Steven                                                                                                                                                                                                  
Neena                                                                                                                                                                                                   
Lex                                                                                                                                                                                                     
Alexander                                                                                                                                                                                               
Bruce                                                                                                                                                                                                   
Diana                                                                                                                                                                                                   
Kevin                                                                                                                                                                                                   
Trenna                                                                                                                                                                                                  
Curtis                                                                                                                                                                                                  
Randall                                                                                                                                                                                                 
Peter                                                                                                                                                                                                   
Eleni                                                                                                                                                                                                   
Ellen                                                                                                                                                                                                   
Jonathon                                                                                                                                                                                                
Kimerely                                                                                                                                                                                                
Jennifer                                                                                                                                                                                                
Michael                                                                                                                                                                                                 
Pat                                                                                                                                                                                                     
Shelley                                                                                                                                                                                                 
William                                                                                                                                                                                                 

20 rows selected.

SQL> SELECT MIN(FIRST_NAME) , MAX(FIRST_NAME) , COUNT(FIRST_NAME) FROM EMPLOYEES;

MIN(FIRST_ MAX(FIRST_ COUNT(FIRST_NAME)                                                                                                                                                                 
---------- ---------- -----------------                                                                                                                                                                 
Alexander  William                   20                                                                                                                                                                 

SQL> SPOOL OFF
