SQL> 
SQL> SELECT E.FIRST_NAME EMP_NAME , ED.DEPARTMENT_NAME EMP_DNAME , EL.CITY EMP_CITY ,
  2         M.FIRST_NAME MGR_NAME , MD.DEPARTMENT_NAME MGR_DNAME , ML.CITY MGR_CITY
  3  FROM EMPLOYEES E
  4  JOIN EMPLOYEES M ON E.MANAGER_ID = M.EMPLOYEE_ID
  5  JOIN DEPARTMENTS ED ON E.DEPARTMENT_ID = ED.DEPARTMENT_ID
  6  JOIN DEPARTMENTS MD ON M.DEPARTMENT_ID = MD.DEPARTMENT_ID
  7  JOIN LOCATIONS   EL ON ED.LOCATION_ID = EL.LOCATION_ID
  8  JOIN LOCATIONS   ML ON MD.LOCATION_ID = ML.LOCATION_ID;

EMP_NAME        EMP_DNAME                      EMP_CITY                       MGR_NAME        MGR_DNAME                      MGR_CITY                                                                   
--------------- ------------------------------ ------------------------------ --------------- ------------------------------ ------------------------------                                             
Diana           IT                             Southlake                      Alexander       IT                             Southlake                                                                  
Bruce           IT                             Southlake                      Alexander       IT                             Southlake                                                                  
Peter           Shiping                        South San Francisco            Kevin           Shiping                        South San Francisco                                                        
Randall         Shiping                        South San Francisco            Kevin           Shiping                        South San Francisco                                                        
Curtis          Shiping                        South San Francisco            Kevin           Shiping                        South San Francisco                                                        
Trenna          Shiping                        South San Francisco            Kevin           Shiping                        South San Francisco                                                        
Alexander       IT                             Southlake                      Lex             Executive                      Seattle                                                                    
Kevin           Shiping                        South San Francisco            Steven          Executive                      Seattle                                                                    
Lex             Executive                      Seattle                        Steven          Executive                      Seattle                                                                    
Neena           Executive                      Seattle                        Steven          Executive                      Seattle                                                                    
Jennifer        Administration                 Seattle                        Neena           Executive                      Seattle                                                                    
Shelley         Accounting                     Seattle                        Neena           Executive                      Seattle                                                                    
William         Accounting                     Seattle                        Shelley         Accounting                     Seattle                                                                    
Michael         Marketing                      Toronto                        Steven          Executive                      Seattle                                                                    
Eleni           Sales                          Oxford                         Steven          Executive                      Seattle                                                                    
Pat             Marketing                      Toronto                        Michael         Marketing                      Toronto                                                                    
Ellen           Sales                          Oxford                         Eleni           Sales                          Oxford                                                                     
Jonathon        Sales                          Oxford                         Eleni           Sales                          Oxford                                                                     

18 rows selected.

SQL> SELECT E.FIRST_NAME EMP_NAME , ED.DEPARTMENT_NAME EMP_DNAME , EL.CITY EMP_CITY ,
  2         M.FIRST_NAME MGR_NAME , MD.DEPARTMENT_NAME MGR_DNAME , ML.CITY MGR_CITY
  3  FROM EMPLOYEES E
  4  JOIN DEPARTMENTS ED ON E.DEPARTMENT_ID = ED.DEPARTMENT_ID
  5  JOIN LOCATIONS   EL ON ED.LOCATION_ID = EL.LOCATION_ID
  6  JOIN EMPLOYEES M ON E.MANAGER_ID = M.EMPLOYEE_ID
  7  JOIN DEPARTMENTS MD ON M.DEPARTMENT_ID = MD.DEPARTMENT_ID
  8  JOIN LOCATIONS   ML ON MD.LOCATION_ID = ML.LOCATION_ID;

EMP_NAME        EMP_DNAME                      EMP_CITY                       MGR_NAME        MGR_DNAME                      MGR_CITY                                                                   
--------------- ------------------------------ ------------------------------ --------------- ------------------------------ ------------------------------                                             
Diana           IT                             Southlake                      Alexander       IT                             Southlake                                                                  
Bruce           IT                             Southlake                      Alexander       IT                             Southlake                                                                  
Peter           Shiping                        South San Francisco            Kevin           Shiping                        South San Francisco                                                        
Randall         Shiping                        South San Francisco            Kevin           Shiping                        South San Francisco                                                        
Curtis          Shiping                        South San Francisco            Kevin           Shiping                        South San Francisco                                                        
Trenna          Shiping                        South San Francisco            Kevin           Shiping                        South San Francisco                                                        
Alexander       IT                             Southlake                      Lex             Executive                      Seattle                                                                    
Kevin           Shiping                        South San Francisco            Steven          Executive                      Seattle                                                                    
Lex             Executive                      Seattle                        Steven          Executive                      Seattle                                                                    
Neena           Executive                      Seattle                        Steven          Executive                      Seattle                                                                    
Jennifer        Administration                 Seattle                        Neena           Executive                      Seattle                                                                    
Shelley         Accounting                     Seattle                        Neena           Executive                      Seattle                                                                    
William         Accounting                     Seattle                        Shelley         Accounting                     Seattle                                                                    
Michael         Marketing                      Toronto                        Steven          Executive                      Seattle                                                                    
Eleni           Sales                          Oxford                         Steven          Executive                      Seattle                                                                    
Pat             Marketing                      Toronto                        Michael         Marketing                      Toronto                                                                    
Ellen           Sales                          Oxford                         Eleni           Sales                          Oxford                                                                     
Jonathon        Sales                          Oxford                         Eleni           Sales                          Oxford                                                                     

18 rows selected.

SQL> REM EMP & MGR : ENAME , DNAME , CITY , COUNTRY_NAME
SQL> 
SQL> SELECT E.FIRST_NAME EMP_FNAME, ED.DEPARTMENT_NAME EMP_DNAME , EL.CITY EMP_CITY , EC.COUNTRY_NAME EMP_COUNTRY_NAME
  2       , M.FIRST_NAME MGR_FNAME, MD.DEPARTMENT_NAME MGR_DNAME , ML.CITY MGR_CITY , MC.COUNTRY_NAME MGR_COUNTRY_NAME
  3  FROM   EMPLOYEES E
  4  JOIN   EMPLOYEES M ON E.MANAGER_ID = M.EMPLOYEE_ID
  5  JOIN   DEPARTMENTS ED ON E.DEPARTMENT_ID = ED.DEPARTMENT_ID
  6  JOIN   DEPARTMENTS MD ON M.DEPARTMENT_ID = MD.DEPARTMENT_ID
  7  JOIN   LOCATIONS   EL ON ED.LOCATION_ID  = EL.LOCATION_ID
  8  JOIN   LOCATIONS   ML ON MD.LOCATION_ID  = ML.LOCATION_ID
  9  JOIN   COUNTRIES   EC ON EL.COUNTRY_ID   = EC.COUNTRY_ID
 10  JOIN   COUNTRIES   MC ON ML.COUNTRY_ID   = MC.COUNTRY_ID;

EMP_FNAME       EMP_DNAME                      EMP_CITY                       EMP_COUNTRY_NAME                         MGR_FNAME       MGR_DNAME                      MGR_CITY                          
--------------- ------------------------------ ------------------------------ ---------------------------------------- --------------- ------------------------------ ------------------------------    
MGR_COUNTRY_NAME                                                                                                                                                                                        
----------------------------------------                                                                                                                                                                
Michael         Marketing                      Toronto                        Canada                                   Steven          Executive                      Seattle                           
United States of America                                                                                                                                                                                
                                                                                                                                                                                                        
Pat             Marketing                      Toronto                        Canada                                   Michael         Marketing                      Toronto                           
Canada                                                                                                                                                                                                  
                                                                                                                                                                                                        
Eleni           Sales                          Oxford                         United Kingdom                           Steven          Executive                      Seattle                           
United States of America                                                                                                                                                                                
                                                                                                                                                                                                        
Ellen           Sales                          Oxford                         United Kingdom                           Eleni           Sales                          Oxford                            
United Kingdom                                                                                                                                                                                          
                                                                                                                                                                                                        
Jonathon        Sales                          Oxford                         United Kingdom                           Eleni           Sales                          Oxford                            
United Kingdom                                                                                                                                                                                          
                                                                                                                                                                                                        
Alexander       IT                             Southlake                      United States of America                 Lex             Executive                      Seattle                           
United States of America                                                                                                                                                                                
                                                                                                                                                                                                        
Bruce           IT                             Southlake                      United States of America                 Alexander       IT                             Southlake                         

EMP_FNAME       EMP_DNAME                      EMP_CITY                       EMP_COUNTRY_NAME                         MGR_FNAME       MGR_DNAME                      MGR_CITY                          
--------------- ------------------------------ ------------------------------ ---------------------------------------- --------------- ------------------------------ ------------------------------    
MGR_COUNTRY_NAME                                                                                                                                                                                        
----------------------------------------                                                                                                                                                                
United States of America                                                                                                                                                                                
                                                                                                                                                                                                        
Diana           IT                             Southlake                      United States of America                 Alexander       IT                             Southlake                         
United States of America                                                                                                                                                                                
                                                                                                                                                                                                        
Kevin           Shiping                        South San Francisco            United States of America                 Steven          Executive                      Seattle                           
United States of America                                                                                                                                                                                
                                                                                                                                                                                                        
Trenna          Shiping                        South San Francisco            United States of America                 Kevin           Shiping                        South San Francisco               
United States of America                                                                                                                                                                                
                                                                                                                                                                                                        
Curtis          Shiping                        South San Francisco            United States of America                 Kevin           Shiping                        South San Francisco               
United States of America                                                                                                                                                                                
                                                                                                                                                                                                        
Randall         Shiping                        South San Francisco            United States of America                 Kevin           Shiping                        South San Francisco               
United States of America                                                                                                                                                                                
                                                                                                                                                                                                        
Peter           Shiping                        South San Francisco            United States of America                 Kevin           Shiping                        South San Francisco               
United States of America                                                                                                                                                                                

EMP_FNAME       EMP_DNAME                      EMP_CITY                       EMP_COUNTRY_NAME                         MGR_FNAME       MGR_DNAME                      MGR_CITY                          
--------------- ------------------------------ ------------------------------ ---------------------------------------- --------------- ------------------------------ ------------------------------    
MGR_COUNTRY_NAME                                                                                                                                                                                        
----------------------------------------                                                                                                                                                                
                                                                                                                                                                                                        
Jennifer        Administration                 Seattle                        United States of America                 Neena           Executive                      Seattle                           
United States of America                                                                                                                                                                                
                                                                                                                                                                                                        
Neena           Executive                      Seattle                        United States of America                 Steven          Executive                      Seattle                           
United States of America                                                                                                                                                                                
                                                                                                                                                                                                        
Lex             Executive                      Seattle                        United States of America                 Steven          Executive                      Seattle                           
United States of America                                                                                                                                                                                
                                                                                                                                                                                                        
Shelley         Accounting                     Seattle                        United States of America                 Neena           Executive                      Seattle                           
United States of America                                                                                                                                                                                
                                                                                                                                                                                                        
William         Accounting                     Seattle                        United States of America                 Shelley         Accounting                     Seattle                           
United States of America                                                                                                                                                                                
                                                                                                                                                                                                        

18 rows selected.

SQL> SET LINES 500
SQL> 
SQL> R
  1  SELECT E.FIRST_NAME EMP_FNAME, ED.DEPARTMENT_NAME EMP_DNAME , EL.CITY EMP_CITY , EC.COUNTRY_NAME EMP_COUNTRY_NAME
  2       , M.FIRST_NAME MGR_FNAME, MD.DEPARTMENT_NAME MGR_DNAME , ML.CITY MGR_CITY , MC.COUNTRY_NAME MGR_COUNTRY_NAME
  3  FROM   EMPLOYEES E
  4  JOIN   EMPLOYEES M ON E.MANAGER_ID = M.EMPLOYEE_ID
  5  JOIN   DEPARTMENTS ED ON E.DEPARTMENT_ID = ED.DEPARTMENT_ID
  6  JOIN   DEPARTMENTS MD ON M.DEPARTMENT_ID = MD.DEPARTMENT_ID
  7  JOIN   LOCATIONS   EL ON ED.LOCATION_ID  = EL.LOCATION_ID
  8  JOIN   LOCATIONS   ML ON MD.LOCATION_ID  = ML.LOCATION_ID
  9  JOIN   COUNTRIES   EC ON EL.COUNTRY_ID   = EC.COUNTRY_ID
 10* JOIN   COUNTRIES   MC ON ML.COUNTRY_ID   = MC.COUNTRY_ID

EMP_FNAME       EMP_DNAME                      EMP_CITY                       EMP_COUNTRY_NAME                         MGR_FNAME       MGR_DNAME                      MGR_CITY                       MGR_COUNTRY_NAME                                                                                                                                                                                                                                                                                               
--------------- ------------------------------ ------------------------------ ---------------------------------------- --------------- ------------------------------ ------------------------------ ----------------------------------------                                                                                                                                                                                                                                                                       
Michael         Marketing                      Toronto                        Canada                                   Steven          Executive                      Seattle                        United States of America                                                                                                                                                                                                                                                                                       
Pat             Marketing                      Toronto                        Canada                                   Michael         Marketing                      Toronto                        Canada                                                                                                                                                                                                                                                                                                         
Eleni           Sales                          Oxford                         United Kingdom                           Steven          Executive                      Seattle                        United States of America                                                                                                                                                                                                                                                                                       
Ellen           Sales                          Oxford                         United Kingdom                           Eleni           Sales                          Oxford                         United Kingdom                                                                                                                                                                                                                                                                                                 
Jonathon        Sales                          Oxford                         United Kingdom                           Eleni           Sales                          Oxford                         United Kingdom                                                                                                                                                                                                                                                                                                 
Alexander       IT                             Southlake                      United States of America                 Lex             Executive                      Seattle                        United States of America                                                                                                                                                                                                                                                                                       
Bruce           IT                             Southlake                      United States of America                 Alexander       IT                             Southlake                      United States of America                                                                                                                                                                                                                                                                                       
Diana           IT                             Southlake                      United States of America                 Alexander       IT                             Southlake                      United States of America                                                                                                                                                                                                                                                                                       
Kevin           Shiping                        South San Francisco            United States of America                 Steven          Executive                      Seattle                        United States of America                                                                                                                                                                                                                                                                                       
Trenna          Shiping                        South San Francisco            United States of America                 Kevin           Shiping                        South San Francisco            United States of America                                                                                                                                                                                                                                                                                       
Curtis          Shiping                        South San Francisco            United States of America                 Kevin           Shiping                        South San Francisco            United States of America                                                                                                                                                                                                                                                                                       
Randall         Shiping                        South San Francisco            United States of America                 Kevin           Shiping                        South San Francisco            United States of America                                                                                                                                                                                                                                                                                       
Peter           Shiping                        South San Francisco            United States of America                 Kevin           Shiping                        South San Francisco            United States of America                                                                                                                                                                                                                                                                                       
Jennifer        Administration                 Seattle                        United States of America                 Neena           Executive                      Seattle                        United States of America                                                                                                                                                                                                                                                                                       
Neena           Executive                      Seattle                        United States of America                 Steven          Executive                      Seattle                        United States of America                                                                                                                                                                                                                                                                                       
Lex             Executive                      Seattle                        United States of America                 Steven          Executive                      Seattle                        United States of America                                                                                                                                                                                                                                                                                       
Shelley         Accounting                     Seattle                        United States of America                 Neena           Executive                      Seattle                        United States of America                                                                                                                                                                                                                                                                                       
William         Accounting                     Seattle                        United States of America                 Shelley         Accounting                     Seattle                        United States of America                                                                                                                                                                                                                                                                                       

18 rows selected.

SQL> SELECT E.FIRST_NAME, M.FIRST_NAME, ED.DEPARTMENT_NAME, MD.DEPARTMENT_NAME, EC.CITY, MC.CITY, ECN.COUNTRY_NAME, MCN.COUNTRY_NAME
  2    2  FROM EMPLOYEES E
  3     JOIN DEPARTMENTS ED ON E.DEPARTMENT_ID = ED.DEPARTMENT_ID
  4     JOIN LOCATIONS EC ON ED.LOCATION_ID = EC.LOCATION_ID
  5     JOIN COUNTRIES ECN ON EC.COUNTRY_ID = ECN.COUNTRY_ID
  6     JOIN EMPLOYEES M ON M.EMPLOYEE_ID = E.MANAGER_ID
  7     JOIN EMPLOYEES MD ON E.DEPARTMENT_ID = MD.DEPARTMENT_ID
  8     JOIN EMPLOYEES MC ON ED.LOCATION_ID = MC.LOCATION_ID
  9     JOIN EMPLOYEES MCN ON EC.COUNTRY_ID = MCN.COUNTRY_ID
 10  
SQL> 
SQL> SELECT E.FIRST_NAME, M.FIRST_NAME, ED.DEPARTMENT_NAME, MD.DEPARTMENT_NAME, EC.CITY, MC.CITY, ECN.COUNTRY_NAME, MCN.COUNTRY_NAME
  2    FROM EMPLOYEES E
  3      JOIN DEPARTMENTS ED ON E.DEPARTMENT_ID = ED.DEPARTMENT_ID
  4      JOIN LOCATIONS EC ON ED.LOCATION_ID = EC.LOCATION_ID
  5      JOIN COUNTRIES ECN ON EC.COUNTRY_ID = ECN.COUNTRY_ID
  6      JOIN EMPLOYEES M ON M.EMPLOYEE_ID = E.MANAGER_ID
  7      JOIN EMPLOYEES MD ON E.DEPARTMENT_ID = MD.DEPARTMENT_ID
  8      JOIN EMPLOYEES MC ON ED.LOCATION_ID = MC.LOCATION_ID
  9      JOIN EMPLOYEES MCN ON EC.COUNTRY_ID = MCN.COUNTRY_ID;
    JOIN EMPLOYEES MC ON ED.LOCATION_ID = MC.LOCATION_ID
                                          *
ERROR at line 8:
ORA-00904: "MC"."LOCATION_ID": invalid identifier 


SQL> SELECT E.FIRST_NAME, M.FIRST_NAME, ED.DEPARTMENT_NAME, MD.DEPARTMENT_NAME, EC.CITY, MC.CITY, ECN.COUNTRY_NAME, MCN.COUNTRY_NAME
  2    FROM EMPLOYEES E
  3      JOIN DEPARTMENTS ED ON E.DEPARTMENT_ID = ED.DEPARTMENT_ID
  4      JOIN LOCATIONS EC ON ED.LOCATION_ID = EC.LOCATION_ID
  5      JOIN COUNTRIES ECN ON EC.COUNTRY_ID = ECN.COUNTRY_ID
  6      JOIN EMPLOYEES M ON M.EMPLOYEE_ID = E.MANAGER_ID
  7      JOIN EMPLOYEES MD ON M.DEPARTMENT_ID = MD.DEPARTMENT_ID
  8      JOIN EMPLOYEES MC ON MD.LOCATION_ID = MC.LOCATION_ID
  9      JOIN EMPLOYEES MCN ON MC.COUNTRY_ID = MCN.COUNTRY_ID;
    JOIN EMPLOYEES MC ON MD.LOCATION_ID = MC.LOCATION_ID
                                          *
ERROR at line 8:
ORA-00904: "MC"."LOCATION_ID": invalid identifier 


SQL> SELECT E.FIRST_NAME, M.FIRST_NAME, ED.DEPARTMENT_NAME, MD.DEPARTMENT_NAME, EC.CITY, MC.CITY, ECN.COUNTRY_NAME, MCN.COUNTRY_NAME
  2    FROM EMPLOYEES E
  3      JOIN DEPARTMENTS ED ON E.DEPARTMENT_ID = ED.DEPARTMENT_ID
  4      JOIN LOCATIONS EC ON ED.LOCATION_ID = EC.LOCATION_ID
  5      JOIN COUNTRIES ECN ON EC.COUNTRY_ID = ECN.COUNTRY_ID
  6      JOIN EMPLOYEES M ON M.EMPLOYEE_ID = E.MANAGER_ID
  7      JOIN DEPARTMENTS MD ON M.DEPARTMENT_ID = MD.DEPARTMENT_ID
  8      JOIN LOCATIONS MC ON MD.LOCATION_ID = MC.LOCATION_ID
  9      JOIN COUNTRIES MCN ON MC.COUNTRY_ID = MCN.COUNTRY_ID;

FIRST_NAME      FIRST_NAME      DEPARTMENT_NAME                DEPARTMENT_NAME                CITY                           CITY                           COUNTRY_NAME                             COUNTRY_NAME                                                                                                                                                                                                                                                                                                   
--------------- --------------- ------------------------------ ------------------------------ ------------------------------ ------------------------------ ---------------------------------------- ----------------------------------------                                                                                                                                                                                                                                                                       
Michael         Steven          Marketing                      Executive                      Toronto                        Seattle                        Canada                                   United States of America                                                                                                                                                                                                                                                                                       
Pat             Michael         Marketing                      Marketing                      Toronto                        Toronto                        Canada                                   Canada                                                                                                                                                                                                                                                                                                         
Eleni           Steven          Sales                          Executive                      Oxford                         Seattle                        United Kingdom                           United States of America                                                                                                                                                                                                                                                                                       
Ellen           Eleni           Sales                          Sales                          Oxford                         Oxford                         United Kingdom                           United Kingdom                                                                                                                                                                                                                                                                                                 
Jonathon        Eleni           Sales                          Sales                          Oxford                         Oxford                         United Kingdom                           United Kingdom                                                                                                                                                                                                                                                                                                 
Alexander       Lex             IT                             Executive                      Southlake                      Seattle                        United States of America                 United States of America                                                                                                                                                                                                                                                                                       
Bruce           Alexander       IT                             IT                             Southlake                      Southlake                      United States of America                 United States of America                                                                                                                                                                                                                                                                                       
Diana           Alexander       IT                             IT                             Southlake                      Southlake                      United States of America                 United States of America                                                                                                                                                                                                                                                                                       
Kevin           Steven          Shiping                        Executive                      South San Francisco            Seattle                        United States of America                 United States of America                                                                                                                                                                                                                                                                                       
Trenna          Kevin           Shiping                        Shiping                        South San Francisco            South San Francisco            United States of America                 United States of America                                                                                                                                                                                                                                                                                       
Curtis          Kevin           Shiping                        Shiping                        South San Francisco            South San Francisco            United States of America                 United States of America                                                                                                                                                                                                                                                                                       
Randall         Kevin           Shiping                        Shiping                        South San Francisco            South San Francisco            United States of America                 United States of America                                                                                                                                                                                                                                                                                       
Peter           Kevin           Shiping                        Shiping                        South San Francisco            South San Francisco            United States of America                 United States of America                                                                                                                                                                                                                                                                                       
Jennifer        Neena           Administration                 Executive                      Seattle                        Seattle                        United States of America                 United States of America                                                                                                                                                                                                                                                                                       
Neena           Steven          Executive                      Executive                      Seattle                        Seattle                        United States of America                 United States of America                                                                                                                                                                                                                                                                                       
Lex             Steven          Executive                      Executive                      Seattle                        Seattle                        United States of America                 United States of America                                                                                                                                                                                                                                                                                       
Shelley         Neena           Accounting                     Executive                      Seattle                        Seattle                        United States of America                 United States of America                                                                                                                                                                                                                                                                                       
William         Shelley         Accounting                     Accounting                     Seattle                        Seattle                        United States of America                 United States of America                                                                                                                                                                                                                                                                                       

18 rows selected.

SQL> REM EMP & MGR : FIRST_NAME , DEPARTMENT_NAME , CITY , COUNTRY_NAME , REGION_NAME
SQL> 
SQL> SELECT E.FIRST_NAME E_FNAME , ED.DEPARTMENT_NAME E_DNAME , EL.CITY E_CITY , EC.COUNTRY_NAME E_CNTRYNAME , ER.REGION E_REGION
  2      M.FIRST_NAME M_FNAME , MD.DEPARTMENT_NAME E_DNAME , ML.CITY M_CITY , MC.COUNTRY_NAME M_CNTRYNAME , MR.REGION M_REGION
  3  FROM EMPLOYEES E
  4  JOIN EMPLOYEES M ON E.MANAGER_ID = M.MANAGER_ID
  5  JOIN DEPARTMENTS ED ON E.DEPARTMENT_ID = ED.DEPARTMENT_ID
  6  JOIN DEPARTMENTS MD ON M.DEPARTMENT_ID = MD.DEPARTMENT_ID
  7  JOIN LOCATION EL ON ED.LOCATION_ID = EL.LOCATION_ID
  8  JOIN LOCATION ML ON MD.LOCATION_ID = ML.LOCATION_ID
  9  JOIN COUNTRIES EC ON EL.COUNTRY_ID = EC.COUNTRY_ID
 10  JOIN COUNTRIES MC ON ML.COUNTRY_ID = MC.COUNTRY_ID
 11  JOIN REGIONS ER ON EC.REGION_ID = ER.REGION_ID
 12  JOIN REGIONS MR ON MC.REGION_ID = MR.REGION_ID ;
    M.FIRST_NAME M_FNAME , MD.DEPARTMENT_NAME E_DNAME , ML.CITY M_CITY , MC.COUNTRY_NAME M_CNTRYNAME , MR.REGION M_REGION
    *
ERROR at line 2:
ORA-00923: FROM keyword not found where expected 


SQL> SELECT E.FIRST_NAME E_FNAME , ED.DEPARTMENT_NAME E_DNAME , EL.CITY E_CITY , EC.COUNTRY_NAME E_CNTRYNAME , ER.REGION E_REGION ,
  2      M.FIRST_NAME M_FNAME , MD.DEPARTMENT_NAME E_DNAME , ML.CITY M_CITY , MC.COUNTRY_NAME M_CNTRYNAME , MR.REGION M_REGION
  3  FROM EMPLOYEES E
  4  JOIN EMPLOYEES M ON E.MANAGER_ID = M.MANAGER_ID
  5  JOIN DEPARTMENTS ED ON E.DEPARTMENT_ID = ED.DEPARTMENT_ID
  6  JOIN DEPARTMENTS MD ON M.DEPARTMENT_ID = MD.DEPARTMENT_ID
  7  JOIN LOCATION EL ON ED.LOCATION_ID = EL.LOCATION_ID
  8  JOIN LOCATION ML ON MD.LOCATION_ID = ML.LOCATION_ID
  9  JOIN COUNTRIES EC ON EL.COUNTRY_ID = EC.COUNTRY_ID
 10  JOIN COUNTRIES MC ON ML.COUNTRY_ID = MC.COUNTRY_ID
 11  JOIN REGIONS ER ON EC.REGION_ID = ER.REGION_ID
 12  JOIN REGIONS MR ON MC.REGION_ID = MR.REGION_ID ;
JOIN LOCATION EL ON ED.LOCATION_ID = EL.LOCATION_ID
                                     *
ERROR at line 7:
ORA-00904: "EL"."LOCATION_ID": invalid identifier 


SQL> SELECT E.FIRST_NAME E_FNAME , ED.DEPARTMENT_NAME E_DNAME , EL.CITY E_CITY , EC.COUNTRY_NAME E_CNTRYNAME , ER.REGION E_REGION ,
  2      M.FIRST_NAME M_FNAME , MD.DEPARTMENT_NAME E_DNAME , ML.CITY M_CITY , MC.COUNTRY_NAME M_CNTRYNAME , MR.REGION M_REGION
  3  FROM EMPLOYEES E
  4  JOIN EMPLOYEES M ON E.MANAGER_ID = M.MANAGER_ID
  5  JOIN DEPARTMENTS ED ON E.DEPARTMENT_ID = ED.DEPARTMENT_ID
  6  JOIN DEPARTMENTS MD ON M.DEPARTMENT_ID = MD.DEPARTMENT_ID
  7  JOIN LOCATIONS EL ON ED.LOCATION_ID = EL.LOCATION_ID
  8  JOIN LOCATIONS ML ON MD.LOCATION_ID = ML.LOCATION_ID
  9  JOIN COUNTRIES EC ON EL.COUNTRY_ID = EC.COUNTRY_ID
 10  JOIN COUNTRIES MC ON ML.COUNTRY_ID = MC.COUNTRY_ID
 11  JOIN REGIONS ER ON EC.REGION_ID = ER.REGION_ID
 12  JOIN REGIONS MR ON MC.REGION_ID = MR.REGION_ID ;
    M.FIRST_NAME M_FNAME , MD.DEPARTMENT_NAME E_DNAME , ML.CITY M_CITY , MC.COUNTRY_NAME M_CNTRYNAME , MR.REGION M_REGION
                                                                                                       *
ERROR at line 2:
ORA-00904: "MR"."REGION": invalid identifier 


SQL> SELECT E.FIRST_NAME E_FNAME , ED.DEPARTMENT_NAME E_DNAME , EL.CITY E_CITY , EC.COUNTRY_NAME E_CNTRYNAME , ER.REGION_NAME E_REGION ,
  2      M.FIRST_NAME M_FNAME , MD.DEPARTMENT_NAME E_DNAME , ML.CITY M_CITY , MC.COUNTRY_NAME M_CNTRYNAME , MR.REGION_NAME M_REGION
  3  FROM EMPLOYEES E
  4  JOIN EMPLOYEES M ON E.MANAGER_ID = M.MANAGER_ID
  5  JOIN DEPARTMENTS ED ON E.DEPARTMENT_ID = ED.DEPARTMENT_ID
  6  JOIN DEPARTMENTS MD ON M.DEPARTMENT_ID = MD.DEPARTMENT_ID
  7  JOIN LOCATIONS EL ON ED.LOCATION_ID = EL.LOCATION_ID
  8  JOIN LOCATIONS ML ON MD.LOCATION_ID = ML.LOCATION_ID
  9  JOIN COUNTRIES EC ON EL.COUNTRY_ID = EC.COUNTRY_ID
 10  JOIN COUNTRIES MC ON ML.COUNTRY_ID = MC.COUNTRY_ID
 11  JOIN REGIONS ER ON EC.REGION_ID = ER.REGION_ID
 12  JOIN REGIONS MR ON MC.REGION_ID = MR.REGION_ID ;

E_FNAME         E_DNAME                        E_CITY                         E_CNTRYNAME                              E_REGION                  M_FNAME         E_DNAME                        M_CITY                         M_CNTRYNAME                              M_REGION                                                                                                                                                                                                                                    
--------------- ------------------------------ ------------------------------ ---------------------------------------- ------------------------- --------------- ------------------------------ ------------------------------ ---------------------------------------- -------------------------                                                                                                                                                                                                                   
Michael         Marketing                      Toronto                        Canada                                   Americas                  Eleni           Sales                          Oxford                         United Kingdom                           Europe                                                                                                                                                                                                                                      
Michael         Marketing                      Toronto                        Canada                                   Americas                  Michael         Marketing                      Toronto                        Canada                                   Americas                                                                                                                                                                                                                                    
Michael         Marketing                      Toronto                        Canada                                   Americas                  Kevin           Shiping                        South San Francisco            United States of America                 Americas                                                                                                                                                                                                                                    
Michael         Marketing                      Toronto                        Canada                                   Americas                  Lex             Executive                      Seattle                        United States of America                 Americas                                                                                                                                                                                                                                    
Michael         Marketing                      Toronto                        Canada                                   Americas                  Neena           Executive                      Seattle                        United States of America                 Americas                                                                                                                                                                                                                                    
Pat             Marketing                      Toronto                        Canada                                   Americas                  Pat             Marketing                      Toronto                        Canada                                   Americas                                                                                                                                                                                                                                    
Eleni           Sales                          Oxford                         United Kingdom                           Europe                    Eleni           Sales                          Oxford                         United Kingdom                           Europe                                                                                                                                                                                                                                      
Eleni           Sales                          Oxford                         United Kingdom                           Europe                    Michael         Marketing                      Toronto                        Canada                                   Americas                                                                                                                                                                                                                                    
Eleni           Sales                          Oxford                         United Kingdom                           Europe                    Kevin           Shiping                        South San Francisco            United States of America                 Americas                                                                                                                                                                                                                                    
Eleni           Sales                          Oxford                         United Kingdom                           Europe                    Lex             Executive                      Seattle                        United States of America                 Americas                                                                                                                                                                                                                                    
Eleni           Sales                          Oxford                         United Kingdom                           Europe                    Neena           Executive                      Seattle                        United States of America                 Americas                                                                                                                                                                                                                                    
Ellen           Sales                          Oxford                         United Kingdom                           Europe                    Ellen           Sales                          Oxford                         United Kingdom                           Europe                                                                                                                                                                                                                                      
Ellen           Sales                          Oxford                         United Kingdom                           Europe                    Jonathon        Sales                          Oxford                         United Kingdom                           Europe                                                                                                                                                                                                                                      
Jonathon        Sales                          Oxford                         United Kingdom                           Europe                    Ellen           Sales                          Oxford                         United Kingdom                           Europe                                                                                                                                                                                                                                      
Jonathon        Sales                          Oxford                         United Kingdom                           Europe                    Jonathon        Sales                          Oxford                         United Kingdom                           Europe                                                                                                                                                                                                                                      
Alexander       IT                             Southlake                      United States of America                 Americas                  Alexander       IT                             Southlake                      United States of America                 Americas                                                                                                                                                                                                                                    
Bruce           IT                             Southlake                      United States of America                 Americas                  Diana           IT                             Southlake                      United States of America                 Americas                                                                                                                                                                                                                                    
Bruce           IT                             Southlake                      United States of America                 Americas                  Bruce           IT                             Southlake                      United States of America                 Americas                                                                                                                                                                                                                                    
Diana           IT                             Southlake                      United States of America                 Americas                  Diana           IT                             Southlake                      United States of America                 Americas                                                                                                                                                                                                                                    
Diana           IT                             Southlake                      United States of America                 Americas                  Bruce           IT                             Southlake                      United States of America                 Americas                                                                                                                                                                                                                                    
Kevin           Shiping                        South San Francisco            United States of America                 Americas                  Eleni           Sales                          Oxford                         United Kingdom                           Europe                                                                                                                                                                                                                                      

E_FNAME         E_DNAME                        E_CITY                         E_CNTRYNAME                              E_REGION                  M_FNAME         E_DNAME                        M_CITY                         M_CNTRYNAME                              M_REGION                                                                                                                                                                                                                                    
--------------- ------------------------------ ------------------------------ ---------------------------------------- ------------------------- --------------- ------------------------------ ------------------------------ ---------------------------------------- -------------------------                                                                                                                                                                                                                   
Kevin           Shiping                        South San Francisco            United States of America                 Americas                  Michael         Marketing                      Toronto                        Canada                                   Americas                                                                                                                                                                                                                                    
Kevin           Shiping                        South San Francisco            United States of America                 Americas                  Kevin           Shiping                        South San Francisco            United States of America                 Americas                                                                                                                                                                                                                                    
Kevin           Shiping                        South San Francisco            United States of America                 Americas                  Lex             Executive                      Seattle                        United States of America                 Americas                                                                                                                                                                                                                                    
Kevin           Shiping                        South San Francisco            United States of America                 Americas                  Neena           Executive                      Seattle                        United States of America                 Americas                                                                                                                                                                                                                                    
Trenna          Shiping                        South San Francisco            United States of America                 Americas                  Peter           Shiping                        South San Francisco            United States of America                 Americas                                                                                                                                                                                                                                    
Trenna          Shiping                        South San Francisco            United States of America                 Americas                  Randall         Shiping                        South San Francisco            United States of America                 Americas                                                                                                                                                                                                                                    
Trenna          Shiping                        South San Francisco            United States of America                 Americas                  Curtis          Shiping                        South San Francisco            United States of America                 Americas                                                                                                                                                                                                                                    
Trenna          Shiping                        South San Francisco            United States of America                 Americas                  Trenna          Shiping                        South San Francisco            United States of America                 Americas                                                                                                                                                                                                                                    
Curtis          Shiping                        South San Francisco            United States of America                 Americas                  Peter           Shiping                        South San Francisco            United States of America                 Americas                                                                                                                                                                                                                                    
Curtis          Shiping                        South San Francisco            United States of America                 Americas                  Randall         Shiping                        South San Francisco            United States of America                 Americas                                                                                                                                                                                                                                    
Curtis          Shiping                        South San Francisco            United States of America                 Americas                  Curtis          Shiping                        South San Francisco            United States of America                 Americas                                                                                                                                                                                                                                    
Curtis          Shiping                        South San Francisco            United States of America                 Americas                  Trenna          Shiping                        South San Francisco            United States of America                 Americas                                                                                                                                                                                                                                    
Randall         Shiping                        South San Francisco            United States of America                 Americas                  Peter           Shiping                        South San Francisco            United States of America                 Americas                                                                                                                                                                                                                                    
Randall         Shiping                        South San Francisco            United States of America                 Americas                  Randall         Shiping                        South San Francisco            United States of America                 Americas                                                                                                                                                                                                                                    
Randall         Shiping                        South San Francisco            United States of America                 Americas                  Curtis          Shiping                        South San Francisco            United States of America                 Americas                                                                                                                                                                                                                                    
Randall         Shiping                        South San Francisco            United States of America                 Americas                  Trenna          Shiping                        South San Francisco            United States of America                 Americas                                                                                                                                                                                                                                    
Peter           Shiping                        South San Francisco            United States of America                 Americas                  Peter           Shiping                        South San Francisco            United States of America                 Americas                                                                                                                                                                                                                                    
Peter           Shiping                        South San Francisco            United States of America                 Americas                  Randall         Shiping                        South San Francisco            United States of America                 Americas                                                                                                                                                                                                                                    
Peter           Shiping                        South San Francisco            United States of America                 Americas                  Curtis          Shiping                        South San Francisco            United States of America                 Americas                                                                                                                                                                                                                                    
Peter           Shiping                        South San Francisco            United States of America                 Americas                  Trenna          Shiping                        South San Francisco            United States of America                 Americas                                                                                                                                                                                                                                    
Jennifer        Administration                 Seattle                        United States of America                 Americas                  Jennifer        Administration                 Seattle                        United States of America                 Americas                                                                                                                                                                                                                                    

E_FNAME         E_DNAME                        E_CITY                         E_CNTRYNAME                              E_REGION                  M_FNAME         E_DNAME                        M_CITY                         M_CNTRYNAME                              M_REGION                                                                                                                                                                                                                                    
--------------- ------------------------------ ------------------------------ ---------------------------------------- ------------------------- --------------- ------------------------------ ------------------------------ ---------------------------------------- -------------------------                                                                                                                                                                                                                   
Jennifer        Administration                 Seattle                        United States of America                 Americas                  Shelley         Accounting                     Seattle                        United States of America                 Americas                                                                                                                                                                                                                                    
Neena           Executive                      Seattle                        United States of America                 Americas                  Eleni           Sales                          Oxford                         United Kingdom                           Europe                                                                                                                                                                                                                                      
Neena           Executive                      Seattle                        United States of America                 Americas                  Michael         Marketing                      Toronto                        Canada                                   Americas                                                                                                                                                                                                                                    
Neena           Executive                      Seattle                        United States of America                 Americas                  Kevin           Shiping                        South San Francisco            United States of America                 Americas                                                                                                                                                                                                                                    
Neena           Executive                      Seattle                        United States of America                 Americas                  Lex             Executive                      Seattle                        United States of America                 Americas                                                                                                                                                                                                                                    
Neena           Executive                      Seattle                        United States of America                 Americas                  Neena           Executive                      Seattle                        United States of America                 Americas                                                                                                                                                                                                                                    
Lex             Executive                      Seattle                        United States of America                 Americas                  Eleni           Sales                          Oxford                         United Kingdom                           Europe                                                                                                                                                                                                                                      
Lex             Executive                      Seattle                        United States of America                 Americas                  Michael         Marketing                      Toronto                        Canada                                   Americas                                                                                                                                                                                                                                    
Lex             Executive                      Seattle                        United States of America                 Americas                  Kevin           Shiping                        South San Francisco            United States of America                 Americas                                                                                                                                                                                                                                    
Lex             Executive                      Seattle                        United States of America                 Americas                  Lex             Executive                      Seattle                        United States of America                 Americas                                                                                                                                                                                                                                    
Lex             Executive                      Seattle                        United States of America                 Americas                  Neena           Executive                      Seattle                        United States of America                 Americas                                                                                                                                                                                                                                    
Shelley         Accounting                     Seattle                        United States of America                 Americas                  Jennifer        Administration                 Seattle                        United States of America                 Americas                                                                                                                                                                                                                                    
Shelley         Accounting                     Seattle                        United States of America                 Americas                  Shelley         Accounting                     Seattle                        United States of America                 Americas                                                                                                                                                                                                                                    
William         Accounting                     Seattle                        United States of America                 Americas                  William         Accounting                     Seattle                        United States of America                 Americas                                                                                                                                                                                                                                    

56 rows selected.

SQL> SELECT E.FIRST_NAME E_FNAME , ED.DEPARTMENT_NAME E_DNAME , EL.CITY E_CITY , EC.COUNTRY_NAME E_CNTRYNAME , ER.REGION_NAME E_REGION ,
  2      M.FIRST_NAME M_FNAME , MD.DEPARTMENT_NAME E_DNAME , ML.CITY M_CITY , MC.COUNTRY_NAME M_CNTRYNAME , MR.REGION_NAME M_REGION
  3  FROM EMPLOYEES E
  4  JOIN EMPLOYEES M ON E.MANAGER_ID = M.EMPLOYEE_ID
  5  JOIN DEPARTMENTS ED ON E.DEPARTMENT_ID = ED.DEPARTMENT_ID
  6  JOIN DEPARTMENTS MD ON M.DEPARTMENT_ID = MD.DEPARTMENT_ID
  7  JOIN LOCATIONS EL ON ED.LOCATION_ID = EL.LOCATION_ID
  8  JOIN LOCATIONS ML ON MD.LOCATION_ID = ML.LOCATION_ID
  9  JOIN COUNTRIES EC ON EL.COUNTRY_ID = EC.COUNTRY_ID
 10  JOIN COUNTRIES MC ON ML.COUNTRY_ID = MC.COUNTRY_ID
 11  JOIN REGIONS ER ON EC.REGION_ID = ER.REGION_ID
 12  JOIN REGIONS MR ON MC.REGION_ID = MR.REGION_ID ;

E_FNAME         E_DNAME                        E_CITY                         E_CNTRYNAME                              E_REGION                  M_FNAME         E_DNAME                        M_CITY                         M_CNTRYNAME                              M_REGION                                                                                                                                                                                                                                    
--------------- ------------------------------ ------------------------------ ---------------------------------------- ------------------------- --------------- ------------------------------ ------------------------------ ---------------------------------------- -------------------------                                                                                                                                                                                                                   
Eleni           Sales                          Oxford                         United Kingdom                           Europe                    Steven          Executive                      Seattle                        United States of America                 Americas                                                                                                                                                                                                                                    
Ellen           Sales                          Oxford                         United Kingdom                           Europe                    Eleni           Sales                          Oxford                         United Kingdom                           Europe                                                                                                                                                                                                                                      
Jonathon        Sales                          Oxford                         United Kingdom                           Europe                    Eleni           Sales                          Oxford                         United Kingdom                           Europe                                                                                                                                                                                                                                      
Michael         Marketing                      Toronto                        Canada                                   Americas                  Steven          Executive                      Seattle                        United States of America                 Americas                                                                                                                                                                                                                                    
Pat             Marketing                      Toronto                        Canada                                   Americas                  Michael         Marketing                      Toronto                        Canada                                   Americas                                                                                                                                                                                                                                    
Alexander       IT                             Southlake                      United States of America                 Americas                  Lex             Executive                      Seattle                        United States of America                 Americas                                                                                                                                                                                                                                    
Bruce           IT                             Southlake                      United States of America                 Americas                  Alexander       IT                             Southlake                      United States of America                 Americas                                                                                                                                                                                                                                    
Diana           IT                             Southlake                      United States of America                 Americas                  Alexander       IT                             Southlake                      United States of America                 Americas                                                                                                                                                                                                                                    
Kevin           Shiping                        South San Francisco            United States of America                 Americas                  Steven          Executive                      Seattle                        United States of America                 Americas                                                                                                                                                                                                                                    
Trenna          Shiping                        South San Francisco            United States of America                 Americas                  Kevin           Shiping                        South San Francisco            United States of America                 Americas                                                                                                                                                                                                                                    
Curtis          Shiping                        South San Francisco            United States of America                 Americas                  Kevin           Shiping                        South San Francisco            United States of America                 Americas                                                                                                                                                                                                                                    
Randall         Shiping                        South San Francisco            United States of America                 Americas                  Kevin           Shiping                        South San Francisco            United States of America                 Americas                                                                                                                                                                                                                                    
Peter           Shiping                        South San Francisco            United States of America                 Americas                  Kevin           Shiping                        South San Francisco            United States of America                 Americas                                                                                                                                                                                                                                    
Jennifer        Administration                 Seattle                        United States of America                 Americas                  Neena           Executive                      Seattle                        United States of America                 Americas                                                                                                                                                                                                                                    
Neena           Executive                      Seattle                        United States of America                 Americas                  Steven          Executive                      Seattle                        United States of America                 Americas                                                                                                                                                                                                                                    
Lex             Executive                      Seattle                        United States of America                 Americas                  Steven          Executive                      Seattle                        United States of America                 Americas                                                                                                                                                                                                                                    
Shelley         Accounting                     Seattle                        United States of America                 Americas                  Neena           Executive                      Seattle                        United States of America                 Americas                                                                                                                                                                                                                                    
William         Accounting                     Seattle                        United States of America                 Americas                  Shelley         Accounting                     Seattle                        United States of America                 Americas                                                                                                                                                                                                                                    

18 rows selected.

SQL> REM EMP & MGR : FIRST_NAME JOB_TITLE , DEPARTMENT_NAME , CITY , COUNTRY_NAME , REGION_NAME
SQL> 
SQL> REM EMP & MGR : FIRST_NAME , JOB_TITLE , DEPARTMENT_NAME , CITY , COUNTRY_NAME , REGION_NAME
SQL> 
SQL> REM JOBS <-> EMPLOYEES : JOB_ID
SQL> 
SQL> SELECT E.FIRST_NAME , EJ.JOB_TITLE , ED.DEPARTMENT_NAME , EL.CITY , EC.COUNTRY_NAME , ER.REGION_NAME,
  2         M.FIRST_NAME , MJ.JOB_TITLE , MD.DEPARTMENT_NAME ,ML.CITY , MC.COUNTRY_NAME , MR.REGION_NAME
  3  FROM EMPLOYEES E
  4  JOIN EMPLOYEES M ON M.EMPLOYEE_ID = E.MANAGER_ID
  5  JOIN JOBS EJ ON E.JOB_ID = EJ.JOB_ID
  6  JOIN JOBS MJ ON M.JOB_ID = MJ.JOB_ID
  7  JOIN EMPLOYEES M ON M.EMPLOYEE_ID = E.MANAGER_ID
  8   JOIN DEPARTMENTS ED ON E.DEPARTMENT_ID = ED.DEPARTMENT_ID
  9   JOIN DEPARTMENTS MD ON M.DEPARTMENT_ID = MD.DEPARTMENT_ID
 10   JOIN LOCATIONS EL ON ED.LOCATION_ID = EL.LOCATION_ID
 11   JOIN LOCATIONS ML ON MD.LOCATION_ID = ML.LOCATION_ID
 12   JOIN COUNTRIES EC ON EL.COUNTRY_ID = EC.COUNTRY_ID
 13   JOIN COUNTRIES MC ON ML.COUNTRY_ID = MC.COUNTRY_ID
 14   JOIN REGIONS ER ON EC.REGION_ID = ER.REGION_ID
 15  ;
       M.FIRST_NAME , MJ.JOB_TITLE , MD.DEPARTMENT_NAME ,ML.CITY , MC.COUNTRY_NAME , MR.REGION_NAME
                                                                                     *
ERROR at line 2:
ORA-00904: "MR"."REGION_NAME": invalid identifier 


SQL> SELECT E.FIRST_NAME EMP_FNAME, EJ.JOB_ID EMP_JOB_TITLE, ED.DEPARTMENT_NAME EMP_DNAME , EL.CITY EMP_CNAME, EC.COUNTRY EMP_CONAME, ER.REGION EMP_RNAME,
  2              M.FIRST_NAME MGR_FNAME,MJ.JOB_ID MGR_JOB_TITLE,  MD.DEPARTMENT_NAME MGR_DNAME , ML.CITY MGR_CNAME, MC.COUNTRY MGR_CONAME, MR.REGION MGR_RNAME
  3      FROM EMPLOYEES E
  4  JOIN EMPLOYEES M ON E.MANAGER_ID = M.EMPLOYEES_ID
  5  JOIN JOB_HISTORY EJ ON E.JOB_ID = EJ.JOB_ID
  6  JOIN JOB_HISTORY MJ ON M.JOB_ID = MJ.JOB_ID
  7  JOIN DEPARTMENTS ED ON EJ.DEPARTMENT_ID = ED.DEPARTMENT_ID
  8  JOIN DEPARTMENTS MD ON MJ.DEPARTMENT_ID = MD.DEPARTMENT_ID
  9  JOIN LOCATIONS EL ON ED.LOCATION_ID = EL.LOCATION_ID
 10  JOIN LOCATIONS ML ON MD.LOCATION_ID = ML.LOCATION_ID
 11  JOIN COUNTRIES EC ON EL.COUNTRY_ID = EC.COUNTRY_ID
 12  JOIN COUNTRIES MC ON ML.COUNTRY_ID = MC.COUNTRY_ID
 13  JOIN REGIONS ER ON EC.REGION_ID = ER.REGION_ID
 14  JOIN REGIONS MR ON MC.REGION_ID = MR.REGION_ID;
JOIN EMPLOYEES M ON E.MANAGER_ID = M.EMPLOYEES_ID
                                   *
ERROR at line 4:
ORA-00904: "M"."EMPLOYEES_ID": invalid identifier 


SQL> SELECT E.FIRST_NAME EMP_NAME , EJ.JOB_TITLE EMP_JTITLE , ED.DEPARTMENT_NAME EMP_DEP , EL.CITY EMP_CITY , EC.COUNTRY_NAME EMP_COUNTRY , ER.REGION_NAME EMP_RNAME ,
  2     M.FIRST_NAME MGR_NAME , MJ.JOB_TITLE MGR_JTITLE , MD.DEPARTMENT_NAME MGR_DEP , ML.CITY MGR_CITY , MC.COUNTRY_NAME MGR_COUNTRY , MR.REGION_NAME MGR_RNAME
  3  FROM EMPLOYEES E
  4  JOIN EMPLOYEES M ON E.MANAGER_ID = M.EMPLOYEE_ID
  5  JOIN DEPARTMENTS ED ON E.DEPARTMENT_ID = ED.DEPARTMENT_ID
  6  JOIN DEPARTMENTS MD ON M.DEPARTMENT_ID = MD.DEPARTMENT_ID
  7  JOIN LOCATIONS EL ON ED.LOCATION_ID = EL.LOCATION_ID
  8  JOIN LOCATIONS ML ON MD.LOCATION_ID = ML.LOCATION_ID
  9  JOIN COUNTRIES EC ON EL.COUNTRY_ID = EC.COUNTRY_ID
 10  JOIN COUNTRIES MC ON ML.COUNTRY_ID = MC.COUNTRY_ID
 11  JOIN REGIONS ER ON EC.REGION_ID = ER.REGION_ID
 12  JOIN REGIONS MR ON MC.REGION_ID = MR.REGION_ID
 13  JOIN JOBS EJ ON EJ.JOB_ID = E.JOB_ID
 14  JOIN JOBS MJ ON MJ.JOB_ID = M.JOB_ID;

EMP_NAME        EMP_JTITLE                          EMP_DEP                        EMP_CITY                       EMP_COUNTRY                              EMP_RNAME                 MGR_NAME        MGR_JTITLE                          MGR_DEP                        MGR_CITY                       MGR_COUNTRY                              MGR_RNAME                                                                                                                                                           
--------------- ----------------------------------- ------------------------------ ------------------------------ ---------------------------------------- ------------------------- --------------- ----------------------------------- ------------------------------ ------------------------------ ---------------------------------------- -------------------------                                                                                                                                           
Eleni           Sales Manager                       Sales                          Oxford                         United Kingdom                           Europe                    Steven          President                           Executive                      Seattle                        United States of America                 Americas                                                                                                                                                            
Ellen           Sales Representative                Sales                          Oxford                         United Kingdom                           Europe                    Eleni           Sales Manager                       Sales                          Oxford                         United Kingdom                           Europe                                                                                                                                                              
Jonathon        Sales Representative                Sales                          Oxford                         United Kingdom                           Europe                    Eleni           Sales Manager                       Sales                          Oxford                         United Kingdom                           Europe                                                                                                                                                              
Michael         Marketing Manager                   Marketing                      Toronto                        Canada                                   Americas                  Steven          President                           Executive                      Seattle                        United States of America                 Americas                                                                                                                                                            
Pat             Marketing Representative            Marketing                      Toronto                        Canada                                   Americas                  Michael         Marketing Manager                   Marketing                      Toronto                        Canada                                   Americas                                                                                                                                                            
Alexander       Programmer                          IT                             Southlake                      United States of America                 Americas                  Lex             Administration Vice President       Executive                      Seattle                        United States of America                 Americas                                                                                                                                                            
Bruce           Programmer                          IT                             Southlake                      United States of America                 Americas                  Alexander       Programmer                          IT                             Southlake                      United States of America                 Americas                                                                                                                                                            
Diana           Programmer                          IT                             Southlake                      United States of America                 Americas                  Alexander       Programmer                          IT                             Southlake                      United States of America                 Americas                                                                                                                                                            
Kevin           Stock Manager                       Shiping                        South San Francisco            United States of America                 Americas                  Steven          President                           Executive                      Seattle                        United States of America                 Americas                                                                                                                                                            
Trenna          Stock Clerk                         Shiping                        South San Francisco            United States of America                 Americas                  Kevin           Stock Manager                       Shiping                        South San Francisco            United States of America                 Americas                                                                                                                                                            
Neena           Administration Vice President       Executive                      Seattle                        United States of America                 Americas                  Steven          President                           Executive                      Seattle                        United States of America                 Americas                                                                                                                                                            
Lex             Administration Vice President       Executive                      Seattle                        United States of America                 Americas                  Steven          President                           Executive                      Seattle                        United States of America                 Americas                                                                                                                                                            
Jennifer        Administration Assistant            Administration                 Seattle                        United States of America                 Americas                  Neena           Administration Vice President       Executive                      Seattle                        United States of America                 Americas                                                                                                                                                            
Shelley         Accounting Manager                  Accounting                     Seattle                        United States of America                 Americas                  Neena           Administration Vice President       Executive                      Seattle                        United States of America                 Americas                                                                                                                                                            
William         Public Accountant                   Accounting                     Seattle                        United States of America                 Americas                  Shelley         Accounting Manager                  Accounting                     Seattle                        United States of America                 Americas                                                                                                                                                            

15 rows selected.

SQL> SELECT E.FIRST_NAME EMP_NAME ,EJ.JOB_JOB_TITLE EMP_JOB, ED.DEPARTMENT_NAME EMP_DNAME, EL.CITY EMP_CITY,EC.COUNTRY_NAME EMP_COUN,ER.REGION_NAME EMP_REGION,
  2      M.FIRST_NAME MGR_NAME,MJ.JOB_JOB_TITLE MGR_JOB, MD.DEPARTMENT_NAME MGR_DNAME , ML.CITY MGR_CITY ,MC.COUNTRY_NAME MGR_COUN, MR.REGION_NAME MGR_REGION
  3  FROM EMPLOYEES E
  4  JOIN EMPLOYEES M ON E.MANAGER_ID = M.EMPLOYEE_ID
  5  JOIN JOBS EJ ON E.JOB_ID = EJ.JOB_ID;
    M.FIRST_NAME MGR_NAME,MJ.JOB_JOB_TITLE MGR_JOB, MD.DEPARTMENT_NAME MGR_DNAME , ML.CITY MGR_CITY ,MC.COUNTRY_NAME MGR_COUN, MR.REGION_NAME MGR_REGION
                                                                                                                               *
ERROR at line 2:
ORA-00904: "MR"."REGION_NAME": invalid identifier 


SQL> JOIN JOBS MJ ON M.JOB_ID = MJ.JOB_ID;
SP2-0734: unknown command beginning "JOIN JOBS ..." - rest of line ignored.
SQL> JOIN DEPARTMENTS ED ON E.DEPARTMENT_ID = ED.DEPARTMENT ID
SP2-0734: unknown command beginning "JOIN DEPAR..." - rest of line ignored.
SQL> JOIN DEPARTMENTS MD ON M.DEPARTMENT_ID = MD.DEPARTMENT_ID
SP2-0734: unknown command beginning "JOIN DEPAR..." - rest of line ignored.
SQL> JOIN LOCATIONS EL ON ED.LOCATION_ID = EL.LOCATION_ID
SP2-0734: unknown command beginning "JOIN LOCAT..." - rest of line ignored.
SP2-0044: For a list of known commands enter HELP
and to leave enter EXIT.
SQL> JOIN LOCATIONS ML ON MD.LOCATION_ID = ML.LOCATION_ID
SP2-0734: unknown command beginning "JOIN LOCAT..." - rest of line ignored.
SQL> JOIN COUNTRIES EC ON EL.COUNTRY_ID = EC.COUNTRY_ID
SP2-0734: unknown command beginning "JOIN COUNT..." - rest of line ignored.
SQL> JOIN COUNTRIES MC ON ML.COUNTRY_ID = MC.COUNTRY_ID
SP2-0734: unknown command beginning "JOIN COUNT..." - rest of line ignored.
SQL> JOIN REGIONS ER ON EC.REGION_ID = ER.REGION_ID
SP2-0734: unknown command beginning "JOIN REGIO..." - rest of line ignored.
SP2-0044: For a list of known commands enter HELP
and to leave enter EXIT.
SQL> JOIN REGIONS MR ON MC.REGION_ID = MR.REGION_ID
SP2-0734: unknown command beginning "JOIN REGIO..." - rest of line ignored.
SQL> 
SQL> 
SQL> SELECT E.FIRST_NAME EMP_NAME ,EJ.JOB_JOB_TITLE EMP_JOB, ED.DEPARTMENT_NAME EMP_DNAME, EL.CITY EMP_CITY,EC.COUNTRY_NAME EMP_COUN,ER.REGION_NAME EMP_REGION,
  2      M.FIRST_NAME MGR_NAME,MJ.JOB_JOB_TITLE MGR_JOB, MD.DEPARTMENT_NAME MGR_DNAME , ML.CITY MGR_CITY ,MC.COUNTRY_NAME MGR_COUN, MR.REGION_NAME MGR_REGION
  3  FROM EMPLOYEES E
  4  JOIN EMPLOYEES M ON E.MANAGER_ID = M.EMPLOYEE_ID
  5  JOIN JOBS EJ ON E.JOB_ID = EJ.JOB_ID;
    M.FIRST_NAME MGR_NAME,MJ.JOB_JOB_TITLE MGR_JOB, MD.DEPARTMENT_NAME MGR_DNAME , ML.CITY MGR_CITY ,MC.COUNTRY_NAME MGR_COUN, MR.REGION_NAME MGR_REGION
                                                                                                                               *
ERROR at line 2:
ORA-00904: "MR"."REGION_NAME": invalid identifier 


SQL> JOIN JOBS MJ ON M.JOB_ID = MJ.JOB_ID;
SP2-0734: unknown command beginning "JOIN JOBS ..." - rest of line ignored.
SQL> JOIN DEPARTMENTS ED ON E.DEPARTMENT_ID = ED.DEPARTMENT ID
SP2-0734: unknown command beginning "JOIN DEPAR..." - rest of line ignored.
SQL> JOIN DEPARTMENTS MD ON M.DEPARTMENT_ID = MD.DEPARTMENT_ID
SP2-0734: unknown command beginning "JOIN DEPAR..." - rest of line ignored.
SQL> JOIN LOCATIONS EL ON ED.LOCATION_ID = EL.LOCATION_ID
SP2-0734: unknown command beginning "JOIN LOCAT..." - rest of line ignored.
SP2-0044: For a list of known commands enter HELP
and to leave enter EXIT.
SQL> JOIN LOCATIONS ML ON MD.LOCATION_ID = ML.LOCATION_ID
SP2-0734: unknown command beginning "JOIN LOCAT..." - rest of line ignored.
SQL> JOIN COUNTRIES EC ON EL.COUNTRY_ID = EC.COUNTRY_ID
SP2-0734: unknown command beginning "JOIN COUNT..." - rest of line ignored.
SQL> JOIN COUNTRIES MC ON ML.COUNTRY_ID = MC.COUNTRY_ID
SP2-0734: unknown command beginning "JOIN COUNT..." - rest of line ignored.
SQL> JOIN REGIONS ER ON EC.REGION_ID = ER.REGION_ID
SP2-0734: unknown command beginning "JOIN REGIO..." - rest of line ignored.
SP2-0044: For a list of known commands enter HELP
and to leave enter EXIT.
SQL> JOIN REGIONS MR ON MC.REGION_ID = MR.REGION_ID
SP2-0734: unknown command beginning "JOIN REGIO..." - rest of line ignored.
SQL> 
SQL> SELECT E.FIRST_NAME, ED.DEPARTMENT_NAME, EL.CITY, EC.COUNTRY_NAME, ER.REGION_NAME, EJ.JOB_TITLE
  2  FROM EMPLOYEES E                      CITY, MC.COUNTRY_NAME, MR.REGION_NAME, MJ.JOB_TITLE
  3  FROM EMPLOYEES E
  4  JOIN DEPARTMENTS ED ON E.DEPARTMENT_ID = ED.DEPARTMENT_ID
  5  JOIN LOCATIONS EL ON ED.LOCATION_ID = EL.LOCATION_ID
  6  JOIN COUNTRIES EC ON EL.COUNTRY_ID = EC.COUNTRY_ID
  7  JOIN REGIONS ER ON EC.REGION_ID = ER.REGION_ID
  8  JOIN EMPLOYEES M ON E.MANAGER_ID = M.EMPLOYEE_ID
  9  JOIN DEPARTMENTS MD ON M.DEPARTMENT_ID = MD.DEPARTMENT_ID
 10  JOIN LOCATIONS ML ON MD.LOCATION_ID = ML.LOCATION_ID
 11  JOIN COUNTRIES MC ON ML.COUNTRY_ID = MC.COUNTRY_ID
 12  JOIN REGIONS MR ON MC.REGION_ID = MR.REGION_ID
 13  JOIN JOBS MJ ON M.JOB_ID = MJ.JOB_ID;
FROM EMPLOYEES E                      CITY, MC.COUNTRY_NAME, MR.REGION_NAME, MJ.JOB_TITLE
                                      *
ERROR at line 2:
ORA-00933: SQL command not properly ended 


SQL> SELECT E.FIRST_NAME EMP_NAME, EJ.JOB_TITLE EMP_JOB, ED.DEPARTMENT_NAME EMP_DEPT, EL.CITY EMP_CITY, EC.COUNTRY_NAME EMP_COUNTRY, ER.REGION_NAME EMP_REGION,
  2  M.FIRST_NAME MGR_NAME, MJ.JOB_TITLE MGR_JOB ,MD.DEPARTMENT_NAME MGR_DEPT, ML.CITY MGR_CITY, MC.COUNTRY_NAME MGR_COUNTRY, MR.REGION_NAME MGR_REGION
  3  FROM EMPLOYEES E
  4  JOIN EMPLOYEES M ON E.MANAGER_ID=M.EMPLOYEE_ID
  5  JOIN JOBS EJ ON E.JOB_ID=EJ.JOB_ID
  6  JOIN JOBS MJ ON M.JOB_ID=MJ.JOB_ID
  7  JOIN DEPARTMENTS ED
  8  ON E.DEPARTMENT_ID=ED.DEPARTMENT_ID
  9  JOIN DEPARTMENTS MD
 10  ON M.DEPARTMENT_ID=MD.DEPARTMENT_ID
 11  JOIN LOCATIONS EL
 12  ON ED.LOCATION_ID= EL.LOCATION_ID
 13  JOIN LOCATIONS ML
 14  ON MD.LOCATION_ID=ML.LOCATION_ID
 15  JOIN COUNTRIES EC
 16  ON EL.COUNTRY_ID=EC.COUNTRY_ID
 17  JOIN COUNTRIES MC
 18  ON ML.COUNTRY_ID=MC.COUNTRY_ID
 19  JOIN REGIONS ER
 20  ON EC.REGION_ID=ER.REGION_ID
 21  JOIN REGIONS MR
 22  ON MC.REGION_ID=MR.REGION_ID;

EMP_NAME        EMP_JOB                             EMP_DEPT                       EMP_CITY                       EMP_COUNTRY                              EMP_REGION                MGR_NAME        MGR_JOB                             MGR_DEPT                       MGR_CITY                       MGR_COUNTRY                              MGR_REGION                                                                                                                                                          
--------------- ----------------------------------- ------------------------------ ------------------------------ ---------------------------------------- ------------------------- --------------- ----------------------------------- ------------------------------ ------------------------------ ---------------------------------------- -------------------------                                                                                                                                           
Eleni           Sales Manager                       Sales                          Oxford                         United Kingdom                           Europe                    Steven          President                           Executive                      Seattle                        United States of America                 Americas                                                                                                                                                            
Ellen           Sales Representative                Sales                          Oxford                         United Kingdom                           Europe                    Eleni           Sales Manager                       Sales                          Oxford                         United Kingdom                           Europe                                                                                                                                                              
Jonathon        Sales Representative                Sales                          Oxford                         United Kingdom                           Europe                    Eleni           Sales Manager                       Sales                          Oxford                         United Kingdom                           Europe                                                                                                                                                              
Michael         Marketing Manager                   Marketing                      Toronto                        Canada                                   Americas                  Steven          President                           Executive                      Seattle                        United States of America                 Americas                                                                                                                                                            
Pat             Marketing Representative            Marketing                      Toronto                        Canada                                   Americas                  Michael         Marketing Manager                   Marketing                      Toronto                        Canada                                   Americas                                                                                                                                                            
Alexander       Programmer                          IT                             Southlake                      United States of America                 Americas                  Lex             Administration Vice President       Executive                      Seattle                        United States of America                 Americas                                                                                                                                                            
Bruce           Programmer                          IT                             Southlake                      United States of America                 Americas                  Alexander       Programmer                          IT                             Southlake                      United States of America                 Americas                                                                                                                                                            
Diana           Programmer                          IT                             Southlake                      United States of America                 Americas                  Alexander       Programmer                          IT                             Southlake                      United States of America                 Americas                                                                                                                                                            
Kevin           Stock Manager                       Shiping                        South San Francisco            United States of America                 Americas                  Steven          President                           Executive                      Seattle                        United States of America                 Americas                                                                                                                                                            
Trenna          Stock Clerk                         Shiping                        South San Francisco            United States of America                 Americas                  Kevin           Stock Manager                       Shiping                        South San Francisco            United States of America                 Americas                                                                                                                                                            
Neena           Administration Vice President       Executive                      Seattle                        United States of America                 Americas                  Steven          President                           Executive                      Seattle                        United States of America                 Americas                                                                                                                                                            
Lex             Administration Vice President       Executive                      Seattle                        United States of America                 Americas                  Steven          President                           Executive                      Seattle                        United States of America                 Americas                                                                                                                                                            
Jennifer        Administration Assistant            Administration                 Seattle                        United States of America                 Americas                  Neena           Administration Vice President       Executive                      Seattle                        United States of America                 Americas                                                                                                                                                            
Shelley         Accounting Manager                  Accounting                     Seattle                        United States of America                 Americas                  Neena           Administration Vice President       Executive                      Seattle                        United States of America                 Americas                                                                                                                                                            
William         Public Accountant                   Accounting                     Seattle                        United States of America                 Americas                  Shelley         Accounting Manager                  Accounting                     Seattle                        United States of America                 Americas                                                                                                                                                            

15 rows selected.

SQL> SELECT E.FIRST_NAME EMP_NAME, EJ.JOB_TITLE EMP_JOB, ED.DEPARTMENT_NAME EMP_DNAME, EL.CITY EMP_CITY, EC.COUNTRY_NAME EMP_COUNTRY, ER.REGION_NAME EMP_REGION,
  2  M.FIRST_NAME MGR_NAME, MJ.JOB_TITLE MGR_JOB , MD.DEPARTMENT_NAME MGR_DNAME, ML.CITY MGR_CITY, MC.COUNTRY_NAME MGR_COUNTRY, MR.REGION_NAME MGR_REGION
  3  FROM EMPLOYEES E
  4  JOIN EMPLOYEES M ON E.MANAGER_ID = M.EMPLOYEE_ID
  5  JOIN JOBS EJ ON E.JOB_ID = EJ.JOB_ID
  6  JOIN JOBS MJ ON M.JOB_ID = MJ.JOB_ID
  7  JOIN DEPARTMENTS ED ON E.DEPARTMENT_ID = ED.DEPARTMENT_ID
  8  JOIN DEPARTMENTS MD ON M.DEPARTMENT_ID = MD.DEPARTMENT_ID
  9  JOIN LOCATIONS EL ON ED.LOCATION_ID = EL.LOCATION_ID
 10  JOIN LOCATIONS ML ON MD.LOCATION_ID = ML.LOCATION_ID
 11  JOIN COUNTRIES EC ON EL.COUNTRY_ID = EC.COUNTRY_ID
 12  JOIN COUNTRIES MC ON ML.COUNTRY_ID = MC.COUNTRY_ID
 13  JOIN REGIONS ER ON EC.REGION_ID = ER.REGION_ID
 14  JOIN REGIONS MR ON MC.REGION_ID =MR.REGION_ID;SELECT E.FIRST_NAME EMP_NAME, EJ.JOB_TITLE EMP_JOB, ED.DEPARTMENT_NAME EMP_DNAME, EL.CITY EMP_CITY, EC.COUNTRY_NAME EMP_COUNTRY, ER.REGION_NAME EMP_REGION,
 15  M.FIRST_NAME MGR_NAME, MJ.JOB_TITLE MGR_JOB , MD.DEPARTMENT_NAME MGR_DNAME, ML.CITY MGR_CITY, MC.COUNTRY_NAME MGR_COUNTRY, MR.REGION_NAME MGR_REGION
 16  FROM EMPLOYEES E
 17  JOIN EMPLOYEES M ON E.MANAGER_ID = M.EMPLOYEE_ID
 18  JOIN JOBS EJ ON E.JOB_ID = EJ.JOB_ID
 19  JOIN JOBS MJ ON M.JOB_ID = MJ.JOB_ID
 20  JOIN DEPARTMENTS ED ON E.DEPARTMENT_ID = ED.DEPARTMENT_ID
 21  JOIN DEPARTMENTS MD ON M.DEPARTMENT_ID = MD.DEPARTMENT_ID
 22  JOIN LOCATIONS EL ON ED.LOCATION_ID = EL.LOCATION_ID
 23  JOIN LOCATIONS ML ON MD.LOCATION_ID = ML.LOCATION_ID
 24  JOIN COUNTRIES EC ON EL.COUNTRY_ID = EC.COUNTRY_ID
 25  JOIN COUNTRIES MC ON ML.COUNTRY_ID = MC.COUNTRY_ID
 26  JOIN REGIONS ER ON EC.REGION_ID = ER.REGION_ID
 27  JOIN REGIONS MR ON MC.REGION_ID =MR.REGION_ID.
 28  
SQL> SELECT E.FIRST_NAME EMP_NAME, EJ.JOB_TITLE EMP_JOB, ED.DEPARTMENT_NAME EMP_DNAME, EL.CITY EMP_CITY, EC.COUNTRY_NAME EMP_COUNTRY, ER.REGION_NAME EMP_REGION,
  2  M.FIRST_NAME MGR_NAME, MJ.JOB_TITLE MGR_JOB , MD.DEPARTMENT_NAME MGR_DNAME, ML.CITY MGR_CITY, MC.COUNTRY_NAME MGR_COUNTRY, MR.REGION_NAME MGR_REGION
  3  FROM EMPLOYEES E
  4  JOIN EMPLOYEES M ON E.MANAGER_ID = M.EMPLOYEE_ID
  5  JOIN JOBS EJ ON E.JOB_ID = EJ.JOB_ID
  6  JOIN JOBS MJ ON M.JOB_ID = MJ.JOB_ID
  7  JOIN DEPARTMENTS ED ON E.DEPARTMENT_ID = ED.DEPARTMENT_ID
  8  JOIN DEPARTMENTS MD ON M.DEPARTMENT_ID = MD.DEPARTMENT_ID
  9  JOIN LOCATIONS EL ON ED.LOCATION_ID = EL.LOCATION_ID
 10  JOIN LOCATIONS ML ON MD.LOCATION_ID = ML.LOCATION_ID
 11  JOIN COUNTRIES EC ON EL.COUNTRY_ID = EC.COUNTRY_ID
 12  JOIN COUNTRIES MC ON ML.COUNTRY_ID = MC.COUNTRY_ID
 13  JOIN REGIONS ER ON EC.REGION_ID = ER.REGION_ID
 14  JOIN REGIONS MR ON MC.REGION_ID =MR.REGION_ID;

EMP_NAME        EMP_JOB                             EMP_DNAME                      EMP_CITY                       EMP_COUNTRY                              EMP_REGION                MGR_NAME        MGR_JOB                             MGR_DNAME                      MGR_CITY                       MGR_COUNTRY                              MGR_REGION                                                                                                                                                          
--------------- ----------------------------------- ------------------------------ ------------------------------ ---------------------------------------- ------------------------- --------------- ----------------------------------- ------------------------------ ------------------------------ ---------------------------------------- -------------------------                                                                                                                                           
Eleni           Sales Manager                       Sales                          Oxford                         United Kingdom                           Europe                    Steven          President                           Executive                      Seattle                        United States of America                 Americas                                                                                                                                                            
Ellen           Sales Representative                Sales                          Oxford                         United Kingdom                           Europe                    Eleni           Sales Manager                       Sales                          Oxford                         United Kingdom                           Europe                                                                                                                                                              
Jonathon        Sales Representative                Sales                          Oxford                         United Kingdom                           Europe                    Eleni           Sales Manager                       Sales                          Oxford                         United Kingdom                           Europe                                                                                                                                                              
Michael         Marketing Manager                   Marketing                      Toronto                        Canada                                   Americas                  Steven          President                           Executive                      Seattle                        United States of America                 Americas                                                                                                                                                            
Pat             Marketing Representative            Marketing                      Toronto                        Canada                                   Americas                  Michael         Marketing Manager                   Marketing                      Toronto                        Canada                                   Americas                                                                                                                                                            
Alexander       Programmer                          IT                             Southlake                      United States of America                 Americas                  Lex             Administration Vice President       Executive                      Seattle                        United States of America                 Americas                                                                                                                                                            
Bruce           Programmer                          IT                             Southlake                      United States of America                 Americas                  Alexander       Programmer                          IT                             Southlake                      United States of America                 Americas                                                                                                                                                            
Diana           Programmer                          IT                             Southlake                      United States of America                 Americas                  Alexander       Programmer                          IT                             Southlake                      United States of America                 Americas                                                                                                                                                            
Kevin           Stock Manager                       Shiping                        South San Francisco            United States of America                 Americas                  Steven          President                           Executive                      Seattle                        United States of America                 Americas                                                                                                                                                            
Trenna          Stock Clerk                         Shiping                        South San Francisco            United States of America                 Americas                  Kevin           Stock Manager                       Shiping                        South San Francisco            United States of America                 Americas                                                                                                                                                            
Neena           Administration Vice President       Executive                      Seattle                        United States of America                 Americas                  Steven          President                           Executive                      Seattle                        United States of America                 Americas                                                                                                                                                            
Lex             Administration Vice President       Executive                      Seattle                        United States of America                 Americas                  Steven          President                           Executive                      Seattle                        United States of America                 Americas                                                                                                                                                            
Jennifer        Administration Assistant            Administration                 Seattle                        United States of America                 Americas                  Neena           Administration Vice President       Executive                      Seattle                        United States of America                 Americas                                                                                                                                                            
Shelley         Accounting Manager                  Accounting                     Seattle                        United States of America                 Americas                  Neena           Administration Vice President       Executive                      Seattle                        United States of America                 Americas                                                                                                                                                            
William         Public Accountant                   Accounting                     Seattle                        United States of America                 Americas                  Shelley         Accounting Manager                  Accounting                     Seattle                        United States of America                 Americas                                                                                                                                                            

15 rows selected.

SQL> SELECT E.FIRST_NAME , EJ.JOB_TITLE , ED.DEPARTMENT_NAME , EL.CITY , EC.COUNTRY_NAME , ER.REGION_NAME,
  2         M.FIRST_NAME , MJ.JOB_TITLE , MD.DEPARTMENT_NAME ,ML.CITY , MC.COUNTRY_NAME , MR.REGION_NAME
  3  FROM EMPLOYEES E
  4  JOIN EMPLOYEES M ON M.EMPLOYEE_ID = E.MANAGER_ID
  5  JOIN JOBS EJ ON E.JOB_ID = EJ.JOB_ID
  6  JOIN JOBS MJ ON M.JOB_ID = MJ.JOB_ID
  7  JOIN EMPLOYEES M ON M.EMPLOYEE_ID = E.MANAGER_ID
  8   JOIN DEPARTMENTS ED ON E.DEPARTMENT_ID = ED.DEPARTMENT_ID
  9   JOIN DEPARTMENTS MD ON M.DEPARTMENT_ID = MD.DEPARTMENT_ID
 10   JOIN LOCATIONS EL ON ED.LOCATION_ID = EL.LOCATION_ID
 11   JOIN LOCATIONS ML ON MD.LOCATION_ID = ML.LOCATION_ID
 12   JOIN COUNTRIES EC ON EL.COUNTRY_ID = EC.COUNTRY_ID
 13   JOIN COUNTRIES MC ON ML.COUNTRY_ID = MC.COUNTRY_ID
 14   JOIN REGIONS ER ON EC.REGION_ID = ER.REGION_ID
 15   JOIN REGIONS MR ON MC.REGION_ID = MR.REGION_ID;

FIRST_NAME      JOB_TITLE                           DEPARTMENT_NAME                CITY                           COUNTRY_NAME                             REGION_NAME               FIRST_NAME      JOB_TITLE                           DEPARTMENT_NAME                CITY                           COUNTRY_NAME                             REGION_NAME                                                                                                                                                         
--------------- ----------------------------------- ------------------------------ ------------------------------ ---------------------------------------- ------------------------- --------------- ----------------------------------- ------------------------------ ------------------------------ ---------------------------------------- -------------------------                                                                                                                                           
Ellen           Sales Representative                Sales                          Oxford                         United Kingdom                           Europe                    Eleni           Sales Manager                       Sales                          Oxford                         United Kingdom                           Europe                                                                                                                                                              
Jonathon        Sales Representative                Sales                          Oxford                         United Kingdom                           Europe                    Eleni           Sales Manager                       Sales                          Oxford                         United Kingdom                           Europe                                                                                                                                                              
Pat             Marketing Representative            Marketing                      Toronto                        Canada                                   Americas                  Michael         Marketing Manager                   Marketing                      Toronto                        Canada                                   Americas                                                                                                                                                            
Bruce           Programmer                          IT                             Southlake                      United States of America                 Americas                  Alexander       Programmer                          IT                             Southlake                      United States of America                 Americas                                                                                                                                                            
Diana           Programmer                          IT                             Southlake                      United States of America                 Americas                  Alexander       Programmer                          IT                             Southlake                      United States of America                 Americas                                                                                                                                                            
Trenna          Stock Clerk                         Shiping                        South San Francisco            United States of America                 Americas                  Kevin           Stock Manager                       Shiping                        South San Francisco            United States of America                 Americas                                                                                                                                                            
Neena           Administration Vice President       Executive                      Seattle                        United States of America                 Americas                  Steven          President                           Executive                      Seattle                        United States of America                 Americas                                                                                                                                                            
Lex             Administration Vice President       Executive                      Seattle                        United States of America                 Americas                  Steven          President                           Executive                      Seattle                        United States of America                 Americas                                                                                                                                                            
Eleni           Sales Manager                       Sales                          Oxford                         United Kingdom                           Europe                    Steven          President                           Executive                      Seattle                        United States of America                 Americas                                                                                                                                                            
Kevin           Stock Manager                       Shiping                        South San Francisco            United States of America                 Americas                  Steven          President                           Executive                      Seattle                        United States of America                 Americas                                                                                                                                                            
Michael         Marketing Manager                   Marketing                      Toronto                        Canada                                   Americas                  Steven          President                           Executive                      Seattle                        United States of America                 Americas                                                                                                                                                            
Jennifer        Administration Assistant            Administration                 Seattle                        United States of America                 Americas                  Neena           Administration Vice President       Executive                      Seattle                        United States of America                 Americas                                                                                                                                                            
Shelley         Accounting Manager                  Accounting                     Seattle                        United States of America                 Americas                  Neena           Administration Vice President       Executive                      Seattle                        United States of America                 Americas                                                                                                                                                            
Alexander       Programmer                          IT                             Southlake                      United States of America                 Americas                  Lex             Administration Vice President       Executive                      Seattle                        United States of America                 Americas                                                                                                                                                            
William         Public Accountant                   Accounting                     Seattle                        United States of America                 Americas                  Shelley         Accounting Manager                  Accounting                     Seattle                        United States of America                 Americas                                                                                                                                                            

15 rows selected.

SQL> SELECT E.FIRST_NAME E_FNAME , ED.DEPARTMENT_NAME E_DNAME , EL.CITY E_CITY , EC.COUNTRY_NAME E_CNTRYNAME , ER.REGION E_REGION , EJ.JOB_ID E_JOB
  2     , M.FIRST_NAME M_FNAME , MD.DEPARTMENT_NAME E_DNAME , ML.CITY M_CITY , MC.COUNTRY_NAME M_CNTRYNAME , MR.REGION M_REGION , MJ.JOB_ID  M_JOB
  3  FROM EMPLOYEES E
  4  JOIN EMPLOYEES M ON E.MANAGER_ID = M.EMPLOYEE_ID
  5  JOIN JOBS ON
  6  JOIN DEPARTMENTS ED ON E.DEPARTMENT_ID = ED.DEPARTMENT_ID
  7  JOIN DEPARTMENTS MD ON M.DEPARTMENT_ID = MD.DEPARTMENT_ID
  8  JOIN JOBS EJ ON ED.JOB_ID = EJ.JOB_ID
  9  JOIN JOBS MJ ON MD.JOB_ID = MJ.JOB_ID
 10  JOIN LOCATIONS EL ON ED.LOCATION_ID = EL.LOCATION_ID
 11  JOIN LOCATIONS ML ON MD.LOCATION_ID = ML.LOCATION_ID
 12  JOIN COUNTRIES EC ON EL.COUNTRY_ID = EC.COUNTRY_ID
 13  JOIN COUNTRIES MC ON ML.COUNTRY_ID = MC.COUNTRY_ID
 14  JOIN REGIONS ER ON EC.REGION_NAME = ER.REGION_NAME
 15  JOIN REGIONS MR ON MC.REGION_NAME = MR.REGION_NAME;
JOIN DEPARTMENTS ED ON E.DEPARTMENT_ID = ED.DEPARTMENT_ID
     *
ERROR at line 6:
ORA-00920: invalid relational operator 


SQL> REM FIRST_NAME , DEPARTMENT_NAME , CITY , COUNTRY_NAME , REGION_NAME , JOB_TITLE , SALARY , GRADE_LEVEL
SQL> 
SQL> SELECT * FROM JOB_GRADES;

GRA LOWEST_SAL HIGHEST_SAL                                                                                                                                                                                                                                                                                                                                                                                                                                                                                          
--- ---------- -----------                                                                                                                                                                                                                                                                                                                                                                                                                                                                                          
A         1000        2999                                                                                                                                                                                                                                                                                                                                                                                                                                                                                          
B         3000        5999                                                                                                                                                                                                                                                                                                                                                                                                                                                                                          
C         6000        9999                                                                                                                                                                                                                                                                                                                                                                                                                                                                                          
D        10000       14999                                                                                                                                                                                                                                                                                                                                                                                                                                                                                          
E        15000       24999                                                                                                                                                                                                                                                                                                                                                                                                                                                                                          
F        25000       40000                                                                                                                                                                                                                                                                                                                                                                                                                                                                                          

6 rows selected.

SQL> REM FIRST_NAME , SALARY , GRADE_LEVEL
SQL> 
SQL> FROM EMPLOYEES E JOIN EMPLOYEES M ON E.MANAGER_ID = M.EMPLOYEE_ID
SP2-0734: unknown command beginning "FROM EMPLO..." - rest of line ignored.
SQL> JOIN DEPARTMENTS ED ON E.DEPARTMENT_ID = ED.DEPARTMENT_ID
SP2-0734: unknown command beginning "JOIN DEPAR..." - rest of line ignored.
SQL> JOIN DEPARTMENTS MD ON M.DEPARTMENT_ID = MD.DEPARTMENT_ID
SP2-0734: unknown command beginning "JOIN DEPAR..." - rest of line ignored.
SQL> JOIN LOCATIONS EL ON ED.LOCATION_ID = EL.LOCATION_ID
SP2-0734: unknown command beginning "JOIN LOCAT..." - rest of line ignored.
SP2-0044: For a list of known commands enter HELP
and to leave enter EXIT.
SQL> JOIN LOCATIONS ML ON MD.LOCATION_ID = ML.LOCATION_ID
SP2-0734: unknown command beginning "JOIN LOCAT..." - rest of line ignored.
SQL> JOIN COUNTRIES EC ON EL.COUNTRY_ID = EC.COUNTRY_ID
SP2-0734: unknown command beginning "JOIN COUNT..." - rest of line ignored.
SQL> JOIN COUNTRIES MC ON ML.COUNTRY_ID = MC.COUNTRY_ID
SP2-0734: unknown command beginning "JOIN COUNT..." - rest of line ignored.
SQL> JOIN REGIONS ER ON EC.REGION_ID = ER.REGION_ID
SP2-0734: unknown command beginning "JOIN REGIO..." - rest of line ignored.
SP2-0044: For a list of known commands enter HELP
and to leave enter EXIT.
SQL> JOIN REGIONS MR ON MC.REGION_ID = MR.REGION_ID
SP2-0734: unknown command beginning "JOIN REGIO..." - rest of line ignored.
SQL> JOIN JOBS EJ ON EJ.JOB_ID = E.JOB_ID
SP2-0734: unknown command beginning "JOIN JOBS ..." - rest of line ignored.
SQL> JOIN JOBS MJ ON MJ.JOB_ID = M.JOB_ID
SP2-0734: unknown command beginning "JOIN JOBS ..." - rest of line ignored.
SQL> JOIN JOB_GRADES EG ON E.SALARY BETWEEN EG.LOWEST_SAL AND EG.HIGHEST_SAL
SP2-0734: unknown command beginning "JOIN JOB_G..." - rest of line ignored.
SP2-0044: For a list of known commands enter HELP
and to leave enter EXIT.
SQL> JOIN JOB_GRADES MG ON M.SALARY BETWEEN MG.LOWEST_SAL AND MG.HIGHEST_SAL;
SP2-0734: unknown command beginning "JOIN JOB_G..." - rest of line ignored.
SQL> 
SQL> 
SQL> SELECT E.FIRST_NAME EMP_NAME , ED.DEPARTMENT_NAME EMP_DEP , EL.CITY EMP_CITY , EC.COUNTRY_NAME EMP_COUNTRY , ER.REGION_NAME EMP_RNAME , EJ.JOB_TITLE EMP_JTITLE , E.SALARY , EG.GRADE_LEVEL ,
  2     M.FIRST_NAME MGR_NAME , MD.DEPARTMENT_NAME MGR_DEP , ML.CITY MGR_CITY , MC.COUNTRY_NAME MGR_COUNTRY , MR.REGION_NAME MGR_RNAME , MJ.JOB_TITLE MGR_JTITLE , M.SALARY , MG.GRADE_LEVEL
  3  FROM EMPLOYEES E JOIN EMPLOYEES M ON E.MANAGER_ID = M.EMPLOYEE_ID
  4  JOIN DEPARTMENTS ED ON E.DEPARTMENT_ID = ED.DEPARTMENT_ID
  5  JOIN DEPARTMENTS MD ON M.DEPARTMENT_ID = MD.DEPARTMENT_ID
  6  JOIN LOCATIONS EL ON ED.LOCATION_ID = EL.LOCATION_ID
  7  JOIN LOCATIONS ML ON MD.LOCATION_ID = ML.LOCATION_ID
  8  JOIN COUNTRIES EC ON EL.COUNTRY_ID = EC.COUNTRY_ID
  9  JOIN COUNTRIES MC ON ML.COUNTRY_ID = MC.COUNTRY_ID
 10  JOIN REGIONS ER ON EC.REGION_ID = ER.REGION_ID
 11  JOIN REGIONS MR ON MC.REGION_ID = MR.REGION_ID
 12  JOIN JOBS EJ ON EJ.JOB_ID = E.JOB_ID
 13  JOIN JOBS MJ ON MJ.JOB_ID = M.JOB_ID
 14  JOIN JOB_GRADES EG ON E.SALARY BETWEEN EG.LOWEST_SAL AND EG.HIGHEST_SAL
 15  JOIN JOB_GRADES MG ON M.SALARY BETWEEN MG.LOWEST_SAL AND MG.HIGHEST_SAL;

EMP_NAME        EMP_DEP                        EMP_CITY                       EMP_COUNTRY                              EMP_RNAME                 EMP_JTITLE                              SALARY GRA MGR_NAME        MGR_DEP                        MGR_CITY                       MGR_COUNTRY                              MGR_RNAME                 MGR_JTITLE                              SALARY GRA                                                                                                             
--------------- ------------------------------ ------------------------------ ---------------------------------------- ------------------------- ----------------------------------- ---------- --- --------------- ------------------------------ ------------------------------ ---------------------------------------- ------------------------- ----------------------------------- ---------- ---                                                                                                             
Kevin           Shiping                        South San Francisco            United States of America                 Americas                  Stock Manager                             5800 B   Steven          Executive                      Seattle                        United States of America                 Americas                  President                                24000 E                                                                                                               
Lex             Executive                      Seattle                        United States of America                 Americas                  Administration Vice President            17000 E   Steven          Executive                      Seattle                        United States of America                 Americas                  President                                24000 E                                                                                                               
Michael         Marketing                      Toronto                        Canada                                   Americas                  Marketing Manager                        13000 D   Steven          Executive                      Seattle                        United States of America                 Americas                  President                                24000 E                                                                                                               
Neena           Executive                      Seattle                        United States of America                 Americas                  Administration Vice President            17000 E   Steven          Executive                      Seattle                        United States of America                 Americas                  President                                24000 E                                                                                                               
Eleni           Sales                          Oxford                         United Kingdom                           Europe                    Sales Manager                            10500 D   Steven          Executive                      Seattle                        United States of America                 Americas                  President                                24000 E                                                                                                               
Alexander       IT                             Southlake                      United States of America                 Americas                  Programmer                                9000 C   Lex             Executive                      Seattle                        United States of America                 Americas                  Administration Vice President            17000 E                                                                                                               
Jennifer        Administration                 Seattle                        United States of America                 Americas                  Administration Assistant                  4400 B   Neena           Executive                      Seattle                        United States of America                 Americas                  Administration Vice President            17000 E                                                                                                               
Shelley         Accounting                     Seattle                        United States of America                 Americas                  Accounting Manager                       12000 D   Neena           Executive                      Seattle                        United States of America                 Americas                  Administration Vice President            17000 E                                                                                                               
Pat             Marketing                      Toronto                        Canada                                   Americas                  Marketing Representative                  6000 C   Michael         Marketing                      Toronto                        Canada                                   Americas                  Marketing Manager                        13000 D                                                                                                               
William         Accounting                     Seattle                        United States of America                 Americas                  Public Accountant                         8300 C   Shelley         Accounting                     Seattle                        United States of America                 Americas                  Accounting Manager                       12000 D                                                                                                               
Ellen           Sales                          Oxford                         United Kingdom                           Europe                    Sales Representative                     11000 D   Eleni           Sales                          Oxford                         United Kingdom                           Europe                    Sales Manager                            10500 D                                                                                                               
Jonathon        Sales                          Oxford                         United Kingdom                           Europe                    Sales Representative                      8600 C   Eleni           Sales                          Oxford                         United Kingdom                           Europe                    Sales Manager                            10500 D                                                                                                               
Diana           IT                             Southlake                      United States of America                 Americas                  Programmer                                4200 B   Alexander       IT                             Southlake                      United States of America                 Americas                  Programmer                                9000 C                                                                                                               
Bruce           IT                             Southlake                      United States of America                 Americas                  Programmer                                6000 C   Alexander       IT                             Southlake                      United States of America                 Americas                  Programmer                                9000 C                                                                                                               
Trenna          Shiping                        South San Francisco            United States of America                 Americas                  Stock Clerk                               3500 B   Kevin           Shiping                        South San Francisco            United States of America                 Americas                  Stock Manager                             5800 B                                                                                                               

15 rows selected.

SQL> SPOOL OFF
