SQL> 
SQL> CL SCR

SQL> REM BY DEFAULT PRECEDENCE OF SET OPERATOR EXECUTION IS FROM TOP TO BOTTOM AND LEFT TO RIGHT.
SQL> 
SQL> REM WE CAN CHANGE PRECEDENCE BY USING ().
SQL> 
SQL> SELECT JOB FROM MPSEMP WHERE DEPTNO = 10;

JOB                                                                                                                                                                                                     
----------                                                                                                                                                                                              
PRESIDENT                                                                                                                                                                                               
MANAGER                                                                                                                                                                                                 
CLERK                                                                                                                                                                                                   

SQL> SELECT JOB FROM MPSEMP WHERE DEPTNO = 20;

JOB                                                                                                                                                                                                     
----------                                                                                                                                                                                              
MANAGER                                                                                                                                                                                                 
ANALYST                                                                                                                                                                                                 
CLERK                                                                                                                                                                                                   
ANALYST                                                                                                                                                                                                 
CLERK                                                                                                                                                                                                   

SQL> SELECT JOB FROM MPSEMP WHERE DEPTNO = 30;

JOB                                                                                                                                                                                                     
----------                                                                                                                                                                                              
MANAGER                                                                                                                                                                                                 
SALESMAN                                                                                                                                                                                                
SALESMAN                                                                                                                                                                                                
SALESMAN                                                                                                                                                                                                
SALESMAN                                                                                                                                                                                                
CLERK                                                                                                                                                                                                   

6 rows selected.

SQL> SELECT JOB FROM MPSEMP WHERE DEPTNO = 10
  2  UNION
  3  SELECT JOB FROM MPSEMP WHERE DEPTNO = 20
  4  UNION ALL
  5  SELECT JOB FROM MPSEMP WHERE DEPTNO = 30;

JOB                                                                                                                                                                                                     
----------                                                                                                                                                                                              
ANALYST                                                                                                                                                                                                 
CLERK                                                                                                                                                                                                   
MANAGER                                                                                                                                                                                                 
PRESIDENT                                                                                                                                                                                               
MANAGER                                                                                                                                                                                                 
SALESMAN                                                                                                                                                                                                
SALESMAN                                                                                                                                                                                                
SALESMAN                                                                                                                                                                                                
SALESMAN                                                                                                                                                                                                
CLERK                                                                                                                                                                                                   

10 rows selected.

SQL> SELECT JOB FROM MPSEMP WHERE DEPTNO = 10
  2  UNION
  3  (SELECT JOB FROM MPSEMP WHERE DEPTNO = 20
  4  UNION ALL
  5  SELECT JOB FROM MPSEMP WHERE DEPTNO = 30);

JOB                                                                                                                                                                                                     
----------                                                                                                                                                                                              
ANALYST                                                                                                                                                                                                 
CLERK                                                                                                                                                                                                   
MANAGER                                                                                                                                                                                                 
PRESIDENT                                                                                                                                                                                               
SALESMAN                                                                                                                                                                                                

SQL> SELECT JOB FROM MPSEMP WHERE DEPTNO = 10
  2  UNION ALL
  3  
SQL> 
SQL> SELECT JOB FROM MPSEMP WHERE DEPTNO = 10;

JOB                                                                                                                                                                                                     
----------                                                                                                                                                                                              
PRESIDENT                                                                                                                                                                                               
MANAGER                                                                                                                                                                                                 
CLERK                                                                                                                                                                                                   

SQL> SELECT JOB FROM MPSEMP WHERE DEPTNO = 20;

JOB                                                                                                                                                                                                     
----------                                                                                                                                                                                              
MANAGER                                                                                                                                                                                                 
ANALYST                                                                                                                                                                                                 
CLERK                                                                                                                                                                                                   
ANALYST                                                                                                                                                                                                 
CLERK                                                                                                                                                                                                   

SQL> SELECT JOB FROM MPSEMP WHERE DEPTNO = 10
  2  UNION ALL
  3  SELECT JOB FROM MPSEMP WHERE DEPTNO = 20;

JOB                                                                                                                                                                                                     
----------                                                                                                                                                                                              
PRESIDENT                                                                                                                                                                                               
MANAGER                                                                                                                                                                                                 
CLERK                                                                                                                                                                                                   
MANAGER                                                                                                                                                                                                 
ANALYST                                                                                                                                                                                                 
CLERK                                                                                                                                                                                                   
ANALYST                                                                                                                                                                                                 
CLERK                                                                                                                                                                                                   

8 rows selected.

SQL> SELECT JOB FROM MPSEMP WHERE DEPTNO = 10
  2  UNION
  3  SELECT JOB FROM MPSEMP WHERE DEPTNO = 20;

JOB                                                                                                                                                                                                     
----------                                                                                                                                                                                              
ANALYST                                                                                                                                                                                                 
CLERK                                                                                                                                                                                                   
MANAGER                                                                                                                                                                                                 
PRESIDENT                                                                                                                                                                                               

SQL> SELECT JOB FROM MPSEMP WHERE DEPTNO = 10
  2  INTERSECT
  3  SELECT JOB FROM MPSEMP WHERE DEPTNO = 20;

JOB                                                                                                                                                                                                     
----------                                                                                                                                                                                              
CLERK                                                                                                                                                                                                   
MANAGER                                                                                                                                                                                                 

SQL> SELECT JOB FROM MPSEMP WHERE DEPTNO = 10
  2  MINUS
  3  SELECT JOB FROM MPSEMP WHERE DEPTNO = 20;

JOB                                                                                                                                                                                                     
----------                                                                                                                                                                                              
PRESIDENT                                                                                                                                                                                               

SQL> SELECT JOB FROM MPSEMP WHERE DEPTNO = 10;

JOB                                                                                                                                                                                                     
----------                                                                                                                                                                                              
PRESIDENT                                                                                                                                                                                               
MANAGER                                                                                                                                                                                                 
CLERK                                                                                                                                                                                                   

SQL> SELECT JOB FROM MPSEMP WHERE DEPTNO = 20;

JOB                                                                                                                                                                                                     
----------                                                                                                                                                                                              
MANAGER                                                                                                                                                                                                 
ANALYST                                                                                                                                                                                                 
CLERK                                                                                                                                                                                                   
ANALYST                                                                                                                                                                                                 
CLERK                                                                                                                                                                                                   

SQL> SELECT JOB FROM MPSEMP WHERE DEPTNO = 30;

JOB                                                                                                                                                                                                     
----------                                                                                                                                                                                              
MANAGER                                                                                                                                                                                                 
SALESMAN                                                                                                                                                                                                
SALESMAN                                                                                                                                                                                                
SALESMAN                                                                                                                                                                                                
SALESMAN                                                                                                                                                                                                
CLERK                                                                                                                                                                                                   

6 rows selected.

SQL> REM 10 UNION ALL 20 UNION 30 : 1 COUNT :   2 FR :     3 LR :
SQL> 
SQL> REM 10 UNION ALL (20 UNION 30) : 1 COUNT :   2 FR :     3 LR :
SQL> 
SQL> REM 10 UNION ALL 20 INTERSECT 30 : 1 COUNT :   2 FR :     3 LR :
SQL> 
SQL> REM 10 UNION ALL (20 INTERSECT 30) : 1 COUNT :   2 FR :     3 LR :
SQL> 
SQL> REM 10 UNION ALL 20 MINUS 30 : 1 COUNT :   2 FR :     3 LR :
SQL> 
SQL> REM 10 UNION ALL (20 MINUS 30) : 1 COUNT :   2 FR :     3 LR :
SQL> 
SQL> 
SQL> 
SQL> REM 10 UNION ALL 20 UNION 30 : 1 COUNT : 5   2 FR : ANALYST     3 LR : SALESMAN
SQL> 
SQL> REM 10 UNION ALL (20 UNION 30) : 1 COUNT : 7  2 FR : PRESIDENT     3 LR : SALESMAN
SQL> 
SQL> REM 10 UNION ALL 20 INTERSECT 30 : 1 COUNT : 3  2 FR :CLERK     3 LR :SALESMAN
SQL> 
SQL> REM 10 UNION ALL (20 INTERSECT 30) : 1 COUNT : 5  2 FR : PRESIDENT     3 LR : SALESMAN
SQL> 
SQL> REM 10 UNION ALL 20 MINUS 30 : 1 COUNT : 4   2 FR : PRESIDENT     3 LR : ANALYST
SQL> 
SQL> REM 10 UNION ALL (20 MINUS 30) : 1 COUNT : 4  2 FR : PRESIDENT     3 LR : ANALYST
SQL> 
SQL> 
SQL> REM 10 UNION ALL 20 MINUS 30 : 1 COUNT : 2   2 FR :     3 LR : ANALYST
SQL> 
SQL> 
SQL> SELECT JOB FROM MPSEMP WHERE DEPTNO = 10;

JOB                                                                                                                                                                                                     
----------                                                                                                                                                                                              
PRESIDENT                                                                                                                                                                                               
MANAGER                                                                                                                                                                                                 
CLERK                                                                                                                                                                                                   

SQL> SELECT JOB FROM MPSEMP WHERE DEPTNO = 20;

JOB                                                                                                                                                                                                     
----------                                                                                                                                                                                              
MANAGER                                                                                                                                                                                                 
ANALYST                                                                                                                                                                                                 
CLERK                                                                                                                                                                                                   
ANALYST                                                                                                                                                                                                 
CLERK                                                                                                                                                                                                   

SQL> SELECT JOB FROM MPSEMP WHERE DEPTNO = 30;

JOB                                                                                                                                                                                                     
----------                                                                                                                                                                                              
MANAGER                                                                                                                                                                                                 
SALESMAN                                                                                                                                                                                                
SALESMAN                                                                                                                                                                                                
SALESMAN                                                                                                                                                                                                
SALESMAN                                                                                                                                                                                                
CLERK                                                                                                                                                                                                   

6 rows selected.

SQL> REM 10 UNION ALL 20 UNION 30 : 1 COUNT : 5  2 FR : ANALYST    3 LR : SALESMAN
SQL> 
SQL> REM 10 UNION ALL (20 UNION 30) : 1 COUNT : 7  2 FR : PRESIDENT    3 LR : SALESMAN
SQL> 
SQL> REM 10 UNION ALL 20 INTERSECT 30 : 1 COUNT : 2  2 FR : CLERK    3 LR : MANAGER
SQL> 
SQL> REM 10 UNION ALL (20 INTERSECT 30) : 1 COUNT : 5   2 FR : PRESIDENT    3 LR : MANAGER
SQL> 
SQL> REM 10 UNION ALL 20 MINUS 30 : 1 COUNT : 2  2 FR : ANALYST    3 LR : PRESIDENT
SQL> 
SQL> REM 10 UNION ALL (20 MINUS 30) : 1 COUNT : 4  2 FR : PRESIDENT    3 LR : ANALYST
SQL> 
SQL> 
SQL> SELECT JOB FROM MPSEMP WHERE DEPTNO = 10;

JOB                                                                                                                                                                                                     
----------                                                                                                                                                                                              
PRESIDENT                                                                                                                                                                                               
MANAGER                                                                                                                                                                                                 
CLERK                                                                                                                                                                                                   

SQL> SELECT JOB FROM MPSEMP WHERE DEPTNO = 20;

JOB                                                                                                                                                                                                     
----------                                                                                                                                                                                              
MANAGER                                                                                                                                                                                                 
ANALYST                                                                                                                                                                                                 
CLERK                                                                                                                                                                                                   
ANALYST                                                                                                                                                                                                 
CLERK                                                                                                                                                                                                   

SQL> SELECT JOB FROM MPSEMP WHERE DEPTNO = 30;

JOB                                                                                                                                                                                                     
----------                                                                                                                                                                                              
MANAGER                                                                                                                                                                                                 
SALESMAN                                                                                                                                                                                                
SALESMAN                                                                                                                                                                                                
SALESMAN                                                                                                                                                                                                
SALESMAN                                                                                                                                                                                                
CLERK                                                                                                                                                                                                   

6 rows selected.

SQL> REM 10 UNION 20 UNION ALL 30 : 1 COUNT :   2 FR :    3 LR :
SQL> 
SQL> REM 10 UNION (20 UNION ALL 30) : 1 COUNT :   2 FR :    3 LR :
SQL> 
SQL> REM 10 UNION 20 INTERSECT 30 : 1 COUNT :   2 FR :    3 LR :
SQL> 
SQL> REM 10 UNION (20 INTERSECT 30) : 1 COUNT :   2 FR :    3 LR :
SQL> 
SQL> REM 10 UNION 20 MINUS 30 : 1 COUNT :   2 FR :    3 LR :
SQL> 
SQL> REM 10 UNION (20 MINUS 30) : 1 COUNT :   2 FR :    3 LR :
SQL> 
SQL> 
SQL> 
SQL> SELECT JOB FROM MPSEMP WHERE DEPTNO = 10;

JOB                                                                                                                                                                                                     
----------                                                                                                                                                                                              
PRESIDENT                                                                                                                                                                                               
MANAGER                                                                                                                                                                                                 
CLERK                                                                                                                                                                                                   

SQL> SELECT JOB FROM MPSEMP WHERE DEPTNO = 20;

JOB                                                                                                                                                                                                     
----------                                                                                                                                                                                              
MANAGER                                                                                                                                                                                                 
ANALYST                                                                                                                                                                                                 
CLERK                                                                                                                                                                                                   
ANALYST                                                                                                                                                                                                 
CLERK                                                                                                                                                                                                   

SQL> SELECT JOB FROM MPSEMP WHERE DEPTNO = 30;

JOB                                                                                                                                                                                                     
----------                                                                                                                                                                                              
MANAGER                                                                                                                                                                                                 
SALESMAN                                                                                                                                                                                                
SALESMAN                                                                                                                                                                                                
SALESMAN                                                                                                                                                                                                
SALESMAN                                                                                                                                                                                                
CLERK                                                                                                                                                                                                   

6 rows selected.

SQL> REM 10 UNION 20 UNION ALL 30 : 1 COUNT : 10  2 FR : ANALYST   3 LR : CLERK
SQL> 
SQL> REM 10 UNION (20 UNION ALL 30) : 1 COUNT : 5  2 FR : ANALYST   3 LR : SALESMAN
SQL> 
SQL> REM 10 UNION 20 INTERSECT 30 : 1 COUNT : 2  2 FR : CLERK   3 LR : MANAGER
SQL> 
SQL> REM 10 UNION (20 INTERSECT 30) : 1 COUNT : 3  2 FR : CLERK   3 LR : PRESIDENT
SQL> 
SQL> REM 10 UNION 20 MINUS 30 : 1 COUNT : 2  2 FR : ANALYST   3 LR : PRESIDENT
SQL> 
SQL> REM 10 UNION (20 MINUS 30) : 1 COUNT : 4  2 FR : ANALYST   3 LR : PRESIDENT
SQL> 
SQL> SELECT JOB FROM MPSEMP WHERE DEPTNO = 10;

JOB                                                                                                                                                                                                     
----------                                                                                                                                                                                              
PRESIDENT                                                                                                                                                                                               
MANAGER                                                                                                                                                                                                 
CLERK                                                                                                                                                                                                   

SQL> SELECT JOB FROM MPSEMP WHERE DEPTNO = 20;

JOB                                                                                                                                                                                                     
----------                                                                                                                                                                                              
MANAGER                                                                                                                                                                                                 
ANALYST                                                                                                                                                                                                 
CLERK                                                                                                                                                                                                   
ANALYST                                                                                                                                                                                                 
CLERK                                                                                                                                                                                                   

SQL> SELECT JOB FROM MPSEMP WHERE DEPTNO = 30;

JOB                                                                                                                                                                                                     
----------                                                                                                                                                                                              
MANAGER                                                                                                                                                                                                 
SALESMAN                                                                                                                                                                                                
SALESMAN                                                                                                                                                                                                
SALESMAN                                                                                                                                                                                                
SALESMAN                                                                                                                                                                                                
CLERK                                                                                                                                                                                                   

6 rows selected.

SQL> REM 10 INTERSECT 20 UNION ALL 30 : 1 COUNT :   2 FR :    3 LR :
SQL> 
SQL> REM 10 INTERSECT (20 UNION ALL 30) : 1 COUNT :   2 FR :    3 LR :
SQL> 
SQL> REM 10 INTERSECT 20 UNION 30 : 1 COUNT :   2 FR :    3 LR :
SQL> 
SQL> REM 10 INTERSECT (20 UNION 30) : 1 COUNT :   2 FR :    3 LR :
SQL> 
SQL> REM 10 INTERSECT 20 INTERSECT 30 : 1 COUNT :   2 FR :    3 LR :
SQL> 
SQL> REM 10 INTERSECT 20 MINUS 30 : 1 COUNT :   2 FR :    3 LR :
SQL> 
SQL> REM 10 INTERSECT (20 MINUS 30) : 1 COUNT :   2 FR :    3 LR :
SQL> 
SQL> 
SQL> SELECT JOB FROM MPSEMP WHERE DEPTNO = 10;

JOB                                                                                                                                                                                                     
----------                                                                                                                                                                                              
PRESIDENT                                                                                                                                                                                               
MANAGER                                                                                                                                                                                                 
CLERK                                                                                                                                                                                                   

SQL> SELECT JOB FROM MPSEMP WHERE DEPTNO = 20;

JOB                                                                                                                                                                                                     
----------                                                                                                                                                                                              
MANAGER                                                                                                                                                                                                 
ANALYST                                                                                                                                                                                                 
CLERK                                                                                                                                                                                                   
ANALYST                                                                                                                                                                                                 
CLERK                                                                                                                                                                                                   

SQL> SELECT JOB FROM MPSEMP WHERE DEPTNO = 30;

JOB                                                                                                                                                                                                     
----------                                                                                                                                                                                              
MANAGER                                                                                                                                                                                                 
SALESMAN                                                                                                                                                                                                
SALESMAN                                                                                                                                                                                                
SALESMAN                                                                                                                                                                                                
SALESMAN                                                                                                                                                                                                
CLERK                                                                                                                                                                                                   

6 rows selected.

SQL> REM 10 INTERSECT 20 UNION ALL 30 : 1 COUNT : 8  2 FR : CLERK   3 LR : CLERK
SQL> 
SQL> REM 10 INTERSECT (20 UNION ALL 30) : 1 COUNT : 2  2 FR : CLERK   3 LR : MANAGER
SQL> 
SQL> REM 10 INTERSECT 20 UNION 30 : 1 COUNT : 3  2 FR : CLERK   3 LR : SALESMAN
SQL> 
SQL> REM 10 INTERSECT (20 UNION 30) : 1 COUNT : 2  2 FR : CLERK   3 LR : MANAGER
SQL> 
SQL> REM 10 INTERSECT 20 MINUS 30 : 1 COUNT : 0  2 FR :    3 LR :
SQL> 
SQL> REM 10 INTERSECT (20 MINUS 30) : 1 COUNT : 0  2 FR :    3 LR :
SQL> 
SQL> 
SQL> SELECT JOB FROM MPSEMP WHERE DEPTNO = 10;

JOB                                                                                                                                                                                                     
----------                                                                                                                                                                                              
PRESIDENT                                                                                                                                                                                               
MANAGER                                                                                                                                                                                                 
CLERK                                                                                                                                                                                                   

SQL> SELECT JOB FROM MPSEMP WHERE DEPTNO = 20;

JOB                                                                                                                                                                                                     
----------                                                                                                                                                                                              
MANAGER                                                                                                                                                                                                 
ANALYST                                                                                                                                                                                                 
CLERK                                                                                                                                                                                                   
ANALYST                                                                                                                                                                                                 
CLERK                                                                                                                                                                                                   

SQL> SELECT JOB FROM MPSEMP WHERE DEPTNO = 30;

JOB                                                                                                                                                                                                     
----------                                                                                                                                                                                              
MANAGER                                                                                                                                                                                                 
SALESMAN                                                                                                                                                                                                
SALESMAN                                                                                                                                                                                                
SALESMAN                                                                                                                                                                                                
SALESMAN                                                                                                                                                                                                
CLERK                                                                                                                                                                                                   

6 rows selected.

SQL> REM 10 MINUS 20 UNION ALL 30 : 1 COUNT :     2 FR :      3 LR :
SQL> 
SQL> REM 10 MINUS (20 UNION ALL 30) : 1 COUNT :     2 FR :      3 LR :
SQL> 
SQL> REM 10 MINUS 20 UNION 30 : 1 COUNT :     2 FR :      3 LR :
SQL> 
SQL> REM 10 MINUS (20 UNION 30) : 1 COUNT :     2 FR :      3 LR :
SQL> 
SQL> REM 10 MINUS 20 INTERSECT 30 : 1 COUNT :     2 FR :      3 LR :
SQL> 
SQL> REM 10 MINUS (20 INTERSECT 30) : 1 COUNT :     2 FR :      3 LR :
SQL> 
SQL> 
SQL> 
SQL> SELECT JOB FROM MPSEMP WHERE DEPTNO = 10;

JOB                                                                                                                                                                                                     
----------                                                                                                                                                                                              
PRESIDENT                                                                                                                                                                                               
MANAGER                                                                                                                                                                                                 
CLERK                                                                                                                                                                                                   

SQL> SELECT JOB FROM MPSEMP WHERE DEPTNO = 20;

JOB                                                                                                                                                                                                     
----------                                                                                                                                                                                              
MANAGER                                                                                                                                                                                                 
ANALYST                                                                                                                                                                                                 
CLERK                                                                                                                                                                                                   
ANALYST                                                                                                                                                                                                 
CLERK                                                                                                                                                                                                   

SQL> SELECT JOB FROM MPSEMP WHERE DEPTNO = 30;

JOB                                                                                                                                                                                                     
----------                                                                                                                                                                                              
MANAGER                                                                                                                                                                                                 
SALESMAN                                                                                                                                                                                                
SALESMAN                                                                                                                                                                                                
SALESMAN                                                                                                                                                                                                
SALESMAN                                                                                                                                                                                                
CLERK                                                                                                                                                                                                   

6 rows selected.

SQL> REM 10 MINUS 20 UNION ALL 30 : 1 COUNT : 7    2 FR : PRESIDENT     3 LR : CLERK
SQL> 
SQL> REM 10 MINUS (20 UNION ALL 30) : 1 COUNT : 1    2 FR : PRESIDENT     3 LR :
SQL> 
SQL> REM 10 MINUS 20 UNION 30 : 1 COUNT : 4    2 FR : CLERK     3 LR : SALESMAN
SQL> 
SQL> REM 10 MINUS (20 UNION 30) : 1 COUNT : 1    2 FR : PRESIDENT     3 LR :
SQL> 
SQL> REM 10 MINUS 20 INTERSECT 30 : 1 COUNT : 0    2 FR :      3 LR :
SQL> 
SQL> REM 10 MINUS (20 INTERSECT 30) : 1 COUNT : 1    2 FR : PRESIDENT     3 LR :
SQL> 
SQL> 
SQL> 
SQL> REM WHEN WE USE SET OPERATORS, THE STATEMENT IS CALLED COMPOUND STATEMENT.
SQL> 
SQL> REM RULES TO BE FOLLOWED FOR USING COMPOUND STATEMENT :
SQL> 
SQL> REM 1 NUMBER OF ITEMS LISTED IN ALL SELECT OF COMPOUND STATEMENT MUST MATCH.
SQL> 
SQL> REM 2 CORRESPONDING DATA TYPES OF ALL ITEMS OF ALL SELECT MUST MATCH.
SQL> 
SQL> REM 3 COLUMN ALIAS OF ONLY FIRST QUERY WILL GET DISPLAYED IN RESULT.
SQL> 
SQL> REM 4 'ORDER BY' CLAUSE IS PLACED AT THE END OF COMPOUND STATEMENT. IT IS ALLOWED ONCE PER COMPOUND STATEMENT.
SQL> 
SQL> 
SQL> 
SQL> 
SQL> 
SQL> REM 1 NUMBER OF ITEMS LISTED IN ALL SELECT OF COMPOUND STATEMENT MUST MATCH.
SQL> 
SQL> 
SQL> SELECT FIRST_NAME FROM EMPLOYEES
  2  UNION ALL
  3  SELECT DEPARTMENT_NAME FROM DEPARTMENTS;

FIRST_NAME                                                                                                                                                                                              
------------------------------                                                                                                                                                                          
Steven                                                                                                                                                                                                  
Neena                                                                                                                                                                                                   
Lex                                                                                                                                                                                                     
Alexander                                                                                                                                                                                               
Bruce                                                                                                                                                                                                   
Diana                                                                                                                                                                                                   
Kevin                                                                                                                                                                                                   
Trenna                                                                                                                                                                                                  
Curtis                                                                                                                                                                                                  
Randall                                                                                                                                                                                                 
Peter                                                                                                                                                                                                   
Eleni                                                                                                                                                                                                   
Ellen                                                                                                                                                                                                   
Jonathon                                                                                                                                                                                                
Kimerely                                                                                                                                                                                                
Jennifer                                                                                                                                                                                                
Michael                                                                                                                                                                                                 
Pat                                                                                                                                                                                                     
Shelley                                                                                                                                                                                                 
William                                                                                                                                                                                                 
Administration                                                                                                                                                                                          

FIRST_NAME                                                                                                                                                                                              
------------------------------                                                                                                                                                                          
Marketing                                                                                                                                                                                               
Shiping                                                                                                                                                                                                 
IT                                                                                                                                                                                                      
Sales                                                                                                                                                                                                   
Executive                                                                                                                                                                                               
Accounting                                                                                                                                                                                              
Contracting                                                                                                                                                                                             

28 rows selected.

SQL> SET PAGES 100
SQL> 
SQL> SELECT FIRST_NAME FROM EMPLOYEES
  2  UNION ALL
  3  SELECT DEPARTMENT_NAME FROM DEPARTMENTS;

FIRST_NAME                                                                                                                                                                                              
------------------------------                                                                                                                                                                          
Steven                                                                                                                                                                                                  
Neena                                                                                                                                                                                                   
Lex                                                                                                                                                                                                     
Alexander                                                                                                                                                                                               
Bruce                                                                                                                                                                                                   
Diana                                                                                                                                                                                                   
Kevin                                                                                                                                                                                                   
Trenna                                                                                                                                                                                                  
Curtis                                                                                                                                                                                                  
Randall                                                                                                                                                                                                 
Peter                                                                                                                                                                                                   
Eleni                                                                                                                                                                                                   
Ellen                                                                                                                                                                                                   
Jonathon                                                                                                                                                                                                
Kimerely                                                                                                                                                                                                
Jennifer                                                                                                                                                                                                
Michael                                                                                                                                                                                                 
Pat                                                                                                                                                                                                     
Shelley                                                                                                                                                                                                 
William                                                                                                                                                                                                 
Administration                                                                                                                                                                                          
Marketing                                                                                                                                                                                               
Shiping                                                                                                                                                                                                 
IT                                                                                                                                                                                                      
Sales                                                                                                                                                                                                   
Executive                                                                                                                                                                                               
Accounting                                                                                                                                                                                              
Contracting                                                                                                                                                                                             

28 rows selected.

SQL> SELECT FIRST_NAME , SALARY FROM EMPLOYEES
  2  UNION ALL
  3  SELECT DEPARTMENT_NAME FROM DEPARTMENTS;
SELECT FIRST_NAME , SALARY FROM EMPLOYEES
*
ERROR at line 1:
ORA-01789: query block has incorrect number of result columns 


SQL> SELECT FIRST_NAME FROM EMPLOYEES
  2  UNION ALL
  3  
SQL> SELECT FIRST_NAME , SALARY FROM EMPLOYEES
  2  UNION ALL
  3  SELECT DEPARTMENT_NAME , MANAGER_ID FROM DEPARTMENTS;

FIRST_NAME                         SALARY                                                                                                                                                               
------------------------------ ----------                                                                                                                                                               
Steven                              24000                                                                                                                                                               
Neena                               17000                                                                                                                                                               
Lex                                 17000                                                                                                                                                               
Alexander                            9000                                                                                                                                                               
Bruce                                6000                                                                                                                                                               
Diana                                4200                                                                                                                                                               
Kevin                                5800                                                                                                                                                               
Trenna                               3500                                                                                                                                                               
Curtis                               3100                                                                                                                                                               
Randall                              2600                                                                                                                                                               
Peter                                2500                                                                                                                                                               
Eleni                               10500                                                                                                                                                               
Ellen                               11000                                                                                                                                                               
Jonathon                             8600                                                                                                                                                               
Kimerely                             7000                                                                                                                                                               
Jennifer                             4400                                                                                                                                                               
Michael                             13000                                                                                                                                                               
Pat                                  6000                                                                                                                                                               
Shelley                             12000                                                                                                                                                               
William                              8300                                                                                                                                                               
Administration                        200                                                                                                                                                               
Marketing                             201                                                                                                                                                               
Shiping                               124                                                                                                                                                               
IT                                    103                                                                                                                                                               
Sales                                 149                                                                                                                                                               
Executive                             100                                                                                                                                                               
Accounting                            205                                                                                                                                                               
Contracting                                                                                                                                                                                             

28 rows selected.

SQL> SELECT FIRST_NAME , SALARY FROM EMPLOYEES
  2  UNION ALL
  3  SELECT DEPARTMENT_NAME , 10 FROM DEPARTMENTS;

FIRST_NAME                         SALARY                                                                                                                                                               
------------------------------ ----------                                                                                                                                                               
Steven                              24000                                                                                                                                                               
Neena                               17000                                                                                                                                                               
Lex                                 17000                                                                                                                                                               
Alexander                            9000                                                                                                                                                               
Bruce                                6000                                                                                                                                                               
Diana                                4200                                                                                                                                                               
Kevin                                5800                                                                                                                                                               
Trenna                               3500                                                                                                                                                               
Curtis                               3100                                                                                                                                                               
Randall                              2600                                                                                                                                                               
Peter                                2500                                                                                                                                                               
Eleni                               10500                                                                                                                                                               
Ellen                               11000                                                                                                                                                               
Jonathon                             8600                                                                                                                                                               
Kimerely                             7000                                                                                                                                                               
Jennifer                             4400                                                                                                                                                               
Michael                             13000                                                                                                                                                               
Pat                                  6000                                                                                                                                                               
Shelley                             12000                                                                                                                                                               
William                              8300                                                                                                                                                               
Administration                         10                                                                                                                                                               
Marketing                              10                                                                                                                                                               
Shiping                                10                                                                                                                                                               
IT                                     10                                                                                                                                                               
Sales                                  10                                                                                                                                                               
Executive                              10                                                                                                                                                               
Accounting                             10                                                                                                                                                               
Contracting                            10                                                                                                                                                               

28 rows selected.

SQL> SELECT FIRST_NAME , SALARY FROM EMPLOYEES
  2  UNION ALL
  3  SELECT DEPARTMENT_NAME , NULL FROM DEPARTMENTS;

FIRST_NAME                         SALARY                                                                                                                                                               
------------------------------ ----------                                                                                                                                                               
Steven                              24000                                                                                                                                                               
Neena                               17000                                                                                                                                                               
Lex                                 17000                                                                                                                                                               
Alexander                            9000                                                                                                                                                               
Bruce                                6000                                                                                                                                                               
Diana                                4200                                                                                                                                                               
Kevin                                5800                                                                                                                                                               
Trenna                               3500                                                                                                                                                               
Curtis                               3100                                                                                                                                                               
Randall                              2600                                                                                                                                                               
Peter                                2500                                                                                                                                                               
Eleni                               10500                                                                                                                                                               
Ellen                               11000                                                                                                                                                               
Jonathon                             8600                                                                                                                                                               
Kimerely                             7000                                                                                                                                                               
Jennifer                             4400                                                                                                                                                               
Michael                             13000                                                                                                                                                               
Pat                                  6000                                                                                                                                                               
Shelley                             12000                                                                                                                                                               
William                              8300                                                                                                                                                               
Administration                                                                                                                                                                                          
Marketing                                                                                                                                                                                               
Shiping                                                                                                                                                                                                 
IT                                                                                                                                                                                                      
Sales                                                                                                                                                                                                   
Executive                                                                                                                                                                                               
Accounting                                                                                                                                                                                              
Contracting                                                                                                                                                                                             

28 rows selected.

SQL> REM 2 CORRESPONDING DATA TYPES OF ALL ITEMS OF ALL SELECT MUST MATCH.
SQL> 
SQL> 
SQL> SELECT FIRST_NAME , SALARY FROM EMPLOYEES
  2  UNION
  3  SELECT DEPARTMENT_ID , MANAGER_ID FROM EMPLOYEES;
SELECT FIRST_NAME , SALARY FROM EMPLOYEES
       *
ERROR at line 1:
ORA-01790: expression must have same datatype as corresponding expression 


SQL> SELECT FIRST_NAME , SALARY FROM EMPLOYEES
  2  UNION
  3  SELECT TO_CHAR(DEPARTMENT_ID) , MANAGER_ID FROM EMPLOYEES;

FIRST_NAME                                   SALARY                                                                                                                                                     
---------------------------------------- ----------                                                                                                                                                     
10                                              101                                                                                                                                                     
110                                             101                                                                                                                                                     
110                                             205                                                                                                                                                     
20                                              100                                                                                                                                                     
20                                              201                                                                                                                                                     
50                                              100                                                                                                                                                     
50                                              124                                                                                                                                                     
60                                              102                                                                                                                                                     
60                                              103                                                                                                                                                     
80                                              100                                                                                                                                                     
80                                              149                                                                                                                                                     
90                                              100                                                                                                                                                     
90                                                                                                                                                                                                      
Alexander                                      9000                                                                                                                                                     
Bruce                                          6000                                                                                                                                                     
Curtis                                         3100                                                                                                                                                     
Diana                                          4200                                                                                                                                                     
Eleni                                         10500                                                                                                                                                     
Ellen                                         11000                                                                                                                                                     
Jennifer                                       4400                                                                                                                                                     
Jonathon                                       8600                                                                                                                                                     
Kevin                                          5800                                                                                                                                                     
Kimerely                                       7000                                                                                                                                                     
Lex                                           17000                                                                                                                                                     
Michael                                       13000                                                                                                                                                     
Neena                                         17000                                                                                                                                                     
Pat                                            6000                                                                                                                                                     
Peter                                          2500                                                                                                                                                     
Randall                                        2600                                                                                                                                                     
Shelley                                       12000                                                                                                                                                     
Steven                                        24000                                                                                                                                                     
Trenna                                         3500                                                                                                                                                     
William                                        8300                                                                                                                                                     
                                                149                                                                                                                                                     

34 rows selected.

SQL> SELECT FIRST_NAME , SALARY FROM EMPLOYEES
  2  UNION A;;
UNION A;
      *
ERROR at line 2:
ORA-00928: missing SELECT keyword 


SQL> SELECT FIRST_NAME , SALARY FROM EMPLOYEES
  2  UNION ALL
  3  SELECT TO_CHAR(DEPARTMENT_ID) , MANAGER_ID FROM EMPLOYEES;

FIRST_NAME                                   SALARY                                                                                                                                                     
---------------------------------------- ----------                                                                                                                                                     
Steven                                        24000                                                                                                                                                     
Neena                                         17000                                                                                                                                                     
Lex                                           17000                                                                                                                                                     
Alexander                                      9000                                                                                                                                                     
Bruce                                          6000                                                                                                                                                     
Diana                                          4200                                                                                                                                                     
Kevin                                          5800                                                                                                                                                     
Trenna                                         3500                                                                                                                                                     
Curtis                                         3100                                                                                                                                                     
Randall                                        2600                                                                                                                                                     
Peter                                          2500                                                                                                                                                     
Eleni                                         10500                                                                                                                                                     
Ellen                                         11000                                                                                                                                                     
Jonathon                                       8600                                                                                                                                                     
Kimerely                                       7000                                                                                                                                                     
Jennifer                                       4400                                                                                                                                                     
Michael                                       13000                                                                                                                                                     
Pat                                            6000                                                                                                                                                     
Shelley                                       12000                                                                                                                                                     
William                                        8300                                                                                                                                                     
90                                                                                                                                                                                                      
90                                              100                                                                                                                                                     
90                                              100                                                                                                                                                     
60                                              102                                                                                                                                                     
60                                              103                                                                                                                                                     
60                                              103                                                                                                                                                     
50                                              100                                                                                                                                                     
50                                              124                                                                                                                                                     
50                                              124                                                                                                                                                     
50                                              124                                                                                                                                                     
50                                              124                                                                                                                                                     
80                                              100                                                                                                                                                     
80                                              149                                                                                                                                                     
80                                              149                                                                                                                                                     
                                                149                                                                                                                                                     
10                                              101                                                                                                                                                     
20                                              100                                                                                                                                                     
20                                              201                                                                                                                                                     
110                                             101                                                                                                                                                     
110                                             205                                                                                                                                                     

40 rows selected.

SQL> SELECT DEPARTMENT_ID , DEPARTMENT_NAME FROM DEPARTMENTS
  2  UNION
  3  SELECT FIRST_NAME , HIRE_DATE FROM EMPLOYEES;
SELECT DEPARTMENT_ID , DEPARTMENT_NAME FROM DEPARTMENTS
       *
ERROR at line 1:
ORA-01790: expression must have same datatype as corresponding expression 


SQL> SELECT TO_CHAR(DEPARTMENT_ID) , DEPARTMENT_NAME FROM DEPARTMENTS
  2  UNION
  3  SELECT FIRST_NAME , TO_CHAR(HIRE_DATE) FROM EMPLOYEES;

TO_CHAR(DEPARTMENT_ID)                   DEPARTMENT_NAME                                                                                                                                                
---------------------------------------- ------------------------------                                                                                                                                 
10                                       Administration                                                                                                                                                 
110                                      Accounting                                                                                                                                                     
190                                      Contracting                                                                                                                                                    
20                                       Marketing                                                                                                                                                      
50                                       Shiping                                                                                                                                                        
60                                       IT                                                                                                                                                             
80                                       Sales                                                                                                                                                          
90                                       Executive                                                                                                                                                      
Alexander                                03-JAN-90                                                                                                                                                      
Bruce                                    21-MAY-91                                                                                                                                                      
Curtis                                   29-JAN-97                                                                                                                                                      
Diana                                    07-FEB-99                                                                                                                                                      
Eleni                                    29-JAN-00                                                                                                                                                      
Ellen                                    11-MAY-96                                                                                                                                                      
Jennifer                                 17-SEP-87                                                                                                                                                      
Jonathon                                 24-MAR-98                                                                                                                                                      
Kevin                                    16-NOV-99                                                                                                                                                      
Kimerely                                 24-MAY-99                                                                                                                                                      
Lex                                      13-JAN-93                                                                                                                                                      
Michael                                  17-FEB-96                                                                                                                                                      
Neena                                    21-SEP-89                                                                                                                                                      
Pat                                      17-AUG-97                                                                                                                                                      
Peter                                    09-JUL-98                                                                                                                                                      
Randall                                  15-MAR-98                                                                                                                                                      
Shelley                                  07-JUN-94                                                                                                                                                      
Steven                                   17-JUL-87                                                                                                                                                      
Trenna                                   17-OCT-95                                                                                                                                                      
William                                  07-JUN-94                                                                                                                                                      

28 rows selected.

SQL> REM 3 COLUMN ALIAS OF ONLY FIRST QUERY WILL GET DISPLAYED IN RESULT.
SQL> 
SQL> SELECT TO_CHAR(DEPARTMENT_ID) "DID AND FNM", DEPARTMENT_NAME FROM DEPARTMENTS
  2  UNION
  3  SELECT FIRST_NAME , TO_CHAR(HIRE_DATE) "DNM AND HD" FROM EMPLOYEES;

DID AND FNM                              DEPARTMENT_NAME                                                                                                                                                
---------------------------------------- ------------------------------                                                                                                                                 
10                                       Administration                                                                                                                                                 
110                                      Accounting                                                                                                                                                     
190                                      Contracting                                                                                                                                                    
20                                       Marketing                                                                                                                                                      
50                                       Shiping                                                                                                                                                        
60                                       IT                                                                                                                                                             
80                                       Sales                                                                                                                                                          
90                                       Executive                                                                                                                                                      
Alexander                                03-JAN-90                                                                                                                                                      
Bruce                                    21-MAY-91                                                                                                                                                      
Curtis                                   29-JAN-97                                                                                                                                                      
Diana                                    07-FEB-99                                                                                                                                                      
Eleni                                    29-JAN-00                                                                                                                                                      
Ellen                                    11-MAY-96                                                                                                                                                      
Jennifer                                 17-SEP-87                                                                                                                                                      
Jonathon                                 24-MAR-98                                                                                                                                                      
Kevin                                    16-NOV-99                                                                                                                                                      
Kimerely                                 24-MAY-99                                                                                                                                                      
Lex                                      13-JAN-93                                                                                                                                                      
Michael                                  17-FEB-96                                                                                                                                                      
Neena                                    21-SEP-89                                                                                                                                                      
Pat                                      17-AUG-97                                                                                                                                                      
Peter                                    09-JUL-98                                                                                                                                                      
Randall                                  15-MAR-98                                                                                                                                                      
Shelley                                  07-JUN-94                                                                                                                                                      
Steven                                   17-JUL-87                                                                                                                                                      
Trenna                                   17-OCT-95                                                                                                                                                      
William                                  07-JUN-94                                                                                                                                                      

28 rows selected.

SQL> REM 4 'ORDER BY' CLAUSE IS PLACED AT THE END OF COMPOUND STATEMENT. IT IS ALLOWED ONCE PER COMPOUND STATEMENT.
SQL> 
SQL> SELECT TO_CHAR(DEPARTMENT_ID) "DID AND FNM", DEPARTMENT_NAME FROM DEPARTMENTS
  2  UNION
  3  SELECT FIRST_NAME , TO_CHAR(HIRE_DATE) "DNM AND HD" FROM EMPLOYEES ORDER BY 2 DESC;

DID AND FNM                              DEPARTMENT_NAME                                                                                                                                                
---------------------------------------- ------------------------------                                                                                                                                 
50                                       Shiping                                                                                                                                                        
80                                       Sales                                                                                                                                                          
20                                       Marketing                                                                                                                                                      
60                                       IT                                                                                                                                                             
90                                       Executive                                                                                                                                                      
190                                      Contracting                                                                                                                                                    
10                                       Administration                                                                                                                                                 
110                                      Accounting                                                                                                                                                     
Curtis                                   29-JAN-97                                                                                                                                                      
Eleni                                    29-JAN-00                                                                                                                                                      
Kimerely                                 24-MAY-99                                                                                                                                                      
Jonathon                                 24-MAR-98                                                                                                                                                      
Neena                                    21-SEP-89                                                                                                                                                      
Bruce                                    21-MAY-91                                                                                                                                                      
Jennifer                                 17-SEP-87                                                                                                                                                      
Trenna                                   17-OCT-95                                                                                                                                                      
Steven                                   17-JUL-87                                                                                                                                                      
Michael                                  17-FEB-96                                                                                                                                                      
Pat                                      17-AUG-97                                                                                                                                                      
Kevin                                    16-NOV-99                                                                                                                                                      
Randall                                  15-MAR-98                                                                                                                                                      
Lex                                      13-JAN-93                                                                                                                                                      
Ellen                                    11-MAY-96                                                                                                                                                      
Peter                                    09-JUL-98                                                                                                                                                      
Shelley                                  07-JUN-94                                                                                                                                                      
William                                  07-JUN-94                                                                                                                                                      
Diana                                    07-FEB-99                                                                                                                                                      
Alexander                                03-JAN-90                                                                                                                                                      

28 rows selected.

SQL> SELECT TO_CHAR(DEPARTMENT_ID) "DID AND FNM", DEPARTMENT_NAME FROM DEPARTMENTS
  2  UNION
  3  (SELECT FIRST_NAME , TO_CHAR(HIRE_DATE) "DNM AND HD" FROM EMPLOYEES ORDER BY 2 DESC);
(SELECT FIRST_NAME , TO_CHAR(HIRE_DATE) "DNM AND HD" FROM EMPLOYEES ORDER BY 2 DESC)
                                                                    *
ERROR at line 3:
ORA-00907: missing right parenthesis 


SQL> SELECT TO_CHAR(DEPARTMENT_ID) "DID AND FNM", DEPARTMENT_NAME FROM DEPARTMENTS
  2  UNION
  3  (SELECT FIRST_NAME , TO_CHAR(HIRE_DATE) "DNM AND HD" FROM EMPLOYEES) ORDER BY 2 DESC;

DID AND FNM                              DEPARTMENT_NAME                                                                                                                                                
---------------------------------------- ------------------------------                                                                                                                                 
50                                       Shiping                                                                                                                                                        
80                                       Sales                                                                                                                                                          
20                                       Marketing                                                                                                                                                      
60                                       IT                                                                                                                                                             
90                                       Executive                                                                                                                                                      
190                                      Contracting                                                                                                                                                    
10                                       Administration                                                                                                                                                 
110                                      Accounting                                                                                                                                                     
Curtis                                   29-JAN-97                                                                                                                                                      
Eleni                                    29-JAN-00                                                                                                                                                      
Kimerely                                 24-MAY-99                                                                                                                                                      
Jonathon                                 24-MAR-98                                                                                                                                                      
Neena                                    21-SEP-89                                                                                                                                                      
Bruce                                    21-MAY-91                                                                                                                                                      
Jennifer                                 17-SEP-87                                                                                                                                                      
Trenna                                   17-OCT-95                                                                                                                                                      
Steven                                   17-JUL-87                                                                                                                                                      
Michael                                  17-FEB-96                                                                                                                                                      
Pat                                      17-AUG-97                                                                                                                                                      
Kevin                                    16-NOV-99                                                                                                                                                      
Randall                                  15-MAR-98                                                                                                                                                      
Lex                                      13-JAN-93                                                                                                                                                      
Ellen                                    11-MAY-96                                                                                                                                                      
Peter                                    09-JUL-98                                                                                                                                                      
Shelley                                  07-JUN-94                                                                                                                                                      
William                                  07-JUN-94                                                                                                                                                      
Diana                                    07-FEB-99                                                                                                                                                      
Alexander                                03-JAN-90                                                                                                                                                      

28 rows selected.

SQL> SELECT TO_CHAR(DEPARTMENT_ID) "DID AND FNM", DEPARTMENT_NAME FROM DEPARTMENTS ORDER BY 2 DESC
  2  UNION
  3  SELECT FIRST_NAME , TO_CHAR(HIRE_DATE) "DNM AND HD" FROM EMPLOYEES;
UNION
*
ERROR at line 2:
ORA-00933: SQL command not properly ended 


SQL> SELECT * FROM EMPLOYEES;

EMPLOYEE_ID FIRST_NAME      LAST_NAME       EMAIL      PHONE_NUMBER         HIRE_DATE JOB_ID         SALARY COMMISSION_PCT MANAGER_ID DEPARTMENT_ID                                                     
----------- --------------- --------------- ---------- -------------------- --------- ---------- ---------- -------------- ---------- -------------                                                     
        100 Steven          King            SKING      515.123.4567         17-JUL-87 AD_PRES         24000                                      90                                                     
        101 Neena           Kochhar         NKOCHHAR   515.123.4568         21-SEP-89 AD_VP           17000                       100            90                                                     
        102 Lex             De Haan         LDEHAAN    515.123.4569         13-JAN-93 AD_VP           17000                       100            90                                                     
        103 Alexander       Hunold          AHUNOLD    590.423.4567         03-JAN-90 IT_PROG          9000                       102            60                                                     
        104 Bruce           Ernst           BERNST     590.423.4568         21-MAY-91 IT_PROG          6000                       103            60                                                     
        107 Diana           Lorentz         DLORENTZ   590.423.5567         07-FEB-99 IT_PROG          4200                       103            60                                                     
        124 Kevin           Mourgos         KMOURGOS   650.123.5234         16-NOV-99 ST_MAN           5800                       100            50                                                     
        141 Trenna          Rajs            TRAJS      650.121.8009         17-OCT-95 ST_CLERK         3500                       124            50                                                     
        142 Curtis          Davies          CDAVIES    650.121.2994         29-JAN-97 ST_CLERK         3100                       124            50                                                     
        143 Randall         Matos           RMATOS     650.121.2874         15-MAR-98 ST_CLERK         2600                       124            50                                                     
        144 Peter           Vargas                     650.121.2004         09-JUL-98 ST_CLERK         2500                       124            50                                                     
        149 Eleni           Zlotkey         EZLOTKEY   011.44.1344.429018   29-JAN-00 SA_MAN          10500             .2        100            80                                                     
        174 Ellen           Abel            EABEL      011.44.1644.429267   11-MAY-96 SA_REP          11000             .3        149            80                                                     
        176 Jonathon        Taylor          JTAYLOR    011.44.1644.429265   24-MAR-98 SA_REP           8600             .3        149            80                                                     
        178 Kimerely        Grant           KGRANT     011.44.1644.429263   24-MAY-99 SA_REP           7000            .15        149                                                                   
        200 Jennifer        Whalen          JWHALEN    515.123.4444         17-SEP-87 AD_ASST          4400                       101            10                                                     
        201 Michael         Hartstein       MHARTSTE   515.123.5555         17-FEB-96 MK_MAN          13000                       100            20                                                     
        202 Pat             Fay             PFAY       603.123.6666         17-AUG-97 MK_REP           6000                       201            20                                                     
        205 Shelley         Higgins         SHIGGINS   515.123.8080         07-JUN-94 AC_MGR          12000                       101           110                                                     
        206 William         Gietz           WGIETZ     515.123.8181         07-JUN-94 AC_ACCOUNT       8300                       205           110                                                     

20 rows selected.

SQL> SELECT * FROM JOB_HISTORY;

EMPLOYEE_ID START_DAT END_DATE  JOB_ID     DEPARTMENT_ID                                                                                                                                                
----------- --------- --------- ---------- -------------                                                                                                                                                
        102 13-JAN-93 24-JUL-98 IT_PROG               60                                                                                                                                                
        101 21-SEP-89 27-OCT-93 AC_ACCOUNT           110                                                                                                                                                
        101 28-OCT-93 15-MAR-97 AC_MGR               110                                                                                                                                                
        201 17-FEB-96 19-DEC-99 MK_REP                20                                                                                                                                                
        114 24-MAR-98 31-DEC-99 ST_CLERK              50                                                                                                                                                
        122 01-JAN-99 31-DEC-99 ST_CLERK              50                                                                                                                                                
        200 17-SEP-87 17-JUN-93 AD_ASST               90                                                                                                                                                
        176 24-MAR-98 31-DEC-98 SA_REP                80                                                                                                                                                
        176 01-JAN-99 31-DEC-99 SA_MAN                80                                                                                                                                                
        200 01-JUL-94 31-DEC-98 AC_ACCOUNT            90                                                                                                                                                

10 rows selected.

SQL> REM 1 DISPLAY THOSE EMPLOYEE_ID WHO HAVE GO PROMOTION
SQL> 
SQL> REM 2 DISPLAY THOSE EMPLOYEE_ID WHO HAVE NOT GOT PROMOTION
SQL> 
SQL> REM 3 DISPLAY THOSE EMPLOYEE_ID WHO HAVE LEFT THE COMPANY
SQL> 
SQL> SPOOL OFF
