SQL> 
SQL> REM ASK FOR EMPLOYEE_ID AND DISPLAY FIRST_NAME FOR THE SAME.
SQL> 
SQL> DECLARE
  2    EID NUMBER(4) := &EID;
  3    FN  VARCHAR(30);
  4  BEGIN
  5    SELECT FIRST_NAME
  6    INTO   FN
  7    FROM   EMPLOYEES
  8    WHERE  EMPLOYEE_ID = EID;
  9    DBMS_OUTPUT.PUT_LINE('EMPLOYEE_ID : ' || EID);
 10    DBMS_OUTPUT.PUT_LINE('FIRST_NAME  : ' || FN);
 11  END;
 12  /
Enter value for eid: 100
old   2:   EID NUMBER(4) := &EID;
new   2:   EID NUMBER(4) := 100;

PL/SQL procedure successfully completed.

SQL> SET SERVEROUTPUT ON FORMAT WRA
SQL> 
SQL> /
Enter value for eid: 100
old   2:   EID NUMBER(4) := &EID;
new   2:   EID NUMBER(4) := 100;
EMPLOYEE_ID : 100                                                                                                                                                                                       
FIRST_NAME  : Steven                                                                                                                                                                                    

PL/SQL procedure successfully completed.

SQL> /
Enter value for eid: 200
old   2:   EID NUMBER(4) := &EID;
new   2:   EID NUMBER(4) := 200;
EMPLOYEE_ID : 200                                                                                                                                                                                       
FIRST_NAME  : Jennifer                                                                                                                                                                                  

PL/SQL procedure successfully completed.

SQL> /
Enter value for eid: 300
old   2:   EID NUMBER(4) := &EID;
new   2:   EID NUMBER(4) := 300;
DECLARE
*
ERROR at line 1:
ORA-01403: no data found 
ORA-06512: at line 5 


SQL> REM ASK FOR EMPLOYEE_ID AND DISPLAY LAST_NAME , HIRE_DATE AND SALARY.
SQL> 
SQL> DECLARE
  2      EID NUMBER(4):=&EID;
  3      LN VARCHAR(20);
  4      HD DATE;
  5      SAL NUMBER(5);
  6   BEGIN
  7      SELECT LAST_NAME,HIRE_DATE,SALARY INTO LN,HD,SAL FROM EMPLOYEES WHERE EMPLOYEE_ID=EID;
  8      DBMS_OUTPUT.PUT_LINE('EMPLOYEE_ID: '||EID);
  9      DBMS_OUTPUT.PUT_LINE('EMPLOYEE LAST NAME: '||LN);
 10      DBMS_OUTPUT.PUT_LINE('EMPLOYEE HIRE DATE: '||HD);
 11      DBMS_OUTPUT.PUT_LINE('EMPLOYEE SALARY: '||SAL);
 12   END;
 13   /
Enter value for eid: 100
old   2:     EID NUMBER(4):=&EID;
new   2:     EID NUMBER(4):=100;
EMPLOYEE_ID: 100                                                                                                                                                                                        
EMPLOYEE LAST NAME: King                                                                                                                                                                                
EMPLOYEE HIRE DATE: 17-JUL-87                                                                                                                                                                           
EMPLOYEE SALARY: 24000                                                                                                                                                                                  

PL/SQL procedure successfully completed.

SQL> REM ASK FOR EMPLOYEE_ID AND DISPLAY FIRST_NAME AND DEPARTMENT_NAME
SQL> 
SQL> REM ASK FOR EMPLOYEE_ID AND DISPLAY FULL_NAME AND DEPARTMENT_NAME
SQL> 
SQL> DECLARE
  2      EID NUMBER (4) := &EID;
  3  LN VARCHAR (30);
  4  FN VARCHAR (30);
  5  D DATE;
  6  S NUMBER(10);
  7  BEGIN
  8  SELECT LAST_NAME, FIRST_NAME,DEPARTMENT_NAME
  9  INTO LN,FN,DP
 10      FROM EMPLOYEES INNER JOIN DEPARTMENTS
 11  
 12  WHERE EMPLOYEE_ID = EID;
 13  DEMS-OUTPUT.PUT-LINE(' EMPLOYEE ID : '|| EID);
 14  DBMS_OUTPUT.PUT_LINE('FULL_NAME : '||FN||' '||LN);
 15  DBMS_OUTPUT.PUT_LINE('DEPARTMENT_NAME : '||DP);
 16  
 17  END;
 18  /
Enter value for eid: 200
old   2:     EID NUMBER (4) := &EID;
new   2:     EID NUMBER (4) := 200;
WHERE EMPLOYEE_ID = EID;
*
ERROR at line 12:
ORA-06550: line 11, column 2: 
PL/SQL: ORA-00905: missing keyword 
ORA-06550: line 8, column 1: 
PL/SQL: SQL Statement ignored 
ORA-06550: line 13, column 5: 
PLS-00103: Encountered the symbol "-" when expecting one of the following: 
:= . ( @ % ; 
The symbol ":=" was substituted for "-" to continue. 


SQL> DECLARE
  2   EID NUMBER(4) := &EID;
  3   FULLN VARCHAR(30);
  4   DN VARCHAR(30);
  5   BEGIN
  6   SELECT FIRST_NAME || ' '|| LAST_NAME , DEPARTMENT_NAME
  7    INTO FULLN , DN FROM EMPLOYEES INNER JOIN DEPARTMENTS USING(DEPARTMENT_ID)
  8    WHERE EMPLOYEE_ID  =  EID;
  9    DBMS_OUTPUT.PUT_LINE('EMPLOYEE_ID : ' || EID );
 10    DBMS_OUTPUT.PUT_LINE('FULL NAME  : ' || FULLN );
 11    DBMS_OUTPUT.PUT_LINE('DEPARTMENT_NAME  : ' || DN );
 12    END;
 13    /
Enter value for eid: 200
old   2:  EID NUMBER(4) := &EID;
new   2:  EID NUMBER(4) := 200;
EMPLOYEE_ID : 200                                                                                                                                                                                       
FULL NAME  : Jennifer Whalen                                                                                                                                                                            
DEPARTMENT_NAME  : Administration                                                                                                                                                                       

PL/SQL procedure successfully completed.

SQL> REM CHAPTER 2 : NESTED BLOCKS , PLSQL DATA TYPES
SQL> 
SQL> REM NESTED BLOCK :
SQL> 
SQL> SPOOL OFF
