SQL> 
SQL> CL SCR

SQL> REM TO_DATE : TO CONVERT CHARACTER VALUE INTO DATE TYPE VALUE
SQL> 
SQL> REM PURPOSES : 1 FOR CALCULATION 2 FOR COMPARISON
SQL> 
SQL> REM 1 TO_DATE FOR CALCULATION
SQL> 
SQL> SELECT FIRST_NAME , SYSDATE , HIRE_DATE , SYSDATE - HIRE_DATE DAYS_WORKED FROM EMPLOYEES;

FIRST_NAME SYSDATE   HIRE_DATE DAYS_WORKED                                                                                                                                                              
---------- --------- --------- -----------                                                                                                                                                              
Steven     22-NOV-22 17-JUL-87  12912.6774                                                                                                                                                              
Neena      22-NOV-22 21-SEP-89  12115.6774                                                                                                                                                              
Lex        22-NOV-22 13-JAN-93  10905.6774                                                                                                                                                              
Alexander  22-NOV-22 03-JAN-90  12011.6774                                                                                                                                                              
Bruce      22-NOV-22 21-MAY-91  11508.6774                                                                                                                                                              
Diana      22-NOV-22 07-FEB-99   8689.6774                                                                                                                                                              
Kevin      22-NOV-22 16-NOV-99   8407.6774                                                                                                                                                              
Trenna     22-NOV-22 17-OCT-95   9898.6774                                                                                                                                                              
Curtis     22-NOV-22 29-JAN-97   9428.6774                                                                                                                                                              
Randall    22-NOV-22 15-MAR-98   9018.6774                                                                                                                                                              
Peter      22-NOV-22 09-JUL-98   8902.6774                                                                                                                                                              
Eleni      22-NOV-22 29-JAN-00   8333.6774                                                                                                                                                              
Ellen      22-NOV-22 11-MAY-96   9691.6774                                                                                                                                                              
Jonathon   22-NOV-22 24-MAR-98   9009.6774                                                                                                                                                              
Kimerely   22-NOV-22 24-MAY-99   8583.6774                                                                                                                                                              
Jennifer   22-NOV-22 17-SEP-87  12850.6774                                                                                                                                                              
Michael    22-NOV-22 17-FEB-96   9775.6774                                                                                                                                                              
Pat        22-NOV-22 17-AUG-97   9228.6774                                                                                                                                                              
Shelley    22-NOV-22 07-JUN-94  10395.6774                                                                                                                                                              
William    22-NOV-22 07-JUN-94  10395.6774                                                                                                                                                              

20 rows selected.

SQL> SELECT '13-MAR-73' - '15-JAN-71' FROM DUAL;
SELECT '13-MAR-73' - '15-JAN-71' FROM DUAL
       *
ERROR at line 1:
ORA-01722: invalid number 


SQL> SELECT TO_DATE('13-MAR-73') - '15-JAN-71' FROM DUAL;
SELECT TO_DATE('13-MAR-73') - '15-JAN-71' FROM DUAL
                              *
ERROR at line 1:
ORA-01722: invalid number 


SQL> SELECT TO_DATE('13-MAR-73') - TO_DATE('15-JAN-71') FROM DUAL;

TO_DATE('13-MAR-73')-TO_DATE('15-JAN-71')                                                                                                                                                               
-----------------------------------------                                                                                                                                                               
                                      788                                                                                                                                                               

SQL> SELECT TO_DATE('13-MAR-73') - TO_DATE('15-JAN-71') DAYSFROM DUAL;
SELECT TO_DATE('13-MAR-73') - TO_DATE('15-JAN-71') DAYSFROM DUAL
                                                            *
ERROR at line 1:
ORA-00923: FROM keyword not found where expected 


SQL> SELECT TO_DATE('13-MAR-73') - TO_DATE('15-JAN-71') DAYS FROM DUAL;

      DAYS                                                                                                                                                                                              
----------                                                                                                                                                                                              
       788                                                                                                                                                                                              

SQL> SELECT TO_DATE('13-MAR-1973') - TO_DATE('15-JANUARY-71') DAYS FROM DUAL;

      DAYS                                                                                                                                                                                              
----------                                                                                                                                                                                              
       788                                                                                                                                                                                              

SQL> SELECT TO_DATE('13-MAR1973') - TO_DATE('15/JANUARY\71') DAYS FROM DUAL;

      DAYS                                                                                                                                                                                              
----------                                                                                                                                                                                              
       788                                                                                                                                                                                              

SQL> SELECT TO_DATE('13-MAR1973') - TO_DATE('15/JANU\71') DAYS FROM DUAL;
SELECT TO_DATE('13-MAR1973') - TO_DATE('15/JANU\71') DAYS FROM DUAL
                                       *
ERROR at line 1:
ORA-01861: literal does not match format string 


SQL> SELECT TO_DATE('13-MAR1973') - TO_DATE('15/01\71') DAYS FROM DUAL;
SELECT TO_DATE('13-MAR1973') - TO_DATE('15/01\71') DAYS FROM DUAL
                                       *
ERROR at line 1:
ORA-01843: not a valid month 


SQL> SELECT TO_DATE('13-MAR1973') - TO_DATE('15/01\71','DD/MM\RR') DAYS FROM DUAL;

      DAYS                                                                                                                                                                                              
----------                                                                                                                                                                                              
       788                                                                                                                                                                                              

SQL> SELECT TO_DATE('13-MAR1973') - TO_DATE('15/01\71','DD/MM\YY') DAYS FROM DUAL;

      DAYS                                                                                                                                                                                              
----------                                                                                                                                                                                              
    -35737                                                                                                                                                                                              

SQL> REM YY : IT ALWAYS PICKS CURRENT CENTURY VALUE.
SQL> 
SQL> REM YY : 100 YEARS : 2000 TO 2099 : CENTURY VALUE 20
SQL> 
SQL> REM RR : PREVIOUS 50 YEARS + CURRENT 50 YEARS = 100 YEARS
SQL> 
SQL> REM RR : 1950 TO 1999      + 2000 TO 2049     =
SQL> 
SQL> 
SQL> SELECT TO_DATE('13-MAR1973') - TO_DATE('71-JAN-15','RR/MON\DD') DAYS FROM DUAL;

      DAYS                                                                                                                                                                                              
----------                                                                                                                                                                                              
       788                                                                                                                                                                                              

SQL> SELECT TO_DATE('13-MAR1973') - TO_DATE('71-JAN-15','RR/MONTH\DD') DAYS FROM DUAL;

      DAYS                                                                                                                                                                                              
----------                                                                                                                                                                                              
       788                                                                                                                                                                                              

SQL> SELECT TO_DATE('13-MAR1973') - TO_DATE('71-JANUARY-15','RR/MON\DD') DAYS FROM DUAL;

      DAYS                                                                                                                                                                                              
----------                                                                                                                                                                                              
       788                                                                                                                                                                                              

SQL> SELECT TO_DATE('13-MAR1973') - TO_DATE('71-JANUARY-15','FXRR-MON-DD') DAYS FROM DUAL;
SELECT TO_DATE('13-MAR1973') - TO_DATE('71-JANUARY-15','FXRR-MON-DD') DAYS FROM DUAL
                                       *
ERROR at line 1:
ORA-01861: literal does not match format string 


SQL> REM FX : FIXED FORMAT/EXACT FORMAT
SQL> 
SQL> SELECT TO_DATE('13-MAR1973') - TO_DATE('71-JANUARY-15','FXRR-MONTH-DD') DAYS FROM DUAL;

      DAYS                                                                                                                                                                                              
----------                                                                                                                                                                                              
       788                                                                                                                                                                                              

SQL> SELECT TO_DATE('13-MAR1973') - TO_DATE('71-JANUARY-15','FXRR-MONTH/DD') DAYS FROM DUAL;
SELECT TO_DATE('13-MAR1973') - TO_DATE('71-JANUARY-15','FXRR-MONTH/DD') DAYS FROM DUAL
                                       *
ERROR at line 1:
ORA-01861: literal does not match format string 


SQL> SELECT TO_DATE('13-MAR1973') - TO_DATE('71-JANUARY-15','FXRR-Month/DD') DAYS FROM DUAL;
SELECT TO_DATE('13-MAR1973') - TO_DATE('71-JANUARY-15','FXRR-Month/DD') DAYS FROM DUAL
                                       *
ERROR at line 1:
ORA-01861: literal does not match format string 


SQL> SELECT TO_DATE('13-MAR1973') - TO_DATE('71-JANUARY-15','FXRR-Month-DD') DAYS FROM DUAL;

      DAYS                                                                                                                                                                                              
----------                                                                                                                                                                                              
       788                                                                                                                                                                                              

SQL> SELECT TO_DATE('13-MAR1973') - TO_DATE('71-JANUARY-15',UPPER('FXRR-Month-DD')) DAYS FROM DUAL;

      DAYS                                                                                                                                                                                              
----------                                                                                                                                                                                              
       788                                                                                                                                                                                              

SQL> SELECT TO_DATE('13-MAR1973') - TO_DATE('71-JANuary-15',UPPER('FXRR-Month-DD')) DAYS FROM DUAL;

      DAYS                                                                                                                                                                                              
----------                                                                                                                                                                                              
       788                                                                                                                                                                                              

SQL> SELECT TO_DATE('13-MAR1973') - TO_DATE(UPPER('71-JANuary-15'),UPPER('FXRR-Month-DD')) DAYS FROM DUAL;

      DAYS                                                                                                                                                                                              
----------                                                                                                                                                                                              
       788                                                                                                                                                                                              

SQL> 
SQL> 
SQL> REM DISPLAY ALL WHO WERE HIRED AFTER YEAR 96
SQL> 
SQL> SELECT FIRST_NAME ,HIRE_DATE FROM EMPLOYEES WHERE HIRE_DATE > '31-DEC-96';

FIRST_NAME HIRE_DATE                                                                                                                                                                                    
---------- ---------                                                                                                                                                                                    
Diana      07-FEB-99                                                                                                                                                                                    
Kevin      16-NOV-99                                                                                                                                                                                    
Curtis     29-JAN-97                                                                                                                                                                                    
Randall    15-MAR-98                                                                                                                                                                                    
Peter      09-JUL-98                                                                                                                                                                                    
Eleni      29-JAN-00                                                                                                                                                                                    
Jonathon   24-MAR-98                                                                                                                                                                                    
Kimerely   24-MAY-99                                                                                                                                                                                    
Pat        17-AUG-97                                                                                                                                                                                    

9 rows selected.

SQL> SELECT FIRST_NAME ,HIRE_DATE FROM EMPLOYEES WHERE HIRE_DATE > '31-DECEMBER-96';

FIRST_NAME HIRE_DATE                                                                                                                                                                                    
---------- ---------                                                                                                                                                                                    
Diana      07-FEB-99                                                                                                                                                                                    
Kevin      16-NOV-99                                                                                                                                                                                    
Curtis     29-JAN-97                                                                                                                                                                                    
Randall    15-MAR-98                                                                                                                                                                                    
Peter      09-JUL-98                                                                                                                                                                                    
Eleni      29-JAN-00                                                                                                                                                                                    
Jonathon   24-MAR-98                                                                                                                                                                                    
Kimerely   24-MAY-99                                                                                                                                                                                    
Pat        17-AUG-97                                                                                                                                                                                    

9 rows selected.

SQL> SELECT FIRST_NAME ,HIRE_DATE FROM EMPLOYEES WHERE HIRE_DATE > '31-DECEMBER-1996';

FIRST_NAME HIRE_DATE                                                                                                                                                                                    
---------- ---------                                                                                                                                                                                    
Diana      07-FEB-99                                                                                                                                                                                    
Kevin      16-NOV-99                                                                                                                                                                                    
Curtis     29-JAN-97                                                                                                                                                                                    
Randall    15-MAR-98                                                                                                                                                                                    
Peter      09-JUL-98                                                                                                                                                                                    
Eleni      29-JAN-00                                                                                                                                                                                    
Jonathon   24-MAR-98                                                                                                                                                                                    
Kimerely   24-MAY-99                                                                                                                                                                                    
Pat        17-AUG-97                                                                                                                                                                                    

9 rows selected.

SQL> SELECT FIRST_NAME ,HIRE_DATE FROM EMPLOYEES WHERE HIRE_DATE > '31\DECEMBER/1996';

FIRST_NAME HIRE_DATE                                                                                                                                                                                    
---------- ---------                                                                                                                                                                                    
Diana      07-FEB-99                                                                                                                                                                                    
Kevin      16-NOV-99                                                                                                                                                                                    
Curtis     29-JAN-97                                                                                                                                                                                    
Randall    15-MAR-98                                                                                                                                                                                    
Peter      09-JUL-98                                                                                                                                                                                    
Eleni      29-JAN-00                                                                                                                                                                                    
Jonathon   24-MAR-98                                                                                                                                                                                    
Kimerely   24-MAY-99                                                                                                                                                                                    
Pat        17-AUG-97                                                                                                                                                                                    

9 rows selected.

SQL> SELECT FIRST_NAME ,HIRE_DATE FROM EMPLOYEES WHERE HIRE_DATE > '31\12/1996';
SELECT FIRST_NAME ,HIRE_DATE FROM EMPLOYEES WHERE HIRE_DATE > '31\12/1996'
                                                              *
ERROR at line 1:
ORA-01843: not a valid month 


SQL> SELECT FIRST_NAME ,HIRE_DATE FROM EMPLOYEES WHERE HIRE_DATE > TO_DATE('31\12/1996','DD\MM/RRRR');

FIRST_NAME HIRE_DATE                                                                                                                                                                                    
---------- ---------                                                                                                                                                                                    
Diana      07-FEB-99                                                                                                                                                                                    
Kevin      16-NOV-99                                                                                                                                                                                    
Curtis     29-JAN-97                                                                                                                                                                                    
Randall    15-MAR-98                                                                                                                                                                                    
Peter      09-JUL-98                                                                                                                                                                                    
Eleni      29-JAN-00                                                                                                                                                                                    
Jonathon   24-MAR-98                                                                                                                                                                                    
Kimerely   24-MAY-99                                                                                                                                                                                    
Pat        17-AUG-97                                                                                                                                                                                    

9 rows selected.

SQL> SELECT FIRST_NAME ,HIRE_DATE FROM EMPLOYEES WHERE HIRE_DATE > TO_DATE('12/31\1996','MM/DD\YYYY');

FIRST_NAME HIRE_DATE                                                                                                                                                                                    
---------- ---------                                                                                                                                                                                    
Diana      07-FEB-99                                                                                                                                                                                    
Kevin      16-NOV-99                                                                                                                                                                                    
Curtis     29-JAN-97                                                                                                                                                                                    
Randall    15-MAR-98                                                                                                                                                                                    
Peter      09-JUL-98                                                                                                                                                                                    
Eleni      29-JAN-00                                                                                                                                                                                    
Jonathon   24-MAR-98                                                                                                                                                                                    
Kimerely   24-MAY-99                                                                                                                                                                                    
Pat        17-AUG-97                                                                                                                                                                                    

9 rows selected.

SQL> SELECT FIRST_NAME ,HIRE_DATE FROM EMPLOYEES WHERE HIRE_DATE > TO_DATE('12/31\96','MM/DD\RR');

FIRST_NAME HIRE_DATE                                                                                                                                                                                    
---------- ---------                                                                                                                                                                                    
Diana      07-FEB-99                                                                                                                                                                                    
Kevin      16-NOV-99                                                                                                                                                                                    
Curtis     29-JAN-97                                                                                                                                                                                    
Randall    15-MAR-98                                                                                                                                                                                    
Peter      09-JUL-98                                                                                                                                                                                    
Eleni      29-JAN-00                                                                                                                                                                                    
Jonathon   24-MAR-98                                                                                                                                                                                    
Kimerely   24-MAY-99                                                                                                                                                                                    
Pat        17-AUG-97                                                                                                                                                                                    

9 rows selected.

SQL> SELECT FIRST_NAME ,HIRE_DATE FROM EMPLOYEES WHERE HIRE_DATE > TO_DATE('12/31\96','MM/DD\YY');

no rows selected

SQL> SELECT FIRST_NAME ,HIRE_DATE FROM EMPLOYEES WHERE HIRE_DATE > TO_DATE('DEC/31\96','MON/DD\RR');

FIRST_NAME HIRE_DATE                                                                                                                                                                                    
---------- ---------                                                                                                                                                                                    
Diana      07-FEB-99                                                                                                                                                                                    
Kevin      16-NOV-99                                                                                                                                                                                    
Curtis     29-JAN-97                                                                                                                                                                                    
Randall    15-MAR-98                                                                                                                                                                                    
Peter      09-JUL-98                                                                                                                                                                                    
Eleni      29-JAN-00                                                                                                                                                                                    
Jonathon   24-MAR-98                                                                                                                                                                                    
Kimerely   24-MAY-99                                                                                                                                                                                    
Pat        17-AUG-97                                                                                                                                                                                    

9 rows selected.

SQL> SELECT FIRST_NAME ,HIRE_DATE FROM EMPLOYEES WHERE HIRE_DATE > TO_DATE('DECEMBER/31\96','MON/DD\RR');

FIRST_NAME HIRE_DATE                                                                                                                                                                                    
---------- ---------                                                                                                                                                                                    
Diana      07-FEB-99                                                                                                                                                                                    
Kevin      16-NOV-99                                                                                                                                                                                    
Curtis     29-JAN-97                                                                                                                                                                                    
Randall    15-MAR-98                                                                                                                                                                                    
Peter      09-JUL-98                                                                                                                                                                                    
Eleni      29-JAN-00                                                                                                                                                                                    
Jonathon   24-MAR-98                                                                                                                                                                                    
Kimerely   24-MAY-99                                                                                                                                                                                    
Pat        17-AUG-97                                                                                                                                                                                    

9 rows selected.

SQL> SELECT FIRST_NAME ,HIRE_DATE FROM EMPLOYEES WHERE HIRE_DATE > TO_DATE('DECEMBER/31\96','FXMON/DD\RR');
SELECT FIRST_NAME ,HIRE_DATE FROM EMPLOYEES WHERE HIRE_DATE > TO_DATE('DECEMBER/31\96','FXMON/DD\RR')
                                                                      *
ERROR at line 1:
ORA-01861: literal does not match format string 


SQL> SELECT FIRST_NAME ,HIRE_DATE FROM EMPLOYEES WHERE HIRE_DATE > TO_DATE('DECEMBER/31\96','FXMONTH/DD\RR');

FIRST_NAME HIRE_DATE                                                                                                                                                                                    
---------- ---------                                                                                                                                                                                    
Diana      07-FEB-99                                                                                                                                                                                    
Kevin      16-NOV-99                                                                                                                                                                                    
Curtis     29-JAN-97                                                                                                                                                                                    
Randall    15-MAR-98                                                                                                                                                                                    
Peter      09-JUL-98                                                                                                                                                                                    
Eleni      29-JAN-00                                                                                                                                                                                    
Jonathon   24-MAR-98                                                                                                                                                                                    
Kimerely   24-MAY-99                                                                                                                                                                                    
Pat        17-AUG-97                                                                                                                                                                                    

9 rows selected.

SQL> SELECT FIRST_NAME ,HIRE_DATE FROM EMPLOYEES WHERE HIRE_DATE > TO_DATE('DEC/31\96','FXMON/DD\RR');

FIRST_NAME HIRE_DATE                                                                                                                                                                                    
---------- ---------                                                                                                                                                                                    
Diana      07-FEB-99                                                                                                                                                                                    
Kevin      16-NOV-99                                                                                                                                                                                    
Curtis     29-JAN-97                                                                                                                                                                                    
Randall    15-MAR-98                                                                                                                                                                                    
Peter      09-JUL-98                                                                                                                                                                                    
Eleni      29-JAN-00                                                                                                                                                                                    
Jonathon   24-MAR-98                                                                                                                                                                                    
Kimerely   24-MAY-99                                                                                                                                                                                    
Pat        17-AUG-97                                                                                                                                                                                    

9 rows selected.

SQL> REM TO_CHAR : FOR DISPLAYING NUMBER/DATE TYPE VALUE IN USER DEFINED/NON-DEFAULT FORMATS
SQL> 
SQL> 
SQL> RE, TO_CHAR SYNTAX : TO_CHAR(VALUE,'FORMAT')
SP2-0734: unknown command beginning "RE, TO_CHA..." - rest of line ignored.
SQL> 
SQL> RE TO_CHAR SYNTAX : TO_CHAR(VALUE,'FORMAT')
SP2-0734: unknown command beginning "RE TO_CHAR..." - rest of line ignored.
SQL> 
SQL> REM TO_CHAR SYNTAX : TO_CHAR(VALUE,'FORMAT')
SQL> 
SQL> 
SQL> REM LIST OF VALID NUMBER FORMAT CHARACTERS : 9 0   , .   G D   $ L U   S MI PR   EEEE or eeee    V
SQL> 
SQL> SELECT SALARY FROM EMPLOYEES;

    SALARY                                                                                                                                                                                              
----------                                                                                                                                                                                              
     24000                                                                                                                                                                                              
     17000                                                                                                                                                                                              
     17000                                                                                                                                                                                              
      9000                                                                                                                                                                                              
      6000                                                                                                                                                                                              
      4200                                                                                                                                                                                              
      5800                                                                                                                                                                                              
      3500                                                                                                                                                                                              
      3100                                                                                                                                                                                              
      2600                                                                                                                                                                                              
      2500                                                                                                                                                                                              
     10500                                                                                                                                                                                              
     11000                                                                                                                                                                                              
      8600                                                                                                                                                                                              
      7000                                                                                                                                                                                              
      4400                                                                                                                                                                                              
     13000                                                                                                                                                                                              
      6000                                                                                                                                                                                              
     12000                                                                                                                                                                                              
      8300                                                                                                                                                                                              

20 rows selected.

SQL> SHOW NUMW
numwidth 10
SQL> SET NUMW 15
SQL> 
SQL> SELECT SALARY FROM EMPLOYEES;

         SALARY                                                                                                                                                                                         
---------------                                                                                                                                                                                         
          24000                                                                                                                                                                                         
          17000                                                                                                                                                                                         
          17000                                                                                                                                                                                         
           9000                                                                                                                                                                                         
           6000                                                                                                                                                                                         
           4200                                                                                                                                                                                         
           5800                                                                                                                                                                                         
           3500                                                                                                                                                                                         
           3100                                                                                                                                                                                         
           2600                                                                                                                                                                                         
           2500                                                                                                                                                                                         
          10500                                                                                                                                                                                         
          11000                                                                                                                                                                                         
           8600                                                                                                                                                                                         
           7000                                                                                                                                                                                         
           4400                                                                                                                                                                                         
          13000                                                                                                                                                                                         
           6000                                                                                                                                                                                         
          12000                                                                                                                                                                                         
           8300                                                                                                                                                                                         

20 rows selected.

SQL> SET NUMW 5
SQL> 
SQL> SELECT SALARY FROM EMPLOYEES;

SALARY                                                                                                                                                                                                  
------                                                                                                                                                                                                  
 24000                                                                                                                                                                                                  
 17000                                                                                                                                                                                                  
 17000                                                                                                                                                                                                  
  9000                                                                                                                                                                                                  
  6000                                                                                                                                                                                                  
  4200                                                                                                                                                                                                  
  5800                                                                                                                                                                                                  
  3500                                                                                                                                                                                                  
  3100                                                                                                                                                                                                  
  2600                                                                                                                                                                                                  
  2500                                                                                                                                                                                                  
 10500                                                                                                                                                                                                  
 11000                                                                                                                                                                                                  
  8600                                                                                                                                                                                                  
  7000                                                                                                                                                                                                  
  4400                                                                                                                                                                                                  
 13000                                                                                                                                                                                                  
  6000                                                                                                                                                                                                  
 12000                                                                                                                                                                                                  
  8300                                                                                                                                                                                                  

20 rows selected.

SQL> SET NUMW 4
SQL> 
SQL> SELECT SALARY FROM EMPLOYEES;

SALARY                                                                                                                                                                                                  
------                                                                                                                                                                                                  
  ####                                                                                                                                                                                                  
  ####                                                                                                                                                                                                  
  ####                                                                                                                                                                                                  
  9000                                                                                                                                                                                                  
  6000                                                                                                                                                                                                  
  4200                                                                                                                                                                                                  
  5800                                                                                                                                                                                                  
  3500                                                                                                                                                                                                  
  3100                                                                                                                                                                                                  
  2600                                                                                                                                                                                                  
  2500                                                                                                                                                                                                  
  ####                                                                                                                                                                                                  
  ####                                                                                                                                                                                                  
  8600                                                                                                                                                                                                  
  7000                                                                                                                                                                                                  
  4400                                                                                                                                                                                                  
  ####                                                                                                                                                                                                  
  6000                                                                                                                                                                                                  
  ####                                                                                                                                                                                                  
  8300                                                                                                                                                                                                  

20 rows selected.

SQL> SET NUMW 10
SQL> 
SQL> SELECT SALARY , TO_CHAR(SALARY , '99999') FROM EMPLOYEES;

    SALARY TO_CHA                                                                                                                                                                                       
---------- ------                                                                                                                                                                                       
     24000  24000                                                                                                                                                                                       
     17000  17000                                                                                                                                                                                       
     17000  17000                                                                                                                                                                                       
      9000   9000                                                                                                                                                                                       
      6000   6000                                                                                                                                                                                       
      4200   4200                                                                                                                                                                                       
      5800   5800                                                                                                                                                                                       
      3500   3500                                                                                                                                                                                       
      3100   3100                                                                                                                                                                                       
      2600   2600                                                                                                                                                                                       
      2500   2500                                                                                                                                                                                       
     10500  10500                                                                                                                                                                                       
     11000  11000                                                                                                                                                                                       
      8600   8600                                                                                                                                                                                       
      7000   7000                                                                                                                                                                                       
      4400   4400                                                                                                                                                                                       
     13000  13000                                                                                                                                                                                       
      6000   6000                                                                                                                                                                                       
     12000  12000                                                                                                                                                                                       
      8300   8300                                                                                                                                                                                       

20 rows selected.

SQL> SELECT SALARY , TO_CHAR(SALARY , '9999') FROM EMPLOYEES;

    SALARY TO_CH                                                                                                                                                                                        
---------- -----                                                                                                                                                                                        
     24000 #####                                                                                                                                                                                        
     17000 #####                                                                                                                                                                                        
     17000 #####                                                                                                                                                                                        
      9000  9000                                                                                                                                                                                        
      6000  6000                                                                                                                                                                                        
      4200  4200                                                                                                                                                                                        
      5800  5800                                                                                                                                                                                        
      3500  3500                                                                                                                                                                                        
      3100  3100                                                                                                                                                                                        
      2600  2600                                                                                                                                                                                        
      2500  2500                                                                                                                                                                                        
     10500 #####                                                                                                                                                                                        
     11000 #####                                                                                                                                                                                        
      8600  8600                                                                                                                                                                                        
      7000  7000                                                                                                                                                                                        
      4400  4400                                                                                                                                                                                        
     13000 #####                                                                                                                                                                                        
      6000  6000                                                                                                                                                                                        
     12000 #####                                                                                                                                                                                        
      8300  8300                                                                                                                                                                                        

20 rows selected.

SQL> SELECT SALARY , TO_CHAR(SALARY , '00000') FROM EMPLOYEES;

    SALARY TO_CHA                                                                                                                                                                                       
---------- ------                                                                                                                                                                                       
     24000  24000                                                                                                                                                                                       
     17000  17000                                                                                                                                                                                       
     17000  17000                                                                                                                                                                                       
      9000  09000                                                                                                                                                                                       
      6000  06000                                                                                                                                                                                       
      4200  04200                                                                                                                                                                                       
      5800  05800                                                                                                                                                                                       
      3500  03500                                                                                                                                                                                       
      3100  03100                                                                                                                                                                                       
      2600  02600                                                                                                                                                                                       
      2500  02500                                                                                                                                                                                       
     10500  10500                                                                                                                                                                                       
     11000  11000                                                                                                                                                                                       
      8600  08600                                                                                                                                                                                       
      7000  07000                                                                                                                                                                                       
      4400  04400                                                                                                                                                                                       
     13000  13000                                                                                                                                                                                       
      6000  06000                                                                                                                                                                                       
     12000  12000                                                                                                                                                                                       
      8300  08300                                                                                                                                                                                       

20 rows selected.

SQL> SELECT SALARY , TO_CHAR(SALARY , '99000') FROM EMPLOYEES;

    SALARY TO_CHA                                                                                                                                                                                       
---------- ------                                                                                                                                                                                       
     24000  24000                                                                                                                                                                                       
     17000  17000                                                                                                                                                                                       
     17000  17000                                                                                                                                                                                       
      9000   9000                                                                                                                                                                                       
      6000   6000                                                                                                                                                                                       
      4200   4200                                                                                                                                                                                       
      5800   5800                                                                                                                                                                                       
      3500   3500                                                                                                                                                                                       
      3100   3100                                                                                                                                                                                       
      2600   2600                                                                                                                                                                                       
      2500   2500                                                                                                                                                                                       
     10500  10500                                                                                                                                                                                       
     11000  11000                                                                                                                                                                                       
      8600   8600                                                                                                                                                                                       
      7000   7000                                                                                                                                                                                       
      4400   4400                                                                                                                                                                                       
     13000  13000                                                                                                                                                                                       
      6000   6000                                                                                                                                                                                       
     12000  12000                                                                                                                                                                                       
      8300   8300                                                                                                                                                                                       

20 rows selected.

SQL> SELECT SALARY , TO_CHAR(SALARY , '099000') FROM EMPLOYEES;

    SALARY TO_CHAR                                                                                                                                                                                      
---------- -------                                                                                                                                                                                      
     24000  024000                                                                                                                                                                                      
     17000  017000                                                                                                                                                                                      
     17000  017000                                                                                                                                                                                      
      9000  009000                                                                                                                                                                                      
      6000  006000                                                                                                                                                                                      
      4200  004200                                                                                                                                                                                      
      5800  005800                                                                                                                                                                                      
      3500  003500                                                                                                                                                                                      
      3100  003100                                                                                                                                                                                      
      2600  002600                                                                                                                                                                                      
      2500  002500                                                                                                                                                                                      
     10500  010500                                                                                                                                                                                      
     11000  011000                                                                                                                                                                                      
      8600  008600                                                                                                                                                                                      
      7000  007000                                                                                                                                                                                      
      4400  004400                                                                                                                                                                                      
     13000  013000                                                                                                                                                                                      
      6000  006000                                                                                                                                                                                      
     12000  012000                                                                                                                                                                                      
      8300  008300                                                                                                                                                                                      

20 rows selected.

SQL> SELECT SALARY , TO_CHAR(SALARY , '99,000') FROM EMPLOYEES;

    SALARY TO_CHAR                                                                                                                                                                                      
---------- -------                                                                                                                                                                                      
     24000  24,000                                                                                                                                                                                      
     17000  17,000                                                                                                                                                                                      
     17000  17,000                                                                                                                                                                                      
      9000   9,000                                                                                                                                                                                      
      6000   6,000                                                                                                                                                                                      
      4200   4,200                                                                                                                                                                                      
      5800   5,800                                                                                                                                                                                      
      3500   3,500                                                                                                                                                                                      
      3100   3,100                                                                                                                                                                                      
      2600   2,600                                                                                                                                                                                      
      2500   2,500                                                                                                                                                                                      
     10500  10,500                                                                                                                                                                                      
     11000  11,000                                                                                                                                                                                      
      8600   8,600                                                                                                                                                                                      
      7000   7,000                                                                                                                                                                                      
      4400   4,400                                                                                                                                                                                      
     13000  13,000                                                                                                                                                                                      
      6000   6,000                                                                                                                                                                                      
     12000  12,000                                                                                                                                                                                      
      8300   8,300                                                                                                                                                                                      

20 rows selected.

SQL> SELECT SALARY , TO_CHAR(SALARY , '99,000.99') FROM EMPLOYEES;

    SALARY TO_CHAR(SA                                                                                                                                                                                   
---------- ----------                                                                                                                                                                                   
     24000  24,000.00                                                                                                                                                                                   
     17000  17,000.00                                                                                                                                                                                   
     17000  17,000.00                                                                                                                                                                                   
      9000   9,000.00                                                                                                                                                                                   
      6000   6,000.00                                                                                                                                                                                   
      4200   4,200.00                                                                                                                                                                                   
      5800   5,800.00                                                                                                                                                                                   
      3500   3,500.00                                                                                                                                                                                   
      3100   3,100.00                                                                                                                                                                                   
      2600   2,600.00                                                                                                                                                                                   
      2500   2,500.00                                                                                                                                                                                   
     10500  10,500.00                                                                                                                                                                                   
     11000  11,000.00                                                                                                                                                                                   
      8600   8,600.00                                                                                                                                                                                   
      7000   7,000.00                                                                                                                                                                                   
      4400   4,400.00                                                                                                                                                                                   
     13000  13,000.00                                                                                                                                                                                   
      6000   6,000.00                                                                                                                                                                                   
     12000  12,000.00                                                                                                                                                                                   
      8300   8,300.00                                                                                                                                                                                   

20 rows selected.

SQL> SELECT SALARY , TO_CHAR(SALARY , '99,000.90') FROM EMPLOYEES;

    SALARY TO_CHAR(SA                                                                                                                                                                                   
---------- ----------                                                                                                                                                                                   
     24000  24,000.00                                                                                                                                                                                   
     17000  17,000.00                                                                                                                                                                                   
     17000  17,000.00                                                                                                                                                                                   
      9000   9,000.00                                                                                                                                                                                   
      6000   6,000.00                                                                                                                                                                                   
      4200   4,200.00                                                                                                                                                                                   
      5800   5,800.00                                                                                                                                                                                   
      3500   3,500.00                                                                                                                                                                                   
      3100   3,100.00                                                                                                                                                                                   
      2600   2,600.00                                                                                                                                                                                   
      2500   2,500.00                                                                                                                                                                                   
     10500  10,500.00                                                                                                                                                                                   
     11000  11,000.00                                                                                                                                                                                   
      8600   8,600.00                                                                                                                                                                                   
      7000   7,000.00                                                                                                                                                                                   
      4400   4,400.00                                                                                                                                                                                   
     13000  13,000.00                                                                                                                                                                                   
      6000   6,000.00                                                                                                                                                                                   
     12000  12,000.00                                                                                                                                                                                   
      8300   8,300.00                                                                                                                                                                                   

20 rows selected.

SQL> SELECT SALARY , TO_CHAR(SALARY , '99,500.90') FROM EMPLOYEES;
SELECT SALARY , TO_CHAR(SALARY , '99,500.90') FROM EMPLOYEES
                                 *
ERROR at line 1:
ORA-01481: invalid number format model 


SQL> SELECT SALARY , TO_CHAR(SALARY , '99G500D90') FROM EMPLOYEES;
SELECT SALARY , TO_CHAR(SALARY , '99G500D90') FROM EMPLOYEES
                                 *
ERROR at line 1:
ORA-01481: invalid number format model 


SQL> SELECT SALARY , TO_CHAR(SALARY , '99G000D90') FROM EMPLOYEES;

    SALARY TO_CHAR(SA                                                                                                                                                                                   
---------- ----------                                                                                                                                                                                   
     24000  24,000.00                                                                                                                                                                                   
     17000  17,000.00                                                                                                                                                                                   
     17000  17,000.00                                                                                                                                                                                   
      9000   9,000.00                                                                                                                                                                                   
      6000   6,000.00                                                                                                                                                                                   
      4200   4,200.00                                                                                                                                                                                   
      5800   5,800.00                                                                                                                                                                                   
      3500   3,500.00                                                                                                                                                                                   
      3100   3,100.00                                                                                                                                                                                   
      2600   2,600.00                                                                                                                                                                                   
      2500   2,500.00                                                                                                                                                                                   
     10500  10,500.00                                                                                                                                                                                   
     11000  11,000.00                                                                                                                                                                                   
      8600   8,600.00                                                                                                                                                                                   
      7000   7,000.00                                                                                                                                                                                   
      4400   4,400.00                                                                                                                                                                                   
     13000  13,000.00                                                                                                                                                                                   
      6000   6,000.00                                                                                                                                                                                   
     12000  12,000.00                                                                                                                                                                                   
      8300   8,300.00                                                                                                                                                                                   

20 rows selected.

SQL> COL PARAMETER FORMAT A30
SQL> COL VALUE FORMAT A30
SQL> 
SQL> SELECT * FROM NLS_SESSION_PARAMETERS;

PARAMETER                      VALUE                                                                                                                                                                    
------------------------------ ------------------------------                                                                                                                                           
NLS_LANGUAGE                   AMERICAN                                                                                                                                                                 
NLS_TERRITORY                  AMERICA                                                                                                                                                                  
NLS_CURRENCY                   $                                                                                                                                                                        
NLS_ISO_CURRENCY               AMERICA                                                                                                                                                                  
NLS_NUMERIC_CHARACTERS         .,                                                                                                                                                                       
NLS_CALENDAR                   GREGORIAN                                                                                                                                                                
NLS_DATE_FORMAT                DD-MON-RR                                                                                                                                                                
NLS_DATE_LANGUAGE              AMERICAN                                                                                                                                                                 
NLS_SORT                       BINARY                                                                                                                                                                   
NLS_TIME_FORMAT                HH.MI.SSXFF AM                                                                                                                                                           
NLS_TIMESTAMP_FORMAT           DD-MON-RR HH.MI.SSXFF AM                                                                                                                                                 
NLS_TIME_TZ_FORMAT             HH.MI.SSXFF AM TZR                                                                                                                                                       
NLS_TIMESTAMP_TZ_FORMAT        DD-MON-RR HH.MI.SSXFF AM TZR                                                                                                                                             
NLS_DUAL_CURRENCY              $                                                                                                                                                                        
NLS_COMP                       BINARY                                                                                                                                                                   
NLS_LENGTH_SEMANTICS           BYTE                                                                                                                                                                     
NLS_NCHAR_CONV_EXCP            FALSE                                                                                                                                                                    

17 rows selected.

SQL> ALTER SESSION SET NLS_NUMERIC_CHARACTERS = '|^';

Session altered.

SQL> SELECT * FROM NLS_SESSION_PARAMETERS;

PARAMETER                      VALUE                                                                                                                                                                    
------------------------------ ------------------------------                                                                                                                                           
NLS_LANGUAGE                   AMERICAN                                                                                                                                                                 
NLS_TERRITORY                  AMERICA                                                                                                                                                                  
NLS_CURRENCY                   $                                                                                                                                                                        
NLS_ISO_CURRENCY               AMERICA                                                                                                                                                                  
NLS_NUMERIC_CHARACTERS         |^                                                                                                                                                                       
NLS_CALENDAR                   GREGORIAN                                                                                                                                                                
NLS_DATE_FORMAT                DD-MON-RR                                                                                                                                                                
NLS_DATE_LANGUAGE              AMERICAN                                                                                                                                                                 
NLS_SORT                       BINARY                                                                                                                                                                   
NLS_TIME_FORMAT                HH.MI.SSXFF AM                                                                                                                                                           
NLS_TIMESTAMP_FORMAT           DD-MON-RR HH.MI.SSXFF AM                                                                                                                                                 
NLS_TIME_TZ_FORMAT             HH.MI.SSXFF AM TZR                                                                                                                                                       
NLS_TIMESTAMP_TZ_FORMAT        DD-MON-RR HH.MI.SSXFF AM TZR                                                                                                                                             
NLS_DUAL_CURRENCY              $                                                                                                                                                                        
NLS_COMP                       BINARY                                                                                                                                                                   
NLS_LENGTH_SEMANTICS           BYTE                                                                                                                                                                     
NLS_NCHAR_CONV_EXCP            FALSE                                                                                                                                                                    

17 rows selected.

SQL> SELECT SALARY , TO_CHAR(SALARY , '99,500.90') FROM EMPLOYEES;
SELECT SALARY , TO_CHAR(SALARY , '99,500.90') FROM EMPLOYEES
                                 *
ERROR at line 1:
ORA-01481: invalid number format model 


SQL> SELECT SALARY , TO_CHAR(SALARY , '99G000D90') FROM EMPLOYEES;

    SALARY TO_CHAR(SA                                                                                                                                                                                   
---------- ----------                                                                                                                                                                                   
     24000  24^000|00                                                                                                                                                                                   
     17000  17^000|00                                                                                                                                                                                   
     17000  17^000|00                                                                                                                                                                                   
      9000   9^000|00                                                                                                                                                                                   
      6000   6^000|00                                                                                                                                                                                   
      4200   4^200|00                                                                                                                                                                                   
      5800   5^800|00                                                                                                                                                                                   
      3500   3^500|00                                                                                                                                                                                   
      3100   3^100|00                                                                                                                                                                                   
      2600   2^600|00                                                                                                                                                                                   
      2500   2^500|00                                                                                                                                                                                   
     10500  10^500|00                                                                                                                                                                                   
     11000  11^000|00                                                                                                                                                                                   
      8600   8^600|00                                                                                                                                                                                   
      7000   7^000|00                                                                                                                                                                                   
      4400   4^400|00                                                                                                                                                                                   
     13000  13^000|00                                                                                                                                                                                   
      6000   6^000|00                                                                                                                                                                                   
     12000  12^000|00                                                                                                                                                                                   
      8300   8^300|00                                                                                                                                                                                   

20 rows selected.

SQL> SELECT SALARY , TO_CHAR(SALARY , '99,000.90') FROM EMPLOYEES;

    SALARY TO_CHAR(SA                                                                                                                                                                                   
---------- ----------                                                                                                                                                                                   
     24000  24,000.00                                                                                                                                                                                   
     17000  17,000.00                                                                                                                                                                                   
     17000  17,000.00                                                                                                                                                                                   
      9000   9,000.00                                                                                                                                                                                   
      6000   6,000.00                                                                                                                                                                                   
      4200   4,200.00                                                                                                                                                                                   
      5800   5,800.00                                                                                                                                                                                   
      3500   3,500.00                                                                                                                                                                                   
      3100   3,100.00                                                                                                                                                                                   
      2600   2,600.00                                                                                                                                                                                   
      2500   2,500.00                                                                                                                                                                                   
     10500  10,500.00                                                                                                                                                                                   
     11000  11,000.00                                                                                                                                                                                   
      8600   8,600.00                                                                                                                                                                                   
      7000   7,000.00                                                                                                                                                                                   
      4400   4,400.00                                                                                                                                                                                   
     13000  13,000.00                                                                                                                                                                                   
      6000   6,000.00                                                                                                                                                                                   
     12000  12,000.00                                                                                                                                                                                   
      8300   8,300.00                                                                                                                                                                                   

20 rows selected.

SQL> SELECT SALARY , TO_CHAR(SALARY , '99^000|90') FROM EMPLOYEES;
SELECT SALARY , TO_CHAR(SALARY , '99^000|90') FROM EMPLOYEES
                                 *
ERROR at line 1:
ORA-01481: invalid number format model 


SQL> REM LIST OF VALID NUMBER FORMAT CHARACTERS : 9 0   , .   G D   $ L U   S MI PR   EEEE or eeee    V
SQL> 
SQL> SELECT SALARY , TO_CHAR(SALARY , '99G000.90') FROM EMPLOYEES;
SELECT SALARY , TO_CHAR(SALARY , '99G000.90') FROM EMPLOYEES
                                 *
ERROR at line 1:
ORA-01481: invalid number format model 


SQL> SELECT SALARY , TO_CHAR(SALARY , '99,000D90') FROM EMPLOYEES;
SELECT SALARY , TO_CHAR(SALARY , '99,000D90') FROM EMPLOYEES
                                 *
ERROR at line 1:
ORA-01481: invalid number format model 


SQL> SELECT SALARY , TO_CHAR(SALARY , '99D000G90') FROM EMPLOYEES;
SELECT SALARY , TO_CHAR(SALARY , '99D000G90') FROM EMPLOYEES
                                 *
ERROR at line 1:
ORA-01481: invalid number format model 


SQL> SELECT SALARY , TO_CHAR(SALARY , '$99G000D90') FROM EMPLOYEES;

    SALARY TO_CHAR(SAL                                                                                                                                                                                  
---------- -----------                                                                                                                                                                                  
     24000  $24^000|00                                                                                                                                                                                  
     17000  $17^000|00                                                                                                                                                                                  
     17000  $17^000|00                                                                                                                                                                                  
      9000   $9^000|00                                                                                                                                                                                  
      6000   $6^000|00                                                                                                                                                                                  
      4200   $4^200|00                                                                                                                                                                                  
      5800   $5^800|00                                                                                                                                                                                  
      3500   $3^500|00                                                                                                                                                                                  
      3100   $3^100|00                                                                                                                                                                                  
      2600   $2^600|00                                                                                                                                                                                  
      2500   $2^500|00                                                                                                                                                                                  
     10500  $10^500|00                                                                                                                                                                                  
     11000  $11^000|00                                                                                                                                                                                  
      8600   $8^600|00                                                                                                                                                                                  
      7000   $7^000|00                                                                                                                                                                                  
      4400   $4^400|00                                                                                                                                                                                  
     13000  $13^000|00                                                                                                                                                                                  
      6000   $6^000|00                                                                                                                                                                                  
     12000  $12^000|00                                                                                                                                                                                  
      8300   $8^300|00                                                                                                                                                                                  

20 rows selected.

SQL> SELECT SALARY , TO_CHAR(SALARY , '99G0$00D90') FROM EMPLOYEES;

    SALARY TO_CHAR(SAL                                                                                                                                                                                  
---------- -----------                                                                                                                                                                                  
     24000  $24^000|00                                                                                                                                                                                  
     17000  $17^000|00                                                                                                                                                                                  
     17000  $17^000|00                                                                                                                                                                                  
      9000   $9^000|00                                                                                                                                                                                  
      6000   $6^000|00                                                                                                                                                                                  
      4200   $4^200|00                                                                                                                                                                                  
      5800   $5^800|00                                                                                                                                                                                  
      3500   $3^500|00                                                                                                                                                                                  
      3100   $3^100|00                                                                                                                                                                                  
      2600   $2^600|00                                                                                                                                                                                  
      2500   $2^500|00                                                                                                                                                                                  
     10500  $10^500|00                                                                                                                                                                                  
     11000  $11^000|00                                                                                                                                                                                  
      8600   $8^600|00                                                                                                                                                                                  
      7000   $7^000|00                                                                                                                                                                                  
      4400   $4^400|00                                                                                                                                                                                  
     13000  $13^000|00                                                                                                                                                                                  
      6000   $6^000|00                                                                                                                                                                                  
     12000  $12^000|00                                                                                                                                                                                  
      8300   $8^300|00                                                                                                                                                                                  

20 rows selected.

SQL> SELECT SALARY , TO_CHAR(SALARY , '99G000D9$0') FROM EMPLOYEES;

    SALARY TO_CHAR(SAL                                                                                                                                                                                  
---------- -----------                                                                                                                                                                                  
     24000  $24^000|00                                                                                                                                                                                  
     17000  $17^000|00                                                                                                                                                                                  
     17000  $17^000|00                                                                                                                                                                                  
      9000   $9^000|00                                                                                                                                                                                  
      6000   $6^000|00                                                                                                                                                                                  
      4200   $4^200|00                                                                                                                                                                                  
      5800   $5^800|00                                                                                                                                                                                  
      3500   $3^500|00                                                                                                                                                                                  
      3100   $3^100|00                                                                                                                                                                                  
      2600   $2^600|00                                                                                                                                                                                  
      2500   $2^500|00                                                                                                                                                                                  
     10500  $10^500|00                                                                                                                                                                                  
     11000  $11^000|00                                                                                                                                                                                  
      8600   $8^600|00                                                                                                                                                                                  
      7000   $7^000|00                                                                                                                                                                                  
      4400   $4^400|00                                                                                                                                                                                  
     13000  $13^000|00                                                                                                                                                                                  
      6000   $6^000|00                                                                                                                                                                                  
     12000  $12^000|00                                                                                                                                                                                  
      8300   $8^300|00                                                                                                                                                                                  

20 rows selected.

SQL> SELECT SALARY , TO_CHAR(SALARY , '99G000D90$') FROM EMPLOYEES;

    SALARY TO_CHAR(SAL                                                                                                                                                                                  
---------- -----------                                                                                                                                                                                  
     24000  $24^000|00                                                                                                                                                                                  
     17000  $17^000|00                                                                                                                                                                                  
     17000  $17^000|00                                                                                                                                                                                  
      9000   $9^000|00                                                                                                                                                                                  
      6000   $6^000|00                                                                                                                                                                                  
      4200   $4^200|00                                                                                                                                                                                  
      5800   $5^800|00                                                                                                                                                                                  
      3500   $3^500|00                                                                                                                                                                                  
      3100   $3^100|00                                                                                                                                                                                  
      2600   $2^600|00                                                                                                                                                                                  
      2500   $2^500|00                                                                                                                                                                                  
     10500  $10^500|00                                                                                                                                                                                  
     11000  $11^000|00                                                                                                                                                                                  
      8600   $8^600|00                                                                                                                                                                                  
      7000   $7^000|00                                                                                                                                                                                  
      4400   $4^400|00                                                                                                                                                                                  
     13000  $13^000|00                                                                                                                                                                                  
      6000   $6^000|00                                                                                                                                                                                  
     12000  $12^000|00                                                                                                                                                                                  
      8300   $8^300|00                                                                                                                                                                                  

20 rows selected.

SQL> SELECT SALARY , TO_CHAR(SALARY , 'L99G000D90') FROM EMPLOYEES;

    SALARY TO_CHAR(SALARY,'L99G                                                                                                                                                                         
---------- --------------------                                                                                                                                                                         
     24000           $24^000|00                                                                                                                                                                         
     17000           $17^000|00                                                                                                                                                                         
     17000           $17^000|00                                                                                                                                                                         
      9000            $9^000|00                                                                                                                                                                         
      6000            $6^000|00                                                                                                                                                                         
      4200            $4^200|00                                                                                                                                                                         
      5800            $5^800|00                                                                                                                                                                         
      3500            $3^500|00                                                                                                                                                                         
      3100            $3^100|00                                                                                                                                                                         
      2600            $2^600|00                                                                                                                                                                         
      2500            $2^500|00                                                                                                                                                                         
     10500           $10^500|00                                                                                                                                                                         
     11000           $11^000|00                                                                                                                                                                         
      8600            $8^600|00                                                                                                                                                                         
      7000            $7^000|00                                                                                                                                                                         
      4400            $4^400|00                                                                                                                                                                         
     13000           $13^000|00                                                                                                                                                                         
      6000            $6^000|00                                                                                                                                                                         
     12000           $12^000|00                                                                                                                                                                         
      8300            $8^300|00                                                                                                                                                                         

20 rows selected.

SQL> SELECT SALARY , TO_CHAR(SALARY , 'U99G000D90') FROM EMPLOYEES;

    SALARY TO_CHAR(SALARY,'U99G                                                                                                                                                                         
---------- --------------------                                                                                                                                                                         
     24000           $24^000|00                                                                                                                                                                         
     17000           $17^000|00                                                                                                                                                                         
     17000           $17^000|00                                                                                                                                                                         
      9000            $9^000|00                                                                                                                                                                         
      6000            $6^000|00                                                                                                                                                                         
      4200            $4^200|00                                                                                                                                                                         
      5800            $5^800|00                                                                                                                                                                         
      3500            $3^500|00                                                                                                                                                                         
      3100            $3^100|00                                                                                                                                                                         
      2600            $2^600|00                                                                                                                                                                         
      2500            $2^500|00                                                                                                                                                                         
     10500           $10^500|00                                                                                                                                                                         
     11000           $11^000|00                                                                                                                                                                         
      8600            $8^600|00                                                                                                                                                                         
      7000            $7^000|00                                                                                                                                                                         
      4400            $4^400|00                                                                                                                                                                         
     13000           $13^000|00                                                                                                                                                                         
      6000            $6^000|00                                                                                                                                                                         
     12000           $12^000|00                                                                                                                                                                         
      8300            $8^300|00                                                                                                                                                                         

20 rows selected.

SQL> SELECT * FROM NLS_SESSION_PARAMETERS;

PARAMETER                      VALUE                                                                                                                                                                    
------------------------------ ------------------------------                                                                                                                                           
NLS_LANGUAGE                   AMERICAN                                                                                                                                                                 
NLS_TERRITORY                  AMERICA                                                                                                                                                                  
NLS_CURRENCY                   $                                                                                                                                                                        
NLS_ISO_CURRENCY               AMERICA                                                                                                                                                                  
NLS_NUMERIC_CHARACTERS         |^                                                                                                                                                                       
NLS_CALENDAR                   GREGORIAN                                                                                                                                                                
NLS_DATE_FORMAT                DD-MON-RR                                                                                                                                                                
NLS_DATE_LANGUAGE              AMERICAN                                                                                                                                                                 
NLS_SORT                       BINARY                                                                                                                                                                   
NLS_TIME_FORMAT                HH.MI.SSXFF AM                                                                                                                                                           
NLS_TIMESTAMP_FORMAT           DD-MON-RR HH.MI.SSXFF AM                                                                                                                                                 
NLS_TIME_TZ_FORMAT             HH.MI.SSXFF AM TZR                                                                                                                                                       
NLS_TIMESTAMP_TZ_FORMAT        DD-MON-RR HH.MI.SSXFF AM TZR                                                                                                                                             
NLS_DUAL_CURRENCY              $                                                                                                                                                                        
NLS_COMP                       BINARY                                                                                                                                                                   
NLS_LENGTH_SEMANTICS           BYTE                                                                                                                                                                     
NLS_NCHAR_CONV_EXCP            FALSE                                                                                                                                                                    

17 rows selected.

SQL> ALTER SESSION SET NLS_CURRENCY = 'Rs.';

Session altered.

SQL> ALTER SESSION SET NLS_DUAL_CURRENCY = '';

Session altered.

SQL> SELECT SALARY , TO_CHAR(SALARY , 'L99G000D90') FROM EMPLOYEES;

    SALARY TO_CHAR(SALARY,'L99G                                                                                                                                                                         
---------- --------------------                                                                                                                                                                         
     24000         Rs.24^000|00                                                                                                                                                                         
     17000         Rs.17^000|00                                                                                                                                                                         
     17000         Rs.17^000|00                                                                                                                                                                         
      9000          Rs.9^000|00                                                                                                                                                                         
      6000          Rs.6^000|00                                                                                                                                                                         
      4200          Rs.4^200|00                                                                                                                                                                         
      5800          Rs.5^800|00                                                                                                                                                                         
      3500          Rs.3^500|00                                                                                                                                                                         
      3100          Rs.3^100|00                                                                                                                                                                         
      2600          Rs.2^600|00                                                                                                                                                                         
      2500          Rs.2^500|00                                                                                                                                                                         
     10500         Rs.10^500|00                                                                                                                                                                         
     11000         Rs.11^000|00                                                                                                                                                                         
      8600          Rs.8^600|00                                                                                                                                                                         
      7000          Rs.7^000|00                                                                                                                                                                         
      4400          Rs.4^400|00                                                                                                                                                                         
     13000         Rs.13^000|00                                                                                                                                                                         
      6000          Rs.6^000|00                                                                                                                                                                         
     12000         Rs.12^000|00                                                                                                                                                                         
      8300          Rs.8^300|00                                                                                                                                                                         

20 rows selected.

SQL> SELECT SALARY , TO_CHAR(SALARY , '99G000D90L') FROM EMPLOYEES;

    SALARY TO_CHAR(SALARY,'99G0                                                                                                                                                                         
---------- --------------------                                                                                                                                                                         
     24000         24^000|00Rs.                                                                                                                                                                         
     17000         17^000|00Rs.                                                                                                                                                                         
     17000         17^000|00Rs.                                                                                                                                                                         
      9000          9^000|00Rs.                                                                                                                                                                         
      6000          6^000|00Rs.                                                                                                                                                                         
      4200          4^200|00Rs.                                                                                                                                                                         
      5800          5^800|00Rs.                                                                                                                                                                         
      3500          3^500|00Rs.                                                                                                                                                                         
      3100          3^100|00Rs.                                                                                                                                                                         
      2600          2^600|00Rs.                                                                                                                                                                         
      2500          2^500|00Rs.                                                                                                                                                                         
     10500         10^500|00Rs.                                                                                                                                                                         
     11000         11^000|00Rs.                                                                                                                                                                         
      8600          8^600|00Rs.                                                                                                                                                                         
      7000          7^000|00Rs.                                                                                                                                                                         
      4400          4^400|00Rs.                                                                                                                                                                         
     13000         13^000|00Rs.                                                                                                                                                                         
      6000          6^000|00Rs.                                                                                                                                                                         
     12000         12^000|00Rs.                                                                                                                                                                         
      8300          8^300|00Rs.                                                                                                                                                                         

20 rows selected.

SQL> SELECT SALARY , TO_CHAR(SALARY , '99G000D90U') FROM EMPLOYEES;

    SALARY TO_CHAR(SALARY,'99G0                                                                                                                                                                         
---------- --------------------                                                                                                                                                                         
     24000          24^000|00                                                                                                                                                                          
     17000          17^000|00                                                                                                                                                                          
     17000          17^000|00                                                                                                                                                                          
      9000           9^000|00                                                                                                                                                                          
      6000           6^000|00                                                                                                                                                                          
      4200           4^200|00                                                                                                                                                                          
      5800           5^800|00                                                                                                                                                                          
      3500           3^500|00                                                                                                                                                                          
      3100           3^100|00                                                                                                                                                                          
      2600           2^600|00                                                                                                                                                                          
      2500           2^500|00                                                                                                                                                                          
     10500          10^500|00                                                                                                                                                                          
     11000          11^000|00                                                                                                                                                                          
      8600           8^600|00                                                                                                                                                                          
      7000           7^000|00                                                                                                                                                                          
      4400           4^400|00                                                                                                                                                                          
     13000          13^000|00                                                                                                                                                                          
      6000           6^000|00                                                                                                                                                                          
     12000          12^000|00                                                                                                                                                                          
      8300           8^300|00                                                                                                                                                                          

20 rows selected.

SQL> SELECT SALARY , TO_CHAR(SALARY , 'U99G000D90') FROM EMPLOYEES;

    SALARY TO_CHAR(SALARY,'U99G                                                                                                                                                                         
---------- --------------------                                                                                                                                                                         
     24000          24^000|00                                                                                                                                                                          
     17000          17^000|00                                                                                                                                                                          
     17000          17^000|00                                                                                                                                                                          
      9000           9^000|00                                                                                                                                                                          
      6000           6^000|00                                                                                                                                                                          
      4200           4^200|00                                                                                                                                                                          
      5800           5^800|00                                                                                                                                                                          
      3500           3^500|00                                                                                                                                                                          
      3100           3^100|00                                                                                                                                                                          
      2600           2^600|00                                                                                                                                                                          
      2500           2^500|00                                                                                                                                                                          
     10500          10^500|00                                                                                                                                                                          
     11000          11^000|00                                                                                                                                                                          
      8600           8^600|00                                                                                                                                                                          
      7000           7^000|00                                                                                                                                                                          
      4400           4^400|00                                                                                                                                                                          
     13000          13^000|00                                                                                                                                                                          
      6000           6^000|00                                                                                                                                                                          
     12000          12^000|00                                                                                                                                                                          
      8300           8^300|00                                                                                                                                                                          

20 rows selected.

SQL> SELECT SALARY , TO_CHAR(SALARY , '99G0U00D90') FROM EMPLOYEES;
SELECT SALARY , TO_CHAR(SALARY , '99G0U00D90') FROM EMPLOYEES
                                 *
ERROR at line 1:
ORA-01481: invalid number format model 


SQL> SELECT SALARY , TO_CHAR(SALARY , '99G0L00D90') FROM EMPLOYEES;
SELECT SALARY , TO_CHAR(SALARY , '99G0L00D90') FROM EMPLOYEES
                                 *
ERROR at line 1:
ORA-01481: invalid number format model 


SQL> SELECT SALARY , TO_CHAR(SALARY , 'L99G000D90U') FROM EMPLOYEES;
SELECT SALARY , TO_CHAR(SALARY , 'L99G000D90U') FROM EMPLOYEES
                                 *
ERROR at line 1:
ORA-01481: invalid number format model 


SQL> REM LIST OF VALID NUMBER FORMAT CHARACTERS : 9 0   , .   G D   $ L U   S MI PR   EEEE or eeee    V
SQL> 
SQL> SELECT * FROM POSNEGNO;

        NO                                                                                                                                                                                              
----------                                                                                                                                                                                              
        12                                                                                                                                                                                              
                                                                                                                                                                                                        
         0                                                                                                                                                                                              
       -12                                                                                                                                                                                              

SQL> SELECT NO , TO_CHAR(NO,'S99') FROM POSNEGNO;

        NO TO_                                                                                                                                                                                          
---------- ---                                                                                                                                                                                          
        12 +12                                                                                                                                                                                          
                                                                                                                                                                                                        
         0  +0                                                                                                                                                                                          
       -12 -12                                                                                                                                                                                          

SQL> SELECT NO , TO_CHAR(NO,'99S') FROM POSNEGNO;

        NO TO_                                                                                                                                                                                          
---------- ---                                                                                                                                                                                          
        12 12+                                                                                                                                                                                          
                                                                                                                                                                                                        
         0  0+                                                                                                                                                                                          
       -12 12-                                                                                                                                                                                          

SQL> SELECT NO , TO_CHAR(NO,'99MI') FROM POSNEGNO;

        NO TO_                                                                                                                                                                                          
---------- ---                                                                                                                                                                                          
        12 12                                                                                                                                                                                           
                                                                                                                                                                                                        
         0  0                                                                                                                                                                                           
       -12 12-                                                                                                                                                                                          

SQL> SELECT NO , TO_CHAR(NO,'MI99') FROM POSNEGNO;
SELECT NO , TO_CHAR(NO,'MI99') FROM POSNEGNO
                       *
ERROR at line 1:
ORA-01481: invalid number format model 


SQL> SELECT NO , TO_CHAR(NO,'99PR') FROM POSNEGNO;

        NO TO_C                                                                                                                                                                                         
---------- ----                                                                                                                                                                                         
        12  12                                                                                                                                                                                          
                                                                                                                                                                                                        
         0   0                                                                                                                                                                                          
       -12 <12>                                                                                                                                                                                         

SQL> REM PR : PARENTHESIZED
SQL> 
SQL> SELECT NO , TO_CHAR(NO,'S99S') FROM POSNEGNO;
SELECT NO , TO_CHAR(NO,'S99S') FROM POSNEGNO
                       *
ERROR at line 1:
ORA-01481: invalid number format model 


SQL> SELECT NO , TO_CHAR(NO,'99MI') FROM POSNEGNO;

        NO TO_                                                                                                                                                                                          
---------- ---                                                                                                                                                                                          
        12 12                                                                                                                                                                                           
                                                                                                                                                                                                        
         0  0                                                                                                                                                                                           
       -12 12-                                                                                                                                                                                          

SQL> 
SQL> SELECT SALARY , TO_CHAR(SALARY , '99.99EEEE') FROM EMPLOYEES;

    SALARY TO_CHAR(SA                                                                                                                                                                                   
---------- ----------                                                                                                                                                                                   
     24000   2.40E+04                                                                                                                                                                                   
     17000   1.70E+04                                                                                                                                                                                   
     17000   1.70E+04                                                                                                                                                                                   
      9000   9.00E+03                                                                                                                                                                                   
      6000   6.00E+03                                                                                                                                                                                   
      4200   4.20E+03                                                                                                                                                                                   
      5800   5.80E+03                                                                                                                                                                                   
      3500   3.50E+03                                                                                                                                                                                   
      3100   3.10E+03                                                                                                                                                                                   
      2600   2.60E+03                                                                                                                                                                                   
      2500   2.50E+03                                                                                                                                                                                   
     10500   1.05E+04                                                                                                                                                                                   
     11000   1.10E+04                                                                                                                                                                                   
      8600   8.60E+03                                                                                                                                                                                   
      7000   7.00E+03                                                                                                                                                                                   
      4400   4.40E+03                                                                                                                                                                                   
     13000   1.30E+04                                                                                                                                                                                   
      6000   6.00E+03                                                                                                                                                                                   
     12000   1.20E+04                                                                                                                                                                                   
      8300   8.30E+03                                                                                                                                                                                   

20 rows selected.

SQL> REM SCIENTIFIC NOTATION/EXPONENT FORMAT
SQL> 
SQL> REM 2.40E+04 = 2.4 * POWER(10,4)
SQL> 
SQL> SELECT 2.4 * POWER(10,4) FROM DUAL;

2.4*POWER(10,4)                                                                                                                                                                                         
---------------                                                                                                                                                                                         
          24000                                                                                                                                                                                         

SQL> SELECT SALARY , TO_CHAR(SALARY , '99.99eeee') FROM EMPLOYEES;

    SALARY TO_CHAR(SA                                                                                                                                                                                   
---------- ----------                                                                                                                                                                                   
     24000   2.40E+04                                                                                                                                                                                   
     17000   1.70E+04                                                                                                                                                                                   
     17000   1.70E+04                                                                                                                                                                                   
      9000   9.00E+03                                                                                                                                                                                   
      6000   6.00E+03                                                                                                                                                                                   
      4200   4.20E+03                                                                                                                                                                                   
      5800   5.80E+03                                                                                                                                                                                   
      3500   3.50E+03                                                                                                                                                                                   
      3100   3.10E+03                                                                                                                                                                                   
      2600   2.60E+03                                                                                                                                                                                   
      2500   2.50E+03                                                                                                                                                                                   
     10500   1.05E+04                                                                                                                                                                                   
     11000   1.10E+04                                                                                                                                                                                   
      8600   8.60E+03                                                                                                                                                                                   
      7000   7.00E+03                                                                                                                                                                                   
      4400   4.40E+03                                                                                                                                                                                   
     13000   1.30E+04                                                                                                                                                                                   
      6000   6.00E+03                                                                                                                                                                                   
     12000   1.20E+04                                                                                                                                                                                   
      8300   8.30E+03                                                                                                                                                                                   

20 rows selected.

SQL> SELECT SALARY , TO_CHAR(SALARY , '99.99Eeee') FROM EMPLOYEES;
SELECT SALARY , TO_CHAR(SALARY , '99.99Eeee') FROM EMPLOYEES
                                 *
ERROR at line 1:
ORA-01481: invalid number format model 


SQL> SELECT SALARY , TO_CHAR(SALARY , '99.99eee') FROM EMPLOYEES;
SELECT SALARY , TO_CHAR(SALARY , '99.99eee') FROM EMPLOYEES
                                 *
ERROR at line 1:
ORA-01481: invalid number format model 


SQL> SELECT SALARY , TO_CHAR(SALARY , '99.99eeeee') FROM EMPLOYEES;
SELECT SALARY , TO_CHAR(SALARY , '99.99eeeee') FROM EMPLOYEES
                                 *
ERROR at line 1:
ORA-01481: invalid number format model 


SQL> SELECT 456 , TO_CHAR(456,'999V0000000') FROM DUAL;

       456 TO_CHAR(456                                                                                                                                                                                  
---------- -----------                                                                                                                                                                                  
       456  4560000000                                                                                                                                                                                  

SQL> SELECT 456 , TO_CHAR(456,'999V00000') FROM DUAL;

       456 TO_CHAR(4                                                                                                                                                                                    
---------- ---------                                                                                                                                                                                    
       456  45600000                                                                                                                                                                                    

SQL> SELECT 456 , TO_CHAR(456,'999V000') FROM DUAL;

       456 TO_CHAR                                                                                                                                                                                      
---------- -------                                                                                                                                                                                      
       456  456000                                                                                                                                                                                      

SQL> REM -12345.67 -> [12345.67]
SQL> 
SQL> REM +12345.67 -> 12345.67
SQL> 
SQL> SPOOL OFF
