SQL> 
SQL> REM 1 * META CHARACTER : IS USED TO DISPLAY ALL COLUMNS OF THE TABLE
SQL> 
SQL> REM 2 PROJECTION : DISPLAYING SOME OF THE COLUMNS OF OUR CHOICE
SQL> 
SQL> REM 3 || : TO JOIN/CLUB/COMBINE TWO ITEMS
SQL> 
SQL> SET LINES 200 PAGES 24
SQL> 
SQL> SELECT * FROM EMPLOYEES;

EMPLOYEE_ID FIRST_NAME LAST_NAME  EMAIL      PHONE_NUMBER         HIRE_DATE JOB_ID         SALARY COMMISSION_PCT MANAGER_ID DEPARTMENT_ID                                                               
----------- ---------- ---------- ---------- -------------------- --------- ---------- ---------- -------------- ---------- -------------                                                               
        100 Steven     King       SKING      515.123.4567         17-JUL-87 AD_PRES         24000                                      90                                                               
        101 Neena      Kochhar    NKOCHHAR   515.123.4568         21-SEP-89 AD_VP           17000                       100            90                                                               
        102 Lex        De Haan    LDEHAAN    515.123.4569         13-JAN-93 AD_VP           17000                       100            90                                                               
        103 Alexander  Hunold     AHUNOLD    590.423.4567         03-JAN-90 IT_PROG          9000                       102            60                                                               
        104 Bruce      Ernst      BERNST     590.423.4568         21-MAY-91 IT_PROG          6000                       103            60                                                               
        107 Diana      Lorentz    DLORENTZ   590.423.5567         07-FEB-99 IT_PROG          4200                       103            60                                                               
        124 Kevin      Mourgos    KMOURGOS   650.123.5234         16-NOV-99 ST_MAN           5800                       100            50                                                               
        141 Trenna     Rajs       TRAJS      650.121.8009         17-OCT-95 ST_CLERK         3500                       124            50                                                               
        142 Curtis     Davies     CDAVIES    650.121.2994         29-JAN-97 ST_CLERK         3100                       124            50                                                               
        143 Randall    Matos      RMATOS     650.121.2874         15-MAR-98 ST_CLERK         2600                       124            50                                                               
        144 Peter      Vargas     PVARGAS    650.121.2004         09-JUL-98 ST_CLERK         2500                       124            50                                                               
        149 Eleni      Zlotkey    EZLOTKEY   011.44.1344.429018   29-JAN-00 SA_MAN          10500             .2        100            80                                                               
        174 Ellen      Abel       EABEL      011.44.1644.429267   11-MAY-96 SA_REP          11000             .3        149            80                                                               
        176 Jonathon   Taylor     JTAYLOR    011.44.1644.429265   24-MAR-98 SA_REP           8600             .3        149            80                                                               
        178 Kimerely   Grant      KGRANT     011.44.1644.429263   24-MAY-99 SA_REP           7000            .15        149                                                                             
        200 Jennifer   Whalen     JWHALEN    515.123.4444         17-SEP-87 AD_ASST          4400                       101            10                                                               
        201 Michael    Hartstein  MHARTSTE   515.123.5555         17-FEB-96 MK_MAN          13000                       100            20                                                               
        202 Pat        Fay        PFAY       603.123.6666         17-AUG-97 MK_REP           6000                       201            20                                                               
        205 Shelley    Higgins    SHIGGINS   515.123.8080         07-JUN-94 AC_MGR          12000                       101           110                                                               
        206 William    Gietz      WGIETZ     515.123.8181         07-JUN-94 AC_ACCOUNT       8300                       205           110                                                               

20 rows selected.

SQL> SELECT FIRST_NAME FROM EMPLOYEES;

FIRST_NAME                                                                                                                                                                                              
----------                                                                                                                                                                                              
Steven                                                                                                                                                                                                  
Neena                                                                                                                                                                                                   
Lex                                                                                                                                                                                                     
Alexander                                                                                                                                                                                               
Bruce                                                                                                                                                                                                   
Diana                                                                                                                                                                                                   
Kevin                                                                                                                                                                                                   
Trenna                                                                                                                                                                                                  
Curtis                                                                                                                                                                                                  
Randall                                                                                                                                                                                                 
Peter                                                                                                                                                                                                   
Eleni                                                                                                                                                                                                   
Ellen                                                                                                                                                                                                   
Jonathon                                                                                                                                                                                                
Kimerely                                                                                                                                                                                                
Jennifer                                                                                                                                                                                                
Michael                                                                                                                                                                                                 
Pat                                                                                                                                                                                                     
Shelley                                                                                                                                                                                                 
William                                                                                                                                                                                                 

20 rows selected.

SQL> SELECT FIRST_NAME , SALARY FROM EMPLOYEES;

FIRST_NAME     SALARY                                                                                                                                                                                   
---------- ----------                                                                                                                                                                                   
Steven          24000                                                                                                                                                                                   
Neena           17000                                                                                                                                                                                   
Lex             17000                                                                                                                                                                                   
Alexander        9000                                                                                                                                                                                   
Bruce            6000                                                                                                                                                                                   
Diana            4200                                                                                                                                                                                   
Kevin            5800                                                                                                                                                                                   
Trenna           3500                                                                                                                                                                                   
Curtis           3100                                                                                                                                                                                   
Randall          2600                                                                                                                                                                                   
Peter            2500                                                                                                                                                                                   
Eleni           10500                                                                                                                                                                                   
Ellen           11000                                                                                                                                                                                   
Jonathon         8600                                                                                                                                                                                   
Kimerely         7000                                                                                                                                                                                   
Jennifer         4400                                                                                                                                                                                   
Michael         13000                                                                                                                                                                                   
Pat              6000                                                                                                                                                                                   
Shelley         12000                                                                                                                                                                                   
William          8300                                                                                                                                                                                   

20 rows selected.

SQL> SELECT FIRST_NAME , HIRE_DATE , SALARY FROM EMPLOYEES;

FIRST_NAME HIRE_DATE     SALARY                                                                                                                                                                         
---------- --------- ----------                                                                                                                                                                         
Steven     17-JUL-87      24000                                                                                                                                                                         
Neena      21-SEP-89      17000                                                                                                                                                                         
Lex        13-JAN-93      17000                                                                                                                                                                         
Alexander  03-JAN-90       9000                                                                                                                                                                         
Bruce      21-MAY-91       6000                                                                                                                                                                         
Diana      07-FEB-99       4200                                                                                                                                                                         
Kevin      16-NOV-99       5800                                                                                                                                                                         
Trenna     17-OCT-95       3500                                                                                                                                                                         
Curtis     29-JAN-97       3100                                                                                                                                                                         
Randall    15-MAR-98       2600                                                                                                                                                                         
Peter      09-JUL-98       2500                                                                                                                                                                         
Eleni      29-JAN-00      10500                                                                                                                                                                         
Ellen      11-MAY-96      11000                                                                                                                                                                         
Jonathon   24-MAR-98       8600                                                                                                                                                                         
Kimerely   24-MAY-99       7000                                                                                                                                                                         
Jennifer   17-SEP-87       4400                                                                                                                                                                         
Michael    17-FEB-96      13000                                                                                                                                                                         
Pat        17-AUG-97       6000                                                                                                                                                                         
Shelley    07-JUN-94      12000                                                                                                                                                                         
William    07-JUN-94       8300                                                                                                                                                                         

20 rows selected.

SQL> SELECT FIRST_NAME || LAST_NAME , HIRE_DATE , SALARY FROM EMPLOYEES;

FIRST_NAME||LAST_NAM HIRE_DATE     SALARY                                                                                                                                                               
-------------------- --------- ----------                                                                                                                                                               
StevenKing           17-JUL-87      24000                                                                                                                                                               
NeenaKochhar         21-SEP-89      17000                                                                                                                                                               
LexDe Haan           13-JAN-93      17000                                                                                                                                                               
AlexanderHunold      03-JAN-90       9000                                                                                                                                                               
BruceErnst           21-MAY-91       6000                                                                                                                                                               
DianaLorentz         07-FEB-99       4200                                                                                                                                                               
KevinMourgos         16-NOV-99       5800                                                                                                                                                               
TrennaRajs           17-OCT-95       3500                                                                                                                                                               
CurtisDavies         29-JAN-97       3100                                                                                                                                                               
RandallMatos         15-MAR-98       2600                                                                                                                                                               
PeterVargas          09-JUL-98       2500                                                                                                                                                               
EleniZlotkey         29-JAN-00      10500                                                                                                                                                               
EllenAbel            11-MAY-96      11000                                                                                                                                                               
JonathonTaylor       24-MAR-98       8600                                                                                                                                                               
KimerelyGrant        24-MAY-99       7000                                                                                                                                                               
JenniferWhalen       17-SEP-87       4400                                                                                                                                                               
MichaelHartstein     17-FEB-96      13000                                                                                                                                                               
PatFay               17-AUG-97       6000                                                                                                                                                               
ShelleyHiggins       07-JUN-94      12000                                                                                                                                                               
WilliamGietz         07-JUN-94       8300                                                                                                                                                               

20 rows selected.

SQL> SELECT FIRST_NAME || ' ' || LAST_NAME FULLNAME, HIRE_DATE , SALARY FROM EMPLOYEES;

FULLNAME              HIRE_DATE     SALARY                                                                                                                                                              
--------------------- --------- ----------                                                                                                                                                              
Steven King           17-JUL-87      24000                                                                                                                                                              
Neena Kochhar         21-SEP-89      17000                                                                                                                                                              
Lex De Haan           13-JAN-93      17000                                                                                                                                                              
Alexander Hunold      03-JAN-90       9000                                                                                                                                                              
Bruce Ernst           21-MAY-91       6000                                                                                                                                                              
Diana Lorentz         07-FEB-99       4200                                                                                                                                                              
Kevin Mourgos         16-NOV-99       5800                                                                                                                                                              
Trenna Rajs           17-OCT-95       3500                                                                                                                                                              
Curtis Davies         29-JAN-97       3100                                                                                                                                                              
Randall Matos         15-MAR-98       2600                                                                                                                                                              
Peter Vargas          09-JUL-98       2500                                                                                                                                                              
Eleni Zlotkey         29-JAN-00      10500                                                                                                                                                              
Ellen Abel            11-MAY-96      11000                                                                                                                                                              
Jonathon Taylor       24-MAR-98       8600                                                                                                                                                              
Kimerely Grant        24-MAY-99       7000                                                                                                                                                              
Jennifer Whalen       17-SEP-87       4400                                                                                                                                                              
Michael Hartstein     17-FEB-96      13000                                                                                                                                                              
Pat Fay               17-AUG-97       6000                                                                                                                                                              
Shelley Higgins       07-JUN-94      12000                                                                                                                                                              
William Gietz         07-JUN-94       8300                                                                                                                                                              

20 rows selected.

SQL> SELECT FIRST_NAME || ' ' || LAST_NAME FULL NAME, HIRE_DATE , SALARY FROM EMPLOYEES;
SELECT FIRST_NAME || ' ' || LAST_NAME FULL NAME, HIRE_DATE , SALARY FROM EMPLOYEES
                                           *
ERROR at line 1:
ORA-00923: FROM keyword not found where expected 


SQL> SELECT FIRST_NAME || ' ' || LAST_NAME "FULL NAME", HIRE_DATE , SALARY FROM EMPLOYEES;

FULL NAME             HIRE_DATE     SALARY                                                                                                                                                              
--------------------- --------- ----------                                                                                                                                                              
Steven King           17-JUL-87      24000                                                                                                                                                              
Neena Kochhar         21-SEP-89      17000                                                                                                                                                              
Lex De Haan           13-JAN-93      17000                                                                                                                                                              
Alexander Hunold      03-JAN-90       9000                                                                                                                                                              
Bruce Ernst           21-MAY-91       6000                                                                                                                                                              
Diana Lorentz         07-FEB-99       4200                                                                                                                                                              
Kevin Mourgos         16-NOV-99       5800                                                                                                                                                              
Trenna Rajs           17-OCT-95       3500                                                                                                                                                              
Curtis Davies         29-JAN-97       3100                                                                                                                                                              
Randall Matos         15-MAR-98       2600                                                                                                                                                              
Peter Vargas          09-JUL-98       2500                                                                                                                                                              
Eleni Zlotkey         29-JAN-00      10500                                                                                                                                                              
Ellen Abel            11-MAY-96      11000                                                                                                                                                              
Jonathon Taylor       24-MAR-98       8600                                                                                                                                                              
Kimerely Grant        24-MAY-99       7000                                                                                                                                                              
Jennifer Whalen       17-SEP-87       4400                                                                                                                                                              
Michael Hartstein     17-FEB-96      13000                                                                                                                                                              
Pat Fay               17-AUG-97       6000                                                                                                                                                              
Shelley Higgins       07-JUN-94      12000                                                                                                                                                              
William Gietz         07-JUN-94       8300                                                                                                                                                              

20 rows selected.

SQL> REM ARITHMATIC OPERATORS : / * + -
> 
SQL> REM DIVISION : /
SQL> 
SQL> REM MULTIPLICATION : *
SQL> 
SQL> REM ADDITION : +
SQL> 
SQL> REM SUBTRACTION : -
> 
SQL> SELECT FIRST_NAME , SALARY FROM EMPLOYEES;

FIRST_NAME     SALARY                                                                                                                                                                                   
---------- ----------                                                                                                                                                                                   
Steven          24000                                                                                                                                                                                   
Neena           17000                                                                                                                                                                                   
Lex             17000                                                                                                                                                                                   
Alexander        9000                                                                                                                                                                                   
Bruce            6000                                                                                                                                                                                   
Diana            4200                                                                                                                                                                                   
Kevin            5800                                                                                                                                                                                   
Trenna           3500                                                                                                                                                                                   
Curtis           3100                                                                                                                                                                                   
Randall          2600                                                                                                                                                                                   
Peter            2500                                                                                                                                                                                   
Eleni           10500                                                                                                                                                                                   
Ellen           11000                                                                                                                                                                                   
Jonathon         8600                                                                                                                                                                                   
Kimerely         7000                                                                                                                                                                                   
Jennifer         4400                                                                                                                                                                                   
Michael         13000                                                                                                                                                                                   
Pat              6000                                                                                                                                                                                   
Shelley         12000                                                                                                                                                                                   
William          8300                                                                                                                                                                                   

20 rows selected.

SQL> REM 1 MONTH = ?? DAYS (28/29/30/31)
SQL> 
SQL> REM 1 MONTH = 30 DAYS
SQL> 
SQL> REM DAILY SALARY = MONTHLY SALARY / 30
SQL> 
SQL> REM DAILY SALARY = SALARY / 30
SQL> 
SQL> SELECT FIRST_NAME , SALARY , SALARY / 30 "DAILY SALARY" FROM EMPLOYEES;

FIRST_NAME     SALARY DAILY SALARY                                                                                                                                                                      
---------- ---------- ------------                                                                                                                                                                      
Steven          24000          800                                                                                                                                                                      
Neena           17000   566.666667                                                                                                                                                                      
Lex             17000   566.666667                                                                                                                                                                      
Alexander        9000          300                                                                                                                                                                      
Bruce            6000          200                                                                                                                                                                      
Diana            4200          140                                                                                                                                                                      
Kevin            5800   193.333333                                                                                                                                                                      
Trenna           3500   116.666667                                                                                                                                                                      
Curtis           3100   103.333333                                                                                                                                                                      
Randall          2600   86.6666667                                                                                                                                                                      
Peter            2500   83.3333333                                                                                                                                                                      
Eleni           10500          350                                                                                                                                                                      
Ellen           11000   366.666667                                                                                                                                                                      
Jonathon         8600   286.666667                                                                                                                                                                      
Kimerely         7000   233.333333                                                                                                                                                                      
Jennifer         4400   146.666667                                                                                                                                                                      
Michael         13000   433.333333                                                                                                                                                                      
Pat              6000          200                                                                                                                                                                      
Shelley         12000          400                                                                                                                                                                      
William          8300   276.666667                                                                                                                                                                      

20 rows selected.

SQL> REM YEARLY SALARY = SALARY * 12
SQL> 
SQL> SELECT FIRST_NAME , SALARY , SALARY * 12 "YEARLY SALARY" FROM EMPLOYEES;

FIRST_NAME     SALARY YEARLY SALARY                                                                                                                                                                     
---------- ---------- -------------                                                                                                                                                                     
Steven          24000        288000                                                                                                                                                                     
Neena           17000        204000                                                                                                                                                                     
Lex             17000        204000                                                                                                                                                                     
Alexander        9000        108000                                                                                                                                                                     
Bruce            6000         72000                                                                                                                                                                     
Diana            4200         50400                                                                                                                                                                     
Kevin            5800         69600                                                                                                                                                                     
Trenna           3500         42000                                                                                                                                                                     
Curtis           3100         37200                                                                                                                                                                     
Randall          2600         31200                                                                                                                                                                     
Peter            2500         30000                                                                                                                                                                     
Eleni           10500        126000                                                                                                                                                                     
Ellen           11000        132000                                                                                                                                                                     
Jonathon         8600        103200                                                                                                                                                                     
Kimerely         7000         84000                                                                                                                                                                     
Jennifer         4400         52800                                                                                                                                                                     
Michael         13000        156000                                                                                                                                                                     
Pat              6000         72000                                                                                                                                                                     
Shelley         12000        144000                                                                                                                                                                     
William          8300         99600                                                                                                                                                                     

20 rows selected.

SQL> REM WHEN WE USE ONLY * BETWEEN SELECT AND FROM KEY WORDS, IT IS CONSIDERED AS META CHARACTER.
SQL> 
SQL> SELECT * FROM REGIONS;

 REGION_ID REGION_NAME                                                                                                                                                                                  
---------- -------------------------                                                                                                                                                                    
         1 Europe                                                                                                                                                                                       
         2 AMERICAS                                                                                                                                                                                     
         3 Asia                                                                                                                                                                                         
         4 MIDDLE EAST AND AFRICA                                                                                                                                                                       

SQL> SELECT SALARY * 12 FROM EMPLOYEES;

 SALARY*12                                                                                                                                                                                              
----------                                                                                                                                                                                              
    288000                                                                                                                                                                                              
    204000                                                                                                                                                                                              
    204000                                                                                                                                                                                              
    108000                                                                                                                                                                                              
     72000                                                                                                                                                                                              
     50400                                                                                                                                                                                              
     69600                                                                                                                                                                                              
     42000                                                                                                                                                                                              
     37200                                                                                                                                                                                              
     31200                                                                                                                                                                                              
     30000                                                                                                                                                                                              
    126000                                                                                                                                                                                              
    132000                                                                                                                                                                                              
    103200                                                                                                                                                                                              
     84000                                                                                                                                                                                              
     52800                                                                                                                                                                                              
    156000                                                                                                                                                                                              
     72000                                                                                                                                                                                              
    144000                                                                                                                                                                                              
     99600                                                                                                                                                                                              

20 rows selected.

SQL> SELECT * , SALARY * 12 FROM EMPLOYEES;
SELECT * , SALARY * 12 FROM EMPLOYEES
         *
ERROR at line 1:
ORA-00923: FROM keyword not found where expected 


SQL> REM WE CAN GUIDE ORACLE TO USE * AS META CHARACTER IN TWO WAYS : 1 TABLENAME.* 2 TABLEALIAS.*
SQL> 
SQL> SELECT EMPLOYEES.* , SALARY * 12 FROM EMPLOYEES;

EMPLOYEE_ID FIRST_NAME LAST_NAME  EMAIL      PHONE_NUMBER         HIRE_DATE JOB_ID         SALARY COMMISSION_PCT MANAGER_ID DEPARTMENT_ID  SALARY*12                                                    
----------- ---------- ---------- ---------- -------------------- --------- ---------- ---------- -------------- ---------- ------------- ----------                                                    
        100 Steven     King       SKING      515.123.4567         17-JUL-87 AD_PRES         24000                                      90     288000                                                    
        101 Neena      Kochhar    NKOCHHAR   515.123.4568         21-SEP-89 AD_VP           17000                       100            90     204000                                                    
        102 Lex        De Haan    LDEHAAN    515.123.4569         13-JAN-93 AD_VP           17000                       100            90     204000                                                    
        103 Alexander  Hunold     AHUNOLD    590.423.4567         03-JAN-90 IT_PROG          9000                       102            60     108000                                                    
        104 Bruce      Ernst      BERNST     590.423.4568         21-MAY-91 IT_PROG          6000                       103            60      72000                                                    
        107 Diana      Lorentz    DLORENTZ   590.423.5567         07-FEB-99 IT_PROG          4200                       103            60      50400                                                    
        124 Kevin      Mourgos    KMOURGOS   650.123.5234         16-NOV-99 ST_MAN           5800                       100            50      69600                                                    
        141 Trenna     Rajs       TRAJS      650.121.8009         17-OCT-95 ST_CLERK         3500                       124            50      42000                                                    
        142 Curtis     Davies     CDAVIES    650.121.2994         29-JAN-97 ST_CLERK         3100                       124            50      37200                                                    
        143 Randall    Matos      RMATOS     650.121.2874         15-MAR-98 ST_CLERK         2600                       124            50      31200                                                    
        144 Peter      Vargas     PVARGAS    650.121.2004         09-JUL-98 ST_CLERK         2500                       124            50      30000                                                    
        149 Eleni      Zlotkey    EZLOTKEY   011.44.1344.429018   29-JAN-00 SA_MAN          10500             .2        100            80     126000                                                    
        174 Ellen      Abel       EABEL      011.44.1644.429267   11-MAY-96 SA_REP          11000             .3        149            80     132000                                                    
        176 Jonathon   Taylor     JTAYLOR    011.44.1644.429265   24-MAR-98 SA_REP           8600             .3        149            80     103200                                                    
        178 Kimerely   Grant      KGRANT     011.44.1644.429263   24-MAY-99 SA_REP           7000            .15        149                    84000                                                    
        200 Jennifer   Whalen     JWHALEN    515.123.4444         17-SEP-87 AD_ASST          4400                       101            10      52800                                                    
        201 Michael    Hartstein  MHARTSTE   515.123.5555         17-FEB-96 MK_MAN          13000                       100            20     156000                                                    
        202 Pat        Fay        PFAY       603.123.6666         17-AUG-97 MK_REP           6000                       201            20      72000                                                    
        205 Shelley    Higgins    SHIGGINS   515.123.8080         07-JUN-94 AC_MGR          12000                       101           110     144000                                                    
        206 William    Gietz      WGIETZ     515.123.8181         07-JUN-94 AC_ACCOUNT       8300                       205           110      99600                                                    

20 rows selected.

SQL> SELECT E.* , SALARY * 12 FROM EMPLOYEES E;

EMPLOYEE_ID FIRST_NAME LAST_NAME  EMAIL      PHONE_NUMBER         HIRE_DATE JOB_ID         SALARY COMMISSION_PCT MANAGER_ID DEPARTMENT_ID  SALARY*12                                                    
----------- ---------- ---------- ---------- -------------------- --------- ---------- ---------- -------------- ---------- ------------- ----------                                                    
        100 Steven     King       SKING      515.123.4567         17-JUL-87 AD_PRES         24000                                      90     288000                                                    
        101 Neena      Kochhar    NKOCHHAR   515.123.4568         21-SEP-89 AD_VP           17000                       100            90     204000                                                    
        102 Lex        De Haan    LDEHAAN    515.123.4569         13-JAN-93 AD_VP           17000                       100            90     204000                                                    
        103 Alexander  Hunold     AHUNOLD    590.423.4567         03-JAN-90 IT_PROG          9000                       102            60     108000                                                    
        104 Bruce      Ernst      BERNST     590.423.4568         21-MAY-91 IT_PROG          6000                       103            60      72000                                                    
        107 Diana      Lorentz    DLORENTZ   590.423.5567         07-FEB-99 IT_PROG          4200                       103            60      50400                                                    
        124 Kevin      Mourgos    KMOURGOS   650.123.5234         16-NOV-99 ST_MAN           5800                       100            50      69600                                                    
        141 Trenna     Rajs       TRAJS      650.121.8009         17-OCT-95 ST_CLERK         3500                       124            50      42000                                                    
        142 Curtis     Davies     CDAVIES    650.121.2994         29-JAN-97 ST_CLERK         3100                       124            50      37200                                                    
        143 Randall    Matos      RMATOS     650.121.2874         15-MAR-98 ST_CLERK         2600                       124            50      31200                                                    
        144 Peter      Vargas     PVARGAS    650.121.2004         09-JUL-98 ST_CLERK         2500                       124            50      30000                                                    
        149 Eleni      Zlotkey    EZLOTKEY   011.44.1344.429018   29-JAN-00 SA_MAN          10500             .2        100            80     126000                                                    
        174 Ellen      Abel       EABEL      011.44.1644.429267   11-MAY-96 SA_REP          11000             .3        149            80     132000                                                    
        176 Jonathon   Taylor     JTAYLOR    011.44.1644.429265   24-MAR-98 SA_REP           8600             .3        149            80     103200                                                    
        178 Kimerely   Grant      KGRANT     011.44.1644.429263   24-MAY-99 SA_REP           7000            .15        149                    84000                                                    
        200 Jennifer   Whalen     JWHALEN    515.123.4444         17-SEP-87 AD_ASST          4400                       101            10      52800                                                    
        201 Michael    Hartstein  MHARTSTE   515.123.5555         17-FEB-96 MK_MAN          13000                       100            20     156000                                                    
        202 Pat        Fay        PFAY       603.123.6666         17-AUG-97 MK_REP           6000                       201            20      72000                                                    
        205 Shelley    Higgins    SHIGGINS   515.123.8080         07-JUN-94 AC_MGR          12000                       101           110     144000                                                    
        206 William    Gietz      WGIETZ     515.123.8181         07-JUN-94 AC_ACCOUNT       8300                       205           110      99600                                                    

20 rows selected.

SQL> SELECT E.* , SALARY * 12 "YEARLY SALARY" FROM EMPLOYEES E;

EMPLOYEE_ID FIRST_NAME LAST_NAME  EMAIL      PHONE_NUMBER         HIRE_DATE JOB_ID         SALARY COMMISSION_PCT MANAGER_ID DEPARTMENT_ID YEARLY SALARY                                                 
----------- ---------- ---------- ---------- -------------------- --------- ---------- ---------- -------------- ---------- ------------- -------------                                                 
        100 Steven     King       SKING      515.123.4567         17-JUL-87 AD_PRES         24000                                      90        288000                                                 
        101 Neena      Kochhar    NKOCHHAR   515.123.4568         21-SEP-89 AD_VP           17000                       100            90        204000                                                 
        102 Lex        De Haan    LDEHAAN    515.123.4569         13-JAN-93 AD_VP           17000                       100            90        204000                                                 
        103 Alexander  Hunold     AHUNOLD    590.423.4567         03-JAN-90 IT_PROG          9000                       102            60        108000                                                 
        104 Bruce      Ernst      BERNST     590.423.4568         21-MAY-91 IT_PROG          6000                       103            60         72000                                                 
        107 Diana      Lorentz    DLORENTZ   590.423.5567         07-FEB-99 IT_PROG          4200                       103            60         50400                                                 
        124 Kevin      Mourgos    KMOURGOS   650.123.5234         16-NOV-99 ST_MAN           5800                       100            50         69600                                                 
        141 Trenna     Rajs       TRAJS      650.121.8009         17-OCT-95 ST_CLERK         3500                       124            50         42000                                                 
        142 Curtis     Davies     CDAVIES    650.121.2994         29-JAN-97 ST_CLERK         3100                       124            50         37200                                                 
        143 Randall    Matos      RMATOS     650.121.2874         15-MAR-98 ST_CLERK         2600                       124            50         31200                                                 
        144 Peter      Vargas     PVARGAS    650.121.2004         09-JUL-98 ST_CLERK         2500                       124            50         30000                                                 
        149 Eleni      Zlotkey    EZLOTKEY   011.44.1344.429018   29-JAN-00 SA_MAN          10500             .2        100            80        126000                                                 
        174 Ellen      Abel       EABEL      011.44.1644.429267   11-MAY-96 SA_REP          11000             .3        149            80        132000                                                 
        176 Jonathon   Taylor     JTAYLOR    011.44.1644.429265   24-MAR-98 SA_REP           8600             .3        149            80        103200                                                 
        178 Kimerely   Grant      KGRANT     011.44.1644.429263   24-MAY-99 SA_REP           7000            .15        149                       84000                                                 
        200 Jennifer   Whalen     JWHALEN    515.123.4444         17-SEP-87 AD_ASST          4400                       101            10         52800                                                 
        201 Michael    Hartstein  MHARTSTE   515.123.5555         17-FEB-96 MK_MAN          13000                       100            20        156000                                                 
        202 Pat        Fay        PFAY       603.123.6666         17-AUG-97 MK_REP           6000                       201            20         72000                                                 
        205 Shelley    Higgins    SHIGGINS   515.123.8080         07-JUN-94 AC_MGR          12000                       101           110        144000                                                 
        206 William    Gietz      WGIETZ     515.123.8181         07-JUN-94 AC_ACCOUNT       8300                       205           110         99600                                                 

20 rows selected.

SQL> SELECT E.* , SALARY * 12 "YEARLY SALARY" FROM EMPLOYEES EMP;
SELECT E.* , SALARY * 12 "YEARLY SALARY" FROM EMPLOYEES EMP
         *
ERROR at line 1:
ORA-00904: "E": invalid identifier 


SQL> SELECT EMP.* , SALARY * 12 "YEARLY SALARY" FROM EMPLOYEES EMP;

EMPLOYEE_ID FIRST_NAME LAST_NAME  EMAIL      PHONE_NUMBER         HIRE_DATE JOB_ID         SALARY COMMISSION_PCT MANAGER_ID DEPARTMENT_ID YEARLY SALARY                                                 
----------- ---------- ---------- ---------- -------------------- --------- ---------- ---------- -------------- ---------- ------------- -------------                                                 
        100 Steven     King       SKING      515.123.4567         17-JUL-87 AD_PRES         24000                                      90        288000                                                 
        101 Neena      Kochhar    NKOCHHAR   515.123.4568         21-SEP-89 AD_VP           17000                       100            90        204000                                                 
        102 Lex        De Haan    LDEHAAN    515.123.4569         13-JAN-93 AD_VP           17000                       100            90        204000                                                 
        103 Alexander  Hunold     AHUNOLD    590.423.4567         03-JAN-90 IT_PROG          9000                       102            60        108000                                                 
        104 Bruce      Ernst      BERNST     590.423.4568         21-MAY-91 IT_PROG          6000                       103            60         72000                                                 
        107 Diana      Lorentz    DLORENTZ   590.423.5567         07-FEB-99 IT_PROG          4200                       103            60         50400                                                 
        124 Kevin      Mourgos    KMOURGOS   650.123.5234         16-NOV-99 ST_MAN           5800                       100            50         69600                                                 
        141 Trenna     Rajs       TRAJS      650.121.8009         17-OCT-95 ST_CLERK         3500                       124            50         42000                                                 
        142 Curtis     Davies     CDAVIES    650.121.2994         29-JAN-97 ST_CLERK         3100                       124            50         37200                                                 
        143 Randall    Matos      RMATOS     650.121.2874         15-MAR-98 ST_CLERK         2600                       124            50         31200                                                 
        144 Peter      Vargas     PVARGAS    650.121.2004         09-JUL-98 ST_CLERK         2500                       124            50         30000                                                 
        149 Eleni      Zlotkey    EZLOTKEY   011.44.1344.429018   29-JAN-00 SA_MAN          10500             .2        100            80        126000                                                 
        174 Ellen      Abel       EABEL      011.44.1644.429267   11-MAY-96 SA_REP          11000             .3        149            80        132000                                                 
        176 Jonathon   Taylor     JTAYLOR    011.44.1644.429265   24-MAR-98 SA_REP           8600             .3        149            80        103200                                                 
        178 Kimerely   Grant      KGRANT     011.44.1644.429263   24-MAY-99 SA_REP           7000            .15        149                       84000                                                 
        200 Jennifer   Whalen     JWHALEN    515.123.4444         17-SEP-87 AD_ASST          4400                       101            10         52800                                                 
        201 Michael    Hartstein  MHARTSTE   515.123.5555         17-FEB-96 MK_MAN          13000                       100            20        156000                                                 
        202 Pat        Fay        PFAY       603.123.6666         17-AUG-97 MK_REP           6000                       201            20         72000                                                 
        205 Shelley    Higgins    SHIGGINS   515.123.8080         07-JUN-94 AC_MGR          12000                       101           110        144000                                                 
        206 William    Gietz      WGIETZ     515.123.8181         07-JUN-94 AC_ACCOUNT       8300                       205           110         99600                                                 

20 rows selected.

SQL> SELECT EMPLOY.* , SALARY * 12 "YEARLY SALARY" FROM EMPLOYEES EMPLOY;

EMPLOYEE_ID FIRST_NAME LAST_NAME  EMAIL      PHONE_NUMBER         HIRE_DATE JOB_ID         SALARY COMMISSION_PCT MANAGER_ID DEPARTMENT_ID YEARLY SALARY                                                 
----------- ---------- ---------- ---------- -------------------- --------- ---------- ---------- -------------- ---------- ------------- -------------                                                 
        100 Steven     King       SKING      515.123.4567         17-JUL-87 AD_PRES         24000                                      90        288000                                                 
        101 Neena      Kochhar    NKOCHHAR   515.123.4568         21-SEP-89 AD_VP           17000                       100            90        204000                                                 
        102 Lex        De Haan    LDEHAAN    515.123.4569         13-JAN-93 AD_VP           17000                       100            90        204000                                                 
        103 Alexander  Hunold     AHUNOLD    590.423.4567         03-JAN-90 IT_PROG          9000                       102            60        108000                                                 
        104 Bruce      Ernst      BERNST     590.423.4568         21-MAY-91 IT_PROG          6000                       103            60         72000                                                 
        107 Diana      Lorentz    DLORENTZ   590.423.5567         07-FEB-99 IT_PROG          4200                       103            60         50400                                                 
        124 Kevin      Mourgos    KMOURGOS   650.123.5234         16-NOV-99 ST_MAN           5800                       100            50         69600                                                 
        141 Trenna     Rajs       TRAJS      650.121.8009         17-OCT-95 ST_CLERK         3500                       124            50         42000                                                 
        142 Curtis     Davies     CDAVIES    650.121.2994         29-JAN-97 ST_CLERK         3100                       124            50         37200                                                 
        143 Randall    Matos      RMATOS     650.121.2874         15-MAR-98 ST_CLERK         2600                       124            50         31200                                                 
        144 Peter      Vargas     PVARGAS    650.121.2004         09-JUL-98 ST_CLERK         2500                       124            50         30000                                                 
        149 Eleni      Zlotkey    EZLOTKEY   011.44.1344.429018   29-JAN-00 SA_MAN          10500             .2        100            80        126000                                                 
        174 Ellen      Abel       EABEL      011.44.1644.429267   11-MAY-96 SA_REP          11000             .3        149            80        132000                                                 
        176 Jonathon   Taylor     JTAYLOR    011.44.1644.429265   24-MAR-98 SA_REP           8600             .3        149            80        103200                                                 
        178 Kimerely   Grant      KGRANT     011.44.1644.429263   24-MAY-99 SA_REP           7000            .15        149                       84000                                                 
        200 Jennifer   Whalen     JWHALEN    515.123.4444         17-SEP-87 AD_ASST          4400                       101            10         52800                                                 
        201 Michael    Hartstein  MHARTSTE   515.123.5555         17-FEB-96 MK_MAN          13000                       100            20        156000                                                 
        202 Pat        Fay        PFAY       603.123.6666         17-AUG-97 MK_REP           6000                       201            20         72000                                                 
        205 Shelley    Higgins    SHIGGINS   515.123.8080         07-JUN-94 AC_MGR          12000                       101           110        144000                                                 
        206 William    Gietz      WGIETZ     515.123.8181         07-JUN-94 AC_ACCOUNT       8300                       205           110         99600                                                 

20 rows selected.

SQL> SELECT * FROM EMPLOY;
SELECT * FROM EMPLOY
              *
ERROR at line 1:
ORA-00942: table or view does not exist 


SQL> SELECT EMPLOYEES.* , SALARY * 12 "YEARLY SALARY" FROM EMPLOYEES E;
SELECT EMPLOYEES.* , SALARY * 12 "YEARLY SALARY" FROM EMPLOYEES E
                 *
ERROR at line 1:
ORA-00904: "EMPLOYEES": invalid identifier 


SQL> SELECT E.* , SALARY * 12 "YEARLY SALARY" FROM EMPLOYEES;
SELECT E.* , SALARY * 12 "YEARLY SALARY" FROM EMPLOYEES
         *
ERROR at line 1:
ORA-00904: "E": invalid identifier 


SQL> SELECT * , SALARY * 12 "YEARLY SALARY" FROM EMPLOYEES;
SELECT * , SALARY * 12 "YEARLY SALARY" FROM EMPLOYEES
         *
ERROR at line 1:
ORA-00923: FROM keyword not found where expected 


SQL> SELECT SALARY * 12 , *.E FROM EMPLOYEES E;
SELECT SALARY * 12 , *.E FROM EMPLOYEES E
                     *
ERROR at line 1:
ORA-00936: missing expression 


SQL> SELECT SALARY * 12 , E.* FROM EMPLOYEES E;

 SALARY*12 EMPLOYEE_ID FIRST_NAME LAST_NAME  EMAIL      PHONE_NUMBER         HIRE_DATE JOB_ID         SALARY COMMISSION_PCT MANAGER_ID DEPARTMENT_ID                                                    
---------- ----------- ---------- ---------- ---------- -------------------- --------- ---------- ---------- -------------- ---------- -------------                                                    
    288000         100 Steven     King       SKING      515.123.4567         17-JUL-87 AD_PRES         24000                                      90                                                    
    204000         101 Neena      Kochhar    NKOCHHAR   515.123.4568         21-SEP-89 AD_VP           17000                       100            90                                                    
    204000         102 Lex        De Haan    LDEHAAN    515.123.4569         13-JAN-93 AD_VP           17000                       100            90                                                    
    108000         103 Alexander  Hunold     AHUNOLD    590.423.4567         03-JAN-90 IT_PROG          9000                       102            60                                                    
     72000         104 Bruce      Ernst      BERNST     590.423.4568         21-MAY-91 IT_PROG          6000                       103            60                                                    
     50400         107 Diana      Lorentz    DLORENTZ   590.423.5567         07-FEB-99 IT_PROG          4200                       103            60                                                    
     69600         124 Kevin      Mourgos    KMOURGOS   650.123.5234         16-NOV-99 ST_MAN           5800                       100            50                                                    
     42000         141 Trenna     Rajs       TRAJS      650.121.8009         17-OCT-95 ST_CLERK         3500                       124            50                                                    
     37200         142 Curtis     Davies     CDAVIES    650.121.2994         29-JAN-97 ST_CLERK         3100                       124            50                                                    
     31200         143 Randall    Matos      RMATOS     650.121.2874         15-MAR-98 ST_CLERK         2600                       124            50                                                    
     30000         144 Peter      Vargas     PVARGAS    650.121.2004         09-JUL-98 ST_CLERK         2500                       124            50                                                    
    126000         149 Eleni      Zlotkey    EZLOTKEY   011.44.1344.429018   29-JAN-00 SA_MAN          10500             .2        100            80                                                    
    132000         174 Ellen      Abel       EABEL      011.44.1644.429267   11-MAY-96 SA_REP          11000             .3        149            80                                                    
    103200         176 Jonathon   Taylor     JTAYLOR    011.44.1644.429265   24-MAR-98 SA_REP           8600             .3        149            80                                                    
     84000         178 Kimerely   Grant      KGRANT     011.44.1644.429263   24-MAY-99 SA_REP           7000            .15        149                                                                  
     52800         200 Jennifer   Whalen     JWHALEN    515.123.4444         17-SEP-87 AD_ASST          4400                       101            10                                                    
    156000         201 Michael    Hartstein  MHARTSTE   515.123.5555         17-FEB-96 MK_MAN          13000                       100            20                                                    
     72000         202 Pat        Fay        PFAY       603.123.6666         17-AUG-97 MK_REP           6000                       201            20                                                    
    144000         205 Shelley    Higgins    SHIGGINS   515.123.8080         07-JUN-94 AC_MGR          12000                       101           110                                                    
     99600         206 William    Gietz      WGIETZ     515.123.8181         07-JUN-94 AC_ACCOUNT       8300                       205           110                                                    

20 rows selected.

SQL> REM +1500
SQL> 
SQL> SELECT FIRST_NAME , SALARY , SALARY + 1500 NEW_SALARY FROM EMPLOYEES;

FIRST_NAME     SALARY NEW_SALARY                                                                                                                                                                        
---------- ---------- ----------                                                                                                                                                                        
Steven          24000      25500                                                                                                                                                                        
Neena           17000      18500                                                                                                                                                                        
Lex             17000      18500                                                                                                                                                                        
Alexander        9000      10500                                                                                                                                                                        
Bruce            6000       7500                                                                                                                                                                        
Diana            4200       5700                                                                                                                                                                        
Kevin            5800       7300                                                                                                                                                                        
Trenna           3500       5000                                                                                                                                                                        
Curtis           3100       4600                                                                                                                                                                        
Randall          2600       4100                                                                                                                                                                        
Peter            2500       4000                                                                                                                                                                        
Eleni           10500      12000                                                                                                                                                                        
Ellen           11000      12500                                                                                                                                                                        
Jonathon         8600      10100                                                                                                                                                                        
Kimerely         7000       8500                                                                                                                                                                        
Jennifer         4400       5900                                                                                                                                                                        
Michael         13000      14500                                                                                                                                                                        
Pat              6000       7500                                                                                                                                                                        
Shelley         12000      13500                                                                                                                                                                        
William          8300       9800                                                                                                                                                                        

20 rows selected.

SQL> REM -600
SQL> 
SQL> SELECT FIRST_NAME , SALARY , SALARY - 600 NEW_SALARY FROM EMPLOYEES;

FIRST_NAME     SALARY NEW_SALARY                                                                                                                                                                        
---------- ---------- ----------                                                                                                                                                                        
Steven          24000      23400                                                                                                                                                                        
Neena           17000      16400                                                                                                                                                                        
Lex             17000      16400                                                                                                                                                                        
Alexander        9000       8400                                                                                                                                                                        
Bruce            6000       5400                                                                                                                                                                        
Diana            4200       3600                                                                                                                                                                        
Kevin            5800       5200                                                                                                                                                                        
Trenna           3500       2900                                                                                                                                                                        
Curtis           3100       2500                                                                                                                                                                        
Randall          2600       2000                                                                                                                                                                        
Peter            2500       1900                                                                                                                                                                        
Eleni           10500       9900                                                                                                                                                                        
Ellen           11000      10400                                                                                                                                                                        
Jonathon         8600       8000                                                                                                                                                                        
Kimerely         7000       6400                                                                                                                                                                        
Jennifer         4400       3800                                                                                                                                                                        
Michael         13000      12400                                                                                                                                                                        
Pat              6000       5400                                                                                                                                                                        
Shelley         12000      11400                                                                                                                                                                        
William          8300       7700                                                                                                                                                                        

20 rows selected.

SQL> REM POWER FUNCTION
SQL> 
SQL> SELECT 5 * 5 FROM DUAL;

       5*5                                                                                                                                                                                              
----------                                                                                                                                                                                              
        25                                                                                                                                                                                              

SQL> REM DUAL IS A DUMMY TABLE
SQL> 
SQL> REM DUAL IS SYSTEM GENERATED TABLE
SQL> 
SQL> REM DUAL HAS SINGLE COLUMN AND SINGE ROW
SQL> 
SQL> REM DUAL IS GENERALLY USED FOR DISPLAYING THOSE ITEMS WHICH ARE NOT STORED IN ANY TABLE
SQL> 
SQL> 
SQL> SELECT * FROM DUAL;

D                                                                                                                                                                                                       
-                                                                                                                                                                                                       
X                                                                                                                                                                                                       

SQL> SELECT 'SHRI GANESHAY NAMAH! FROM DUAL;
ERROR:
ORA-01756: quoted string not properly terminated 


SQL> SELECT 'SHRI GANESHAY NAMAH!' FROM DUAL;

'SHRIGANESHAYNAMAH!'                                                                                                                                                                                    
--------------------                                                                                                                                                                                    
SHRI GANESHAY NAMAH!                                                                                                                                                                                    

SQL> SELECT 5 * 5 * 5 FROM DUAL;

     5*5*5                                                                                                                                                                                              
----------                                                                                                                                                                                              
       125                                                                                                                                                                                              

SQL> SELECT 5 * 5 * 5 * 5 FROM DUAL;

   5*5*5*5                                                                                                                                                                                              
----------                                                                                                                                                                                              
       625                                                                                                                                                                                              

SQL> SELECT 5 * 5 * 5 * 5 *5 * 5 * 5 FROM DUAL;

5*5*5*5*5*5*5                                                                                                                                                                                           
-------------                                                                                                                                                                                           
        78125                                                                                                                                                                                           

SQL> SELECT POWER(5,2) FROM DUAL;

POWER(5,2)                                                                                                                                                                                              
----------                                                                                                                                                                                              
        25                                                                                                                                                                                              

SQL> SELECT POWER(5,3) FROM DUAL;

POWER(5,3)                                                                                                                                                                                              
----------                                                                                                                                                                                              
       125                                                                                                                                                                                              

SQL> SELECT POWER(5,4) FROM DUAL;

POWER(5,4)                                                                                                                                                                                              
----------                                                                                                                                                                                              
       625                                                                                                                                                                                              

SQL> SELECT POWER(5,7) FROM DUAL;

POWER(5,7)                                                                                                                                                                                              
----------                                                                                                                                                                                              
     78125                                                                                                                                                                                              

SQL> REM PRECEDENCE : ORDER OF EXECUTION
SQL> 
SQL> 
SQL> 
SQL> REM PRECEDENCE OF ARITHMATIC OPARATORS + POWER FUNCTION + CONCATENATION OPERATOR
SQL> 
SQL> REM 1 () : BRACKETS : (  )  (   ) : LEFT TO RIGHT IN FORMULA , (   (  )   ) : NESTED BRACKETS : INNER TO OUTER
SQL> 
SQL> REM 2 POWER FUNCTION
SQL> 
SQL> REM 3 / * (LEFT TO RIGHT IN FORMULA)
SQL> 
SQL> REM 4 + - || (LEFT TO RIGHT IN FORMULA)
SQL> 
SQL> 
SQL> 
SQL> SELECT 5 * 8 + 4 FROM DUAL;

     5*8+4                                                                                                                                                                                              
----------                                                                                                                                                                                              
        44                                                                                                                                                                                              

SQL> SELECT 5 * (8 + 4) FROM DUAL;

   5*(8+4)                                                                                                                                                                                              
----------                                                                                                                                                                                              
        60                                                                                                                                                                                              

SQL> SELECT 'SHRI' || 210 + 210 FROM DUAL;
SELECT 'SHRI' || 210 + 210 FROM DUAL
               *
ERROR at line 1:
ORA-01722: invalid number 


SQL> SELECT 'SHRI' || (210 + 210) FROM DUAL;

'SHRI'|                                                                                                                                                                                                 
-------                                                                                                                                                                                                 
SHRI420                                                                                                                                                                                                 

SQL> SELECT 'SHRI' || 210 * 2 FROM DUAL;

'SHRI'|                                                                                                                                                                                                 
-------                                                                                                                                                                                                 
SHRI420                                                                                                                                                                                                 

SQL> SELECT 96 / 8 + 3 * 2 FROM DUAL;

  96/8+3*2                                                                                                                                                                                              
----------                                                                                                                                                                                              
        18                                                                                                                                                                                              

SQL> SELECT 96 / (8 + 4) * 2 FROM DUAL;

96/(8+4)*2                                                                                                                                                                                              
----------                                                                                                                                                                                              
        16                                                                                                                                                                                              

SQL> SELECT 96 / ((8 + 4) * 2) FROM DUAL;

96/((8+4)*2)                                                                                                                                                                                            
------------                                                                                                                                                                                            
           4                                                                                                                                                                                            

SQL> SPOOL OFF
