SQL> 
SQL> SET LINES 200 PAGES 24
SQL> 
SQL> SELECT * FROM EMPLOYEES;

EMPLOYEE_ID FIRST_NAME LAST_NAME  EMAIL      PHONE_NUMBER         HIRE_DATE JOB_ID         SALARY COMMISSION_PCT MANAGER_ID DEPARTMENT_ID                                                               
----------- ---------- ---------- ---------- -------------------- --------- ---------- ---------- -------------- ---------- -------------                                                               
        100 Steven     King       SKING      515.123.4567         17-JUL-87 AD_PRES         24000                                      90                                                               
        101 Neena      Kochhar    NKOCHHAR   515.123.4568         21-SEP-89 AD_VP           17000                       100            90                                                               
        102 Lex        De Haan    LDEHAAN    515.123.4569         13-JAN-93 AD_VP           17000                       100            90                                                               
        103 Alexander  Hunold     AHUNOLD    590.423.4567         03-JAN-90 IT_PROG          9000                       102            60                                                               
        104 Bruce      Ernst      BERNST     590.423.4568         21-MAY-91 IT_PROG          6000                       103            60                                                               
        107 Diana      Lorentz    DLORENTZ   590.423.5567         07-FEB-99 IT_PROG          4200                       103            60                                                               
        124 Kevin      Mourgos    KMOURGOS   650.123.5234         16-NOV-99 ST_MAN           5800                       100            50                                                               
        141 Trenna     Rajs       TRAJS      650.121.8009         17-OCT-95 ST_CLERK         3500                       124            50                                                               
        142 Curtis     Davies     CDAVIES    650.121.2994         29-JAN-97 ST_CLERK         3100                       124            50                                                               
        143 Randall    Matos      RMATOS     650.121.2874         15-MAR-98 ST_CLERK         2600                       124            50                                                               
        144 Peter      Vargas     PVARGAS    650.121.2004         09-JUL-98 ST_CLERK         2500                       124            50                                                               
        149 Eleni      Zlotkey    EZLOTKEY   011.44.1344.429018   29-JAN-00 SA_MAN          10500             .2        100            80                                                               
        174 Ellen      Abel       EABEL      011.44.1644.429267   11-MAY-96 SA_REP          11000             .3        149            80                                                               
        176 Jonathon   Taylor     JTAYLOR    011.44.1644.429265   24-MAR-98 SA_REP           8600             .3        149            80                                                               
        178 Kimerely   Grant      KGRANT     011.44.1644.429263   24-MAY-99 SA_REP           7000            .15        149                                                                             
        200 Jennifer   Whalen     JWHALEN    515.123.4444         17-SEP-87 AD_ASST          4400                       101            10                                                               
        201 Michael    Hartstein  MHARTSTE   515.123.5555         17-FEB-96 MK_MAN          13000                       100            20                                                               
        202 Pat        Fay        PFAY       603.123.6666         17-AUG-97 MK_REP           6000                       201            20                                                               
        205 Shelley    Higgins    SHIGGINS   515.123.8080         07-JUN-94 AC_MGR          12000                       101           110                                                               
        206 William    Gietz      WGIETZ     515.123.8181         07-JUN-94 AC_ACCOUNT       8300                       205           110                                                               

20 rows selected.

SQL> REM VERTICAL : COLUMN
SQL> 
SQL> REM HORIZONTAL : ROW
SQL> 
SQL> REM INTERSECTION : FIELD
SQL> 
SQL> REM COMBINATION : TABLE
SQL> 
SQL> REM FIRST ROW : COLUMN NAMES/HEADINGS/ALIAS/TITLES
SQL> 
SQL> REM SECOND ROW : LINE SEPARATOR
SQL> 
SQL> REM 3RD ROW ONWARDS : 20 ROWS : DATA/VALUES
SQL> 
SQL> REM LAST ROW : FEED BACK MESSAGE
SQL> 
SQL> REM SQL> IS CALLED PROMPT.
SQL> 
SQL> REM PROMPT MEANS IT IS READY TO ACCEPT COMMAND OR COMMENT.
SQL> 
SQL> REM ORACLE SUPPORTS 1 COMMENT 2 COMMAND
SQL> 
SQL> REM TYPES OF COMMENTS : 1 SINGLE ROW 2 MULTI ROW 3 INLINE
SQL> 
SQL> REM SINGLE ROW COMMENT CAN BE WRITTEN IN TWO STYLES : 1 REM/REMARK ... 2 -- ...
SQL> 
SQL> REM THIS IS FIRST STYLE OF WRITING SINGLE LINE COMMENT.
SQL> 
SQL> -- THIS IS SECOND STYLE OF WRITING SINGLE LINE COMMENT.
SQL> 
SQL> /*
SQL> THIS
SQL> IS
SQL> MULTI
SQL> LINE
SQL> COMMENT
SQL> */
SQL> 
SQL> 
SQL> 
SQL> SELECT * /* THIS IS INLINE COMMENT.*/ FROM EMPLOYEES;

EMPLOYEE_ID FIRST_NAME LAST_NAME  EMAIL      PHONE_NUMBER         HIRE_DATE JOB_ID         SALARY COMMISSION_PCT MANAGER_ID DEPARTMENT_ID                                                               
----------- ---------- ---------- ---------- -------------------- --------- ---------- ---------- -------------- ---------- -------------                                                               
        100 Steven     King       SKING      515.123.4567         17-JUL-87 AD_PRES         24000                                      90                                                               
        101 Neena      Kochhar    NKOCHHAR   515.123.4568         21-SEP-89 AD_VP           17000                       100            90                                                               
        102 Lex        De Haan    LDEHAAN    515.123.4569         13-JAN-93 AD_VP           17000                       100            90                                                               
        103 Alexander  Hunold     AHUNOLD    590.423.4567         03-JAN-90 IT_PROG          9000                       102            60                                                               
        104 Bruce      Ernst      BERNST     590.423.4568         21-MAY-91 IT_PROG          6000                       103            60                                                               
        107 Diana      Lorentz    DLORENTZ   590.423.5567         07-FEB-99 IT_PROG          4200                       103            60                                                               
        124 Kevin      Mourgos    KMOURGOS   650.123.5234         16-NOV-99 ST_MAN           5800                       100            50                                                               
        141 Trenna     Rajs       TRAJS      650.121.8009         17-OCT-95 ST_CLERK         3500                       124            50                                                               
        142 Curtis     Davies     CDAVIES    650.121.2994         29-JAN-97 ST_CLERK         3100                       124            50                                                               
        143 Randall    Matos      RMATOS     650.121.2874         15-MAR-98 ST_CLERK         2600                       124            50                                                               
        144 Peter      Vargas     PVARGAS    650.121.2004         09-JUL-98 ST_CLERK         2500                       124            50                                                               
        149 Eleni      Zlotkey    EZLOTKEY   011.44.1344.429018   29-JAN-00 SA_MAN          10500             .2        100            80                                                               
        174 Ellen      Abel       EABEL      011.44.1644.429267   11-MAY-96 SA_REP          11000             .3        149            80                                                               
        176 Jonathon   Taylor     JTAYLOR    011.44.1644.429265   24-MAR-98 SA_REP           8600             .3        149            80                                                               
        178 Kimerely   Grant      KGRANT     011.44.1644.429263   24-MAY-99 SA_REP           7000            .15        149                                                                             
        200 Jennifer   Whalen     JWHALEN    515.123.4444         17-SEP-87 AD_ASST          4400                       101            10                                                               
        201 Michael    Hartstein  MHARTSTE   515.123.5555         17-FEB-96 MK_MAN          13000                       100            20                                                               
        202 Pat        Fay        PFAY       603.123.6666         17-AUG-97 MK_REP           6000                       201            20                                                               
        205 Shelley    Higgins    SHIGGINS   515.123.8080         07-JUN-94 AC_MGR          12000                       101           110                                                               
        206 William    Gietz      WGIETZ     515.123.8181         07-JUN-94 AC_ACCOUNT       8300                       205           110                                                               

20 rows selected.

SQL> REM SELECT : IT IS USED TO DISPLAY DATA/VALUES ON SCREEN BY READING IT FROM TABLE.
SQL> 
SQL> REM SELECT SYNTAX : SELECT what_to_display FROM table_name;
SQL> 
SQL> REM SYNTAX : COMPUTER LANGUAGE GRAMMER
SQL> 
SQL> SELECT * FROM REGIONS;

 REGION_ID REGION_NAME                                                                                                                                                                                  
---------- -------------------------                                                                                                                                                                    
         1 Europe                                                                                                                                                                                       
         2 AMERICAS                                                                                                                                                                                     
         3 Asia                                                                                                                                                                                         
         4 MIDDLE EAST AND AFRICA                                                                                                                                                                       

SQL> SELECT * FROM LOCATIONS;

LOCATION_ID STREET_ADRESS                            POSTAL_CODE  CITY                           STATE_PROVINCE            CO                                                                           
----------- ---------------------------------------- ------------ ------------------------------ ------------------------- --                                                                           
       1400 2014 Jabberwocky Rd                      26192        Southlake                      Texas                     US                                                                           
       1500 2011 Interiors Blvd                      99236        South San Francisco            California                US                                                                           
       1700 2004 Charade Rd                          98199        Seattle                        Washington                US                                                                           
       1800 460 Bloor St. W.                         ON M5S 1X8   Toronto                        Ontario                   CA                                                                           
       2500 Magdalen Centre, The Oxford Science Park OX9 9ZB      Oxford                         Oxford                    UK                                                                           

SQL> SELECT CITY FROM LOCATIONS;

CITY                                                                                                                                                                                                    
------------------------------                                                                                                                                                                          
Southlake                                                                                                                                                                                               
South San Francisco                                                                                                                                                                                     
Seattle                                                                                                                                                                                                 
Toronto                                                                                                                                                                                                 
Oxford                                                                                                                                                                                                  

SQL> SELECT * FROM REGIONS;

 REGION_ID REGION_NAME                                                                                                                                                                                  
---------- -------------------------                                                                                                                                                                    
         1 Europe                                                                                                                                                                                       
         2 AMERICAS                                                                                                                                                                                     
         3 Asia                                                                                                                                                                                         
         4 MIDDLE EAST AND AFRICA                                                                                                                                                                       

SQL> SELECT REGION_ID , REGION_NAME FROM REGIONS;

 REGION_ID REGION_NAME                                                                                                                                                                                  
---------- -------------------------                                                                                                                                                                    
         1 Europe                                                                                                                                                                                       
         2 AMERICAS                                                                                                                                                                                     
         3 Asia                                                                                                                                                                                         
         4 MIDDLE EAST AND AFRICA                                                                                                                                                                       

SQL> SELECT * FROM COUNTRIES;

CO COUNTRY_NAME                              REGION_ID                                                                                                                                                  
-- ---------------------------------------- ----------                                                                                                                                                  
CA Canada                                            2                                                                                                                                                  
DE Germany                                           1                                                                                                                                                  
UK United Kingdom                                    1                                                                                                                                                  
US United States of America                          2                                                                                                                                                  

SQL> SELECT COUNTRY_ID , COUNTRY_NAME , REGION_ID FROM COUNTRIES;

CO COUNTRY_NAME                              REGION_ID                                                                                                                                                  
-- ---------------------------------------- ----------                                                                                                                                                  
CA Canada                                            2                                                                                                                                                  
DE Germany                                           1                                                                                                                                                  
UK United Kingdom                                    1                                                                                                                                                  
US United States of America                          2                                                                                                                                                  

SQL> SELECT FIRST_NAME FROM EMPLOYEES;

FIRST_NAME                                                                                                                                                                                              
----------                                                                                                                                                                                              
Steven                                                                                                                                                                                                  
Neena                                                                                                                                                                                                   
Lex                                                                                                                                                                                                     
Alexander                                                                                                                                                                                               
Bruce                                                                                                                                                                                                   
Diana                                                                                                                                                                                                   
Kevin                                                                                                                                                                                                   
Trenna                                                                                                                                                                                                  
Curtis                                                                                                                                                                                                  
Randall                                                                                                                                                                                                 
Peter                                                                                                                                                                                                   
Eleni                                                                                                                                                                                                   
Ellen                                                                                                                                                                                                   
Jonathon                                                                                                                                                                                                
Kimerely                                                                                                                                                                                                
Jennifer                                                                                                                                                                                                
Michael                                                                                                                                                                                                 
Pat                                                                                                                                                                                                     
Shelley                                                                                                                                                                                                 
William                                                                                                                                                                                                 

20 rows selected.

SQL> SELECT FIRST_NAME , SALARY FROM EMPLOYEES;

FIRST_NAME     SALARY                                                                                                                                                                                   
---------- ----------                                                                                                                                                                                   
Steven          24000                                                                                                                                                                                   
Neena           17000                                                                                                                                                                                   
Lex             17000                                                                                                                                                                                   
Alexander        9000                                                                                                                                                                                   
Bruce            6000                                                                                                                                                                                   
Diana            4200                                                                                                                                                                                   
Kevin            5800                                                                                                                                                                                   
Trenna           3500                                                                                                                                                                                   
Curtis           3100                                                                                                                                                                                   
Randall          2600                                                                                                                                                                                   
Peter            2500                                                                                                                                                                                   
Eleni           10500                                                                                                                                                                                   
Ellen           11000                                                                                                                                                                                   
Jonathon         8600                                                                                                                                                                                   
Kimerely         7000                                                                                                                                                                                   
Jennifer         4400                                                                                                                                                                                   
Michael         13000                                                                                                                                                                                   
Pat              6000                                                                                                                                                                                   
Shelley         12000                                                                                                                                                                                   
William          8300                                                                                                                                                                                   

20 rows selected.

SQL> SELECT FIRST_NAME SALARY FROM EMPLOYEES;

SALARY                                                                                                                                                                                                  
----------                                                                                                                                                                                              
Steven                                                                                                                                                                                                  
Neena                                                                                                                                                                                                   
Lex                                                                                                                                                                                                     
Alexander                                                                                                                                                                                               
Bruce                                                                                                                                                                                                   
Diana                                                                                                                                                                                                   
Kevin                                                                                                                                                                                                   
Trenna                                                                                                                                                                                                  
Curtis                                                                                                                                                                                                  
Randall                                                                                                                                                                                                 
Peter                                                                                                                                                                                                   
Eleni                                                                                                                                                                                                   
Ellen                                                                                                                                                                                                   
Jonathon                                                                                                                                                                                                
Kimerely                                                                                                                                                                                                
Jennifer                                                                                                                                                                                                
Michael                                                                                                                                                                                                 
Pat                                                                                                                                                                                                     
Shelley                                                                                                                                                                                                 
William                                                                                                                                                                                                 

20 rows selected.

SQL> SELECT * FROM EMPLOYEES;

EMPLOYEE_ID FIRST_NAME LAST_NAME  EMAIL      PHONE_NUMBER         HIRE_DATE JOB_ID         SALARY COMMISSION_PCT MANAGER_ID DEPARTMENT_ID                                                               
----------- ---------- ---------- ---------- -------------------- --------- ---------- ---------- -------------- ---------- -------------                                                               
        100 Steven     King       SKING      515.123.4567         17-JUL-87 AD_PRES         24000                                      90                                                               
        101 Neena      Kochhar    NKOCHHAR   515.123.4568         21-SEP-89 AD_VP           17000                       100            90                                                               
        102 Lex        De Haan    LDEHAAN    515.123.4569         13-JAN-93 AD_VP           17000                       100            90                                                               
        103 Alexander  Hunold     AHUNOLD    590.423.4567         03-JAN-90 IT_PROG          9000                       102            60                                                               
        104 Bruce      Ernst      BERNST     590.423.4568         21-MAY-91 IT_PROG          6000                       103            60                                                               
        107 Diana      Lorentz    DLORENTZ   590.423.5567         07-FEB-99 IT_PROG          4200                       103            60                                                               
        124 Kevin      Mourgos    KMOURGOS   650.123.5234         16-NOV-99 ST_MAN           5800                       100            50                                                               
        141 Trenna     Rajs       TRAJS      650.121.8009         17-OCT-95 ST_CLERK         3500                       124            50                                                               
        142 Curtis     Davies     CDAVIES    650.121.2994         29-JAN-97 ST_CLERK         3100                       124            50                                                               
        143 Randall    Matos      RMATOS     650.121.2874         15-MAR-98 ST_CLERK         2600                       124            50                                                               
        144 Peter      Vargas     PVARGAS    650.121.2004         09-JUL-98 ST_CLERK         2500                       124            50                                                               
        149 Eleni      Zlotkey    EZLOTKEY   011.44.1344.429018   29-JAN-00 SA_MAN          10500             .2        100            80                                                               
        174 Ellen      Abel       EABEL      011.44.1644.429267   11-MAY-96 SA_REP          11000             .3        149            80                                                               
        176 Jonathon   Taylor     JTAYLOR    011.44.1644.429265   24-MAR-98 SA_REP           8600             .3        149            80                                                               
        178 Kimerely   Grant      KGRANT     011.44.1644.429263   24-MAY-99 SA_REP           7000            .15        149                                                                             
        200 Jennifer   Whalen     JWHALEN    515.123.4444         17-SEP-87 AD_ASST          4400                       101            10                                                               
        201 Michael    Hartstein  MHARTSTE   515.123.5555         17-FEB-96 MK_MAN          13000                       100            20                                                               
        202 Pat        Fay        PFAY       603.123.6666         17-AUG-97 MK_REP           6000                       201            20                                                               
        205 Shelley    Higgins    SHIGGINS   515.123.8080         07-JUN-94 AC_MGR          12000                       101           110                                                               
        206 William    Gietz      WGIETZ     515.123.8181         07-JUN-94 AC_ACCOUNT       8300                       205           110                                                               

20 rows selected.

SQL> SELECT LAST_NAME , EMAIL HIRE_DATE FROM EMPLOYEES;

LAST_NAME  HIRE_DATE                                                                                                                                                                                    
---------- ----------                                                                                                                                                                                   
King       SKING                                                                                                                                                                                        
Kochhar    NKOCHHAR                                                                                                                                                                                     
De Haan    LDEHAAN                                                                                                                                                                                      
Hunold     AHUNOLD                                                                                                                                                                                      
Ernst      BERNST                                                                                                                                                                                       
Lorentz    DLORENTZ                                                                                                                                                                                     
Mourgos    KMOURGOS                                                                                                                                                                                     
Rajs       TRAJS                                                                                                                                                                                        
Davies     CDAVIES                                                                                                                                                                                      
Matos      RMATOS                                                                                                                                                                                       
Vargas     PVARGAS                                                                                                                                                                                      
Zlotkey    EZLOTKEY                                                                                                                                                                                     
Abel       EABEL                                                                                                                                                                                        
Taylor     JTAYLOR                                                                                                                                                                                      
Grant      KGRANT                                                                                                                                                                                       
Whalen     JWHALEN                                                                                                                                                                                      
Hartstein  MHARTSTE                                                                                                                                                                                     
Fay        PFAY                                                                                                                                                                                         
Higgins    SHIGGINS                                                                                                                                                                                     
Gietz      WGIETZ                                                                                                                                                                                       

20 rows selected.

SQL> REM * : IS CALLED META CHARACTER
SQL> 
SQL> REM META CHARACTER IS USED TO DISPLAY ALL COLUMNS OF THE TABLE
SQL> 
SQL> REM * IS AN EASY WAY TO DISPLAY ALL COLUMNS OF THE TABLE.
SQL> 
SQL> REM PROJECTION : DISPLAYING SOME OF THE COLUMNS OF OUR CHOICE.
SQL> 
SQL> SELECT * FROM REGIONS;

 REGION_ID REGION_NAME                                                                                                                                                                                  
---------- -------------------------                                                                                                                                                                    
         1 Europe                                                                                                                                                                                       
         2 AMERICAS                                                                                                                                                                                     
         3 Asia                                                                                                                                                                                         
         4 MIDDLE EAST AND AFRICA                                                                                                                                                                       

SQL> SELECT REGION_NAME FROM REGIONS;

REGION_NAME                                                                                                                                                                                             
-------------------------                                                                                                                                                                               
Europe                                                                                                                                                                                                  
AMERICAS                                                                                                                                                                                                
Asia                                                                                                                                                                                                    
MIDDLE EAST AND AFRICA                                                                                                                                                                                  

SQL> REM WRITE COMMAND TO DISPLAY ALL DATA OF DEPARTMENTS TABLE
SQL> 
SQL> SELECT * FROM DEPARTMENTS;

DEPARTMENT_ID DEPARTMENT_NAME                MANAGER_ID LOCATION_ID                                                                                                                                     
------------- ------------------------------ ---------- -----------                                                                                                                                     
           10 Administration                        200        1700                                                                                                                                     
           20 Marketing                             201        1800                                                                                                                                     
           50 Shiping                               124        1500                                                                                                                                     
           60 IT                                    103        1400                                                                                                                                     
           80 Sales                                 149        2500                                                                                                                                     
           90 Executive                             100        1700                                                                                                                                     
          110 Accounting                            205        1700                                                                                                                                     
          190 Contracting                                      1700                                                                                                                                     

8 rows selected.

SQL> REM DISPLAY FIRST_NAME SALARY AND HIRE_DATE COLUMNS OF EMPLOYEES TABLE
SQL> 
SQL> REM SQL : STRUCTURED QUERY LANGUAGE
SQL> 
SQL> REM SELECT SYNTAX : SELECT what_to_display FROM table_name;
SQL> 
SQL> SELECT FIRST_NAME , SALARY , HIRE_DATE FROM EMPLOYEES;

FIRST_NAME     SALARY HIRE_DATE                                                                                                                                                                         
---------- ---------- ---------                                                                                                                                                                         
Steven          24000 17-JUL-87                                                                                                                                                                         
Neena           17000 21-SEP-89                                                                                                                                                                         
Lex             17000 13-JAN-93                                                                                                                                                                         
Alexander        9000 03-JAN-90                                                                                                                                                                         
Bruce            6000 21-MAY-91                                                                                                                                                                         
Diana            4200 07-FEB-99                                                                                                                                                                         
Kevin            5800 16-NOV-99                                                                                                                                                                         
Trenna           3500 17-OCT-95                                                                                                                                                                         
Curtis           3100 29-JAN-97                                                                                                                                                                         
Randall          2600 15-MAR-98                                                                                                                                                                         
Peter            2500 09-JUL-98                                                                                                                                                                         
Eleni           10500 29-JAN-00                                                                                                                                                                         
Ellen           11000 11-MAY-96                                                                                                                                                                         
Jonathon         8600 24-MAR-98                                                                                                                                                                         
Kimerely         7000 24-MAY-99                                                                                                                                                                         
Jennifer         4400 17-SEP-87                                                                                                                                                                         
Michael         13000 17-FEB-96                                                                                                                                                                         
Pat              6000 17-AUG-97                                                                                                                                                                         
Shelley         12000 07-JUN-94                                                                                                                                                                         
William          8300 07-JUN-94                                                                                                                                                                         

20 rows selected.

SQL> SELECT FROM FIRST_NAME , SALARY , HIRE_DATE EMPLOYEES;
SELECT FROM FIRST_NAME , SALARY , HIRE_DATE EMPLOYEES
       *
ERROR at line 1:
ORA-00936: missing expression 


SQL> SELECT HIRE_DATE  , FIRST_NAME , SALARY FROM EMPLOYEES;

HIRE_DATE FIRST_NAME     SALARY                                                                                                                                                                         
--------- ---------- ----------                                                                                                                                                                         
17-JUL-87 Steven          24000                                                                                                                                                                         
21-SEP-89 Neena           17000                                                                                                                                                                         
13-JAN-93 Lex             17000                                                                                                                                                                         
03-JAN-90 Alexander        9000                                                                                                                                                                         
21-MAY-91 Bruce            6000                                                                                                                                                                         
07-FEB-99 Diana            4200                                                                                                                                                                         
16-NOV-99 Kevin            5800                                                                                                                                                                         
17-OCT-95 Trenna           3500                                                                                                                                                                         
29-JAN-97 Curtis           3100                                                                                                                                                                         
15-MAR-98 Randall          2600                                                                                                                                                                         
09-JUL-98 Peter            2500                                                                                                                                                                         
29-JAN-00 Eleni           10500                                                                                                                                                                         
11-MAY-96 Ellen           11000                                                                                                                                                                         
24-MAR-98 Jonathon         8600                                                                                                                                                                         
24-MAY-99 Kimerely         7000                                                                                                                                                                         
17-SEP-87 Jennifer         4400                                                                                                                                                                         
17-FEB-96 Michael         13000                                                                                                                                                                         
17-AUG-97 Pat              6000                                                                                                                                                                         
07-JUN-94 Shelley         12000                                                                                                                                                                         
07-JUN-94 William          8300                                                                                                                                                                         

20 rows selected.

SQL> SELECT EMPLOYEES FROM HIRE_DATE  , FIRST_NAME , SALARY;
SELECT EMPLOYEES FROM HIRE_DATE  , FIRST_NAME , SALARY
                                                *
ERROR at line 1:
ORA-00942: table or view does not exist 


SQL> REM GIVE EXAMPLE OF PROJECTION
SQL> 
SQL> SELECT FIRST_NAME FROM EMPLOYEES
  2  ;

FIRST_NAME                                                                                                                                                                                              
----------                                                                                                                                                                                              
Steven                                                                                                                                                                                                  
Neena                                                                                                                                                                                                   
Lex                                                                                                                                                                                                     
Alexander                                                                                                                                                                                               
Bruce                                                                                                                                                                                                   
Diana                                                                                                                                                                                                   
Kevin                                                                                                                                                                                                   
Trenna                                                                                                                                                                                                  
Curtis                                                                                                                                                                                                  
Randall                                                                                                                                                                                                 
Peter                                                                                                                                                                                                   
Eleni                                                                                                                                                                                                   
Ellen                                                                                                                                                                                                   
Jonathon                                                                                                                                                                                                
Kimerely                                                                                                                                                                                                
Jennifer                                                                                                                                                                                                
Michael                                                                                                                                                                                                 
Pat                                                                                                                                                                                                     
Shelley                                                                                                                                                                                                 
William                                                                                                                                                                                                 

20 rows selected.

SQL> SELECT * FROM REGIONS;

 REGION_ID REGION_NAME                                                                                                                                                                                  
---------- -------------------------                                                                                                                                                                    
         1 Europe                                                                                                                                                                                       
         2 AMERICAS                                                                                                                                                                                     
         3 Asia                                                                                                                                                                                         
         4 MIDDLE EAST AND AFRICA                                                                                                                                                                       

SQL> REM WITHOUT USING META CHARACTER DISPLAY ALL DATA OF REGIONS TABLE.
SQL> 
SQL> SELECT REGION_ID , REGION_NAME FROM REGIONS;

 REGION_ID REGION_NAME                                                                                                                                                                                  
---------- -------------------------                                                                                                                                                                    
         1 Europe                                                                                                                                                                                       
         2 AMERICAS                                                                                                                                                                                     
         3 Asia                                                                                                                                                                                         
         4 MIDDLE EAST AND AFRICA                                                                                                                                                                       

SQL> SELECT * FROM DEPARTMENTS;

DEPARTMENT_ID DEPARTMENT_NAME                MANAGER_ID LOCATION_ID                                                                                                                                     
------------- ------------------------------ ---------- -----------                                                                                                                                     
           10 Administration                        200        1700                                                                                                                                     
           20 Marketing                             201        1800                                                                                                                                     
           50 Shiping                               124        1500                                                                                                                                     
           60 IT                                    103        1400                                                                                                                                     
           80 Sales                                 149        2500                                                                                                                                     
           90 Executive                             100        1700                                                                                                                                     
          110 Accounting                            205        1700                                                                                                                                     
          190 Contracting                                      1700                                                                                                                                     

8 rows selected.

SQL> REM WITHOUT USING META CHARACTER DISPLAY ALL DATA OF DEPARTMENTS TABLE.
SQL> 
SQL> SELECT DEPARTMENT_ID , DEPARTMENT_NAME , MANAGER_ID , LOCATION_ID FROM DEPARTMENTS;

DEPARTMENT_ID DEPARTMENT_NAME                MANAGER_ID LOCATION_ID                                                                                                                                     
------------- ------------------------------ ---------- -----------                                                                                                                                     
           10 Administration                        200        1700                                                                                                                                     
           20 Marketing                             201        1800                                                                                                                                     
           50 Shiping                               124        1500                                                                                                                                     
           60 IT                                    103        1400                                                                                                                                     
           80 Sales                                 149        2500                                                                                                                                     
           90 Executive                             100        1700                                                                                                                                     
          110 Accounting                            205        1700                                                                                                                                     
          190 Contracting                                      1700                                                                                                                                     

8 rows selected.

SQL> SELECT * FROM EMPLOYEES;

EMPLOYEE_ID FIRST_NAME LAST_NAME  EMAIL      PHONE_NUMBER         HIRE_DATE JOB_ID         SALARY COMMISSION_PCT MANAGER_ID DEPARTMENT_ID                                                               
----------- ---------- ---------- ---------- -------------------- --------- ---------- ---------- -------------- ---------- -------------                                                               
        100 Steven     King       SKING      515.123.4567         17-JUL-87 AD_PRES         24000                                      90                                                               
        101 Neena      Kochhar    NKOCHHAR   515.123.4568         21-SEP-89 AD_VP           17000                       100            90                                                               
        102 Lex        De Haan    LDEHAAN    515.123.4569         13-JAN-93 AD_VP           17000                       100            90                                                               
        103 Alexander  Hunold     AHUNOLD    590.423.4567         03-JAN-90 IT_PROG          9000                       102            60                                                               
        104 Bruce      Ernst      BERNST     590.423.4568         21-MAY-91 IT_PROG          6000                       103            60                                                               
        107 Diana      Lorentz    DLORENTZ   590.423.5567         07-FEB-99 IT_PROG          4200                       103            60                                                               
        124 Kevin      Mourgos    KMOURGOS   650.123.5234         16-NOV-99 ST_MAN           5800                       100            50                                                               
        141 Trenna     Rajs       TRAJS      650.121.8009         17-OCT-95 ST_CLERK         3500                       124            50                                                               
        142 Curtis     Davies     CDAVIES    650.121.2994         29-JAN-97 ST_CLERK         3100                       124            50                                                               
        143 Randall    Matos      RMATOS     650.121.2874         15-MAR-98 ST_CLERK         2600                       124            50                                                               
        144 Peter      Vargas     PVARGAS    650.121.2004         09-JUL-98 ST_CLERK         2500                       124            50                                                               
        149 Eleni      Zlotkey    EZLOTKEY   011.44.1344.429018   29-JAN-00 SA_MAN          10500             .2        100            80                                                               
        174 Ellen      Abel       EABEL      011.44.1644.429267   11-MAY-96 SA_REP          11000             .3        149            80                                                               
        176 Jonathon   Taylor     JTAYLOR    011.44.1644.429265   24-MAR-98 SA_REP           8600             .3        149            80                                                               
        178 Kimerely   Grant      KGRANT     011.44.1644.429263   24-MAY-99 SA_REP           7000            .15        149                                                                             
        200 Jennifer   Whalen     JWHALEN    515.123.4444         17-SEP-87 AD_ASST          4400                       101            10                                                               
        201 Michael    Hartstein  MHARTSTE   515.123.5555         17-FEB-96 MK_MAN          13000                       100            20                                                               
        202 Pat        Fay        PFAY       603.123.6666         17-AUG-97 MK_REP           6000                       201            20                                                               
        205 Shelley    Higgins    SHIGGINS   515.123.8080         07-JUN-94 AC_MGR          12000                       101           110                                                               
        206 William    Gietz      WGIETZ     515.123.8181         07-JUN-94 AC_ACCOUNT       8300                       205           110                                                               

20 rows selected.

SQL> REM DISPLAY 3rd , 6th AND 9th COLUMNS OF EMPLOYEES TABLE
SQL> 
SQL> SELECT LAST_NAME , HIRE_DATE , COMMISSION_PCT FROM EMPLOYEES;

LAST_NAME  HIRE_DATE COMMISSION_PCT                                                                                                                                                                     
---------- --------- --------------                                                                                                                                                                     
King       17-JUL-87                                                                                                                                                                                    
Kochhar    21-SEP-89                                                                                                                                                                                    
De Haan    13-JAN-93                                                                                                                                                                                    
Hunold     03-JAN-90                                                                                                                                                                                    
Ernst      21-MAY-91                                                                                                                                                                                    
Lorentz    07-FEB-99                                                                                                                                                                                    
Mourgos    16-NOV-99                                                                                                                                                                                    
Rajs       17-OCT-95                                                                                                                                                                                    
Davies     29-JAN-97                                                                                                                                                                                    
Matos      15-MAR-98                                                                                                                                                                                    
Vargas     09-JUL-98                                                                                                                                                                                    
Zlotkey    29-JAN-00             .2                                                                                                                                                                     
Abel       11-MAY-96             .3                                                                                                                                                                     
Taylor     24-MAR-98             .3                                                                                                                                                                     
Grant      24-MAY-99            .15                                                                                                                                                                     
Whalen     17-SEP-87                                                                                                                                                                                    
Hartstein  17-FEB-96                                                                                                                                                                                    
Fay        17-AUG-97                                                                                                                                                                                    
Higgins    07-JUN-94                                                                                                                                                                                    
Gietz      07-JUN-94                                                                                                                                                                                    

20 rows selected.

SQL> SELECT * FROM EMPLOYEES;

EMPLOYEE_ID FIRST_NAME LAST_NAME  EMAIL      PHONE_NUMBER         HIRE_DATE JOB_ID         SALARY COMMISSION_PCT MANAGER_ID DEPARTMENT_ID                                                               
----------- ---------- ---------- ---------- -------------------- --------- ---------- ---------- -------------- ---------- -------------                                                               
        100 Steven     King       SKING      515.123.4567         17-JUL-87 AD_PRES         24000                                      90                                                               
        101 Neena      Kochhar    NKOCHHAR   515.123.4568         21-SEP-89 AD_VP           17000                       100            90                                                               
        102 Lex        De Haan    LDEHAAN    515.123.4569         13-JAN-93 AD_VP           17000                       100            90                                                               
        103 Alexander  Hunold     AHUNOLD    590.423.4567         03-JAN-90 IT_PROG          9000                       102            60                                                               
        104 Bruce      Ernst      BERNST     590.423.4568         21-MAY-91 IT_PROG          6000                       103            60                                                               
        107 Diana      Lorentz    DLORENTZ   590.423.5567         07-FEB-99 IT_PROG          4200                       103            60                                                               
        124 Kevin      Mourgos    KMOURGOS   650.123.5234         16-NOV-99 ST_MAN           5800                       100            50                                                               
        141 Trenna     Rajs       TRAJS      650.121.8009         17-OCT-95 ST_CLERK         3500                       124            50                                                               
        142 Curtis     Davies     CDAVIES    650.121.2994         29-JAN-97 ST_CLERK         3100                       124            50                                                               
        143 Randall    Matos      RMATOS     650.121.2874         15-MAR-98 ST_CLERK         2600                       124            50                                                               
        144 Peter      Vargas     PVARGAS    650.121.2004         09-JUL-98 ST_CLERK         2500                       124            50                                                               
        149 Eleni      Zlotkey    EZLOTKEY   011.44.1344.429018   29-JAN-00 SA_MAN          10500             .2        100            80                                                               
        174 Ellen      Abel       EABEL      011.44.1644.429267   11-MAY-96 SA_REP          11000             .3        149            80                                                               
        176 Jonathon   Taylor     JTAYLOR    011.44.1644.429265   24-MAR-98 SA_REP           8600             .3        149            80                                                               
        178 Kimerely   Grant      KGRANT     011.44.1644.429263   24-MAY-99 SA_REP           7000            .15        149                                                                             
        200 Jennifer   Whalen     JWHALEN    515.123.4444         17-SEP-87 AD_ASST          4400                       101            10                                                               
        201 Michael    Hartstein  MHARTSTE   515.123.5555         17-FEB-96 MK_MAN          13000                       100            20                                                               
        202 Pat        Fay        PFAY       603.123.6666         17-AUG-97 MK_REP           6000                       201            20                                                               
        205 Shelley    Higgins    SHIGGINS   515.123.8080         07-JUN-94 AC_MGR          12000                       101           110                                                               
        206 William    Gietz      WGIETZ     515.123.8181         07-JUN-94 AC_ACCOUNT       8300                       205           110                                                               

20 rows selected.

SQL> REM DISPLAY LAST COLUMN AND FIRST COLUMN OF EMPLOYEES TABLE
SQL> 
SQL> SELECT DEPARTMENT ID,EMPLOYEE_ID FROM EMPLOYEES;
SELECT DEPARTMENT ID,EMPLOYEE_ID FROM EMPLOYEES
       *
ERROR at line 1:
ORA-00904: "DEPARTMENT": invalid identifier 


SQL> SELECT DEPARTMENT_ID,EMPLOYEE_ID FROM EMPLOYEES;

DEPARTMENT_ID EMPLOYEE_ID                                                                                                                                                                               
------------- -----------                                                                                                                                                                               
           90         100                                                                                                                                                                               
           90         101                                                                                                                                                                               
           90         102                                                                                                                                                                               
           60         103                                                                                                                                                                               
           60         104                                                                                                                                                                               
           60         107                                                                                                                                                                               
           50         124                                                                                                                                                                               
           50         141                                                                                                                                                                               
           50         142                                                                                                                                                                               
           50         143                                                                                                                                                                               
           50         144                                                                                                                                                                               
           80         149                                                                                                                                                                               
           80         174                                                                                                                                                                               
           80         176                                                                                                                                                                               
                      178                                                                                                                                                                               
           10         200                                                                                                                                                                               
           20         201                                                                                                                                                                               
           20         202                                                                                                                                                                               
          110         205                                                                                                                                                                               
          110         206                                                                                                                                                                               

20 rows selected.

SQL> REM CONCATENATION OPERATOR : ||
SQL> 
SQL> REM CONCATENATION OPERATOR : || : TO CLUB/JOIN TWO ITEMS
SQL> 
SQL> SELECT FIRST_NAME , LAST_NAME FROM EMPLOYEES;

FIRST_NAME LAST_NAME                                                                                                                                                                                    
---------- ----------                                                                                                                                                                                   
Steven     King                                                                                                                                                                                         
Neena      Kochhar                                                                                                                                                                                      
Lex        De Haan                                                                                                                                                                                      
Alexander  Hunold                                                                                                                                                                                       
Bruce      Ernst                                                                                                                                                                                        
Diana      Lorentz                                                                                                                                                                                      
Kevin      Mourgos                                                                                                                                                                                      
Trenna     Rajs                                                                                                                                                                                         
Curtis     Davies                                                                                                                                                                                       
Randall    Matos                                                                                                                                                                                        
Peter      Vargas                                                                                                                                                                                       
Eleni      Zlotkey                                                                                                                                                                                      
Ellen      Abel                                                                                                                                                                                         
Jonathon   Taylor                                                                                                                                                                                       
Kimerely   Grant                                                                                                                                                                                        
Jennifer   Whalen                                                                                                                                                                                       
Michael    Hartstein                                                                                                                                                                                    
Pat        Fay                                                                                                                                                                                          
Shelley    Higgins                                                                                                                                                                                      
William    Gietz                                                                                                                                                                                        

20 rows selected.

SQL> SELECT FIRST_NAME || LAST_NAME FROM EMPLOYEES;

FIRST_NAME||LAST_NAM                                                                                                                                                                                    
--------------------                                                                                                                                                                                    
StevenKing                                                                                                                                                                                              
NeenaKochhar                                                                                                                                                                                            
LexDe Haan                                                                                                                                                                                              
AlexanderHunold                                                                                                                                                                                         
BruceErnst                                                                                                                                                                                              
DianaLorentz                                                                                                                                                                                            
KevinMourgos                                                                                                                                                                                            
TrennaRajs                                                                                                                                                                                              
CurtisDavies                                                                                                                                                                                            
RandallMatos                                                                                                                                                                                            
PeterVargas                                                                                                                                                                                             
EleniZlotkey                                                                                                                                                                                            
EllenAbel                                                                                                                                                                                               
JonathonTaylor                                                                                                                                                                                          
KimerelyGrant                                                                                                                                                                                           
JenniferWhalen                                                                                                                                                                                          
MichaelHartstein                                                                                                                                                                                        
PatFay                                                                                                                                                                                                  
ShelleyHiggins                                                                                                                                                                                          
WilliamGietz                                                                                                                                                                                            

20 rows selected.

SQL> SELECT FIRST_NAME || LAST_NAME || SALARY FROM EMPLOYEES;

FIRST_NAME||LAST_NAME||SALARY                                                                                                                                                                           
------------------------------------------------------------                                                                                                                                            
StevenKing24000                                                                                                                                                                                         
NeenaKochhar17000                                                                                                                                                                                       
LexDe Haan17000                                                                                                                                                                                         
AlexanderHunold9000                                                                                                                                                                                     
BruceErnst6000                                                                                                                                                                                          
DianaLorentz4200                                                                                                                                                                                        
KevinMourgos5800                                                                                                                                                                                        
TrennaRajs3500                                                                                                                                                                                          
CurtisDavies3100                                                                                                                                                                                        
RandallMatos2600                                                                                                                                                                                        
PeterVargas2500                                                                                                                                                                                         
EleniZlotkey10500                                                                                                                                                                                       
EllenAbel11000                                                                                                                                                                                          
JonathonTaylor8600                                                                                                                                                                                      
KimerelyGrant7000                                                                                                                                                                                       
JenniferWhalen4400                                                                                                                                                                                      
MichaelHartstein13000                                                                                                                                                                                   
PatFay6000                                                                                                                                                                                              
ShelleyHiggins12000                                                                                                                                                                                     
WilliamGietz8300                                                                                                                                                                                        

20 rows selected.

SQL> SELECT FIRST_NAME || LAST_NAME || SALARY || HIRE_dATE FROM EMPLOYEES;

FIRST_NAME||LAST_NAME||SALARY||HIRE_DATE                                                                                                                                                                
------------------------------------------------------------------------------                                                                                                                          
StevenKing2400017-JUL-87                                                                                                                                                                                
NeenaKochhar1700021-SEP-89                                                                                                                                                                              
LexDe Haan1700013-JAN-93                                                                                                                                                                                
AlexanderHunold900003-JAN-90                                                                                                                                                                            
BruceErnst600021-MAY-91                                                                                                                                                                                 
DianaLorentz420007-FEB-99                                                                                                                                                                               
KevinMourgos580016-NOV-99                                                                                                                                                                               
TrennaRajs350017-OCT-95                                                                                                                                                                                 
CurtisDavies310029-JAN-97                                                                                                                                                                               
RandallMatos260015-MAR-98                                                                                                                                                                               
PeterVargas250009-JUL-98                                                                                                                                                                                
EleniZlotkey1050029-JAN-00                                                                                                                                                                              
EllenAbel1100011-MAY-96                                                                                                                                                                                 
JonathonTaylor860024-MAR-98                                                                                                                                                                             
KimerelyGrant700024-MAY-99                                                                                                                                                                              
JenniferWhalen440017-SEP-87                                                                                                                                                                             
MichaelHartstein1300017-FEB-96                                                                                                                                                                          
PatFay600017-AUG-97                                                                                                                                                                                     
ShelleyHiggins1200007-JUN-94                                                                                                                                                                            
WilliamGietz830007-JUN-94                                                                                                                                                                               

20 rows selected.

SQL> SELECT || FIRST_NAME || LAST_NAME || SALARY || HIRE_dATE FROM EMPLOYEES;
SELECT || FIRST_NAME || LAST_NAME || SALARY || HIRE_dATE FROM EMPLOYEES
       *
ERROR at line 1:
ORA-00936: missing expression 


SQL> SELECT FIRST_NAME || LAST_NAME || SALARY || HIRE_dATE || FROM EMPLOYEES;
SELECT FIRST_NAME || LAST_NAME || SALARY || HIRE_dATE || FROM EMPLOYEES
                                                         *
ERROR at line 1:
ORA-00936: missing expression 


SQL> SELECT FIRST_NAME || LAST_NAME FROM EMPLOYEES;

FIRST_NAME||LAST_NAM                                                                                                                                                                                    
--------------------                                                                                                                                                                                    
StevenKing                                                                                                                                                                                              
NeenaKochhar                                                                                                                                                                                            
LexDe Haan                                                                                                                                                                                              
AlexanderHunold                                                                                                                                                                                         
BruceErnst                                                                                                                                                                                              
DianaLorentz                                                                                                                                                                                            
KevinMourgos                                                                                                                                                                                            
TrennaRajs                                                                                                                                                                                              
CurtisDavies                                                                                                                                                                                            
RandallMatos                                                                                                                                                                                            
PeterVargas                                                                                                                                                                                             
EleniZlotkey                                                                                                                                                                                            
EllenAbel                                                                                                                                                                                               
JonathonTaylor                                                                                                                                                                                          
KimerelyGrant                                                                                                                                                                                           
JenniferWhalen                                                                                                                                                                                          
MichaelHartstein                                                                                                                                                                                        
PatFay                                                                                                                                                                                                  
ShelleyHiggins                                                                                                                                                                                          
WilliamGietz                                                                                                                                                                                            

20 rows selected.

SQL> SELECT FIRST_NAME | | LAST_NAME FROM EMPLOYEES;

FIRST_NAME||LAST_NAM                                                                                                                                                                                    
--------------------                                                                                                                                                                                    
StevenKing                                                                                                                                                                                              
NeenaKochhar                                                                                                                                                                                            
LexDe Haan                                                                                                                                                                                              
AlexanderHunold                                                                                                                                                                                         
BruceErnst                                                                                                                                                                                              
DianaLorentz                                                                                                                                                                                            
KevinMourgos                                                                                                                                                                                            
TrennaRajs                                                                                                                                                                                              
CurtisDavies                                                                                                                                                                                            
RandallMatos                                                                                                                                                                                            
PeterVargas                                                                                                                                                                                             
EleniZlotkey                                                                                                                                                                                            
EllenAbel                                                                                                                                                                                               
JonathonTaylor                                                                                                                                                                                          
KimerelyGrant                                                                                                                                                                                           
JenniferWhalen                                                                                                                                                                                          
MichaelHartstein                                                                                                                                                                                        
PatFay                                                                                                                                                                                                  
ShelleyHiggins                                                                                                                                                                                          
WilliamGietz                                                                                                                                                                                            

20 rows selected.

SQL> SELECT FIRST_NAME || ' ' || LAST_NAME FROM EMPLOYEES;

FIRST_NAME||''||LAST_                                                                                                                                                                                   
---------------------                                                                                                                                                                                   
Steven King                                                                                                                                                                                             
Neena Kochhar                                                                                                                                                                                           
Lex De Haan                                                                                                                                                                                             
Alexander Hunold                                                                                                                                                                                        
Bruce Ernst                                                                                                                                                                                             
Diana Lorentz                                                                                                                                                                                           
Kevin Mourgos                                                                                                                                                                                           
Trenna Rajs                                                                                                                                                                                             
Curtis Davies                                                                                                                                                                                           
Randall Matos                                                                                                                                                                                           
Peter Vargas                                                                                                                                                                                            
Eleni Zlotkey                                                                                                                                                                                           
Ellen Abel                                                                                                                                                                                              
Jonathon Taylor                                                                                                                                                                                         
Kimerely Grant                                                                                                                                                                                          
Jennifer Whalen                                                                                                                                                                                         
Michael Hartstein                                                                                                                                                                                       
Pat Fay                                                                                                                                                                                                 
Shelley Higgins                                                                                                                                                                                         
William Gietz                                                                                                                                                                                           

20 rows selected.

SQL> SELECT FIRST_NAME || " " || LAST_NAME FROM EMPLOYEES;
SELECT FIRST_NAME || " " || LAST_NAME FROM EMPLOYEES
                     *
ERROR at line 1:
ORA-00904: " ": invalid identifier 


SQL> SELECT FIRST_NAME || ',' || LAST_NAME FROM EMPLOYEES;

FIRST_NAME||','||LAST                                                                                                                                                                                   
---------------------                                                                                                                                                                                   
Steven,King                                                                                                                                                                                             
Neena,Kochhar                                                                                                                                                                                           
Lex,De Haan                                                                                                                                                                                             
Alexander,Hunold                                                                                                                                                                                        
Bruce,Ernst                                                                                                                                                                                             
Diana,Lorentz                                                                                                                                                                                           
Kevin,Mourgos                                                                                                                                                                                           
Trenna,Rajs                                                                                                                                                                                             
Curtis,Davies                                                                                                                                                                                           
Randall,Matos                                                                                                                                                                                           
Peter,Vargas                                                                                                                                                                                            
Eleni,Zlotkey                                                                                                                                                                                           
Ellen,Abel                                                                                                                                                                                              
Jonathon,Taylor                                                                                                                                                                                         
Kimerely,Grant                                                                                                                                                                                          
Jennifer,Whalen                                                                                                                                                                                         
Michael,Hartstein                                                                                                                                                                                       
Pat,Fay                                                                                                                                                                                                 
Shelley,Higgins                                                                                                                                                                                         
William,Gietz                                                                                                                                                                                           

20 rows selected.

SQL> SELECT FIRST_NAME || ' - ' || LAST_NAME FROM EMPLOYEES;

FIRST_NAME||'-'||LAST_N                                                                                                                                                                                 
-----------------------                                                                                                                                                                                 
Steven - King                                                                                                                                                                                           
Neena - Kochhar                                                                                                                                                                                         
Lex - De Haan                                                                                                                                                                                           
Alexander - Hunold                                                                                                                                                                                      
Bruce - Ernst                                                                                                                                                                                           
Diana - Lorentz                                                                                                                                                                                         
Kevin - Mourgos                                                                                                                                                                                         
Trenna - Rajs                                                                                                                                                                                           
Curtis - Davies                                                                                                                                                                                         
Randall - Matos                                                                                                                                                                                         
Peter - Vargas                                                                                                                                                                                          
Eleni - Zlotkey                                                                                                                                                                                         
Ellen - Abel                                                                                                                                                                                            
Jonathon - Taylor                                                                                                                                                                                       
Kimerely - Grant                                                                                                                                                                                        
Jennifer - Whalen                                                                                                                                                                                       
Michael - Hartstein                                                                                                                                                                                     
Pat - Fay                                                                                                                                                                                               
Shelley - Higgins                                                                                                                                                                                       
William - Gietz                                                                                                                                                                                         

20 rows selected.

SQL> SELECT FIRST_NAME || ' - ' || LAST_NAME FULLNAME FROM EMPLOYEES;

FULLNAME                                                                                                                                                                                                
-----------------------                                                                                                                                                                                 
Steven - King                                                                                                                                                                                           
Neena - Kochhar                                                                                                                                                                                         
Lex - De Haan                                                                                                                                                                                           
Alexander - Hunold                                                                                                                                                                                      
Bruce - Ernst                                                                                                                                                                                           
Diana - Lorentz                                                                                                                                                                                         
Kevin - Mourgos                                                                                                                                                                                         
Trenna - Rajs                                                                                                                                                                                           
Curtis - Davies                                                                                                                                                                                         
Randall - Matos                                                                                                                                                                                         
Peter - Vargas                                                                                                                                                                                          
Eleni - Zlotkey                                                                                                                                                                                         
Ellen - Abel                                                                                                                                                                                            
Jonathon - Taylor                                                                                                                                                                                       
Kimerely - Grant                                                                                                                                                                                        
Jennifer - Whalen                                                                                                                                                                                       
Michael - Hartstein                                                                                                                                                                                     
Pat - Fay                                                                                                                                                                                               
Shelley - Higgins                                                                                                                                                                                       
William - Gietz                                                                                                                                                                                         

20 rows selected.

SQL> SELECT FIRST_NAME , JOB_ID FROM EMPLOYEES;

FIRST_NAME JOB_ID                                                                                                                                                                                       
---------- ----------                                                                                                                                                                                   
Steven     AD_PRES                                                                                                                                                                                      
Neena      AD_VP                                                                                                                                                                                        
Lex        AD_VP                                                                                                                                                                                        
Alexander  IT_PROG                                                                                                                                                                                      
Bruce      IT_PROG                                                                                                                                                                                      
Diana      IT_PROG                                                                                                                                                                                      
Kevin      ST_MAN                                                                                                                                                                                       
Trenna     ST_CLERK                                                                                                                                                                                     
Curtis     ST_CLERK                                                                                                                                                                                     
Randall    ST_CLERK                                                                                                                                                                                     
Peter      ST_CLERK                                                                                                                                                                                     
Eleni      SA_MAN                                                                                                                                                                                       
Ellen      SA_REP                                                                                                                                                                                       
Jonathon   SA_REP                                                                                                                                                                                       
Kimerely   SA_REP                                                                                                                                                                                       
Jennifer   AD_ASST                                                                                                                                                                                      
Michael    MK_MAN                                                                                                                                                                                       
Pat        MK_REP                                                                                                                                                                                       
Shelley    AC_MGR                                                                                                                                                                                       
William    AC_ACCOUNT                                                                                                                                                                                   

20 rows selected.

SQL> REM Steven works as AD_PRES.
SQL> 
SQL> SELECT FIRST_NAME || ' works as ' || JOB_ID || '.' EMPLOYEE_INFO FROM EMPLOYEES;

EMPLOYEE_INFO                                                                                                                                                                                           
-------------------------------                                                                                                                                                                         
Steven works as AD_PRES.                                                                                                                                                                                
Neena works as AD_VP.                                                                                                                                                                                   
Lex works as AD_VP.                                                                                                                                                                                     
Alexander works as IT_PROG.                                                                                                                                                                             
Bruce works as IT_PROG.                                                                                                                                                                                 
Diana works as IT_PROG.                                                                                                                                                                                 
Kevin works as ST_MAN.                                                                                                                                                                                  
Trenna works as ST_CLERK.                                                                                                                                                                               
Curtis works as ST_CLERK.                                                                                                                                                                               
Randall works as ST_CLERK.                                                                                                                                                                              
Peter works as ST_CLERK.                                                                                                                                                                                
Eleni works as SA_MAN.                                                                                                                                                                                  
Ellen works as SA_REP.                                                                                                                                                                                  
Jonathon works as SA_REP.                                                                                                                                                                               
Kimerely works as SA_REP.                                                                                                                                                                               
Jennifer works as AD_ASST.                                                                                                                                                                              
Michael works as MK_MAN.                                                                                                                                                                                
Pat works as MK_REP.                                                                                                                                                                                    
Shelley works as AC_MGR.                                                                                                                                                                                
William works as AC_ACCOUNT.                                                                                                                                                                            

20 rows selected.

SQL> SPOOL OFF
