SQL> 
SQL> CL SCR

SQL> REM SQL : Structured Query Language
SQL> 
SQL> REM SQL HAS 5 SUB LANGUAGES : 1 DRL/DQL 2 DML 3 TCL 4 DDL 5 DCL
SQL> 
SQL> REM DRL/DQL : DATA RETRIEVAL/QUERY LANGUAGE : SELECT : CHAPTER 1-8
SQL> 
SQL> REM DML : DATA MANIPULATION LANGUAGE : INSERT UPDATE DELETE      MERGE
SQL> 
SQL> REM TCL : TRANSACTION CONTROL LANGUAGE : COMMIT ROLLBACK SAVEPOINT
SQL> 
SQL> REM DDL : DATA DEFINITION LANGUAGE : CREATE ALTER TRUNCATE DROP FLASHBACK PURGE      RENAME COMMENT
SQL> 
SQL> REM DCL : DATA (ACCESS) CONTROL LANGUAGE : GRANT REVOKE
SQL> 
SQL> 
SQL> 
SQL> 
SQL> REM DML : DATA MANIPULATION LANGUAGE : INSERT UPDATE DELETE      MERGE
SQL> 
SQL> REM MANIPULATION : ANY TYPE OF CHANGES
SQL> 
SQL> REM INSERT : TO ADD NEW ROWS TO THE EXISTING TABLE
SQL> 
SQL> REM UPDATE : TO EDIT/CHANGE/UPDATE/MODIFY EXISTING ROW VALUES
SQL> 
SQL> REM DELETE : TO DELETE/REMOVE EXISTING ROW FROM TABLE
SQL> 
SQL> 
SQL> REM TRANSACTION : BUNCH/GROUP OF DML STATEMENTS EXECUTED IN CURRENT SESSION.
SQL> 
SQL> REM SESSION : TIME PERIOD BETWEEN LOG-IN AND LOG-OUT.
SQL> 
SQL> 
SQL> 
SQL> REM TRANSACTION : STARTS WHEN WE EXECUTE FIRST DML STATEMENT.
SQL> 
SQL> REM TRANSACTION : ENDS WHEN WE EXECUTE EITHER COMMIT/ROLLBACK/DDL/DCL/EXIT/QUIT/... STATEMENT.
SQL> 
SQL> 
SQL> 
SQL> REM TCL : TRANSACTION CONTROL LANGUAGE : COMMIT ROLLBACK SAVEPOINT
SQL> 
SQL> REM ANY CHANGE DONE USING DML STATEMENT IS APPLIED ON RAM/MEMORY NOT ON TABLE.
SQL> 
SQL> REM COMMIT : TO SAVE THE CHANGES PERMANENTLY DONE IN CURRENT SESSION INSIDE TABLE/DATABASE/STORAGE MEDIA.
SQL> 
SQL> REM ROLLBACK : TO UNDO THE CHANGES FROM MEMORY/RAM PERFORMED IN CURRENT TRANSACTION.
SQL> 
SQL> 
SQL> REM SAVEPOINT : IS USED TO BREAK TRANSACTION INTO PARTS. IF WE HAVE SAVEPOINTS CREATED IN OUR CURRENT TRANSACTION WE CAN PARTIALLY ROLLBACK AND PARTIALLY COMMIT THE TRANSACTION.
SQL> 
SQL> 
SQL> DROP TABLE R1;

Table dropped.

SQL> CREATE TABLE R1 AS SELECT * FROM REGIONS WHERE 1 = 2;

Table created.

SQL> DESC R1
 Name                                                                                                              Null?    Type
 ----------------------------------------------------------------------------------------------------------------- -------- ----------------------------------------------------------------------------
 REGION_ID                                                                                                         NOT NULL NUMBER
 REGION_NAME                                                                                                                VARCHAR2(25)

SQL> SELECT * FROM R1;

no rows selected

SQL> REM THE BELOW INSERT STATEMENT WILL START FIRST TRANSACTION.
SQL> 
SQL> INSERT INTO R1 VALUES (1,'ASIA');

1 row created.

SQL> REM RAM = 1 ROW , TABLE = 0 ROW
SQL> 
SQL> SELECT * FROM R1;

 REGION_ID REGION_NAME                                                                                                                                                                                  
---------- -------------------------                                                                                                                                                                    
         1 ASIA                                                                                                                                                                                         

SQL> INSERT INTO R1 VALUES (2,'AFRICA');

1 row created.

SQL> REM RAM = 2 ROW , TABLE = 0 ROW
SQL> 
SQL> SELECT * FROM R1;

 REGION_ID REGION_NAME                                                                                                                                                                                  
---------- -------------------------                                                                                                                                                                    
         1 ASIA                                                                                                                                                                                         
         2 AFRICA                                                                                                                                                                                       

SQL> REM THE BELOW ROLLBACK COMMAND WILL UNDO WHOLE TRANSACTION (BOTH INSERT).
SQL> 
SQL> ROLLBACK;

Rollback complete.

SQL> SELECT * FROM R1;

no rows selected

SQL> REM RAM = 0 ROW , TABLE = 0 ROW
SQL> 
SQL> REM ABOVE ROLLBACK STATEMENT ENDED THE TRANSACTION.
SQL> 
SQL> REM THE BELOW INSERT STATEMENT WILL START FRESH TRANSACTION.
SQL> 
SQL> REM RAM = 0 ROW , TABLE = 0 ROW
SQL> 
SQL> INSERT INTO R1 VALUES (1,'ASIA');

1 row created.

SQL> REM RAM = 1 ROW , TABLE = 0 ROW
SQL> 
SQL> SELECT * FROM R1;

 REGION_ID REGION_NAME                                                                                                                                                                                  
---------- -------------------------                                                                                                                                                                    
         1 ASIA                                                                                                                                                                                         

SQL> INSERT INTO R1 VALUES (2,'AFRICA');

1 row created.

SQL> REM RAM = 2 ROW , TABLE = 0 ROW
SQL> 
SQL> SELECT * FROM R1;

 REGION_ID REGION_NAME                                                                                                                                                                                  
---------- -------------------------                                                                                                                                                                    
         1 ASIA                                                                                                                                                                                         
         2 AFRICA                                                                                                                                                                                       

SQL> REM BELOW COMMIT STATEMENT WILL SAVE BOTH THE CHANGES DONE IN CURRENT TRANSACTION INTO TABLE/DATABASE/STORAGE MEDIA.
SQL> 
SQL> COMMIT;

Commit complete.

SQL> SELECT * FROM R1;

 REGION_ID REGION_NAME                                                                                                                                                                                  
---------- -------------------------                                                                                                                                                                    
         1 ASIA                                                                                                                                                                                         
         2 AFRICA                                                                                                                                                                                       

SQL> REM RAM = 0 ROW , TABLE = 2 ROW
SQL> 
SQL> ROLLBACK;

Rollback complete.

SQL> SELECT * FROM R1;

 REGION_ID REGION_NAME                                                                                                                                                                                  
---------- -------------------------                                                                                                                                                                    
         1 ASIA                                                                                                                                                                                         
         2 AFRICA                                                                                                                                                                                       

SQL> REM RAM = 2 ROW , TABLE = 2 ROW
SQL> 
SQL> REM THE BELOW INSERT STATEMENT WILL START NEW/FRESH TRANSACTION
SQL> 
SQL> INSERT INTO R1 VALUES (3,'AMERICA');

1 row created.

SQL> REM RAM = 1 ROW , TABLE = 2 ROW
SQL> 
SQL> SELECT * FROM R1;

 REGION_ID REGION_NAME                                                                                                                                                                                  
---------- -------------------------                                                                                                                                                                    
         1 ASIA                                                                                                                                                                                         
         2 AFRICA                                                                                                                                                                                       
         3 AMERICA                                                                                                                                                                                      

SQL> SAVEPOINT A;

Savepoint created.

SQL> REM THE ABOVE STATEMENT CREATES SAVEPOINT NAMED 'A' WHICH WE CAN REFER IN ROLLBACK COMMAND TO UNDO PARTIAL TRANSACTION.
SQL> 
SQL> INSERT INTO R1 VALUES (4,'ANTARCTICA');

1 row created.

SQL> REM RAM = 2 ROW , TABLE = 2 ROW
SQL> 
SQL> SELECT * FROM R1;

 REGION_ID REGION_NAME                                                                                                                                                                                  
---------- -------------------------                                                                                                                                                                    
         1 ASIA                                                                                                                                                                                         
         2 AFRICA                                                                                                                                                                                       
         3 AMERICA                                                                                                                                                                                      
         4 ANTARCTICA                                                                                                                                                                                   

SQL> REM AT THIS POINT OF TIME, WE HAVE 3 CHOICES :
SQL> 
SQL> REM 1 COMMIT : TO SAVE BOTH THE CHANGES PERMANENT AND REMOVE SAVEPOINT
SQL> 
SQL> REM 2 ROLLBACK : TO UNDO BOTH THE CHANGES FROM MEMORY AND REMOVE SAVEPOINT
SQL> 
SQL> REM 3 ROLLBACK TO A; + COMMIT; : TO UNDO SECOND INSERT AND TO SAVE FIRST INSERT AND REMOVE SAVEPOINT
SQL> 
SQL> 
SQL> 
SQL> ROLLBACK TO A;

Rollback complete.

SQL> SELECT * FROM R1;

 REGION_ID REGION_NAME                                                                                                                                                                                  
---------- -------------------------                                                                                                                                                                    
         1 ASIA                                                                                                                                                                                         
         2 AFRICA                                                                                                                                                                                       
         3 AMERICA                                                                                                                                                                                      

SQL> COMMIT;

Commit complete.

SQL> SELECT * FROM R1;

 REGION_ID REGION_NAME                                                                                                                                                                                  
---------- -------------------------                                                                                                                                                                    
         1 ASIA                                                                                                                                                                                         
         2 AFRICA                                                                                                                                                                                       
         3 AMERICA                                                                                                                                                                                      

SQL> ROLLBACK;

Rollback complete.

SQL> SELECT * FROM R1;

 REGION_ID REGION_NAME                                                                                                                                                                                  
---------- -------------------------                                                                                                                                                                    
         1 ASIA                                                                                                                                                                                         
         2 AFRICA                                                                                                                                                                                       
         3 AMERICA                                                                                                                                                                                      

SQL> /*
SQL> 
SQL> CREATE TABLE R1 AS SELECT * FROM REGIONS WHERE 1 = 2;
SQL> 
SQL> 1 ADD 1 ASIA
SQL> 
SQL> 2 ADD 2 AFRICA
SQL> 
SQL> 3 UNDO BOTH THE CHANGES
SQL> 
SQL> 4 ADD 1 ASIA
SQL> 
SQL> 5 ADD 2 AMERICA
SQL> 
SQL> 6 SAVE BOTH THE CHANGES
SQL> 
SQL> 7 ADD 3 AFRICA
SQL> 
SQL> 8 CREATE SAVEPOINT A
SQL> 
SQL> 9 ADD 4 ANTARCTICA
SQL> 
SQL> 10 CREATE SAVEPOINT B
SQL> 
SQL> 11 ADD 5 AUSTRALIA
SQL> 
SQL> 12 DISPLAY DATA
SQL> 
SQL> 13 UNDO ALL THE CHANGES MADE AFTER SAVEPOINT B
SQL> 
SQL> 14 DISPLAY DATA
SQL> 
SQL> 15 UNDO ALL THE CHANGE MADE AFTER SAVEPOINT A
SQL> 
SQL> 16 DISPLAY DATA
SQL> 
SQL> 17 SAVE ALL REMAINING CHANGES
SQL> 
SQL> 18 DISPLAY DATA
SQL> 
SQL> 19 TRY TO UNDO THE CHANGES
SQL> 
SQL> 20 DISPLAY DATA
SQL> */
SQL> 
SQL> INSERT INTO R1 VALUES(1, 'ASIA');

1 row created.

SQL> INSERT INTO R1 VALUES(2, 'AFRICA');

1 row created.

SQL> ROLLBACK;

Rollback complete.

SQL> INSERT INTO R1 VALUES(1, 'ASIA');

1 row created.

SQL> INSERT INTO R1 VALUES(2, 'AMERICA');

1 row created.

SQL> COMMIT;

Commit complete.

SQL> INSERT INTO R1 VALUES(3, 'AFRICAC');

1 row created.

SQL> SVAEPOINT B;
SP2-0734: unknown command beginning "SVAEPOINT ..." - rest of line ignored.
SQL> INSERT INTO R1 VALUES(5, 'AUSTRAILIA');

1 row created.

SQL> SELECT * FROM R1;

 REGION_ID REGION_NAME                                                                                                                                                                                  
---------- -------------------------                                                                                                                                                                    
         1 ASIA                                                                                                                                                                                         
         2 AFRICA                                                                                                                                                                                       
         3 AMERICA                                                                                                                                                                                      
         1 ASIA                                                                                                                                                                                         
         2 AMERICA                                                                                                                                                                                      
         3 AFRICAC                                                                                                                                                                                      
         5 AUSTRAILIA                                                                                                                                                                                   

7 rows selected.

SQL> ROLLBACK;

Rollback complete.

SQL> SELECT * FROM R1;

 REGION_ID REGION_NAME                                                                                                                                                                                  
---------- -------------------------                                                                                                                                                                    
         1 ASIA                                                                                                                                                                                         
         2 AFRICA                                                                                                                                                                                       
         3 AMERICA                                                                                                                                                                                      
         1 ASIA                                                                                                                                                                                         
         2 AMERICA                                                                                                                                                                                      

SQL> ROLLBAK TO SAVEPOINT A;
SP2-0734: unknown command beginning "ROLLBAK TO..." - rest of line ignored.
SQL> SELETC * FROM R1;
SP2-0734: unknown command beginning "SELETC * F..." - rest of line ignored.
SQL> COMMIT;

Commit complete.

SQL> SELECT * FROM R1;

 REGION_ID REGION_NAME                                                                                                                                                                                  
---------- -------------------------                                                                                                                                                                    
         1 ASIA                                                                                                                                                                                         
         2 AFRICA                                                                                                                                                                                       
         3 AMERICA                                                                                                                                                                                      
         1 ASIA                                                                                                                                                                                         
         2 AMERICA                                                                                                                                                                                      

SQL> ROLLBACK;

Rollback complete.

SQL> SELECT * FROM R1;

 REGION_ID REGION_NAME                                                                                                                                                                                  
---------- -------------------------                                                                                                                                                                    
         1 ASIA                                                                                                                                                                                         
         2 AFRICA                                                                                                                                                                                       
         3 AMERICA                                                                                                                                                                                      
         1 ASIA                                                                                                                                                                                         
         2 AMERICA                                                                                                                                                                                      

SQL> COMMIT;

Commit complete.

SQL> TRUNCATE TABLE R1;

Table truncated.

SQL> 
SQL> 
SQL> 
SQL> 
SQL> 
SQL> INSERT INTO R1 VALUES (1,'ASIA');

1 row created.

SQL> INSERT INTO R1 VALUES (2,'AFRICA');

1 row created.

SQL> ROLLBACK;

Rollback complete.

SQL> INSERT INTO R1 VALUES (1,'ASIA');

1 row created.

SQL> INSERT INTO R1 VALUES (2,'AMERICA');

1 row created.

SQL> COMMIT;

Commit complete.

SQL> INSERT INTO R1 VALUES (3,'AFRICA');

1 row created.

SQL> SAVEPOINT A;

Savepoint created.

SQL> INSERT INTO R1 VALUES (4,'ANTARCTICA');

1 row created.

SQL> SAVEPOINT B;

Savepoint created.

SQL> INSERT INTO R1 VALUES (5,'AUSTRALIA');

1 row created.

SQL> SELECT * FROM R1;

 REGION_ID REGION_NAME                                                                                                                                                                                  
---------- -------------------------                                                                                                                                                                    
         1 ASIA                                                                                                                                                                                         
         2 AMERICA                                                                                                                                                                                      
         3 AFRICA                                                                                                                                                                                       
         4 ANTARCTICA                                                                                                                                                                                   
         5 AUSTRALIA                                                                                                                                                                                    

SQL> ROLLBACK TO B;

Rollback complete.

SQL> SELECT * FROM R1;

 REGION_ID REGION_NAME                                                                                                                                                                                  
---------- -------------------------                                                                                                                                                                    
         1 ASIA                                                                                                                                                                                         
         2 AMERICA                                                                                                                                                                                      
         3 AFRICA                                                                                                                                                                                       
         4 ANTARCTICA                                                                                                                                                                                   

SQL> ROLLBACK TO A;

Rollback complete.

SQL> SELECT * FROM R1;

 REGION_ID REGION_NAME                                                                                                                                                                                  
---------- -------------------------                                                                                                                                                                    
         1 ASIA                                                                                                                                                                                         
         2 AMERICA                                                                                                                                                                                      
         3 AFRICA                                                                                                                                                                                       

SQL> COMMIT;

Commit complete.

SQL> SELECT * FROM R1;

 REGION_ID REGION_NAME                                                                                                                                                                                  
---------- -------------------------                                                                                                                                                                    
         1 ASIA                                                                                                                                                                                         
         2 AMERICA                                                                                                                                                                                      
         3 AFRICA                                                                                                                                                                                       

SQL> ROLLBACK;

Rollback complete.

SQL> SELECT * FROM R1;

 REGION_ID REGION_NAME                                                                                                                                                                                  
---------- -------------------------                                                                                                                                                                    
         1 ASIA                                                                                                                                                                                         
         2 AMERICA                                                                                                                                                                                      
         3 AFRICA                                                                                                                                                                                       

SQL> SPOOL OFF
